Gazebo multi-robot simulator, version 11.10.2
Copyright (C) 2012 Open Source Robotics Foundation.
Released under the Apache 2 License.
http://gazebosim.org


(1774316824 715900720) [Wrn] [gazebo_ros_init.cpp:178] 
#     # ####### ####### ###  #####  #######
##    # #     #    #     #  #     # #
# #   # #     #    #     #  #       #
#  #  # #     #    #     #  #       #####
#   # # #     #    #     #  #       #
#    ## #     #    #     #  #     # #
#     # #######    #    ###  #####  #######

This version of Gazebo, now called Gazebo classic, reaches end-of-life
in January 2025. Users are highly encouraged to migrate to the new Gazebo
using our migration guides (https://gazebosim.org/docs/latest/gazebo_classic_migration?utm_source=gazebo_ros_pkgs&utm_medium=cli)


(1774316824 737658562) [Msg] Waiting for master.
(1774316824 740936346) [Msg] Connected to gazebo master @ http://127.0.0.1:11345
(1774316824 740952942) [Msg] Publicized address: 192.168.86.68
(1774316824 993867082) [Msg] Loading world file [/home/tyler/ros2_ws/106a_final_project/drone_simulation/install/tello_gazebo/share/tello_gazebo/worlds/simple.world]
(1774316825 249987212) Init world[default]
(1774316825 332509727) [Wrn] [Event.cc:61] Warning: Deleting a connection right after creation. Make sure to save the ConnectionPtr from a Connect call
(1774316826 58982517) applying Gaussian noise model with mean 0, stddev 0.007, bias 0
