running develop
Removing /home/tyler/ros2_ws/106a_final_project/drone_simulation/install/my_drone_vision/lib/python3.10/site-packages/my-drone-vision.egg-link (link to .)
running egg_info
writing ../../build/my_drone_vision/my_drone_vision.egg-info/PKG-INFO
writing dependency_links to ../../build/my_drone_vision/my_drone_vision.egg-info/dependency_links.txt
writing entry points to ../../build/my_drone_vision/my_drone_vision.egg-info/entry_points.txt
writing requirements to ../../build/my_drone_vision/my_drone_vision.egg-info/requires.txt
writing top-level names to ../../build/my_drone_vision/my_drone_vision.egg-info/top_level.txt
reading manifest file '../../build/my_drone_vision/my_drone_vision.egg-info/SOURCES.txt'
writing manifest file '../../build/my_drone_vision/my_drone_vision.egg-info/SOURCES.txt'
running build
running build_py
copying my_drone_vision/aruco_detector.py -> /home/tyler/ros2_ws/106a_final_project/drone_simulation/build/my_drone_vision/build/lib/my_drone_vision
copying my_drone_vision/aruco_controller.py -> /home/tyler/ros2_ws/106a_final_project/drone_simulation/build/my_drone_vision/build/lib/my_drone_vision
running install
running install_lib
creating /home/tyler/ros2_ws/106a_final_project/drone_simulation/install/my_drone_vision/lib/python3.10/site-packages/my_drone_vision
copying /home/tyler/ros2_ws/106a_final_project/drone_simulation/build/my_drone_vision/build/lib/my_drone_vision/__init__.py -> /home/tyler/ros2_ws/106a_final_project/drone_simulation/install/my_drone_vision/lib/python3.10/site-packages/my_drone_vision
copying /home/tyler/ros2_ws/106a_final_project/drone_simulation/build/my_drone_vision/build/lib/my_drone_vision/aruco_detector.py -> /home/tyler/ros2_ws/106a_final_project/drone_simulation/install/my_drone_vision/lib/python3.10/site-packages/my_drone_vision
copying /home/tyler/ros2_ws/106a_final_project/drone_simulation/build/my_drone_vision/build/lib/my_drone_vision/aruco_controller.py -> /home/tyler/ros2_ws/106a_final_project/drone_simulation/install/my_drone_vision/lib/python3.10/site-packages/my_drone_vision
byte-compiling /home/tyler/ros2_ws/106a_final_project/drone_simulation/install/my_drone_vision/lib/python3.10/site-packages/my_drone_vision/__init__.py to __init__.cpython-310.pyc
byte-compiling /home/tyler/ros2_ws/106a_final_project/drone_simulation/install/my_drone_vision/lib/python3.10/site-packages/my_drone_vision/aruco_detector.py to aruco_detector.cpython-310.pyc
byte-compiling /home/tyler/ros2_ws/106a_final_project/drone_simulation/install/my_drone_vision/lib/python3.10/site-packages/my_drone_vision/aruco_controller.py to aruco_controller.cpython-310.pyc
Sorry: IndentationError: expected an indented block after function definition on line 31 (aruco_controller.py, line 32)
running install_data
copying resource/my_drone_vision -> /home/tyler/ros2_ws/106a_final_project/drone_simulation/install/my_drone_vision/share/ament_index/resource_index/packages
copying package.xml -> /home/tyler/ros2_ws/106a_final_project/drone_simulation/install/my_drone_vision/share/my_drone_vision
copying models/aruco_marker/materials/textures/marker0.png -> /home/tyler/ros2_ws/106a_final_project/drone_simulation/install/my_drone_vision/share/my_drone_vision/models/aruco_marker/materials/textures
copying launch/vision_control.launch.py -> /home/tyler/ros2_ws/106a_final_project/drone_simulation/install/my_drone_vision/share/my_drone_vision/launch
running install_egg_info
Copying ../../build/my_drone_vision/my_drone_vision.egg-info to /home/tyler/ros2_ws/106a_final_project/drone_simulation/install/my_drone_vision/lib/python3.10/site-packages/my_drone_vision-0.0.0-py3.10.egg-info
running install_scripts
Installing aruco_controller script to /home/tyler/ros2_ws/106a_final_project/drone_simulation/install/my_drone_vision/lib/my_drone_vision
Installing aruco_detector script to /home/tyler/ros2_ws/106a_final_project/drone_simulation/install/my_drone_vision/lib/my_drone_vision
writing list of installed files to '/home/tyler/ros2_ws/106a_final_project/drone_simulation/build/my_drone_vision/install.log'
