[0.302s] Invoking command in '/home/tyler/ros2_ws/106a_final_project/drone_simulation/src/my_drone_vision': PYTHONPATH=/home/tyler/ros2_ws/106a_final_project/drone_simulation/build/my_drone_vision/prefix_override:/usr/lib/python3/dist-packages/colcon_core/task/python/colcon_distutils_commands:/home/tyler/ros2_ws/106a_final_project/drone_simulation/install/my_drone_vision/lib/python3.10/site-packages:${PYTHONPATH} /usr/bin/python3 -W ignore:setup.py install is deprecated -W ignore:easy_install command is deprecated setup.py egg_info --egg-base ../../build/my_drone_vision build --build-base /home/tyler/ros2_ws/106a_final_project/drone_simulation/build/my_drone_vision/build install --record /home/tyler/ros2_ws/106a_final_project/drone_simulation/build/my_drone_vision/install.log --single-version-externally-managed install_data
[0.407s] running egg_info
[0.408s] writing ../../build/my_drone_vision/my_drone_vision.egg-info/PKG-INFO
[0.408s] writing dependency_links to ../../build/my_drone_vision/my_drone_vision.egg-info/dependency_links.txt
[0.408s] writing entry points to ../../build/my_drone_vision/my_drone_vision.egg-info/entry_points.txt
[0.408s] writing requirements to ../../build/my_drone_vision/my_drone_vision.egg-info/requires.txt
[0.408s] writing top-level names to ../../build/my_drone_vision/my_drone_vision.egg-info/top_level.txt
[0.409s] reading manifest file '../../build/my_drone_vision/my_drone_vision.egg-info/SOURCES.txt'
[0.409s] writing manifest file '../../build/my_drone_vision/my_drone_vision.egg-info/SOURCES.txt'
[0.409s] running build
[0.409s] running build_py
[0.409s] copying my_drone_vision/aruco_controller.py -> /home/tyler/ros2_ws/106a_final_project/drone_simulation/build/my_drone_vision/build/lib/my_drone_vision
[0.409s] running install
[0.409s] running install_lib
[0.410s] copying /home/tyler/ros2_ws/106a_final_project/drone_simulation/build/my_drone_vision/build/lib/my_drone_vision/aruco_controller.py -> /home/tyler/ros2_ws/106a_final_project/drone_simulation/install/my_drone_vision/lib/python3.10/site-packages/my_drone_vision
[0.410s] byte-compiling /home/tyler/ros2_ws/106a_final_project/drone_simulation/install/my_drone_vision/lib/python3.10/site-packages/my_drone_vision/aruco_controller.py to aruco_controller.cpython-310.pyc
[0.411s] running install_data
[0.411s] running install_egg_info
[0.412s] removing '/home/tyler/ros2_ws/106a_final_project/drone_simulation/install/my_drone_vision/lib/python3.10/site-packages/my_drone_vision-0.0.0-py3.10.egg-info' (and everything under it)
[0.412s] Copying ../../build/my_drone_vision/my_drone_vision.egg-info to /home/tyler/ros2_ws/106a_final_project/drone_simulation/install/my_drone_vision/lib/python3.10/site-packages/my_drone_vision-0.0.0-py3.10.egg-info
[0.412s] running install_scripts
[0.423s] Installing aruco_controller script to /home/tyler/ros2_ws/106a_final_project/drone_simulation/install/my_drone_vision/lib/my_drone_vision
[0.423s] Installing aruco_detector script to /home/tyler/ros2_ws/106a_final_project/drone_simulation/install/my_drone_vision/lib/my_drone_vision
[0.423s] writing list of installed files to '/home/tyler/ros2_ws/106a_final_project/drone_simulation/build/my_drone_vision/install.log'
[0.434s] Invoked command in '/home/tyler/ros2_ws/106a_final_project/drone_simulation/src/my_drone_vision' returned '0': PYTHONPATH=/home/tyler/ros2_ws/106a_final_project/drone_simulation/build/my_drone_vision/prefix_override:/usr/lib/python3/dist-packages/colcon_core/task/python/colcon_distutils_commands:/home/tyler/ros2_ws/106a_final_project/drone_simulation/install/my_drone_vision/lib/python3.10/site-packages:${PYTHONPATH} /usr/bin/python3 -W ignore:setup.py install is deprecated -W ignore:easy_install command is deprecated setup.py egg_info --egg-base ../../build/my_drone_vision build --build-base /home/tyler/ros2_ws/106a_final_project/drone_simulation/build/my_drone_vision/build install --record /home/tyler/ros2_ws/106a_final_project/drone_simulation/build/my_drone_vision/install.log --single-version-externally-managed install_data
