[0.050s] Invoking command in '/home/tyler/ros_workspaces/drone_simulation/build/tello_driver': CMAKE_PREFIX_PATH=/home/tyler/ros_workspaces/drone_simulation/install/tello_msgs:/home/tyler/ros_workspaces/drone_simulation/install/ros2_shared:/home/tyler/ros_workspaces/drone_simulation/install/tello_gazebo:/home/tyler/ros_workspaces/drone_simulation/install/tello_driver:/home/tyler/ros_workspaces/drone_simulation/install/tello_description:/home/tyler/ros_workspaces/drone_simulation/install/my_drone_vision:/opt/ros/humble LD_LIBRARY_PATH=/home/tyler/ros_workspaces/drone_simulation/install/tello_msgs/lib:/usr/lib/x86_64-linux-gnu/nvidia:/usr/lib/x86_64-linux-gnu/nvidia:/home/tyler/ros_workspaces/drone_simulation/install/tello_gazebo/lib:/home/tyler/ros_workspaces/drone_simulation/install/tello_driver/lib:/usr/lib/x86_64-linux-gnu/nvidia:/usr/lib/x86_64-linux-gnu/nvidia:/usr/lib/x86_64-linux-gnu/gazebo-11/plugins:/opt/ros/humble/lib/x86_64-linux-gnu:/opt/ros/humble/lib:/usr/lib/x86_64-linux-gnu/nvidia:/usr/lib/x86_64-linux-gnu/nvidia:/usr/lib/x86_64-linux-gnu/nvidia /usr/bin/cmake /home/tyler/ros_workspaces/drone_simulation/src/tello_ros/tello_driver -DCMAKE_INSTALL_PREFIX=/home/tyler/ros_workspaces/drone_simulation/install/tello_driver
[0.106s] -- The C compiler identification is GNU 11.4.0
[0.294s] -- The CXX compiler identification is GNU 11.4.0
[0.433s] -- Detecting C compiler ABI info
[0.499s] -- Detecting C compiler ABI info - done
[0.503s] -- Check for working C compiler: /usr/bin/cc - skipped
[0.503s] -- Detecting C compile features
[0.503s] -- Detecting C compile features - done
[0.505s] -- Detecting CXX compiler ABI info
[0.578s] -- Detecting CXX compiler ABI info - done
[0.582s] -- Check for working CXX compiler: /usr/bin/c++ - skipped
[0.582s] -- Detecting CXX compile features
[0.582s] -- Detecting CXX compile features - done
[0.583s] -- Found ament_cmake: 1.3.14 (/opt/ros/humble/share/ament_cmake/cmake)
[0.663s] -- Found Python3: /usr/bin/python3 (found version "3.10.12") found components: Interpreter 
[0.709s] -- Found camera_calibration_parsers: 3.1.12 (/opt/ros/humble/share/camera_calibration_parsers/cmake)
[0.788s] -- Found rosidl_generator_c: 3.1.8 (/opt/ros/humble/share/rosidl_generator_c/cmake)
[0.790s] -- Found rosidl_adapter: 3.1.8 (/opt/ros/humble/share/rosidl_adapter/cmake)
[0.795s] -- Found rosidl_generator_cpp: 3.1.8 (/opt/ros/humble/share/rosidl_generator_cpp/cmake)
[0.801s] -- Using all available rosidl_typesupport_c: rosidl_typesupport_fastrtps_c;rosidl_typesupport_introspection_c
[0.809s] -- Using all available rosidl_typesupport_cpp: rosidl_typesupport_fastrtps_cpp;rosidl_typesupport_introspection_cpp
[0.830s] -- Found rmw_implementation_cmake: 6.1.2 (/opt/ros/humble/share/rmw_implementation_cmake/cmake)
[0.831s] -- Found rmw_fastrtps_cpp: 6.2.10 (/opt/ros/humble/share/rmw_fastrtps_cpp/cmake)
[1.373s] -- Found OpenSSL: /usr/lib/x86_64-linux-gnu/libcrypto.so (found version "3.0.2")  
[1.966s] -- Found FastRTPS: /opt/ros/humble/include  
[3.054s] -- Using RMW implementation 'rmw_fastrtps_cpp' as default
[3.058s] -- Looking for pthread.h
[3.132s] -- Looking for pthread.h - found
[3.132s] -- Performing Test CMAKE_HAVE_LIBC_PTHREAD
[3.199s] -- Performing Test CMAKE_HAVE_LIBC_PTHREAD - Success
[3.200s] -- Found Threads: TRUE  
[3.260s] -- Found class_loader: 2.2.0 (/opt/ros/humble/share/class_loader/cmake)
[3.267s] -- Found cv_bridge: 3.2.1 (/opt/ros/humble/share/cv_bridge/cmake)
[3.277s] -- Found OpenCV: /usr (found version "4.5.4") 
[3.278s] -- Found rclcpp_components: 16.0.18 (/opt/ros/humble/share/rclcpp_components/cmake)
[3.295s] -- Found ros2_shared: 0.1.0 (/home/tyler/ros_workspaces/drone_simulation/install/ros2_shared/share/ros2_shared/cmake)
[3.296s] -- Found tello_msgs: 0.1.0 (/home/tyler/ros_workspaces/drone_simulation/install/tello_msgs/share/tello_msgs/cmake)
[3.346s] -- Configuring done
[3.361s] -- Generating done
[3.367s] -- Build files have been written to: /home/tyler/ros_workspaces/drone_simulation/build/tello_driver
[3.373s] Invoked command in '/home/tyler/ros_workspaces/drone_simulation/build/tello_driver' returned '0': CMAKE_PREFIX_PATH=/home/tyler/ros_workspaces/drone_simulation/install/tello_msgs:/home/tyler/ros_workspaces/drone_simulation/install/ros2_shared:/home/tyler/ros_workspaces/drone_simulation/install/tello_gazebo:/home/tyler/ros_workspaces/drone_simulation/install/tello_driver:/home/tyler/ros_workspaces/drone_simulation/install/tello_description:/home/tyler/ros_workspaces/drone_simulation/install/my_drone_vision:/opt/ros/humble LD_LIBRARY_PATH=/home/tyler/ros_workspaces/drone_simulation/install/tello_msgs/lib:/usr/lib/x86_64-linux-gnu/nvidia:/usr/lib/x86_64-linux-gnu/nvidia:/home/tyler/ros_workspaces/drone_simulation/install/tello_gazebo/lib:/home/tyler/ros_workspaces/drone_simulation/install/tello_driver/lib:/usr/lib/x86_64-linux-gnu/nvidia:/usr/lib/x86_64-linux-gnu/nvidia:/usr/lib/x86_64-linux-gnu/gazebo-11/plugins:/opt/ros/humble/lib/x86_64-linux-gnu:/opt/ros/humble/lib:/usr/lib/x86_64-linux-gnu/nvidia:/usr/lib/x86_64-linux-gnu/nvidia:/usr/lib/x86_64-linux-gnu/nvidia /usr/bin/cmake /home/tyler/ros_workspaces/drone_simulation/src/tello_ros/tello_driver -DCMAKE_INSTALL_PREFIX=/home/tyler/ros_workspaces/drone_simulation/install/tello_driver
[3.375s] Invoking command in '/home/tyler/ros_workspaces/drone_simulation/build/tello_driver': CMAKE_PREFIX_PATH=/home/tyler/ros_workspaces/drone_simulation/install/tello_msgs:/home/tyler/ros_workspaces/drone_simulation/install/ros2_shared:/home/tyler/ros_workspaces/drone_simulation/install/tello_gazebo:/home/tyler/ros_workspaces/drone_simulation/install/tello_driver:/home/tyler/ros_workspaces/drone_simulation/install/tello_description:/home/tyler/ros_workspaces/drone_simulation/install/my_drone_vision:/opt/ros/humble LD_LIBRARY_PATH=/home/tyler/ros_workspaces/drone_simulation/install/tello_msgs/lib:/usr/lib/x86_64-linux-gnu/nvidia:/usr/lib/x86_64-linux-gnu/nvidia:/home/tyler/ros_workspaces/drone_simulation/install/tello_gazebo/lib:/home/tyler/ros_workspaces/drone_simulation/install/tello_driver/lib:/usr/lib/x86_64-linux-gnu/nvidia:/usr/lib/x86_64-linux-gnu/nvidia:/usr/lib/x86_64-linux-gnu/gazebo-11/plugins:/opt/ros/humble/lib/x86_64-linux-gnu:/opt/ros/humble/lib:/usr/lib/x86_64-linux-gnu/nvidia:/usr/lib/x86_64-linux-gnu/nvidia:/usr/lib/x86_64-linux-gnu/nvidia /usr/bin/cmake --build /home/tyler/ros_workspaces/drone_simulation/build/tello_driver -- -j24 -l24
[3.402s] [  9%] [32mBuilding CXX object CMakeFiles/tello_joy_main.dir/src/tello_joy_node.cpp.o[0m
[3.402s] [  9%] [32mBuilding CXX object CMakeFiles/tello_joy_main.dir/src/tello_joy_main.cpp.o[0m
[3.402s] [ 13%] [32mBuilding CXX object CMakeFiles/tello_driver_node.dir/h264decoder/h264decoder.cpp.o[0m
[3.402s] [ 18%] [32mBuilding CXX object CMakeFiles/tello_driver_node.dir/src/tello_driver_node.cpp.o[0m
[3.403s] [ 27%] [32mBuilding CXX object CMakeFiles/tello_driver_main.dir/src/tello_driver_main.cpp.o[0m
[3.403s] [ 27%] [32mBuilding CXX object CMakeFiles/tello_driver_node.dir/src/tello_socket.cpp.o[0m
[3.403s] [ 31%] [32mBuilding CXX object CMakeFiles/tello_driver_node.dir/src/command_socket.cpp.o[0m
[3.403s] [ 40%] [32mBuilding CXX object CMakeFiles/tello_driver_node.dir/src/state_socket.cpp.o[0m
[3.403s] [ 40%] [32mBuilding CXX object CMakeFiles/tello_driver_main.dir/src/tello_driver_node.cpp.o[0m
[3.403s] [ 45%] [32mBuilding CXX object CMakeFiles/tello_driver_main.dir/h264decoder/h264decoder.cpp.o[0m
[3.403s] [ 50%] [32mBuilding CXX object CMakeFiles/tello_driver_main.dir/src/command_socket.cpp.o[0m
[3.404s] [ 54%] [32mBuilding CXX object CMakeFiles/tello_driver_main.dir/src/video_socket.cpp.o[0m
[3.404s] [ 59%] [32mBuilding CXX object CMakeFiles/tello_joy_node.dir/src/tello_joy_node.cpp.o[0m
[3.405s] [ 63%] [32mBuilding CXX object CMakeFiles/tello_driver_main.dir/src/tello_socket.cpp.o[0m
[3.405s] [ 68%] [32mBuilding CXX object CMakeFiles/tello_driver_node.dir/src/video_socket.cpp.o[0m
[3.405s] [ 72%] [32mBuilding CXX object CMakeFiles/tello_emulator.dir/src/tello_emulator.cpp.o[0m
[3.405s] [ 77%] [32mBuilding CXX object CMakeFiles/tello_driver_main.dir/src/state_socket.cpp.o[0m
[5.499s] [ 81%] [32m[1mLinking CXX executable tello_emulator[0m
[5.697s] [ 81%] Built target tello_emulator
[11.902s] [ 86%] [32m[1mLinking CXX executable tello_joy_main[0m
[11.972s] [ 90%] [32m[1mLinking CXX shared library libtello_joy_node.so[0m
[12.295s] [ 90%] Built target tello_joy_main
[12.329s] [ 90%] Built target tello_joy_node
[13.352s] [ 95%] [32m[1mLinking CXX shared library libtello_driver_node.so[0m
[13.457s] [100%] [32m[1mLinking CXX executable tello_driver_main[0m
[13.956s] [100%] Built target tello_driver_node
[14.265s] [100%] Built target tello_driver_main
[14.271s] Invoked command in '/home/tyler/ros_workspaces/drone_simulation/build/tello_driver' returned '0': CMAKE_PREFIX_PATH=/home/tyler/ros_workspaces/drone_simulation/install/tello_msgs:/home/tyler/ros_workspaces/drone_simulation/install/ros2_shared:/home/tyler/ros_workspaces/drone_simulation/install/tello_gazebo:/home/tyler/ros_workspaces/drone_simulation/install/tello_driver:/home/tyler/ros_workspaces/drone_simulation/install/tello_description:/home/tyler/ros_workspaces/drone_simulation/install/my_drone_vision:/opt/ros/humble LD_LIBRARY_PATH=/home/tyler/ros_workspaces/drone_simulation/install/tello_msgs/lib:/usr/lib/x86_64-linux-gnu/nvidia:/usr/lib/x86_64-linux-gnu/nvidia:/home/tyler/ros_workspaces/drone_simulation/install/tello_gazebo/lib:/home/tyler/ros_workspaces/drone_simulation/install/tello_driver/lib:/usr/lib/x86_64-linux-gnu/nvidia:/usr/lib/x86_64-linux-gnu/nvidia:/usr/lib/x86_64-linux-gnu/gazebo-11/plugins:/opt/ros/humble/lib/x86_64-linux-gnu:/opt/ros/humble/lib:/usr/lib/x86_64-linux-gnu/nvidia:/usr/lib/x86_64-linux-gnu/nvidia:/usr/lib/x86_64-linux-gnu/nvidia /usr/bin/cmake --build /home/tyler/ros_workspaces/drone_simulation/build/tello_driver -- -j24 -l24
[14.272s] Invoking command in '/home/tyler/ros_workspaces/drone_simulation/build/tello_driver': CMAKE_PREFIX_PATH=/home/tyler/ros_workspaces/drone_simulation/install/tello_msgs:/home/tyler/ros_workspaces/drone_simulation/install/ros2_shared:/home/tyler/ros_workspaces/drone_simulation/install/tello_gazebo:/home/tyler/ros_workspaces/drone_simulation/install/tello_driver:/home/tyler/ros_workspaces/drone_simulation/install/tello_description:/home/tyler/ros_workspaces/drone_simulation/install/my_drone_vision:/opt/ros/humble LD_LIBRARY_PATH=/home/tyler/ros_workspaces/drone_simulation/install/tello_msgs/lib:/usr/lib/x86_64-linux-gnu/nvidia:/usr/lib/x86_64-linux-gnu/nvidia:/home/tyler/ros_workspaces/drone_simulation/install/tello_gazebo/lib:/home/tyler/ros_workspaces/drone_simulation/install/tello_driver/lib:/usr/lib/x86_64-linux-gnu/nvidia:/usr/lib/x86_64-linux-gnu/nvidia:/usr/lib/x86_64-linux-gnu/gazebo-11/plugins:/opt/ros/humble/lib/x86_64-linux-gnu:/opt/ros/humble/lib:/usr/lib/x86_64-linux-gnu/nvidia:/usr/lib/x86_64-linux-gnu/nvidia:/usr/lib/x86_64-linux-gnu/nvidia /usr/bin/cmake --install /home/tyler/ros_workspaces/drone_simulation/build/tello_driver
[14.276s] -- Install configuration: ""
[14.276s] -- Installing: /home/tyler/ros_workspaces/drone_simulation/install/tello_driver/share/tello_driver/environment/library_path.sh
[14.276s] -- Installing: /home/tyler/ros_workspaces/drone_simulation/install/tello_driver/share/tello_driver/environment/library_path.dsv
[14.276s] -- Installing: /home/tyler/ros_workspaces/drone_simulation/install/tello_driver/lib/libtello_driver_node.so
[14.281s] -- Set runtime path of "/home/tyler/ros_workspaces/drone_simulation/install/tello_driver/lib/libtello_driver_node.so" to ""
[14.281s] -- Installing: /home/tyler/ros_workspaces/drone_simulation/install/tello_driver/lib/libtello_joy_node.so
[14.285s] -- Set runtime path of "/home/tyler/ros_workspaces/drone_simulation/install/tello_driver/lib/libtello_joy_node.so" to ""
[14.285s] -- Installing: /home/tyler/ros_workspaces/drone_simulation/install/tello_driver/lib/tello_driver/tello_driver_main
[14.287s] -- Set runtime path of "/home/tyler/ros_workspaces/drone_simulation/install/tello_driver/lib/tello_driver/tello_driver_main" to ""
[14.287s] -- Installing: /home/tyler/ros_workspaces/drone_simulation/install/tello_driver/lib/tello_driver/tello_joy_main
[14.289s] -- Set runtime path of "/home/tyler/ros_workspaces/drone_simulation/install/tello_driver/lib/tello_driver/tello_joy_main" to ""
[14.289s] -- Installing: /home/tyler/ros_workspaces/drone_simulation/install/tello_driver/lib/tello_driver/tello_emulator
[14.290s] -- Installing: /home/tyler/ros_workspaces/drone_simulation/install/tello_driver/share/tello_driver/cfg
[14.290s] -- Installing: /home/tyler/ros_workspaces/drone_simulation/install/tello_driver/share/tello_driver/cfg/camera_info.yaml
[14.290s] -- Installing: /home/tyler/ros_workspaces/drone_simulation/install/tello_driver/share/tello_driver/launch
[14.290s] -- Installing: /home/tyler/ros_workspaces/drone_simulation/install/tello_driver/share/tello_driver/launch/emulators_launch.py
[14.290s] -- Installing: /home/tyler/ros_workspaces/drone_simulation/install/tello_driver/share/tello_driver/launch/teleop_launch.py
[14.290s] -- Installing: /home/tyler/ros_workspaces/drone_simulation/install/tello_driver/share/tello_driver/launch/emulator_launch.py
[14.290s] -- Installing: /home/tyler/ros_workspaces/drone_simulation/install/tello_driver/share/ament_index/resource_index/package_run_dependencies/tello_driver
[14.290s] -- Installing: /home/tyler/ros_workspaces/drone_simulation/install/tello_driver/share/ament_index/resource_index/parent_prefix_path/tello_driver
[14.290s] -- Installing: /home/tyler/ros_workspaces/drone_simulation/install/tello_driver/share/tello_driver/environment/ament_prefix_path.sh
[14.291s] -- Installing: /home/tyler/ros_workspaces/drone_simulation/install/tello_driver/share/tello_driver/environment/ament_prefix_path.dsv
[14.291s] -- Installing: /home/tyler/ros_workspaces/drone_simulation/install/tello_driver/share/tello_driver/environment/path.sh
[14.291s] -- Installing: /home/tyler/ros_workspaces/drone_simulation/install/tello_driver/share/tello_driver/environment/path.dsv
[14.291s] -- Installing: /home/tyler/ros_workspaces/drone_simulation/install/tello_driver/share/tello_driver/local_setup.bash
[14.291s] -- Installing: /home/tyler/ros_workspaces/drone_simulation/install/tello_driver/share/tello_driver/local_setup.sh
[14.291s] -- Installing: /home/tyler/ros_workspaces/drone_simulation/install/tello_driver/share/tello_driver/local_setup.zsh
[14.291s] -- Installing: /home/tyler/ros_workspaces/drone_simulation/install/tello_driver/share/tello_driver/local_setup.dsv
[14.291s] -- Installing: /home/tyler/ros_workspaces/drone_simulation/install/tello_driver/share/tello_driver/package.dsv
[14.291s] -- Installing: /home/tyler/ros_workspaces/drone_simulation/install/tello_driver/share/ament_index/resource_index/packages/tello_driver
[14.291s] -- Installing: /home/tyler/ros_workspaces/drone_simulation/install/tello_driver/share/ament_index/resource_index/rclcpp_components/tello_driver
[14.291s] -- Installing: /home/tyler/ros_workspaces/drone_simulation/install/tello_driver/share/tello_driver/cmake/tello_driverConfig.cmake
[14.291s] -- Installing: /home/tyler/ros_workspaces/drone_simulation/install/tello_driver/share/tello_driver/cmake/tello_driverConfig-version.cmake
[14.291s] -- Installing: /home/tyler/ros_workspaces/drone_simulation/install/tello_driver/share/tello_driver/package.xml
[14.293s] Invoked command in '/home/tyler/ros_workspaces/drone_simulation/build/tello_driver' returned '0': CMAKE_PREFIX_PATH=/home/tyler/ros_workspaces/drone_simulation/install/tello_msgs:/home/tyler/ros_workspaces/drone_simulation/install/ros2_shared:/home/tyler/ros_workspaces/drone_simulation/install/tello_gazebo:/home/tyler/ros_workspaces/drone_simulation/install/tello_driver:/home/tyler/ros_workspaces/drone_simulation/install/tello_description:/home/tyler/ros_workspaces/drone_simulation/install/my_drone_vision:/opt/ros/humble LD_LIBRARY_PATH=/home/tyler/ros_workspaces/drone_simulation/install/tello_msgs/lib:/usr/lib/x86_64-linux-gnu/nvidia:/usr/lib/x86_64-linux-gnu/nvidia:/home/tyler/ros_workspaces/drone_simulation/install/tello_gazebo/lib:/home/tyler/ros_workspaces/drone_simulation/install/tello_driver/lib:/usr/lib/x86_64-linux-gnu/nvidia:/usr/lib/x86_64-linux-gnu/nvidia:/usr/lib/x86_64-linux-gnu/gazebo-11/plugins:/opt/ros/humble/lib/x86_64-linux-gnu:/opt/ros/humble/lib:/usr/lib/x86_64-linux-gnu/nvidia:/usr/lib/x86_64-linux-gnu/nvidia:/usr/lib/x86_64-linux-gnu/nvidia /usr/bin/cmake --install /home/tyler/ros_workspaces/drone_simulation/build/tello_driver
