-- The C compiler identification is GNU 11.4.0
-- The CXX compiler identification is GNU 11.4.0
-- Detecting C compiler ABI info
-- Detecting C compiler ABI info - done
-- Check for working C compiler: /usr/bin/cc - skipped
-- Detecting C compile features
-- Detecting C compile features - done
-- Detecting CXX compiler ABI info
-- Detecting CXX compiler ABI info - done
-- Check for working CXX compiler: /usr/bin/c++ - skipped
-- Detecting CXX compile features
-- Detecting CXX compile features - done
-- Found OpenCV version 4.5.4
-- Found ament_cmake: 1.3.14 (/opt/ros/humble/share/ament_cmake/cmake)
-- Found Python3: /usr/bin/python3 (found version "3.10.12") found components: Interpreter 
-- Override CMake install command with custom implementation using symlinks instead of copying resources
-- Found class_loader: 2.2.0 (/opt/ros/humble/share/class_loader/cmake)
-- Found cv_bridge: 3.2.1 (/opt/ros/humble/share/cv_bridge/cmake)
-- Found rosidl_generator_c: 3.1.8 (/opt/ros/humble/share/rosidl_generator_c/cmake)
-- Found rosidl_adapter: 3.1.8 (/opt/ros/humble/share/rosidl_adapter/cmake)
-- Found rosidl_generator_cpp: 3.1.8 (/opt/ros/humble/share/rosidl_generator_cpp/cmake)
-- Using all available rosidl_typesupport_c: rosidl_typesupport_fastrtps_c;rosidl_typesupport_introspection_c
-- Using all available rosidl_typesupport_cpp: rosidl_typesupport_fastrtps_cpp;rosidl_typesupport_introspection_cpp
-- Found fiducial_vlam_msgs: 0.1.0 (/home/tyler/ros2_ws/106a_final_project/drone_simulation/install/fiducial_vlam_msgs/share/fiducial_vlam_msgs/cmake)
-- Found nav_msgs: 4.9.1 (/opt/ros/humble/share/nav_msgs/cmake)
-- Found OpenCV: /usr (found version "4.5.4") 
-- Found rclcpp: 16.0.18 (/opt/ros/humble/share/rclcpp/cmake)
-- Found rmw_implementation_cmake: 6.1.2 (/opt/ros/humble/share/rmw_implementation_cmake/cmake)
-- Found rmw_fastrtps_cpp: 6.2.10 (/opt/ros/humble/share/rmw_fastrtps_cpp/cmake)
-- Found OpenSSL: /usr/lib/x86_64-linux-gnu/libcrypto.so (found version "3.0.2")  
-- Found FastRTPS: /opt/ros/humble/include  
-- Using RMW implementation 'rmw_fastrtps_cpp' as default
-- Looking for pthread.h
-- Looking for pthread.h - found
-- Performing Test CMAKE_HAVE_LIBC_PTHREAD
-- Performing Test CMAKE_HAVE_LIBC_PTHREAD - Success
-- Found Threads: TRUE  
-- Found rclcpp_components: 16.0.18 (/opt/ros/humble/share/rclcpp_components/cmake)
-- Found ros2_shared: 0.1.0 (/home/tyler/ros2_ws/106a_final_project/drone_simulation/install/ros2_shared/share/ros2_shared/cmake)
-- Found tf2_msgs: 0.25.19 (/opt/ros/humble/share/tf2_msgs/cmake)
-- Found visualization_msgs: 4.9.1 (/opt/ros/humble/share/visualization_msgs/cmake)
-- Found yaml_cpp_vendor: 8.0.2 (/opt/ros/humble/share/yaml_cpp_vendor/cmake)
-- Configuring done
-- Generating done
-- Build files have been written to: /home/tyler/ros2_ws/106a_final_project/drone_simulation/build/fiducial_vlam
[  6%] [32mBuilding CXX object CMakeFiles/vmap_node.dir/src/vmap_main.cpp.o[0m
[  6%] [32mBuilding CXX object CMakeFiles/vmap_node.dir/src/convert_util.cpp.o[0m
[  9%] [32mBuilding CXX object CMakeFiles/vmap_node.dir/src/map.cpp.o[0m
[ 12%] [32mBuilding CXX object CMakeFiles/vmap_node.dir/src/vmap_context.cpp.o[0m
[ 16%] [32mBuilding CXX object CMakeFiles/vmap_main.dir/src/vmap_main.cpp.o[0m
[ 19%] [32mBuilding CXX object CMakeFiles/vloc_node.dir/src/fiducial_math.cpp.o[0m
[ 25%] [32mBuilding CXX object CMakeFiles/vmap_main.dir/src/convert_util.cpp.o[0m
[ 41%] [32mBuilding CXX object CMakeFiles/vloc_node.dir/src/map.cpp.o[0m
[ 41%] [32mBuilding CXX object CMakeFiles/vmap_node.dir/src/transform_with_covariance.cpp.o[0m
[ 41%] [32mBuilding CXX object CMakeFiles/vloc_main.dir/src/convert_util.cpp.o[0m
[ 41%] [32mBuilding CXX object CMakeFiles/vloc_node.dir/src/transform_with_covariance.cpp.o[0m
[ 41%] [32mBuilding CXX object CMakeFiles/vmap_main.dir/src/map.cpp.o[0m
[ 25%] [32mBuilding CXX object CMakeFiles/vmap_node.dir/src/fiducial_math.cpp.o[0m
[ 45%] [32mBuilding CXX object CMakeFiles/vloc_main.dir/src/fiducial_math.cpp.o[0m
[ 48%] [32mBuilding CXX object CMakeFiles/vloc_node.dir/src/vloc_context.cpp.o[0m
[ 51%] [32mBuilding CXX object CMakeFiles/vloc_main.dir/src/transform_with_covariance.cpp.o[0m
[ 58%] [32mBuilding CXX object CMakeFiles/vloc_node.dir/src/convert_util.cpp.o[0m
[ 58%] [32mBuilding CXX object CMakeFiles/vmap_main.dir/src/fiducial_math.cpp.o[0m
[ 61%] [32mBuilding CXX object CMakeFiles/vloc_main.dir/src/vloc_main.cpp.o[0m
[ 64%] [32mBuilding CXX object CMakeFiles/vmap_main.dir/src/vmap_context.cpp.o[0m
[ 67%] [32mBuilding CXX object CMakeFiles/vloc_main.dir/src/map.cpp.o[0m
[ 70%] [32mBuilding CXX object CMakeFiles/vmap_main.dir/src/transform_with_covariance.cpp.o[0m
[ 74%] [32mBuilding CXX object CMakeFiles/vloc_node.dir/src/vloc_node.cpp.o[0m
[ 77%] [32mBuilding CXX object CMakeFiles/vmap_node.dir/src/vmap_node.cpp.o[0m
In file included from [01m[K/home/tyler/ros2_ws/106a_final_project/drone_simulation/src/fiducial_vlam/fiducial_vlam/src/transform_with_covariance.cpp:2[m[K:
[01m[K/home/tyler/ros2_ws/106a_final_project/drone_simulation/src/fiducial_vlam/fiducial_vlam/include/transform_with_covariance.hpp:6:10:[m[K [01;31m[Kfatal error: [m[Ktf2/LinearMath/Transform.h: 没有那个文件或目录
    6 | #include [01;31m[K"tf2/LinearMath/Transform.h"[m[K
      |          [01;31m[K^~~~~~~~~~~~~~~~~~~~~~~~~~~~[m[K
compilation terminated.
In file included from [01m[K/home/tyler/ros2_ws/106a_final_project/drone_simulation/src/fiducial_vlam/fiducial_vlam/src/transform_with_covariance.cpp:2[m[K:
[01m[K/home/tyler/ros2_ws/106a_final_project/drone_simulation/src/fiducial_vlam/fiducial_vlam/include/transform_with_covariance.hpp:6:10:[m[K [01;31m[Kfatal error: [m[Ktf2/LinearMath/Transform.h: 没有那个文件或目录
    6 | #include [01;31m[K"tf2/LinearMath/Transform.h"[m[K
      |          [01;31m[K^~~~~~~~~~~~~~~~~~~~~~~~~~~~[m[K
compilation terminated.
gmake[2]: *** [CMakeFiles/vmap_node.dir/build.make:118：CMakeFiles/vmap_node.dir/src/transform_with_covariance.cpp.o] 错误 1
gmake[2]: *** 正在等待未完成的任务....
In file included from [01m[K/home/tyler/ros2_ws/106a_final_project/drone_simulation/src/fiducial_vlam/fiducial_vlam/src/transform_with_covariance.cpp:2[m[K:
[01m[K/home/tyler/ros2_ws/106a_final_project/drone_simulation/src/fiducial_vlam/fiducial_vlam/include/transform_with_covariance.hpp:6:10:[m[K [01;31m[Kfatal error: [m[Ktf2/LinearMath/Transform.h: 没有那个文件或目录
    6 | #include [01;31m[K"tf2/LinearMath/Transform.h"[m[K
      |          [01;31m[K^~~~~~~~~~~~~~~~~~~~~~~~~~~~[m[K
compilation terminated.
gmake[2]: *** [CMakeFiles/vloc_main.dir/build.make:132：CMakeFiles/vloc_main.dir/src/transform_with_covariance.cpp.o] 错误 1
gmake[2]: *** 正在等待未完成的任务....
In file included from [01m[K/home/tyler/ros2_ws/106a_final_project/drone_simulation/src/fiducial_vlam/fiducial_vlam/src/transform_with_covariance.cpp:2[m[K:
[01m[K/home/tyler/ros2_ws/106a_final_project/drone_simulation/src/fiducial_vlam/fiducial_vlam/include/transform_with_covariance.hpp:6:10:[m[K [01;31m[Kfatal error: [m[Ktf2/LinearMath/Transform.h: 没有那个文件或目录
    6 | #include [01;31m[K"tf2/LinearMath/Transform.h"[m[K
      |          [01;31m[K^~~~~~~~~~~~~~~~~~~~~~~~~~~~[m[K
compilation terminated.
gmake[2]: *** [CMakeFiles/vloc_node.dir/build.make:118：CMakeFiles/vloc_node.dir/src/transform_with_covariance.cpp.o] 错误 1
gmake[2]: *** 正在等待未完成的任务....
gmake[2]: *** [CMakeFiles/vmap_main.dir/build.make:132：CMakeFiles/vmap_main.dir/src/transform_with_covariance.cpp.o] 错误 1
gmake[2]: *** 正在等待未完成的任务....
[ 80%] [32mBuilding CXX object CMakeFiles/vmap_main.dir/src/vmap_node.cpp.o[0m
In file included from [01m[K/home/tyler/ros2_ws/106a_final_project/drone_simulation/src/fiducial_vlam/fiducial_vlam/src/fiducial_math.cpp:5[m[K:
[01m[K/home/tyler/ros2_ws/106a_final_project/drone_simulation/src/fiducial_vlam/fiducial_vlam/include/transform_with_covariance.hpp:6:10:[m[K [01;31m[Kfatal error: [m[Ktf2/LinearMath/Transform.h: 没有那个文件或目录
    6 | #include [01;31m[K"tf2/LinearMath/Transform.h"[m[K
      |          [01;31m[K^~~~~~~~~~~~~~~~~~~~~~~~~~~~[m[K
compilation terminated.
In file included from [01m[K/home/tyler/ros2_ws/106a_final_project/drone_simulation/src/fiducial_vlam/fiducial_vlam/include/map.hpp:7[m[K,
                 from [01m[K/home/tyler/ros2_ws/106a_final_project/drone_simulation/src/fiducial_vlam/fiducial_vlam/src/map.cpp:2[m[K:
[01m[K/home/tyler/ros2_ws/106a_final_project/drone_simulation/src/fiducial_vlam/fiducial_vlam/include/transform_with_covariance.hpp:6:10:[m[K [01;31m[Kfatal error: [m[Ktf2/LinearMath/Transform.h: 没有那个文件或目录
    6 | #include [01;31m[K"tf2/LinearMath/Transform.h"[m[K
      |          [01;31m[K^~~~~~~~~~~~~~~~~~~~~~~~~~~~[m[K
compilation terminated.
gmake[2]: *** [CMakeFiles/vmap_node.dir/build.make:104：CMakeFiles/vmap_node.dir/src/map.cpp.o] 错误 1
gmake[2]: *** [CMakeFiles/vmap_node.dir/build.make:90：CMakeFiles/vmap_node.dir/src/fiducial_math.cpp.o] 错误 1
In file included from [01m[K/home/tyler/ros2_ws/106a_final_project/drone_simulation/src/fiducial_vlam/fiducial_vlam/src/fiducial_math.cpp:5[m[K:
[01m[K/home/tyler/ros2_ws/106a_final_project/drone_simulation/src/fiducial_vlam/fiducial_vlam/include/transform_with_covariance.hpp:6:10:[m[K [01;31m[Kfatal error: [m[Ktf2/LinearMath/Transform.h: 没有那个文件或目录
    6 | #include [01;31m[K"tf2/LinearMath/Transform.h"[m[K
      |          [01;31m[K^~~~~~~~~~~~~~~~~~~~~~~~~~~~[m[K
compilation terminated.
gmake[2]: *** [CMakeFiles/vloc_main.dir/build.make:104：CMakeFiles/vloc_main.dir/src/fiducial_math.cpp.o] 错误 1
In file included from [01m[K/home/tyler/ros2_ws/106a_final_project/drone_simulation/src/fiducial_vlam/fiducial_vlam/src/convert_util.cpp:5[m[K:
[01m[K/home/tyler/ros2_ws/106a_final_project/drone_simulation/src/fiducial_vlam/fiducial_vlam/include/transform_with_covariance.hpp:6:10:[m[K [01;31m[Kfatal error: [m[Ktf2/LinearMath/Transform.h: 没有那个文件或目录
    6 | #include [01;31m[K"tf2/LinearMath/Transform.h"[m[K
      |          [01;31m[K^~~~~~~~~~~~~~~~~~~~~~~~~~~~[m[K
compilation terminated.
In file included from [01m[K/home/tyler/ros2_ws/106a_final_project/drone_simulation/src/fiducial_vlam/fiducial_vlam/src/convert_util.cpp:5[m[K:
[01m[K/home/tyler/ros2_ws/106a_final_project/drone_simulation/src/fiducial_vlam/fiducial_vlam/include/transform_with_covariance.hpp:6:10:[m[K [01;31m[Kfatal error: [m[Ktf2/LinearMath/Transform.h: 没有那个文件或目录
    6 | #include [01;31m[K"tf2/LinearMath/Transform.h"[m[K
      |          [01;31m[K^~~~~~~~~~~~~~~~~~~~~~~~~~~~[m[K
compilation terminated.
gmake[2]: *** [CMakeFiles/vmap_node.dir/build.make:76：CMakeFiles/vmap_node.dir/src/convert_util.cpp.o] 错误 1
In file included from [01m[K/home/tyler/ros2_ws/106a_final_project/drone_simulation/src/fiducial_vlam/fiducial_vlam/src/fiducial_math.cpp:5[m[K:
[01m[K/home/tyler/ros2_ws/106a_final_project/drone_simulation/src/fiducial_vlam/fiducial_vlam/include/transform_with_covariance.hpp:6:10:[m[K [01;31m[Kfatal error: [m[Ktf2/LinearMath/Transform.h: 没有那个文件或目录
    6 | #include [01;31m[K"tf2/LinearMath/Transform.h"[m[K
      |          [01;31m[K^~~~~~~~~~~~~~~~~~~~~~~~~~~~[m[K
compilation terminated.
gmake[2]: *** [CMakeFiles/vmap_main.dir/build.make:90：CMakeFiles/vmap_main.dir/src/convert_util.cpp.o] 错误 1
gmake[2]: *** [CMakeFiles/vmap_main.dir/build.make:104：CMakeFiles/vmap_main.dir/src/fiducial_math.cpp.o] 错误 1
In file included from [01m[K/home/tyler/ros2_ws/106a_final_project/drone_simulation/src/fiducial_vlam/fiducial_vlam/src/fiducial_math.cpp:5[m[K:
[01m[K/home/tyler/ros2_ws/106a_final_project/drone_simulation/src/fiducial_vlam/fiducial_vlam/include/transform_with_covariance.hpp:6:10:[m[K [01;31m[Kfatal error: [m[Ktf2/LinearMath/Transform.h: 没有那个文件或目录
    6 | #include [01;31m[K"tf2/LinearMath/Transform.h"[m[K
      |          [01;31m[K^~~~~~~~~~~~~~~~~~~~~~~~~~~~[m[K
compilation terminated.
gmake[2]: *** [CMakeFiles/vloc_node.dir/build.make:90：CMakeFiles/vloc_node.dir/src/fiducial_math.cpp.o] 错误 1
In file included from [01m[K/home/tyler/ros2_ws/106a_final_project/drone_simulation/src/fiducial_vlam/fiducial_vlam/include/map.hpp:7[m[K,
                 from [01m[K/home/tyler/ros2_ws/106a_final_project/drone_simulation/src/fiducial_vlam/fiducial_vlam/src/map.cpp:2[m[K:
[01m[K/home/tyler/ros2_ws/106a_final_project/drone_simulation/src/fiducial_vlam/fiducial_vlam/include/transform_with_covariance.hpp:6:10:[m[K [01;31m[Kfatal error: [m[Ktf2/LinearMath/Transform.h: 没有那个文件或目录
    6 | #include [01;31m[K"tf2/LinearMath/Transform.h"[m[K
      |          [01;31m[K^~~~~~~~~~~~~~~~~~~~~~~~~~~~[m[K
compilation terminated.
gmake[2]: *** [CMakeFiles/vloc_node.dir/build.make:104：CMakeFiles/vloc_node.dir/src/map.cpp.o] 错误 1
In file included from [01m[K/home/tyler/ros2_ws/106a_final_project/drone_simulation/src/fiducial_vlam/fiducial_vlam/include/map.hpp:7[m[K,
                 from [01m[K/home/tyler/ros2_ws/106a_final_project/drone_simulation/src/fiducial_vlam/fiducial_vlam/src/map.cpp:2[m[K:
[01m[K/home/tyler/ros2_ws/106a_final_project/drone_simulation/src/fiducial_vlam/fiducial_vlam/include/transform_with_covariance.hpp:6:10:[m[K [01;31m[Kfatal error: [m[Ktf2/LinearMath/Transform.h: 没有那个文件或目录
    6 | #include [01;31m[K"tf2/LinearMath/Transform.h"[m[K
      |          [01;31m[K^~~~~~~~~~~~~~~~~~~~~~~~~~~~[m[K
compilation terminated.
gmake[2]: *** [CMakeFiles/vmap_main.dir/build.make:118：CMakeFiles/vmap_main.dir/src/map.cpp.o] 错误 1
In file included from [01m[K/home/tyler/ros2_ws/106a_final_project/drone_simulation/src/fiducial_vlam/fiducial_vlam/src/convert_util.cpp:5[m[K:
[01m[K/home/tyler/ros2_ws/106a_final_project/drone_simulation/src/fiducial_vlam/fiducial_vlam/include/transform_with_covariance.hpp:6:10:[m[K [01;31m[Kfatal error: [m[Ktf2/LinearMath/Transform.h: 没有那个文件或目录
    6 | #include [01;31m[K"tf2/LinearMath/Transform.h"[m[K
      |          [01;31m[K^~~~~~~~~~~~~~~~~~~~~~~~~~~~[m[K
compilation terminated.
gmake[2]: *** [CMakeFiles/vloc_main.dir/build.make:90：CMakeFiles/vloc_main.dir/src/convert_util.cpp.o] 错误 1
In file included from [01m[K/home/tyler/ros2_ws/106a_final_project/drone_simulation/src/fiducial_vlam/fiducial_vlam/src/convert_util.cpp:5[m[K:
[01m[K/home/tyler/ros2_ws/106a_final_project/drone_simulation/src/fiducial_vlam/fiducial_vlam/include/transform_with_covariance.hpp:6:10:[m[K [01;31m[Kfatal error: [m[Ktf2/LinearMath/Transform.h: 没有那个文件或目录
    6 | #include [01;31m[K"tf2/LinearMath/Transform.h"[m[K
      |          [01;31m[K^~~~~~~~~~~~~~~~~~~~~~~~~~~~[m[K
compilation terminated.
gmake[2]: *** [CMakeFiles/vloc_node.dir/build.make:76：CMakeFiles/vloc_node.dir/src/convert_util.cpp.o] 错误 1
In file included from [01m[K/home/tyler/ros2_ws/106a_final_project/drone_simulation/src/fiducial_vlam/fiducial_vlam/include/map.hpp:7[m[K,
                 from [01m[K/home/tyler/ros2_ws/106a_final_project/drone_simulation/src/fiducial_vlam/fiducial_vlam/src/map.cpp:2[m[K:
[01m[K/home/tyler/ros2_ws/106a_final_project/drone_simulation/src/fiducial_vlam/fiducial_vlam/include/transform_with_covariance.hpp:6:10:[m[K [01;31m[Kfatal error: [m[Ktf2/LinearMath/Transform.h: 没有那个文件或目录
    6 | #include [01;31m[K"tf2/LinearMath/Transform.h"[m[K
      |          [01;31m[K^~~~~~~~~~~~~~~~~~~~~~~~~~~~[m[K
compilation terminated.
gmake[2]: *** [CMakeFiles/vloc_main.dir/build.make:118：CMakeFiles/vloc_main.dir/src/map.cpp.o] 错误 1
In file included from [01m[K/home/tyler/ros2_ws/106a_final_project/drone_simulation/src/fiducial_vlam/fiducial_vlam/include/vmap_context.hpp:5[m[K,
                 from [01m[K/home/tyler/ros2_ws/106a_final_project/drone_simulation/src/fiducial_vlam/fiducial_vlam/src/vmap_context.cpp:2[m[K:
[01m[K/home/tyler/ros2_ws/106a_final_project/drone_simulation/src/fiducial_vlam/fiducial_vlam/include/transform_with_covariance.hpp:6:10:[m[K [01;31m[Kfatal error: [m[Ktf2/LinearMath/Transform.h: 没有那个文件或目录
    6 | #include [01;31m[K"tf2/LinearMath/Transform.h"[m[K
      |          [01;31m[K^~~~~~~~~~~~~~~~~~~~~~~~~~~~[m[K
compilation terminated.
gmake[2]: *** [CMakeFiles/vmap_main.dir/build.make:146：CMakeFiles/vmap_main.dir/src/vmap_context.cpp.o] 错误 1
In file included from [01m[K/home/tyler/ros2_ws/106a_final_project/drone_simulation/src/fiducial_vlam/fiducial_vlam/include/map.hpp:7[m[K,
                 from [01m[K/home/tyler/ros2_ws/106a_final_project/drone_simulation/src/fiducial_vlam/fiducial_vlam/src/vmap_node.cpp:11[m[K:
[01m[K/home/tyler/ros2_ws/106a_final_project/drone_simulation/src/fiducial_vlam/fiducial_vlam/include/transform_with_covariance.hpp:6:10:[m[K [01;31m[Kfatal error: [m[Ktf2/LinearMath/Transform.h: 没有那个文件或目录
    6 | #include [01;31m[K"tf2/LinearMath/Transform.h"[m[K
      |          [01;31m[K^~~~~~~~~~~~~~~~~~~~~~~~~~~~[m[K
compilation terminated.
gmake[2]: *** [CMakeFiles/vmap_node.dir/build.make:160：CMakeFiles/vmap_node.dir/src/vmap_node.cpp.o] 错误 1
In file included from [01m[K/home/tyler/ros2_ws/106a_final_project/drone_simulation/src/fiducial_vlam/fiducial_vlam/include/map.hpp:7[m[K,
                 from [01m[K/home/tyler/ros2_ws/106a_final_project/drone_simulation/src/fiducial_vlam/fiducial_vlam/src/vloc_node.cpp:7[m[K:
[01m[K/home/tyler/ros2_ws/106a_final_project/drone_simulation/src/fiducial_vlam/fiducial_vlam/include/transform_with_covariance.hpp:6:10:[m[K [01;31m[Kfatal error: [m[Ktf2/LinearMath/Transform.h: 没有那个文件或目录
    6 | #include [01;31m[K"tf2/LinearMath/Transform.h"[m[K
      |          [01;31m[K^~~~~~~~~~~~~~~~~~~~~~~~~~~~[m[K
compilation terminated.
gmake[2]: *** [CMakeFiles/vloc_node.dir/build.make:146：CMakeFiles/vloc_node.dir/src/vloc_node.cpp.o] 错误 1
In file included from [01m[K/home/tyler/ros2_ws/106a_final_project/drone_simulation/src/fiducial_vlam/fiducial_vlam/include/vmap_context.hpp:5[m[K,
                 from [01m[K/home/tyler/ros2_ws/106a_final_project/drone_simulation/src/fiducial_vlam/fiducial_vlam/src/vmap_context.cpp:2[m[K:
[01m[K/home/tyler/ros2_ws/106a_final_project/drone_simulation/src/fiducial_vlam/fiducial_vlam/include/transform_with_covariance.hpp:6:10:[m[K [01;31m[Kfatal error: [m[Ktf2/LinearMath/Transform.h: 没有那个文件或目录
    6 | #include [01;31m[K"tf2/LinearMath/Transform.h"[m[K
      |          [01;31m[K^~~~~~~~~~~~~~~~~~~~~~~~~~~~[m[K
compilation terminated.
gmake[2]: *** [CMakeFiles/vmap_node.dir/build.make:132：CMakeFiles/vmap_node.dir/src/vmap_context.cpp.o] 错误 1
In file included from [01m[K/home/tyler/ros2_ws/106a_final_project/drone_simulation/src/fiducial_vlam/fiducial_vlam/include/map.hpp:7[m[K,
                 from [01m[K/home/tyler/ros2_ws/106a_final_project/drone_simulation/src/fiducial_vlam/fiducial_vlam/src/vmap_node.cpp:11[m[K:
[01m[K/home/tyler/ros2_ws/106a_final_project/drone_simulation/src/fiducial_vlam/fiducial_vlam/include/transform_with_covariance.hpp:6:10:[m[K [01;31m[Kfatal error: [m[Ktf2/LinearMath/Transform.h: 没有那个文件或目录
    6 | #include [01;31m[K"tf2/LinearMath/Transform.h"[m[K
      |          [01;31m[K^~~~~~~~~~~~~~~~~~~~~~~~~~~~[m[K
compilation terminated.
gmake[2]: *** [CMakeFiles/vmap_main.dir/build.make:160：CMakeFiles/vmap_main.dir/src/vmap_node.cpp.o] 错误 1
In file included from [01m[K/home/tyler/ros2_ws/106a_final_project/drone_simulation/src/fiducial_vlam/fiducial_vlam/include/vloc_context.hpp:7[m[K,
                 from [01m[K/home/tyler/ros2_ws/106a_final_project/drone_simulation/src/fiducial_vlam/fiducial_vlam/src/vloc_context.cpp:2[m[K:
[01m[K/home/tyler/ros2_ws/106a_final_project/drone_simulation/src/fiducial_vlam/fiducial_vlam/include/transform_with_covariance.hpp:6:10:[m[K [01;31m[Kfatal error: [m[Ktf2/LinearMath/Transform.h: 没有那个文件或目录
    6 | #include [01;31m[K"tf2/LinearMath/Transform.h"[m[K
      |          [01;31m[K^~~~~~~~~~~~~~~~~~~~~~~~~~~~[m[K
compilation terminated.
gmake[2]: *** [CMakeFiles/vloc_node.dir/build.make:132：CMakeFiles/vloc_node.dir/src/vloc_context.cpp.o] 错误 1
gmake[1]: *** [CMakeFiles/Makefile2:143：CMakeFiles/vloc_node.dir/all] 错误 2
gmake[1]: *** 正在等待未完成的任务....
gmake[1]: *** [CMakeFiles/Makefile2:195：CMakeFiles/vmap_node.dir/all] 错误 2
gmake[1]: *** [CMakeFiles/Makefile2:221：CMakeFiles/vmap_main.dir/all] 错误 2
gmake[1]: *** [CMakeFiles/Makefile2:169：CMakeFiles/vloc_main.dir/all] 错误 2
gmake: *** [Makefile:146：all] 错误 2
