[0.006s] Invoking command in '/home/tyler/ros2_ws/106a_final_project/drone_simulation/build/fiducial_vlam': AMENT_PREFIX_PATH=/home/tyler/ros2_ws/106a_final_project/drone_simulation/install/fiducial_vlam_msgs:${AMENT_PREFIX_PATH} CMAKE_PREFIX_PATH=/home/tyler/ros2_ws/106a_final_project/drone_simulation/install/ros2_shared:/home/tyler/ros2_ws/106a_final_project/drone_simulation/install/fiducial_vlam_msgs:/home/tyler/ros2_ws/106a_final_project/drone_simulation/install/tello_gazebo:/home/tyler/ros2_ws/106a_final_project/drone_simulation/install/tello_driver:/home/tyler/ros2_ws/106a_final_project/drone_simulation/install/tello_msgs:/home/tyler/ros2_ws/106a_final_project/drone_simulation/install/tello_description:/home/tyler/ros2_ws/106a_final_project/drone_simulation/install/my_drone_vision:/opt/ros/humble LD_LIBRARY_PATH=/home/tyler/ros2_ws/106a_final_project/drone_simulation/install/fiducial_vlam_msgs/lib:${LD_LIBRARY_PATH} PYTHONPATH=/home/tyler/ros2_ws/106a_final_project/drone_simulation/install/fiducial_vlam_msgs/local/lib/python3.10/dist-packages:${PYTHONPATH} /usr/bin/cmake /home/tyler/ros2_ws/106a_final_project/drone_simulation/src/fiducial_vlam/fiducial_vlam -DAMENT_CMAKE_SYMLINK_INSTALL=1 -DCMAKE_INSTALL_PREFIX=/home/tyler/ros2_ws/106a_final_project/drone_simulation/install/fiducial_vlam
[0.042s] -- The C compiler identification is GNU 11.4.0
[0.073s] -- The CXX compiler identification is GNU 11.4.0
[0.076s] -- Detecting C compiler ABI info
[0.119s] -- Detecting C compiler ABI info - done
[0.123s] -- Check for working C compiler: /usr/bin/cc - skipped
[0.123s] -- Detecting C compile features
[0.123s] -- Detecting C compile features - done
[0.125s] -- Detecting CXX compiler ABI info
[0.171s] -- Detecting CXX compiler ABI info - done
[0.176s] -- Check for working CXX compiler: /usr/bin/c++ - skipped
[0.176s] -- Detecting CXX compile features
[0.176s] -- Detecting CXX compile features - done
[0.180s] -- Found OpenCV version 4.5.4
[0.181s] -- Found ament_cmake: 1.3.14 (/opt/ros/humble/share/ament_cmake/cmake)
[0.271s] -- Found Python3: /usr/bin/python3 (found version "3.10.12") found components: Interpreter 
[0.305s] -- Override CMake install command with custom implementation using symlinks instead of copying resources
[0.319s] -- Found class_loader: 2.2.0 (/opt/ros/humble/share/class_loader/cmake)
[0.332s] -- Found cv_bridge: 3.2.1 (/opt/ros/humble/share/cv_bridge/cmake)
[0.345s] -- Found rosidl_generator_c: 3.1.8 (/opt/ros/humble/share/rosidl_generator_c/cmake)
[0.347s] -- Found rosidl_adapter: 3.1.8 (/opt/ros/humble/share/rosidl_adapter/cmake)
[0.352s] -- Found rosidl_generator_cpp: 3.1.8 (/opt/ros/humble/share/rosidl_generator_cpp/cmake)
[0.357s] -- Using all available rosidl_typesupport_c: rosidl_typesupport_fastrtps_c;rosidl_typesupport_introspection_c
[0.364s] -- Using all available rosidl_typesupport_cpp: rosidl_typesupport_fastrtps_cpp;rosidl_typesupport_introspection_cpp
[0.392s] -- Found fiducial_vlam_msgs: 0.1.0 (/home/tyler/ros2_ws/106a_final_project/drone_simulation/install/fiducial_vlam_msgs/share/fiducial_vlam_msgs/cmake)
[0.401s] -- Found nav_msgs: 4.9.1 (/opt/ros/humble/share/nav_msgs/cmake)
[0.410s] -- Found OpenCV: /usr (found version "4.5.4") 
[0.411s] -- Found rclcpp: 16.0.18 (/opt/ros/humble/share/rclcpp/cmake)
[0.429s] -- Found rmw_implementation_cmake: 6.1.2 (/opt/ros/humble/share/rmw_implementation_cmake/cmake)
[0.431s] -- Found rmw_fastrtps_cpp: 6.2.10 (/opt/ros/humble/share/rmw_fastrtps_cpp/cmake)
[0.486s] -- Found OpenSSL: /usr/lib/x86_64-linux-gnu/libcrypto.so (found version "3.0.2")  
[0.505s] -- Found FastRTPS: /opt/ros/humble/include  
[0.530s] -- Using RMW implementation 'rmw_fastrtps_cpp' as default
[0.534s] -- Looking for pthread.h
[0.578s] -- Looking for pthread.h - found
[0.578s] -- Performing Test CMAKE_HAVE_LIBC_PTHREAD
[0.624s] -- Performing Test CMAKE_HAVE_LIBC_PTHREAD - Success
[0.625s] -- Found Threads: TRUE  
[0.644s] -- Found rclcpp_components: 16.0.18 (/opt/ros/humble/share/rclcpp_components/cmake)
[0.652s] -- Found ros2_shared: 0.1.0 (/home/tyler/ros2_ws/106a_final_project/drone_simulation/install/ros2_shared/share/ros2_shared/cmake)
[0.654s] -- Found tf2_msgs: 0.25.19 (/opt/ros/humble/share/tf2_msgs/cmake)
[0.674s] -- Found visualization_msgs: 4.9.1 (/opt/ros/humble/share/visualization_msgs/cmake)
[0.683s] -- Found yaml_cpp_vendor: 8.0.2 (/opt/ros/humble/share/yaml_cpp_vendor/cmake)
[0.727s] -- Configuring done
[0.744s] -- Generating done
[0.749s] -- Build files have been written to: /home/tyler/ros2_ws/106a_final_project/drone_simulation/build/fiducial_vlam
[0.756s] Invoked command in '/home/tyler/ros2_ws/106a_final_project/drone_simulation/build/fiducial_vlam' returned '0': AMENT_PREFIX_PATH=/home/tyler/ros2_ws/106a_final_project/drone_simulation/install/fiducial_vlam_msgs:${AMENT_PREFIX_PATH} CMAKE_PREFIX_PATH=/home/tyler/ros2_ws/106a_final_project/drone_simulation/install/ros2_shared:/home/tyler/ros2_ws/106a_final_project/drone_simulation/install/fiducial_vlam_msgs:/home/tyler/ros2_ws/106a_final_project/drone_simulation/install/tello_gazebo:/home/tyler/ros2_ws/106a_final_project/drone_simulation/install/tello_driver:/home/tyler/ros2_ws/106a_final_project/drone_simulation/install/tello_msgs:/home/tyler/ros2_ws/106a_final_project/drone_simulation/install/tello_description:/home/tyler/ros2_ws/106a_final_project/drone_simulation/install/my_drone_vision:/opt/ros/humble LD_LIBRARY_PATH=/home/tyler/ros2_ws/106a_final_project/drone_simulation/install/fiducial_vlam_msgs/lib:${LD_LIBRARY_PATH} PYTHONPATH=/home/tyler/ros2_ws/106a_final_project/drone_simulation/install/fiducial_vlam_msgs/local/lib/python3.10/dist-packages:${PYTHONPATH} /usr/bin/cmake /home/tyler/ros2_ws/106a_final_project/drone_simulation/src/fiducial_vlam/fiducial_vlam -DAMENT_CMAKE_SYMLINK_INSTALL=1 -DCMAKE_INSTALL_PREFIX=/home/tyler/ros2_ws/106a_final_project/drone_simulation/install/fiducial_vlam
[0.756s] Invoking command in '/home/tyler/ros2_ws/106a_final_project/drone_simulation/build/fiducial_vlam': AMENT_PREFIX_PATH=/home/tyler/ros2_ws/106a_final_project/drone_simulation/install/fiducial_vlam_msgs:${AMENT_PREFIX_PATH} CMAKE_PREFIX_PATH=/home/tyler/ros2_ws/106a_final_project/drone_simulation/install/ros2_shared:/home/tyler/ros2_ws/106a_final_project/drone_simulation/install/fiducial_vlam_msgs:/home/tyler/ros2_ws/106a_final_project/drone_simulation/install/tello_gazebo:/home/tyler/ros2_ws/106a_final_project/drone_simulation/install/tello_driver:/home/tyler/ros2_ws/106a_final_project/drone_simulation/install/tello_msgs:/home/tyler/ros2_ws/106a_final_project/drone_simulation/install/tello_description:/home/tyler/ros2_ws/106a_final_project/drone_simulation/install/my_drone_vision:/opt/ros/humble LD_LIBRARY_PATH=/home/tyler/ros2_ws/106a_final_project/drone_simulation/install/fiducial_vlam_msgs/lib:${LD_LIBRARY_PATH} PYTHONPATH=/home/tyler/ros2_ws/106a_final_project/drone_simulation/install/fiducial_vlam_msgs/local/lib/python3.10/dist-packages:${PYTHONPATH} /usr/bin/cmake --build /home/tyler/ros2_ws/106a_final_project/drone_simulation/build/fiducial_vlam -- -j24 -l24
[0.789s] [  6%] [32mBuilding CXX object CMakeFiles/vmap_node.dir/src/vmap_main.cpp.o[0m
[0.789s] [  6%] [32mBuilding CXX object CMakeFiles/vmap_node.dir/src/convert_util.cpp.o[0m
[0.789s] [  9%] [32mBuilding CXX object CMakeFiles/vmap_node.dir/src/map.cpp.o[0m
[0.790s] [ 12%] [32mBuilding CXX object CMakeFiles/vmap_node.dir/src/vmap_context.cpp.o[0m
[0.790s] [ 16%] [32mBuilding CXX object CMakeFiles/vmap_main.dir/src/vmap_main.cpp.o[0m
[0.790s] [ 19%] [32mBuilding CXX object CMakeFiles/vloc_node.dir/src/fiducial_math.cpp.o[0m
[0.790s] [ 25%] [32mBuilding CXX object CMakeFiles/vmap_main.dir/src/convert_util.cpp.o[0m
[0.791s] [ 41%] [32mBuilding CXX object CMakeFiles/vloc_node.dir/src/map.cpp.o[0m
[0.791s] [ 41%] [32mBuilding CXX object CMakeFiles/vmap_node.dir/src/transform_with_covariance.cpp.o[0m
[0.791s] [ 41%] [32mBuilding CXX object CMakeFiles/vloc_main.dir/src/convert_util.cpp.o[0m
[0.791s] [ 41%] [32mBuilding CXX object CMakeFiles/vloc_node.dir/src/transform_with_covariance.cpp.o[0m
[0.791s] [ 41%] [32mBuilding CXX object CMakeFiles/vmap_main.dir/src/map.cpp.o[0m
[0.791s] [ 25%] [32mBuilding CXX object CMakeFiles/vmap_node.dir/src/fiducial_math.cpp.o[0m
[0.791s] [ 45%] [32mBuilding CXX object CMakeFiles/vloc_main.dir/src/fiducial_math.cpp.o[0m
[0.791s] [ 48%] [32mBuilding CXX object CMakeFiles/vloc_node.dir/src/vloc_context.cpp.o[0m
[0.792s] [ 51%] [32mBuilding CXX object CMakeFiles/vloc_main.dir/src/transform_with_covariance.cpp.o[0m
[0.792s] [ 58%] [32mBuilding CXX object CMakeFiles/vloc_node.dir/src/convert_util.cpp.o[0m
[0.792s] [ 58%] [32mBuilding CXX object CMakeFiles/vmap_main.dir/src/fiducial_math.cpp.o[0m
[0.792s] [ 61%] [32mBuilding CXX object CMakeFiles/vloc_main.dir/src/vloc_main.cpp.o[0m
[0.792s] [ 64%] [32mBuilding CXX object CMakeFiles/vmap_main.dir/src/vmap_context.cpp.o[0m
[0.792s] [ 67%] [32mBuilding CXX object CMakeFiles/vloc_main.dir/src/map.cpp.o[0m
[0.792s] [ 70%] [32mBuilding CXX object CMakeFiles/vmap_main.dir/src/transform_with_covariance.cpp.o[0m
[0.792s] [ 74%] [32mBuilding CXX object CMakeFiles/vloc_node.dir/src/vloc_node.cpp.o[0m
[0.794s] [ 77%] [32mBuilding CXX object CMakeFiles/vmap_node.dir/src/vmap_node.cpp.o[0m
[0.809s] In file included from [01m[K/home/tyler/ros2_ws/106a_final_project/drone_simulation/src/fiducial_vlam/fiducial_vlam/src/transform_with_covariance.cpp:2[m[K:
[0.809s] [01m[K/home/tyler/ros2_ws/106a_final_project/drone_simulation/src/fiducial_vlam/fiducial_vlam/include/transform_with_covariance.hpp:6:10:[m[K [01;31m[Kfatal error: [m[Ktf2/LinearMath/Transform.h: 没有那个文件或目录
[0.809s]     6 | #include [01;31m[K"tf2/LinearMath/Transform.h"[m[K
[0.809s]       |          [01;31m[K^~~~~~~~~~~~~~~~~~~~~~~~~~~~[m[K
[0.809s] compilation terminated.
[0.809s] In file included from [01m[K/home/tyler/ros2_ws/106a_final_project/drone_simulation/src/fiducial_vlam/fiducial_vlam/src/transform_with_covariance.cpp:2[m[K:
[0.809s] [01m[K/home/tyler/ros2_ws/106a_final_project/drone_simulation/src/fiducial_vlam/fiducial_vlam/include/transform_with_covariance.hpp:6:10:[m[K [01;31m[Kfatal error: [m[Ktf2/LinearMath/Transform.h: 没有那个文件或目录
[0.809s]     6 | #include [01;31m[K"tf2/LinearMath/Transform.h"[m[K
[0.809s]       |          [01;31m[K^~~~~~~~~~~~~~~~~~~~~~~~~~~~[m[K
[0.809s] compilation terminated.
[0.813s] gmake[2]: *** [CMakeFiles/vmap_node.dir/build.make:118：CMakeFiles/vmap_node.dir/src/transform_with_covariance.cpp.o] 错误 1
[0.813s] gmake[2]: *** 正在等待未完成的任务....
[0.813s] In file included from [01m[K/home/tyler/ros2_ws/106a_final_project/drone_simulation/src/fiducial_vlam/fiducial_vlam/src/transform_with_covariance.cpp:2[m[K:
[0.813s] [01m[K/home/tyler/ros2_ws/106a_final_project/drone_simulation/src/fiducial_vlam/fiducial_vlam/include/transform_with_covariance.hpp:6:10:[m[K [01;31m[Kfatal error: [m[Ktf2/LinearMath/Transform.h: 没有那个文件或目录
[0.813s]     6 | #include [01;31m[K"tf2/LinearMath/Transform.h"[m[K
[0.813s]       |          [01;31m[K^~~~~~~~~~~~~~~~~~~~~~~~~~~~[m[K
[0.813s] compilation terminated.
[0.813s] gmake[2]: *** [CMakeFiles/vloc_main.dir/build.make:132：CMakeFiles/vloc_main.dir/src/transform_with_covariance.cpp.o] 错误 1
[0.813s] gmake[2]: *** 正在等待未完成的任务....
[0.813s] In file included from [01m[K/home/tyler/ros2_ws/106a_final_project/drone_simulation/src/fiducial_vlam/fiducial_vlam/src/transform_with_covariance.cpp:2[m[K:
[0.813s] [01m[K/home/tyler/ros2_ws/106a_final_project/drone_simulation/src/fiducial_vlam/fiducial_vlam/include/transform_with_covariance.hpp:6:10:[m[K [01;31m[Kfatal error: [m[Ktf2/LinearMath/Transform.h: 没有那个文件或目录
[0.813s]     6 | #include [01;31m[K"tf2/LinearMath/Transform.h"[m[K
[0.813s]       |          [01;31m[K^~~~~~~~~~~~~~~~~~~~~~~~~~~~[m[K
[0.813s] compilation terminated.
[0.813s] gmake[2]: *** [CMakeFiles/vloc_node.dir/build.make:118：CMakeFiles/vloc_node.dir/src/transform_with_covariance.cpp.o] 错误 1
[0.814s] gmake[2]: *** 正在等待未完成的任务....
[0.815s] gmake[2]: *** [CMakeFiles/vmap_main.dir/build.make:132：CMakeFiles/vmap_main.dir/src/transform_with_covariance.cpp.o] 错误 1
[0.815s] gmake[2]: *** 正在等待未完成的任务....
[0.815s] [ 80%] [32mBuilding CXX object CMakeFiles/vmap_main.dir/src/vmap_node.cpp.o[0m
[0.851s] In file included from [01m[K/home/tyler/ros2_ws/106a_final_project/drone_simulation/src/fiducial_vlam/fiducial_vlam/src/fiducial_math.cpp:5[m[K:
[0.851s] [01m[K/home/tyler/ros2_ws/106a_final_project/drone_simulation/src/fiducial_vlam/fiducial_vlam/include/transform_with_covariance.hpp:6:10:[m[K [01;31m[Kfatal error: [m[Ktf2/LinearMath/Transform.h: 没有那个文件或目录
[0.851s]     6 | #include [01;31m[K"tf2/LinearMath/Transform.h"[m[K
[0.851s]       |          [01;31m[K^~~~~~~~~~~~~~~~~~~~~~~~~~~~[m[K
[0.851s] compilation terminated.
[0.851s] In file included from [01m[K/home/tyler/ros2_ws/106a_final_project/drone_simulation/src/fiducial_vlam/fiducial_vlam/include/map.hpp:7[m[K,
[0.851s]                  from [01m[K/home/tyler/ros2_ws/106a_final_project/drone_simulation/src/fiducial_vlam/fiducial_vlam/src/map.cpp:2[m[K:
[0.851s] [01m[K/home/tyler/ros2_ws/106a_final_project/drone_simulation/src/fiducial_vlam/fiducial_vlam/include/transform_with_covariance.hpp:6:10:[m[K [01;31m[Kfatal error: [m[Ktf2/LinearMath/Transform.h: 没有那个文件或目录
[0.851s]     6 | #include [01;31m[K"tf2/LinearMath/Transform.h"[m[K
[0.851s]       |          [01;31m[K^~~~~~~~~~~~~~~~~~~~~~~~~~~~[m[K
[0.851s] compilation terminated.
[0.852s] gmake[2]: *** [CMakeFiles/vmap_node.dir/build.make:104：CMakeFiles/vmap_node.dir/src/map.cpp.o] 错误 1
[0.852s] gmake[2]: *** [CMakeFiles/vmap_node.dir/build.make:90：CMakeFiles/vmap_node.dir/src/fiducial_math.cpp.o] 错误 1
[0.867s] In file included from [01m[K/home/tyler/ros2_ws/106a_final_project/drone_simulation/src/fiducial_vlam/fiducial_vlam/src/fiducial_math.cpp:5[m[K:
[0.867s] [01m[K/home/tyler/ros2_ws/106a_final_project/drone_simulation/src/fiducial_vlam/fiducial_vlam/include/transform_with_covariance.hpp:6:10:[m[K [01;31m[Kfatal error: [m[Ktf2/LinearMath/Transform.h: 没有那个文件或目录
[0.867s]     6 | #include [01;31m[K"tf2/LinearMath/Transform.h"[m[K
[0.867s]       |          [01;31m[K^~~~~~~~~~~~~~~~~~~~~~~~~~~~[m[K
[0.867s] compilation terminated.
[0.868s] gmake[2]: *** [CMakeFiles/vloc_main.dir/build.make:104：CMakeFiles/vloc_main.dir/src/fiducial_math.cpp.o] 错误 1
[0.873s] In file included from [01m[K/home/tyler/ros2_ws/106a_final_project/drone_simulation/src/fiducial_vlam/fiducial_vlam/src/convert_util.cpp:5[m[K:
[0.873s] [01m[K/home/tyler/ros2_ws/106a_final_project/drone_simulation/src/fiducial_vlam/fiducial_vlam/include/transform_with_covariance.hpp:6:10:[m[K [01;31m[Kfatal error: [m[Ktf2/LinearMath/Transform.h: 没有那个文件或目录
[0.873s]     6 | #include [01;31m[K"tf2/LinearMath/Transform.h"[m[K
[0.873s]       |          [01;31m[K^~~~~~~~~~~~~~~~~~~~~~~~~~~~[m[K
[0.873s] compilation terminated.
[0.874s] In file included from [01m[K/home/tyler/ros2_ws/106a_final_project/drone_simulation/src/fiducial_vlam/fiducial_vlam/src/convert_util.cpp:5[m[K:
[0.874s] [01m[K/home/tyler/ros2_ws/106a_final_project/drone_simulation/src/fiducial_vlam/fiducial_vlam/include/transform_with_covariance.hpp:6:10:[m[K [01;31m[Kfatal error: [m[Ktf2/LinearMath/Transform.h: 没有那个文件或目录
[0.874s]     6 | #include [01;31m[K"tf2/LinearMath/Transform.h"[m[K
[0.874s]       |          [01;31m[K^~~~~~~~~~~~~~~~~~~~~~~~~~~~[m[K
[0.874s] compilation terminated.
[0.874s] gmake[2]: *** [CMakeFiles/vmap_node.dir/build.make:76：CMakeFiles/vmap_node.dir/src/convert_util.cpp.o] 错误 1
[0.874s] In file included from [01m[K/home/tyler/ros2_ws/106a_final_project/drone_simulation/src/fiducial_vlam/fiducial_vlam/src/fiducial_math.cpp:5[m[K:
[0.874s] [01m[K/home/tyler/ros2_ws/106a_final_project/drone_simulation/src/fiducial_vlam/fiducial_vlam/include/transform_with_covariance.hpp:6:10:[m[K [01;31m[Kfatal error: [m[Ktf2/LinearMath/Transform.h: 没有那个文件或目录
[0.874s]     6 | #include [01;31m[K"tf2/LinearMath/Transform.h"[m[K
[0.874s]       |          [01;31m[K^~~~~~~~~~~~~~~~~~~~~~~~~~~~[m[K
[0.874s] compilation terminated.
[0.875s] gmake[2]: *** [CMakeFiles/vmap_main.dir/build.make:90：CMakeFiles/vmap_main.dir/src/convert_util.cpp.o] 错误 1
[0.875s] gmake[2]: *** [CMakeFiles/vmap_main.dir/build.make:104：CMakeFiles/vmap_main.dir/src/fiducial_math.cpp.o] 错误 1
[0.876s] In file included from [01m[K/home/tyler/ros2_ws/106a_final_project/drone_simulation/src/fiducial_vlam/fiducial_vlam/src/fiducial_math.cpp:5[m[K:
[0.876s] [01m[K/home/tyler/ros2_ws/106a_final_project/drone_simulation/src/fiducial_vlam/fiducial_vlam/include/transform_with_covariance.hpp:6:10:[m[K [01;31m[Kfatal error: [m[Ktf2/LinearMath/Transform.h: 没有那个文件或目录
[0.876s]     6 | #include [01;31m[K"tf2/LinearMath/Transform.h"[m[K
[0.876s]       |          [01;31m[K^~~~~~~~~~~~~~~~~~~~~~~~~~~~[m[K
[0.876s] compilation terminated.
[0.876s] gmake[2]: *** [CMakeFiles/vloc_node.dir/build.make:90：CMakeFiles/vloc_node.dir/src/fiducial_math.cpp.o] 错误 1
[0.877s] In file included from [01m[K/home/tyler/ros2_ws/106a_final_project/drone_simulation/src/fiducial_vlam/fiducial_vlam/include/map.hpp:7[m[K,
[0.877s]                  from [01m[K/home/tyler/ros2_ws/106a_final_project/drone_simulation/src/fiducial_vlam/fiducial_vlam/src/map.cpp:2[m[K:
[0.877s] [01m[K/home/tyler/ros2_ws/106a_final_project/drone_simulation/src/fiducial_vlam/fiducial_vlam/include/transform_with_covariance.hpp:6:10:[m[K [01;31m[Kfatal error: [m[Ktf2/LinearMath/Transform.h: 没有那个文件或目录
[0.877s]     6 | #include [01;31m[K"tf2/LinearMath/Transform.h"[m[K
[0.877s]       |          [01;31m[K^~~~~~~~~~~~~~~~~~~~~~~~~~~~[m[K
[0.877s] compilation terminated.
[0.878s] gmake[2]: *** [CMakeFiles/vloc_node.dir/build.make:104：CMakeFiles/vloc_node.dir/src/map.cpp.o] 错误 1
[0.884s] In file included from [01m[K/home/tyler/ros2_ws/106a_final_project/drone_simulation/src/fiducial_vlam/fiducial_vlam/include/map.hpp:7[m[K,
[0.884s]                  from [01m[K/home/tyler/ros2_ws/106a_final_project/drone_simulation/src/fiducial_vlam/fiducial_vlam/src/map.cpp:2[m[K:
[0.884s] [01m[K/home/tyler/ros2_ws/106a_final_project/drone_simulation/src/fiducial_vlam/fiducial_vlam/include/transform_with_covariance.hpp:6:10:[m[K [01;31m[Kfatal error: [m[Ktf2/LinearMath/Transform.h: 没有那个文件或目录
[0.884s]     6 | #include [01;31m[K"tf2/LinearMath/Transform.h"[m[K
[0.884s]       |          [01;31m[K^~~~~~~~~~~~~~~~~~~~~~~~~~~~[m[K
[0.884s] compilation terminated.
[0.885s] gmake[2]: *** [CMakeFiles/vmap_main.dir/build.make:118：CMakeFiles/vmap_main.dir/src/map.cpp.o] 错误 1
[0.889s] In file included from [01m[K/home/tyler/ros2_ws/106a_final_project/drone_simulation/src/fiducial_vlam/fiducial_vlam/src/convert_util.cpp:5[m[K:
[0.889s] [01m[K/home/tyler/ros2_ws/106a_final_project/drone_simulation/src/fiducial_vlam/fiducial_vlam/include/transform_with_covariance.hpp:6:10:[m[K [01;31m[Kfatal error: [m[Ktf2/LinearMath/Transform.h: 没有那个文件或目录
[0.889s]     6 | #include [01;31m[K"tf2/LinearMath/Transform.h"[m[K
[0.889s]       |          [01;31m[K^~~~~~~~~~~~~~~~~~~~~~~~~~~~[m[K
[0.889s] compilation terminated.
[0.890s] gmake[2]: *** [CMakeFiles/vloc_main.dir/build.make:90：CMakeFiles/vloc_main.dir/src/convert_util.cpp.o] 错误 1
[0.890s] In file included from [01m[K/home/tyler/ros2_ws/106a_final_project/drone_simulation/src/fiducial_vlam/fiducial_vlam/src/convert_util.cpp:5[m[K:
[0.890s] [01m[K/home/tyler/ros2_ws/106a_final_project/drone_simulation/src/fiducial_vlam/fiducial_vlam/include/transform_with_covariance.hpp:6:10:[m[K [01;31m[Kfatal error: [m[Ktf2/LinearMath/Transform.h: 没有那个文件或目录
[0.890s]     6 | #include [01;31m[K"tf2/LinearMath/Transform.h"[m[K
[0.890s]       |          [01;31m[K^~~~~~~~~~~~~~~~~~~~~~~~~~~~[m[K
[0.890s] compilation terminated.
[0.891s] gmake[2]: *** [CMakeFiles/vloc_node.dir/build.make:76：CMakeFiles/vloc_node.dir/src/convert_util.cpp.o] 错误 1
[0.892s] In file included from [01m[K/home/tyler/ros2_ws/106a_final_project/drone_simulation/src/fiducial_vlam/fiducial_vlam/include/map.hpp:7[m[K,
[0.892s]                  from [01m[K/home/tyler/ros2_ws/106a_final_project/drone_simulation/src/fiducial_vlam/fiducial_vlam/src/map.cpp:2[m[K:
[0.892s] [01m[K/home/tyler/ros2_ws/106a_final_project/drone_simulation/src/fiducial_vlam/fiducial_vlam/include/transform_with_covariance.hpp:6:10:[m[K [01;31m[Kfatal error: [m[Ktf2/LinearMath/Transform.h: 没有那个文件或目录
[0.893s]     6 | #include [01;31m[K"tf2/LinearMath/Transform.h"[m[K
[0.893s]       |          [01;31m[K^~~~~~~~~~~~~~~~~~~~~~~~~~~~[m[K
[0.893s] compilation terminated.
[0.894s] gmake[2]: *** [CMakeFiles/vloc_main.dir/build.make:118：CMakeFiles/vloc_main.dir/src/map.cpp.o] 错误 1
[0.900s] In file included from [01m[K/home/tyler/ros2_ws/106a_final_project/drone_simulation/src/fiducial_vlam/fiducial_vlam/include/vmap_context.hpp:5[m[K,
[0.900s]                  from [01m[K/home/tyler/ros2_ws/106a_final_project/drone_simulation/src/fiducial_vlam/fiducial_vlam/src/vmap_context.cpp:2[m[K:
[0.900s] [01m[K/home/tyler/ros2_ws/106a_final_project/drone_simulation/src/fiducial_vlam/fiducial_vlam/include/transform_with_covariance.hpp:6:10:[m[K [01;31m[Kfatal error: [m[Ktf2/LinearMath/Transform.h: 没有那个文件或目录
[0.900s]     6 | #include [01;31m[K"tf2/LinearMath/Transform.h"[m[K
[0.900s]       |          [01;31m[K^~~~~~~~~~~~~~~~~~~~~~~~~~~~[m[K
[0.900s] compilation terminated.
[0.901s] gmake[2]: *** [CMakeFiles/vmap_main.dir/build.make:146：CMakeFiles/vmap_main.dir/src/vmap_context.cpp.o] 错误 1
[0.931s] In file included from [01m[K/home/tyler/ros2_ws/106a_final_project/drone_simulation/src/fiducial_vlam/fiducial_vlam/include/map.hpp:7[m[K,
[0.931s]                  from [01m[K/home/tyler/ros2_ws/106a_final_project/drone_simulation/src/fiducial_vlam/fiducial_vlam/src/vmap_node.cpp:11[m[K:
[0.931s] [01m[K/home/tyler/ros2_ws/106a_final_project/drone_simulation/src/fiducial_vlam/fiducial_vlam/include/transform_with_covariance.hpp:6:10:[m[K [01;31m[Kfatal error: [m[Ktf2/LinearMath/Transform.h: 没有那个文件或目录
[0.931s]     6 | #include [01;31m[K"tf2/LinearMath/Transform.h"[m[K
[0.931s]       |          [01;31m[K^~~~~~~~~~~~~~~~~~~~~~~~~~~~[m[K
[0.931s] compilation terminated.
[0.932s] gmake[2]: *** [CMakeFiles/vmap_node.dir/build.make:160：CMakeFiles/vmap_node.dir/src/vmap_node.cpp.o] 错误 1
[0.939s] In file included from [01m[K/home/tyler/ros2_ws/106a_final_project/drone_simulation/src/fiducial_vlam/fiducial_vlam/include/map.hpp:7[m[K,
[0.939s]                  from [01m[K/home/tyler/ros2_ws/106a_final_project/drone_simulation/src/fiducial_vlam/fiducial_vlam/src/vloc_node.cpp:7[m[K:
[0.939s] [01m[K/home/tyler/ros2_ws/106a_final_project/drone_simulation/src/fiducial_vlam/fiducial_vlam/include/transform_with_covariance.hpp:6:10:[m[K [01;31m[Kfatal error: [m[Ktf2/LinearMath/Transform.h: 没有那个文件或目录
[0.939s]     6 | #include [01;31m[K"tf2/LinearMath/Transform.h"[m[K
[0.939s]       |          [01;31m[K^~~~~~~~~~~~~~~~~~~~~~~~~~~~[m[K
[0.939s] compilation terminated.
[0.940s] gmake[2]: *** [CMakeFiles/vloc_node.dir/build.make:146：CMakeFiles/vloc_node.dir/src/vloc_node.cpp.o] 错误 1
[0.941s] In file included from [01m[K/home/tyler/ros2_ws/106a_final_project/drone_simulation/src/fiducial_vlam/fiducial_vlam/include/vmap_context.hpp:5[m[K,
[0.941s]                  from [01m[K/home/tyler/ros2_ws/106a_final_project/drone_simulation/src/fiducial_vlam/fiducial_vlam/src/vmap_context.cpp:2[m[K:
[0.942s] [01m[K/home/tyler/ros2_ws/106a_final_project/drone_simulation/src/fiducial_vlam/fiducial_vlam/include/transform_with_covariance.hpp:6:10:[m[K [01;31m[Kfatal error: [m[Ktf2/LinearMath/Transform.h: 没有那个文件或目录
[0.942s]     6 | #include [01;31m[K"tf2/LinearMath/Transform.h"[m[K
[0.942s]       |          [01;31m[K^~~~~~~~~~~~~~~~~~~~~~~~~~~~[m[K
[0.942s] compilation terminated.
[0.943s] gmake[2]: *** [CMakeFiles/vmap_node.dir/build.make:132：CMakeFiles/vmap_node.dir/src/vmap_context.cpp.o] 错误 1
[0.946s] In file included from [01m[K/home/tyler/ros2_ws/106a_final_project/drone_simulation/src/fiducial_vlam/fiducial_vlam/include/map.hpp:7[m[K,
[0.946s]                  from [01m[K/home/tyler/ros2_ws/106a_final_project/drone_simulation/src/fiducial_vlam/fiducial_vlam/src/vmap_node.cpp:11[m[K:
[0.946s] [01m[K/home/tyler/ros2_ws/106a_final_project/drone_simulation/src/fiducial_vlam/fiducial_vlam/include/transform_with_covariance.hpp:6:10:[m[K [01;31m[Kfatal error: [m[Ktf2/LinearMath/Transform.h: 没有那个文件或目录
[0.946s]     6 | #include [01;31m[K"tf2/LinearMath/Transform.h"[m[K
[0.946s]       |          [01;31m[K^~~~~~~~~~~~~~~~~~~~~~~~~~~~[m[K
[0.946s] compilation terminated.
[0.947s] gmake[2]: *** [CMakeFiles/vmap_main.dir/build.make:160：CMakeFiles/vmap_main.dir/src/vmap_node.cpp.o] 错误 1
[0.951s] In file included from [01m[K/home/tyler/ros2_ws/106a_final_project/drone_simulation/src/fiducial_vlam/fiducial_vlam/include/vloc_context.hpp:7[m[K,
[0.951s]                  from [01m[K/home/tyler/ros2_ws/106a_final_project/drone_simulation/src/fiducial_vlam/fiducial_vlam/src/vloc_context.cpp:2[m[K:
[0.951s] [01m[K/home/tyler/ros2_ws/106a_final_project/drone_simulation/src/fiducial_vlam/fiducial_vlam/include/transform_with_covariance.hpp:6:10:[m[K [01;31m[Kfatal error: [m[Ktf2/LinearMath/Transform.h: 没有那个文件或目录
[0.951s]     6 | #include [01;31m[K"tf2/LinearMath/Transform.h"[m[K
[0.951s]       |          [01;31m[K^~~~~~~~~~~~~~~~~~~~~~~~~~~~[m[K
[0.951s] compilation terminated.
[0.952s] gmake[2]: *** [CMakeFiles/vloc_node.dir/build.make:132：CMakeFiles/vloc_node.dir/src/vloc_context.cpp.o] 错误 1
[0.952s] gmake[1]: *** [CMakeFiles/Makefile2:143：CMakeFiles/vloc_node.dir/all] 错误 2
[0.953s] gmake[1]: *** 正在等待未完成的任务....
[2.128s] gmake[1]: *** [CMakeFiles/Makefile2:195：CMakeFiles/vmap_node.dir/all] 错误 2
[2.128s] gmake[1]: *** [CMakeFiles/Makefile2:221：CMakeFiles/vmap_main.dir/all] 错误 2
[2.145s] gmake[1]: *** [CMakeFiles/Makefile2:169：CMakeFiles/vloc_main.dir/all] 错误 2
[2.145s] gmake: *** [Makefile:146：all] 错误 2
[2.147s] Invoked command in '/home/tyler/ros2_ws/106a_final_project/drone_simulation/build/fiducial_vlam' returned '2': AMENT_PREFIX_PATH=/home/tyler/ros2_ws/106a_final_project/drone_simulation/install/fiducial_vlam_msgs:${AMENT_PREFIX_PATH} CMAKE_PREFIX_PATH=/home/tyler/ros2_ws/106a_final_project/drone_simulation/install/ros2_shared:/home/tyler/ros2_ws/106a_final_project/drone_simulation/install/fiducial_vlam_msgs:/home/tyler/ros2_ws/106a_final_project/drone_simulation/install/tello_gazebo:/home/tyler/ros2_ws/106a_final_project/drone_simulation/install/tello_driver:/home/tyler/ros2_ws/106a_final_project/drone_simulation/install/tello_msgs:/home/tyler/ros2_ws/106a_final_project/drone_simulation/install/tello_description:/home/tyler/ros2_ws/106a_final_project/drone_simulation/install/my_drone_vision:/opt/ros/humble LD_LIBRARY_PATH=/home/tyler/ros2_ws/106a_final_project/drone_simulation/install/fiducial_vlam_msgs/lib:${LD_LIBRARY_PATH} PYTHONPATH=/home/tyler/ros2_ws/106a_final_project/drone_simulation/install/fiducial_vlam_msgs/local/lib/python3.10/dist-packages:${PYTHONPATH} /usr/bin/cmake --build /home/tyler/ros2_ws/106a_final_project/drone_simulation/build/fiducial_vlam -- -j24 -l24
