[0.452s] Invoking command in '/home/tyler/ros_workspaces/drone_simulation/src/my_drone_vision': PYTHONPATH=/home/tyler/ros_workspaces/drone_simulation/build/my_drone_vision/prefix_override:/usr/lib/python3/dist-packages/colcon_core/task/python/colcon_distutils_commands:/home/tyler/ros_workspaces/drone_simulation/install/my_drone_vision/lib/python3.10/site-packages:${PYTHONPATH} /usr/bin/python3 -W ignore:setup.py install is deprecated -W ignore:easy_install command is deprecated setup.py egg_info --egg-base ../../build/my_drone_vision build --build-base /home/tyler/ros_workspaces/drone_simulation/build/my_drone_vision/build install --record /home/tyler/ros_workspaces/drone_simulation/build/my_drone_vision/install.log --single-version-externally-managed install_data
[0.563s] running egg_info
[0.563s] creating ../../build/my_drone_vision/my_drone_vision.egg-info
[0.564s] writing ../../build/my_drone_vision/my_drone_vision.egg-info/PKG-INFO
[0.564s] writing dependency_links to ../../build/my_drone_vision/my_drone_vision.egg-info/dependency_links.txt
[0.564s] writing entry points to ../../build/my_drone_vision/my_drone_vision.egg-info/entry_points.txt
[0.564s] writing requirements to ../../build/my_drone_vision/my_drone_vision.egg-info/requires.txt
[0.564s] writing top-level names to ../../build/my_drone_vision/my_drone_vision.egg-info/top_level.txt
[0.564s] writing manifest file '../../build/my_drone_vision/my_drone_vision.egg-info/SOURCES.txt'
[0.565s] reading manifest file '../../build/my_drone_vision/my_drone_vision.egg-info/SOURCES.txt'
[0.565s] writing manifest file '../../build/my_drone_vision/my_drone_vision.egg-info/SOURCES.txt'
[0.565s] running build
[0.565s] running build_py
[0.565s] creating /home/tyler/ros_workspaces/drone_simulation/build/my_drone_vision/build
[0.566s] creating /home/tyler/ros_workspaces/drone_simulation/build/my_drone_vision/build/lib
[0.566s] creating /home/tyler/ros_workspaces/drone_simulation/build/my_drone_vision/build/lib/my_drone_vision
[0.566s] copying my_drone_vision/aruco_detector.py -> /home/tyler/ros_workspaces/drone_simulation/build/my_drone_vision/build/lib/my_drone_vision
[0.566s] copying my_drone_vision/__init__.py -> /home/tyler/ros_workspaces/drone_simulation/build/my_drone_vision/build/lib/my_drone_vision
[0.566s] running install
[0.566s] running install_lib
[0.566s] creating /home/tyler/ros_workspaces/drone_simulation/install/my_drone_vision/lib/python3.10/site-packages/my_drone_vision
[0.566s] copying /home/tyler/ros_workspaces/drone_simulation/build/my_drone_vision/build/lib/my_drone_vision/aruco_detector.py -> /home/tyler/ros_workspaces/drone_simulation/install/my_drone_vision/lib/python3.10/site-packages/my_drone_vision
[0.566s] copying /home/tyler/ros_workspaces/drone_simulation/build/my_drone_vision/build/lib/my_drone_vision/__init__.py -> /home/tyler/ros_workspaces/drone_simulation/install/my_drone_vision/lib/python3.10/site-packages/my_drone_vision
[0.567s] byte-compiling /home/tyler/ros_workspaces/drone_simulation/install/my_drone_vision/lib/python3.10/site-packages/my_drone_vision/aruco_detector.py to aruco_detector.cpython-310.pyc
[0.567s] byte-compiling /home/tyler/ros_workspaces/drone_simulation/install/my_drone_vision/lib/python3.10/site-packages/my_drone_vision/__init__.py to __init__.cpython-310.pyc
[0.567s] running install_data
[0.567s] creating /home/tyler/ros_workspaces/drone_simulation/install/my_drone_vision/share/ament_index
[0.567s] creating /home/tyler/ros_workspaces/drone_simulation/install/my_drone_vision/share/ament_index/resource_index
[0.567s] creating /home/tyler/ros_workspaces/drone_simulation/install/my_drone_vision/share/ament_index/resource_index/packages
[0.567s] copying resource/my_drone_vision -> /home/tyler/ros_workspaces/drone_simulation/install/my_drone_vision/share/ament_index/resource_index/packages
[0.568s] copying package.xml -> /home/tyler/ros_workspaces/drone_simulation/install/my_drone_vision/share/my_drone_vision
[0.568s] creating /home/tyler/ros_workspaces/drone_simulation/install/my_drone_vision/share/my_drone_vision/models
[0.568s] creating /home/tyler/ros_workspaces/drone_simulation/install/my_drone_vision/share/my_drone_vision/models/aruco_marker
[0.568s] creating /home/tyler/ros_workspaces/drone_simulation/install/my_drone_vision/share/my_drone_vision/models/aruco_marker/materials
[0.568s] creating /home/tyler/ros_workspaces/drone_simulation/install/my_drone_vision/share/my_drone_vision/models/aruco_marker/materials/textures
[0.568s] copying models/aruco_marker/materials/textures/marker0.png -> /home/tyler/ros_workspaces/drone_simulation/install/my_drone_vision/share/my_drone_vision/models/aruco_marker/materials/textures
[0.568s] running install_egg_info
[0.569s] Copying ../../build/my_drone_vision/my_drone_vision.egg-info to /home/tyler/ros_workspaces/drone_simulation/install/my_drone_vision/lib/python3.10/site-packages/my_drone_vision-0.0.0-py3.10.egg-info
[0.569s] running install_scripts
[0.581s] Installing aruco_control script to /home/tyler/ros_workspaces/drone_simulation/install/my_drone_vision/lib/my_drone_vision
[0.581s] writing list of installed files to '/home/tyler/ros_workspaces/drone_simulation/build/my_drone_vision/install.log'
[0.594s] Invoked command in '/home/tyler/ros_workspaces/drone_simulation/src/my_drone_vision' returned '0': PYTHONPATH=/home/tyler/ros_workspaces/drone_simulation/build/my_drone_vision/prefix_override:/usr/lib/python3/dist-packages/colcon_core/task/python/colcon_distutils_commands:/home/tyler/ros_workspaces/drone_simulation/install/my_drone_vision/lib/python3.10/site-packages:${PYTHONPATH} /usr/bin/python3 -W ignore:setup.py install is deprecated -W ignore:easy_install command is deprecated setup.py egg_info --egg-base ../../build/my_drone_vision build --build-base /home/tyler/ros_workspaces/drone_simulation/build/my_drone_vision/build install --record /home/tyler/ros_workspaces/drone_simulation/build/my_drone_vision/install.log --single-version-externally-managed install_data
