[2.947s] Invoking command in '/mnt/g/My Drive/Primary/skl-Course/SP26/EECS 206A - Introduction to Robotics/106a_final_project/drone_simulation/build/tello_gazebo': AMENT_PREFIX_PATH=/mnt/g/My Drive/Primary/skl-Course/SP26/EECS 206A - Introduction to Robotics/106a_final_project/drone_simulation/install/tello_msgs:${AMENT_PREFIX_PATH} CMAKE_PREFIX_PATH=/mnt/g/My Drive/Primary/skl-Course/SP26/EECS 206A - Introduction to Robotics/106a_final_project/drone_simulation/install/tello_msgs:/opt/ros/humble LD_LIBRARY_PATH=/mnt/g/My Drive/Primary/skl-Course/SP26/EECS 206A - Introduction to Robotics/106a_final_project/drone_simulation/install/tello_msgs/lib:${LD_LIBRARY_PATH} PYTHONPATH=/mnt/g/My Drive/Primary/skl-Course/SP26/EECS 206A - Introduction to Robotics/106a_final_project/drone_simulation/install/tello_msgs/local/lib/python3.10/dist-packages:${PYTHONPATH} /usr/bin/cmake /mnt/g/My Drive/Primary/skl-Course/SP26/EECS 206A - Introduction to Robotics/106a_final_project/drone_simulation/src/tello_ros/tello_gazebo -DCMAKE_INSTALL_PREFIX=/mnt/g/My Drive/Primary/skl-Course/SP26/EECS 206A - Introduction to Robotics/106a_final_project/drone_simulation/install/tello_gazebo
[5.403s] -- The C compiler identification is GNU 11.4.0
[7.708s] -- The CXX compiler identification is GNU 11.4.0
[8.462s] -- Detecting C compiler ABI info
[13.808s] -- Detecting C compiler ABI info - done
[14.023s] -- Check for working C compiler: /usr/bin/cc - skipped
[14.027s] -- Detecting C compile features
[14.030s] -- Detecting C compile features - done
[14.457s] -- Detecting CXX compiler ABI info
[19.580s] -- Detecting CXX compiler ABI info - done
[19.787s] -- Check for working CXX compiler: /usr/bin/c++ - skipped
[19.791s] -- Detecting CXX compile features
[19.799s] -- Detecting CXX compile features - done
[20.518s] -- Found ament_cmake: 1.3.14 (/opt/ros/humble/share/ament_cmake/cmake)
[24.352s] -- Found Python3: /usr/bin/python3 (found version "3.10.12") found components: Interpreter 
[29.530s] [31mCMake Error at CMakeLists.txt:27 (find_package):
[29.532s]   By not providing "Findgazebo.cmake" in CMAKE_MODULE_PATH this project has
[29.534s]   asked CMake to find a package configuration file provided by "gazebo", but
[29.536s]   CMake did not find one.
[29.537s] 
[29.548s]   Could not find a package configuration file provided by "gazebo" with any
[29.551s]   of the following names:
[29.553s] 
[29.556s]     gazeboConfig.cmake
[29.560s]     gazebo-config.cmake
[29.563s] 
[29.565s]   Add the installation prefix of "gazebo" to CMAKE_PREFIX_PATH or set
[29.567s]   "gazebo_DIR" to a directory containing one of the above files.  If "gazebo"
[29.574s]   provides a separate development package or SDK, be sure it has been
[29.577s]   installed.
[29.579s] 
[29.581s] [0m
[29.583s] -- Configuring incomplete, errors occurred!
[29.585s] See also "/mnt/g/My Drive/Primary/skl-Course/SP26/EECS 206A - Introduction to Robotics/106a_final_project/drone_simulation/build/tello_gazebo/CMakeFiles/CMakeOutput.log".
[29.617s] Invoked command in '/mnt/g/My Drive/Primary/skl-Course/SP26/EECS 206A - Introduction to Robotics/106a_final_project/drone_simulation/build/tello_gazebo' returned '1': AMENT_PREFIX_PATH=/mnt/g/My Drive/Primary/skl-Course/SP26/EECS 206A - Introduction to Robotics/106a_final_project/drone_simulation/install/tello_msgs:${AMENT_PREFIX_PATH} CMAKE_PREFIX_PATH=/mnt/g/My Drive/Primary/skl-Course/SP26/EECS 206A - Introduction to Robotics/106a_final_project/drone_simulation/install/tello_msgs:/opt/ros/humble LD_LIBRARY_PATH=/mnt/g/My Drive/Primary/skl-Course/SP26/EECS 206A - Introduction to Robotics/106a_final_project/drone_simulation/install/tello_msgs/lib:${LD_LIBRARY_PATH} PYTHONPATH=/mnt/g/My Drive/Primary/skl-Course/SP26/EECS 206A - Introduction to Robotics/106a_final_project/drone_simulation/install/tello_msgs/local/lib/python3.10/dist-packages:${PYTHONPATH} /usr/bin/cmake /mnt/g/My Drive/Primary/skl-Course/SP26/EECS 206A - Introduction to Robotics/106a_final_project/drone_simulation/src/tello_ros/tello_gazebo -DCMAKE_INSTALL_PREFIX=/mnt/g/My Drive/Primary/skl-Course/SP26/EECS 206A - Introduction to Robotics/106a_final_project/drone_simulation/install/tello_gazebo
