[0.318s] DEBUG:colcon:Command line arguments: ['/usr/bin/colcon', 'build']
[0.324s] DEBUG:colcon:Parsed command line arguments: Namespace(log_base=None, log_level=None, verb_name='build', build_base='build', install_base='install', merge_install=False, symlink_install=False, test_result_base=None, continue_on_error=False, executor='parallel', parallel_workers=16, event_handlers=None, ignore_user_meta=False, metas=['./colcon.meta'], base_paths=['.'], packages_ignore=None, packages_ignore_regex=None, paths=None, packages_up_to=None, packages_up_to_regex=None, packages_above=None, packages_above_and_dependencies=None, packages_above_depth=None, packages_select_by_dep=None, packages_skip_by_dep=None, packages_skip_up_to=None, packages_select_build_failed=False, packages_skip_build_finished=False, packages_select_test_failures=False, packages_skip_test_passed=False, packages_select=None, packages_skip=None, packages_select_regex=None, packages_skip_regex=None, packages_start=None, packages_end=None, allow_overriding=[], cmake_args=None, cmake_target=None, cmake_target_skip_unavailable=False, cmake_clean_cache=False, cmake_clean_first=False, cmake_force_configure=False, ament_cmake_args=None, catkin_cmake_args=None, catkin_skip_building_tests=False, verb_parser=<colcon_defaults.argument_parser.defaults.DefaultArgumentsDecorator object at 0x73ea9601f520>, verb_extension=<colcon_core.verb.build.BuildVerb object at 0x73ea9601ef80>, main=<bound method BuildVerb.main of <colcon_core.verb.build.BuildVerb object at 0x73ea9601ef80>>)
[0.486s] Level 1:colcon.colcon_core.package_discovery:discover_packages(colcon_meta) check parameters
[0.488s] Level 1:colcon.colcon_core.package_discovery:discover_packages(recursive) check parameters
[0.488s] Level 1:colcon.colcon_core.package_discovery:discover_packages(ignore) check parameters
[0.489s] Level 1:colcon.colcon_core.package_discovery:discover_packages(path) check parameters
[0.489s] Level 1:colcon.colcon_core.package_discovery:discover_packages(colcon_meta) discover
[0.490s] Level 1:colcon.colcon_core.package_discovery:discover_packages(recursive) discover
[0.490s] INFO:colcon.colcon_core.package_discovery:Crawling recursively for packages in '/mnt/g/My Drive/Primary/skl-Course/SP26/EECS 206A - Introduction to Robotics/106a_final_project/drone_simulation'
[0.496s] Level 1:colcon.colcon_core.package_identification:_identify(.) by extensions ['ignore', 'ignore_ament_install']
[0.497s] Level 1:colcon.colcon_core.package_identification:_identify(.) by extension 'ignore'
[0.498s] Level 1:colcon.colcon_core.package_identification:_identify(.) by extension 'ignore_ament_install'
[0.499s] Level 1:colcon.colcon_core.package_identification:_identify(.) by extensions ['colcon_pkg']
[0.499s] Level 1:colcon.colcon_core.package_identification:_identify(.) by extension 'colcon_pkg'
[0.500s] Level 1:colcon.colcon_core.package_identification:_identify(.) by extensions ['colcon_meta']
[0.501s] Level 1:colcon.colcon_core.package_identification:_identify(.) by extension 'colcon_meta'
[0.501s] Level 1:colcon.colcon_core.package_identification:_identify(.) by extensions ['ros']
[0.502s] Level 1:colcon.colcon_core.package_identification:_identify(.) by extension 'ros'
[0.521s] Level 1:colcon.colcon_core.package_identification:_identify(.) by extensions ['cmake', 'python']
[0.522s] Level 1:colcon.colcon_core.package_identification:_identify(.) by extension 'cmake'
[0.523s] Level 1:colcon.colcon_core.package_identification:_identify(.) by extension 'python'
[0.524s] Level 1:colcon.colcon_core.package_identification:_identify(.) by extensions ['python_setup_py']
[0.524s] Level 1:colcon.colcon_core.package_identification:_identify(.) by extension 'python_setup_py'
[0.533s] Level 1:colcon.colcon_core.package_identification:_identify(build) by extensions ['ignore', 'ignore_ament_install']
[0.533s] Level 1:colcon.colcon_core.package_identification:_identify(build) by extension 'ignore'
[0.538s] Level 1:colcon.colcon_core.package_identification:_identify(build) ignored
[0.546s] Level 1:colcon.colcon_core.package_identification:_identify(install) by extensions ['ignore', 'ignore_ament_install']
[0.547s] Level 1:colcon.colcon_core.package_identification:_identify(install) by extension 'ignore'
[0.551s] Level 1:colcon.colcon_core.package_identification:_identify(install) ignored
[0.556s] Level 1:colcon.colcon_core.package_identification:_identify(log) by extensions ['ignore', 'ignore_ament_install']
[0.557s] Level 1:colcon.colcon_core.package_identification:_identify(log) by extension 'ignore'
[0.560s] Level 1:colcon.colcon_core.package_identification:_identify(log) ignored
[0.567s] Level 1:colcon.colcon_core.package_identification:_identify(src) by extensions ['ignore', 'ignore_ament_install']
[0.567s] Level 1:colcon.colcon_core.package_identification:_identify(src) by extension 'ignore'
[0.571s] Level 1:colcon.colcon_core.package_identification:_identify(src) by extension 'ignore_ament_install'
[0.575s] Level 1:colcon.colcon_core.package_identification:_identify(src) by extensions ['colcon_pkg']
[0.576s] Level 1:colcon.colcon_core.package_identification:_identify(src) by extension 'colcon_pkg'
[0.579s] Level 1:colcon.colcon_core.package_identification:_identify(src) by extensions ['colcon_meta']
[0.579s] Level 1:colcon.colcon_core.package_identification:_identify(src) by extension 'colcon_meta'
[0.581s] Level 1:colcon.colcon_core.package_identification:_identify(src) by extensions ['ros']
[0.582s] Level 1:colcon.colcon_core.package_identification:_identify(src) by extension 'ros'
[0.595s] Level 1:colcon.colcon_core.package_identification:_identify(src) by extensions ['cmake', 'python']
[0.595s] Level 1:colcon.colcon_core.package_identification:_identify(src) by extension 'cmake'
[0.598s] Level 1:colcon.colcon_core.package_identification:_identify(src) by extension 'python'
[0.600s] Level 1:colcon.colcon_core.package_identification:_identify(src) by extensions ['python_setup_py']
[0.600s] Level 1:colcon.colcon_core.package_identification:_identify(src) by extension 'python_setup_py'
[0.616s] Level 1:colcon.colcon_core.package_identification:_identify(src/my_drone_vision) by extensions ['ignore', 'ignore_ament_install']
[0.617s] Level 1:colcon.colcon_core.package_identification:_identify(src/my_drone_vision) by extension 'ignore'
[0.622s] Level 1:colcon.colcon_core.package_identification:_identify(src/my_drone_vision) by extension 'ignore_ament_install'
[0.631s] Level 1:colcon.colcon_core.package_identification:_identify(src/my_drone_vision) by extensions ['colcon_pkg']
[0.631s] Level 1:colcon.colcon_core.package_identification:_identify(src/my_drone_vision) by extension 'colcon_pkg'
[0.636s] Level 1:colcon.colcon_core.package_identification:_identify(src/my_drone_vision) by extensions ['colcon_meta']
[0.637s] Level 1:colcon.colcon_core.package_identification:_identify(src/my_drone_vision) by extension 'colcon_meta'
[0.644s] Level 1:colcon.colcon_core.package_identification:_identify(src/my_drone_vision) by extensions ['ros']
[0.645s] Level 1:colcon.colcon_core.package_identification:_identify(src/my_drone_vision) by extension 'ros'
[0.697s] DEBUG:colcon.colcon_core.package_identification:Package 'src/my_drone_vision' with type 'ros.ament_python' and name 'my_drone_vision'
[0.712s] Level 1:colcon.colcon_core.package_identification:_identify(src/ros2_shared) by extensions ['ignore', 'ignore_ament_install']
[0.712s] Level 1:colcon.colcon_core.package_identification:_identify(src/ros2_shared) by extension 'ignore'
[0.716s] Level 1:colcon.colcon_core.package_identification:_identify(src/ros2_shared) by extension 'ignore_ament_install'
[0.725s] Level 1:colcon.colcon_core.package_identification:_identify(src/ros2_shared) by extensions ['colcon_pkg']
[0.725s] Level 1:colcon.colcon_core.package_identification:_identify(src/ros2_shared) by extension 'colcon_pkg'
[0.729s] Level 1:colcon.colcon_core.package_identification:_identify(src/ros2_shared) by extensions ['colcon_meta']
[0.729s] Level 1:colcon.colcon_core.package_identification:_identify(src/ros2_shared) by extension 'colcon_meta'
[0.736s] Level 1:colcon.colcon_core.package_identification:_identify(src/ros2_shared) by extensions ['ros']
[0.737s] Level 1:colcon.colcon_core.package_identification:_identify(src/ros2_shared) by extension 'ros'
[0.788s] DEBUG:colcon.colcon_core.package_identification:Package 'src/ros2_shared' with type 'ros.ament_cmake' and name 'ros2_shared'
[0.801s] Level 1:colcon.colcon_core.package_identification:_identify(src/tello_ros) by extensions ['ignore', 'ignore_ament_install']
[0.802s] Level 1:colcon.colcon_core.package_identification:_identify(src/tello_ros) by extension 'ignore'
[0.806s] Level 1:colcon.colcon_core.package_identification:_identify(src/tello_ros) by extension 'ignore_ament_install'
[0.814s] Level 1:colcon.colcon_core.package_identification:_identify(src/tello_ros) by extensions ['colcon_pkg']
[0.814s] Level 1:colcon.colcon_core.package_identification:_identify(src/tello_ros) by extension 'colcon_pkg'
[0.819s] Level 1:colcon.colcon_core.package_identification:_identify(src/tello_ros) by extensions ['colcon_meta']
[0.820s] Level 1:colcon.colcon_core.package_identification:_identify(src/tello_ros) by extension 'colcon_meta'
[0.827s] Level 1:colcon.colcon_core.package_identification:_identify(src/tello_ros) by extensions ['ros']
[0.828s] Level 1:colcon.colcon_core.package_identification:_identify(src/tello_ros) by extension 'ros'
[0.849s] Level 1:colcon.colcon_core.package_identification:_identify(src/tello_ros) by extensions ['cmake', 'python']
[0.850s] Level 1:colcon.colcon_core.package_identification:_identify(src/tello_ros) by extension 'cmake'
[0.855s] Level 1:colcon.colcon_core.package_identification:_identify(src/tello_ros) by extension 'python'
[0.859s] Level 1:colcon.colcon_core.package_identification:_identify(src/tello_ros) by extensions ['python_setup_py']
[0.860s] Level 1:colcon.colcon_core.package_identification:_identify(src/tello_ros) by extension 'python_setup_py'
[0.884s] Level 1:colcon.colcon_core.package_identification:_identify(src/tello_ros/tello_description) by extensions ['ignore', 'ignore_ament_install']
[0.885s] Level 1:colcon.colcon_core.package_identification:_identify(src/tello_ros/tello_description) by extension 'ignore'
[0.890s] Level 1:colcon.colcon_core.package_identification:_identify(src/tello_ros/tello_description) by extension 'ignore_ament_install'
[0.901s] Level 1:colcon.colcon_core.package_identification:_identify(src/tello_ros/tello_description) by extensions ['colcon_pkg']
[0.902s] Level 1:colcon.colcon_core.package_identification:_identify(src/tello_ros/tello_description) by extension 'colcon_pkg'
[0.908s] Level 1:colcon.colcon_core.package_identification:_identify(src/tello_ros/tello_description) by extensions ['colcon_meta']
[0.909s] Level 1:colcon.colcon_core.package_identification:_identify(src/tello_ros/tello_description) by extension 'colcon_meta'
[0.921s] Level 1:colcon.colcon_core.package_identification:_identify(src/tello_ros/tello_description) by extensions ['ros']
[0.922s] Level 1:colcon.colcon_core.package_identification:_identify(src/tello_ros/tello_description) by extension 'ros'
[0.995s] DEBUG:colcon.colcon_core.package_identification:Package 'src/tello_ros/tello_description' with type 'ros.ament_cmake' and name 'tello_description'
[1.021s] Level 1:colcon.colcon_core.package_identification:_identify(src/tello_ros/tello_driver) by extensions ['ignore', 'ignore_ament_install']
[1.022s] Level 1:colcon.colcon_core.package_identification:_identify(src/tello_ros/tello_driver) by extension 'ignore'
[1.028s] Level 1:colcon.colcon_core.package_identification:_identify(src/tello_ros/tello_driver) by extension 'ignore_ament_install'
[1.041s] Level 1:colcon.colcon_core.package_identification:_identify(src/tello_ros/tello_driver) by extensions ['colcon_pkg']
[1.042s] Level 1:colcon.colcon_core.package_identification:_identify(src/tello_ros/tello_driver) by extension 'colcon_pkg'
[1.047s] Level 1:colcon.colcon_core.package_identification:_identify(src/tello_ros/tello_driver) by extensions ['colcon_meta']
[1.048s] Level 1:colcon.colcon_core.package_identification:_identify(src/tello_ros/tello_driver) by extension 'colcon_meta'
[1.061s] Level 1:colcon.colcon_core.package_identification:_identify(src/tello_ros/tello_driver) by extensions ['ros']
[1.061s] Level 1:colcon.colcon_core.package_identification:_identify(src/tello_ros/tello_driver) by extension 'ros'
[1.135s] DEBUG:colcon.colcon_core.package_identification:Package 'src/tello_ros/tello_driver' with type 'ros.ament_cmake' and name 'tello_driver'
[1.158s] Level 1:colcon.colcon_core.package_identification:_identify(src/tello_ros/tello_gazebo) by extensions ['ignore', 'ignore_ament_install']
[1.158s] Level 1:colcon.colcon_core.package_identification:_identify(src/tello_ros/tello_gazebo) by extension 'ignore'
[1.164s] Level 1:colcon.colcon_core.package_identification:_identify(src/tello_ros/tello_gazebo) by extension 'ignore_ament_install'
[1.176s] Level 1:colcon.colcon_core.package_identification:_identify(src/tello_ros/tello_gazebo) by extensions ['colcon_pkg']
[1.177s] Level 1:colcon.colcon_core.package_identification:_identify(src/tello_ros/tello_gazebo) by extension 'colcon_pkg'
[1.183s] Level 1:colcon.colcon_core.package_identification:_identify(src/tello_ros/tello_gazebo) by extensions ['colcon_meta']
[1.184s] Level 1:colcon.colcon_core.package_identification:_identify(src/tello_ros/tello_gazebo) by extension 'colcon_meta'
[1.197s] Level 1:colcon.colcon_core.package_identification:_identify(src/tello_ros/tello_gazebo) by extensions ['ros']
[1.198s] Level 1:colcon.colcon_core.package_identification:_identify(src/tello_ros/tello_gazebo) by extension 'ros'
[1.270s] DEBUG:colcon.colcon_core.package_identification:Package 'src/tello_ros/tello_gazebo' with type 'ros.ament_cmake' and name 'tello_gazebo'
[1.292s] Level 1:colcon.colcon_core.package_identification:_identify(src/tello_ros/tello_msgs) by extensions ['ignore', 'ignore_ament_install']
[1.293s] Level 1:colcon.colcon_core.package_identification:_identify(src/tello_ros/tello_msgs) by extension 'ignore'
[1.299s] Level 1:colcon.colcon_core.package_identification:_identify(src/tello_ros/tello_msgs) by extension 'ignore_ament_install'
[1.310s] Level 1:colcon.colcon_core.package_identification:_identify(src/tello_ros/tello_msgs) by extensions ['colcon_pkg']
[1.311s] Level 1:colcon.colcon_core.package_identification:_identify(src/tello_ros/tello_msgs) by extension 'colcon_pkg'
[1.318s] Level 1:colcon.colcon_core.package_identification:_identify(src/tello_ros/tello_msgs) by extensions ['colcon_meta']
[1.319s] Level 1:colcon.colcon_core.package_identification:_identify(src/tello_ros/tello_msgs) by extension 'colcon_meta'
[1.332s] Level 1:colcon.colcon_core.package_identification:_identify(src/tello_ros/tello_msgs) by extensions ['ros']
[1.333s] Level 1:colcon.colcon_core.package_identification:_identify(src/tello_ros/tello_msgs) by extension 'ros'
[1.400s] DEBUG:colcon.colcon_core.package_identification:Package 'src/tello_ros/tello_msgs' with type 'ros.ament_cmake' and name 'tello_msgs'
[1.400s] Level 1:colcon.colcon_core.package_discovery:discover_packages(recursive) using defaults
[1.401s] Level 1:colcon.colcon_core.package_discovery:discover_packages(ignore) discover
[1.401s] Level 1:colcon.colcon_core.package_discovery:discover_packages(ignore) using defaults
[1.402s] Level 1:colcon.colcon_core.package_discovery:discover_packages(path) discover
[1.402s] Level 1:colcon.colcon_core.package_discovery:discover_packages(path) using defaults
[1.537s] Level 1:colcon.colcon_core.package_discovery:discover_packages(prefix_path) check parameters
[1.538s] Level 1:colcon.colcon_core.package_discovery:discover_packages(prefix_path) discover
[1.540s] DEBUG:colcon.colcon_installed_package_information.package_discovery:Found 280 installed packages in /opt/ros/humble
[1.559s] Level 1:colcon.colcon_core.package_discovery:discover_packages(prefix_path) using defaults
[1.612s] Level 5:colcon.colcon_core.verb:set package 'ros2_shared' build argument 'cmake_args' from command line to 'None'
[1.613s] Level 5:colcon.colcon_core.verb:set package 'ros2_shared' build argument 'cmake_target' from command line to 'None'
[1.613s] Level 5:colcon.colcon_core.verb:set package 'ros2_shared' build argument 'cmake_target_skip_unavailable' from command line to 'False'
[1.614s] Level 5:colcon.colcon_core.verb:set package 'ros2_shared' build argument 'cmake_clean_cache' from command line to 'False'
[1.614s] Level 5:colcon.colcon_core.verb:set package 'ros2_shared' build argument 'cmake_clean_first' from command line to 'False'
[1.615s] Level 5:colcon.colcon_core.verb:set package 'ros2_shared' build argument 'cmake_force_configure' from command line to 'False'
[1.615s] Level 5:colcon.colcon_core.verb:set package 'ros2_shared' build argument 'ament_cmake_args' from command line to 'None'
[1.615s] Level 5:colcon.colcon_core.verb:set package 'ros2_shared' build argument 'catkin_cmake_args' from command line to 'None'
[1.616s] Level 5:colcon.colcon_core.verb:set package 'ros2_shared' build argument 'catkin_skip_building_tests' from command line to 'False'
[1.616s] DEBUG:colcon.colcon_core.verb:Building package 'ros2_shared' with the following arguments: {'ament_cmake_args': None, 'build_base': '/mnt/g/My Drive/Primary/skl-Course/SP26/EECS 206A - Introduction to Robotics/106a_final_project/drone_simulation/build/ros2_shared', 'catkin_cmake_args': None, 'catkin_skip_building_tests': False, 'cmake_args': None, 'cmake_clean_cache': False, 'cmake_clean_first': False, 'cmake_force_configure': False, 'cmake_target': None, 'cmake_target_skip_unavailable': False, 'install_base': '/mnt/g/My Drive/Primary/skl-Course/SP26/EECS 206A - Introduction to Robotics/106a_final_project/drone_simulation/install/ros2_shared', 'merge_install': False, 'path': '/mnt/g/My Drive/Primary/skl-Course/SP26/EECS 206A - Introduction to Robotics/106a_final_project/drone_simulation/src/ros2_shared', 'symlink_install': False, 'test_result_base': None}
[1.618s] Level 5:colcon.colcon_core.verb:set package 'tello_description' build argument 'cmake_args' from command line to 'None'
[1.618s] Level 5:colcon.colcon_core.verb:set package 'tello_description' build argument 'cmake_target' from command line to 'None'
[1.618s] Level 5:colcon.colcon_core.verb:set package 'tello_description' build argument 'cmake_target_skip_unavailable' from command line to 'False'
[1.619s] Level 5:colcon.colcon_core.verb:set package 'tello_description' build argument 'cmake_clean_cache' from command line to 'False'
[1.619s] Level 5:colcon.colcon_core.verb:set package 'tello_description' build argument 'cmake_clean_first' from command line to 'False'
[1.619s] Level 5:colcon.colcon_core.verb:set package 'tello_description' build argument 'cmake_force_configure' from command line to 'False'
[1.620s] Level 5:colcon.colcon_core.verb:set package 'tello_description' build argument 'ament_cmake_args' from command line to 'None'
[1.620s] Level 5:colcon.colcon_core.verb:set package 'tello_description' build argument 'catkin_cmake_args' from command line to 'None'
[1.621s] Level 5:colcon.colcon_core.verb:set package 'tello_description' build argument 'catkin_skip_building_tests' from command line to 'False'
[1.621s] DEBUG:colcon.colcon_core.verb:Building package 'tello_description' with the following arguments: {'ament_cmake_args': None, 'build_base': '/mnt/g/My Drive/Primary/skl-Course/SP26/EECS 206A - Introduction to Robotics/106a_final_project/drone_simulation/build/tello_description', 'catkin_cmake_args': None, 'catkin_skip_building_tests': False, 'cmake_args': None, 'cmake_clean_cache': False, 'cmake_clean_first': False, 'cmake_force_configure': False, 'cmake_target': None, 'cmake_target_skip_unavailable': False, 'install_base': '/mnt/g/My Drive/Primary/skl-Course/SP26/EECS 206A - Introduction to Robotics/106a_final_project/drone_simulation/install/tello_description', 'merge_install': False, 'path': '/mnt/g/My Drive/Primary/skl-Course/SP26/EECS 206A - Introduction to Robotics/106a_final_project/drone_simulation/src/tello_ros/tello_description', 'symlink_install': False, 'test_result_base': None}
[1.622s] Level 5:colcon.colcon_core.verb:set package 'tello_msgs' build argument 'cmake_args' from command line to 'None'
[1.622s] Level 5:colcon.colcon_core.verb:set package 'tello_msgs' build argument 'cmake_target' from command line to 'None'
[1.623s] Level 5:colcon.colcon_core.verb:set package 'tello_msgs' build argument 'cmake_target_skip_unavailable' from command line to 'False'
[1.623s] Level 5:colcon.colcon_core.verb:set package 'tello_msgs' build argument 'cmake_clean_cache' from command line to 'False'
[1.623s] Level 5:colcon.colcon_core.verb:set package 'tello_msgs' build argument 'cmake_clean_first' from command line to 'False'
[1.624s] Level 5:colcon.colcon_core.verb:set package 'tello_msgs' build argument 'cmake_force_configure' from command line to 'False'
[1.624s] Level 5:colcon.colcon_core.verb:set package 'tello_msgs' build argument 'ament_cmake_args' from command line to 'None'
[1.625s] Level 5:colcon.colcon_core.verb:set package 'tello_msgs' build argument 'catkin_cmake_args' from command line to 'None'
[1.625s] Level 5:colcon.colcon_core.verb:set package 'tello_msgs' build argument 'catkin_skip_building_tests' from command line to 'False'
[1.625s] DEBUG:colcon.colcon_core.verb:Building package 'tello_msgs' with the following arguments: {'ament_cmake_args': None, 'build_base': '/mnt/g/My Drive/Primary/skl-Course/SP26/EECS 206A - Introduction to Robotics/106a_final_project/drone_simulation/build/tello_msgs', 'catkin_cmake_args': None, 'catkin_skip_building_tests': False, 'cmake_args': None, 'cmake_clean_cache': False, 'cmake_clean_first': False, 'cmake_force_configure': False, 'cmake_target': None, 'cmake_target_skip_unavailable': False, 'install_base': '/mnt/g/My Drive/Primary/skl-Course/SP26/EECS 206A - Introduction to Robotics/106a_final_project/drone_simulation/install/tello_msgs', 'merge_install': False, 'path': '/mnt/g/My Drive/Primary/skl-Course/SP26/EECS 206A - Introduction to Robotics/106a_final_project/drone_simulation/src/tello_ros/tello_msgs', 'symlink_install': False, 'test_result_base': None}
[1.626s] Level 5:colcon.colcon_core.verb:set package 'my_drone_vision' build argument 'cmake_args' from command line to 'None'
[1.626s] Level 5:colcon.colcon_core.verb:set package 'my_drone_vision' build argument 'cmake_target' from command line to 'None'
[1.626s] Level 5:colcon.colcon_core.verb:set package 'my_drone_vision' build argument 'cmake_target_skip_unavailable' from command line to 'False'
[1.627s] Level 5:colcon.colcon_core.verb:set package 'my_drone_vision' build argument 'cmake_clean_cache' from command line to 'False'
[1.627s] Level 5:colcon.colcon_core.verb:set package 'my_drone_vision' build argument 'cmake_clean_first' from command line to 'False'
[1.627s] Level 5:colcon.colcon_core.verb:set package 'my_drone_vision' build argument 'cmake_force_configure' from command line to 'False'
[1.628s] Level 5:colcon.colcon_core.verb:set package 'my_drone_vision' build argument 'ament_cmake_args' from command line to 'None'
[1.628s] Level 5:colcon.colcon_core.verb:set package 'my_drone_vision' build argument 'catkin_cmake_args' from command line to 'None'
[1.628s] Level 5:colcon.colcon_core.verb:set package 'my_drone_vision' build argument 'catkin_skip_building_tests' from command line to 'False'
[1.629s] DEBUG:colcon.colcon_core.verb:Building package 'my_drone_vision' with the following arguments: {'ament_cmake_args': None, 'build_base': '/mnt/g/My Drive/Primary/skl-Course/SP26/EECS 206A - Introduction to Robotics/106a_final_project/drone_simulation/build/my_drone_vision', 'catkin_cmake_args': None, 'catkin_skip_building_tests': False, 'cmake_args': None, 'cmake_clean_cache': False, 'cmake_clean_first': False, 'cmake_force_configure': False, 'cmake_target': None, 'cmake_target_skip_unavailable': False, 'install_base': '/mnt/g/My Drive/Primary/skl-Course/SP26/EECS 206A - Introduction to Robotics/106a_final_project/drone_simulation/install/my_drone_vision', 'merge_install': False, 'path': '/mnt/g/My Drive/Primary/skl-Course/SP26/EECS 206A - Introduction to Robotics/106a_final_project/drone_simulation/src/my_drone_vision', 'symlink_install': False, 'test_result_base': None}
[1.630s] Level 5:colcon.colcon_core.verb:set package 'tello_driver' build argument 'cmake_args' from command line to 'None'
[1.630s] Level 5:colcon.colcon_core.verb:set package 'tello_driver' build argument 'cmake_target' from command line to 'None'
[1.630s] Level 5:colcon.colcon_core.verb:set package 'tello_driver' build argument 'cmake_target_skip_unavailable' from command line to 'False'
[1.631s] Level 5:colcon.colcon_core.verb:set package 'tello_driver' build argument 'cmake_clean_cache' from command line to 'False'
[1.631s] Level 5:colcon.colcon_core.verb:set package 'tello_driver' build argument 'cmake_clean_first' from command line to 'False'
[1.631s] Level 5:colcon.colcon_core.verb:set package 'tello_driver' build argument 'cmake_force_configure' from command line to 'False'
[1.632s] Level 5:colcon.colcon_core.verb:set package 'tello_driver' build argument 'ament_cmake_args' from command line to 'None'
[1.632s] Level 5:colcon.colcon_core.verb:set package 'tello_driver' build argument 'catkin_cmake_args' from command line to 'None'
[1.632s] Level 5:colcon.colcon_core.verb:set package 'tello_driver' build argument 'catkin_skip_building_tests' from command line to 'False'
[1.633s] DEBUG:colcon.colcon_core.verb:Building package 'tello_driver' with the following arguments: {'ament_cmake_args': None, 'build_base': '/mnt/g/My Drive/Primary/skl-Course/SP26/EECS 206A - Introduction to Robotics/106a_final_project/drone_simulation/build/tello_driver', 'catkin_cmake_args': None, 'catkin_skip_building_tests': False, 'cmake_args': None, 'cmake_clean_cache': False, 'cmake_clean_first': False, 'cmake_force_configure': False, 'cmake_target': None, 'cmake_target_skip_unavailable': False, 'install_base': '/mnt/g/My Drive/Primary/skl-Course/SP26/EECS 206A - Introduction to Robotics/106a_final_project/drone_simulation/install/tello_driver', 'merge_install': False, 'path': '/mnt/g/My Drive/Primary/skl-Course/SP26/EECS 206A - Introduction to Robotics/106a_final_project/drone_simulation/src/tello_ros/tello_driver', 'symlink_install': False, 'test_result_base': None}
[1.634s] Level 5:colcon.colcon_core.verb:set package 'tello_gazebo' build argument 'cmake_args' from command line to 'None'
[1.634s] Level 5:colcon.colcon_core.verb:set package 'tello_gazebo' build argument 'cmake_target' from command line to 'None'
[1.634s] Level 5:colcon.colcon_core.verb:set package 'tello_gazebo' build argument 'cmake_target_skip_unavailable' from command line to 'False'
[1.635s] Level 5:colcon.colcon_core.verb:set package 'tello_gazebo' build argument 'cmake_clean_cache' from command line to 'False'
[1.635s] Level 5:colcon.colcon_core.verb:set package 'tello_gazebo' build argument 'cmake_clean_first' from command line to 'False'
[1.635s] Level 5:colcon.colcon_core.verb:set package 'tello_gazebo' build argument 'cmake_force_configure' from command line to 'False'
[1.636s] Level 5:colcon.colcon_core.verb:set package 'tello_gazebo' build argument 'ament_cmake_args' from command line to 'None'
[1.636s] Level 5:colcon.colcon_core.verb:set package 'tello_gazebo' build argument 'catkin_cmake_args' from command line to 'None'
[1.636s] Level 5:colcon.colcon_core.verb:set package 'tello_gazebo' build argument 'catkin_skip_building_tests' from command line to 'False'
[1.637s] DEBUG:colcon.colcon_core.verb:Building package 'tello_gazebo' with the following arguments: {'ament_cmake_args': None, 'build_base': '/mnt/g/My Drive/Primary/skl-Course/SP26/EECS 206A - Introduction to Robotics/106a_final_project/drone_simulation/build/tello_gazebo', 'catkin_cmake_args': None, 'catkin_skip_building_tests': False, 'cmake_args': None, 'cmake_clean_cache': False, 'cmake_clean_first': False, 'cmake_force_configure': False, 'cmake_target': None, 'cmake_target_skip_unavailable': False, 'install_base': '/mnt/g/My Drive/Primary/skl-Course/SP26/EECS 206A - Introduction to Robotics/106a_final_project/drone_simulation/install/tello_gazebo', 'merge_install': False, 'path': '/mnt/g/My Drive/Primary/skl-Course/SP26/EECS 206A - Introduction to Robotics/106a_final_project/drone_simulation/src/tello_ros/tello_gazebo', 'symlink_install': False, 'test_result_base': None}
[1.637s] INFO:colcon.colcon_core.executor:Executing jobs using 'parallel' executor
[1.639s] DEBUG:colcon.colcon_parallel_executor.executor.parallel:run_until_complete
[1.640s] INFO:colcon.colcon_ros.task.ament_cmake.build:Building ROS package in '/mnt/g/My Drive/Primary/skl-Course/SP26/EECS 206A - Introduction to Robotics/106a_final_project/drone_simulation/src/tello_ros/tello_msgs' with build type 'ament_cmake'
[1.640s] INFO:colcon.colcon_cmake.task.cmake.build:Building CMake package in '/mnt/g/My Drive/Primary/skl-Course/SP26/EECS 206A - Introduction to Robotics/106a_final_project/drone_simulation/src/tello_ros/tello_msgs'
[1.643s] INFO:colcon.colcon_core.plugin_system:Skipping extension 'colcon_core.shell.bat': Not used on non-Windows systems
[1.677s] INFO:colcon.colcon_core.shell:Skip shell extension 'powershell' for command environment: Not usable outside of PowerShell
[1.678s] DEBUG:colcon.colcon_core.shell:Skip shell extension 'dsv' for command environment
[1.729s] INFO:colcon.colcon_ros.task.ament_cmake.build:Building ROS package in '/mnt/g/My Drive/Primary/skl-Course/SP26/EECS 206A - Introduction to Robotics/106a_final_project/drone_simulation/src/ros2_shared' with build type 'ament_cmake'
[1.730s] INFO:colcon.colcon_cmake.task.cmake.build:Building CMake package in '/mnt/g/My Drive/Primary/skl-Course/SP26/EECS 206A - Introduction to Robotics/106a_final_project/drone_simulation/src/ros2_shared'
[1.730s] INFO:colcon.colcon_core.shell:Skip shell extension 'powershell' for command environment: Not usable outside of PowerShell
[1.731s] DEBUG:colcon.colcon_core.shell:Skip shell extension 'dsv' for command environment
[1.771s] INFO:colcon.colcon_ros.task.ament_cmake.build:Building ROS package in '/mnt/g/My Drive/Primary/skl-Course/SP26/EECS 206A - Introduction to Robotics/106a_final_project/drone_simulation/src/tello_ros/tello_description' with build type 'ament_cmake'
[1.771s] INFO:colcon.colcon_cmake.task.cmake.build:Building CMake package in '/mnt/g/My Drive/Primary/skl-Course/SP26/EECS 206A - Introduction to Robotics/106a_final_project/drone_simulation/src/tello_ros/tello_description'
[1.772s] INFO:colcon.colcon_core.shell:Skip shell extension 'powershell' for command environment: Not usable outside of PowerShell
[1.773s] DEBUG:colcon.colcon_core.shell:Skip shell extension 'dsv' for command environment
[2.093s] DEBUG:colcon.colcon_core.event_handler.log_command:Invoking command in '/mnt/g/My Drive/Primary/skl-Course/SP26/EECS 206A - Introduction to Robotics/106a_final_project/drone_simulation/build/tello_msgs': CMAKE_PREFIX_PATH=/opt/ros/humble /usr/bin/cmake --build /mnt/g/My Drive/Primary/skl-Course/SP26/EECS 206A - Introduction to Robotics/106a_final_project/drone_simulation/build/tello_msgs -- -j16 -l16
[2.255s] DEBUG:colcon.colcon_core.event_handler.log_command:Invoking command in '/mnt/g/My Drive/Primary/skl-Course/SP26/EECS 206A - Introduction to Robotics/106a_final_project/drone_simulation/build/ros2_shared': CMAKE_PREFIX_PATH=/opt/ros/humble /usr/bin/cmake --build /mnt/g/My Drive/Primary/skl-Course/SP26/EECS 206A - Introduction to Robotics/106a_final_project/drone_simulation/build/ros2_shared -- -j16 -l16
[2.448s] DEBUG:colcon.colcon_core.event_handler.log_command:Invoking command in '/mnt/g/My Drive/Primary/skl-Course/SP26/EECS 206A - Introduction to Robotics/106a_final_project/drone_simulation/build/tello_description': CMAKE_PREFIX_PATH=/opt/ros/humble /usr/bin/cmake --build /mnt/g/My Drive/Primary/skl-Course/SP26/EECS 206A - Introduction to Robotics/106a_final_project/drone_simulation/build/tello_description -- -j16 -l16
[2.768s] DEBUG:colcon.colcon_core.event_handler.log_command:Invoked command in '/mnt/g/My Drive/Primary/skl-Course/SP26/EECS 206A - Introduction to Robotics/106a_final_project/drone_simulation/build/ros2_shared' returned '0': CMAKE_PREFIX_PATH=/opt/ros/humble /usr/bin/cmake --build /mnt/g/My Drive/Primary/skl-Course/SP26/EECS 206A - Introduction to Robotics/106a_final_project/drone_simulation/build/ros2_shared -- -j16 -l16
[2.945s] DEBUG:colcon.colcon_core.event_handler.log_command:Invoking command in '/mnt/g/My Drive/Primary/skl-Course/SP26/EECS 206A - Introduction to Robotics/106a_final_project/drone_simulation/build/ros2_shared': CMAKE_PREFIX_PATH=/opt/ros/humble /usr/bin/cmake --install /mnt/g/My Drive/Primary/skl-Course/SP26/EECS 206A - Introduction to Robotics/106a_final_project/drone_simulation/build/ros2_shared
[4.252s] DEBUG:colcon.colcon_core.event_handler.log_command:Invoked command in '/mnt/g/My Drive/Primary/skl-Course/SP26/EECS 206A - Introduction to Robotics/106a_final_project/drone_simulation/build/tello_description' returned '0': CMAKE_PREFIX_PATH=/opt/ros/humble /usr/bin/cmake --build /mnt/g/My Drive/Primary/skl-Course/SP26/EECS 206A - Introduction to Robotics/106a_final_project/drone_simulation/build/tello_description -- -j16 -l16
[4.450s] DEBUG:colcon.colcon_core.event_handler.log_command:Invoking command in '/mnt/g/My Drive/Primary/skl-Course/SP26/EECS 206A - Introduction to Robotics/106a_final_project/drone_simulation/build/tello_description': CMAKE_PREFIX_PATH=/opt/ros/humble /usr/bin/cmake --install /mnt/g/My Drive/Primary/skl-Course/SP26/EECS 206A - Introduction to Robotics/106a_final_project/drone_simulation/build/tello_description
[9.371s] Level 1:colcon.colcon_core.environment:create_environment_scripts_only(ros2_shared)
[9.381s] Level 1:colcon.colcon_core.environment:checking '/mnt/g/My Drive/Primary/skl-Course/SP26/EECS 206A - Introduction to Robotics/106a_final_project/drone_simulation/install/ros2_shared' for CMake module files
[9.386s] DEBUG:colcon.colcon_core.event_handler.log_command:Invoked command in '/mnt/g/My Drive/Primary/skl-Course/SP26/EECS 206A - Introduction to Robotics/106a_final_project/drone_simulation/build/ros2_shared' returned '0': CMAKE_PREFIX_PATH=/opt/ros/humble /usr/bin/cmake --install /mnt/g/My Drive/Primary/skl-Course/SP26/EECS 206A - Introduction to Robotics/106a_final_project/drone_simulation/build/ros2_shared
[10.142s] Level 1:colcon.colcon_core.environment:checking '/mnt/g/My Drive/Primary/skl-Course/SP26/EECS 206A - Introduction to Robotics/106a_final_project/drone_simulation/install/ros2_shared' for CMake config files
[10.584s] Level 1:colcon.colcon_core.shell:create_environment_hook('ros2_shared', 'cmake_prefix_path')
[10.585s] INFO:colcon.colcon_core.shell:Creating environment hook '/mnt/g/My Drive/Primary/skl-Course/SP26/EECS 206A - Introduction to Robotics/106a_final_project/drone_simulation/install/ros2_shared/share/ros2_shared/hook/cmake_prefix_path.ps1'
[10.685s] INFO:colcon.colcon_core.shell:Creating environment descriptor '/mnt/g/My Drive/Primary/skl-Course/SP26/EECS 206A - Introduction to Robotics/106a_final_project/drone_simulation/install/ros2_shared/share/ros2_shared/hook/cmake_prefix_path.dsv'
[10.789s] INFO:colcon.colcon_core.shell:Creating environment hook '/mnt/g/My Drive/Primary/skl-Course/SP26/EECS 206A - Introduction to Robotics/106a_final_project/drone_simulation/install/ros2_shared/share/ros2_shared/hook/cmake_prefix_path.sh'
[10.901s] Level 1:colcon.colcon_core.environment:checking '/mnt/g/My Drive/Primary/skl-Course/SP26/EECS 206A - Introduction to Robotics/106a_final_project/drone_simulation/install/ros2_shared/bin'
[10.908s] Level 1:colcon.colcon_core.environment:checking '/mnt/g/My Drive/Primary/skl-Course/SP26/EECS 206A - Introduction to Robotics/106a_final_project/drone_simulation/install/ros2_shared/lib/pkgconfig/ros2_shared.pc'
[10.917s] Level 1:colcon.colcon_core.environment:checking '/mnt/g/My Drive/Primary/skl-Course/SP26/EECS 206A - Introduction to Robotics/106a_final_project/drone_simulation/install/ros2_shared/lib/python3.10/site-packages'
[10.925s] Level 1:colcon.colcon_core.environment:checking '/mnt/g/My Drive/Primary/skl-Course/SP26/EECS 206A - Introduction to Robotics/106a_final_project/drone_simulation/install/ros2_shared/bin'
[10.932s] INFO:colcon.colcon_core.shell:Creating package script '/mnt/g/My Drive/Primary/skl-Course/SP26/EECS 206A - Introduction to Robotics/106a_final_project/drone_simulation/install/ros2_shared/share/ros2_shared/package.ps1'
[11.010s] INFO:colcon.colcon_core.shell:Creating package descriptor '/mnt/g/My Drive/Primary/skl-Course/SP26/EECS 206A - Introduction to Robotics/106a_final_project/drone_simulation/install/ros2_shared/share/ros2_shared/package.dsv'
[11.090s] INFO:colcon.colcon_core.shell:Creating package script '/mnt/g/My Drive/Primary/skl-Course/SP26/EECS 206A - Introduction to Robotics/106a_final_project/drone_simulation/install/ros2_shared/share/ros2_shared/package.sh'
[11.163s] INFO:colcon.colcon_core.shell:Creating package script '/mnt/g/My Drive/Primary/skl-Course/SP26/EECS 206A - Introduction to Robotics/106a_final_project/drone_simulation/install/ros2_shared/share/ros2_shared/package.bash'
[11.247s] INFO:colcon.colcon_core.shell:Creating package script '/mnt/g/My Drive/Primary/skl-Course/SP26/EECS 206A - Introduction to Robotics/106a_final_project/drone_simulation/install/ros2_shared/share/ros2_shared/package.zsh'
[11.340s] Level 1:colcon.colcon_core.environment:create_file_with_runtime_dependencies(/mnt/g/My Drive/Primary/skl-Course/SP26/EECS 206A - Introduction to Robotics/106a_final_project/drone_simulation/install/ros2_shared/share/colcon-core/packages/ros2_shared)
[11.513s] Level 1:colcon.colcon_core.environment:create_environment_scripts_only(ros2_shared)
[11.514s] Level 1:colcon.colcon_core.environment:checking '/mnt/g/My Drive/Primary/skl-Course/SP26/EECS 206A - Introduction to Robotics/106a_final_project/drone_simulation/install/ros2_shared' for CMake module files
[12.164s] Level 1:colcon.colcon_core.environment:checking '/mnt/g/My Drive/Primary/skl-Course/SP26/EECS 206A - Introduction to Robotics/106a_final_project/drone_simulation/install/ros2_shared' for CMake config files
[12.440s] Level 1:colcon.colcon_core.shell:create_environment_hook('ros2_shared', 'cmake_prefix_path')
[12.441s] INFO:colcon.colcon_core.shell:Creating environment hook '/mnt/g/My Drive/Primary/skl-Course/SP26/EECS 206A - Introduction to Robotics/106a_final_project/drone_simulation/install/ros2_shared/share/ros2_shared/hook/cmake_prefix_path.ps1'
[12.510s] INFO:colcon.colcon_core.shell:Creating environment descriptor '/mnt/g/My Drive/Primary/skl-Course/SP26/EECS 206A - Introduction to Robotics/106a_final_project/drone_simulation/install/ros2_shared/share/ros2_shared/hook/cmake_prefix_path.dsv'
[12.579s] INFO:colcon.colcon_core.shell:Creating environment hook '/mnt/g/My Drive/Primary/skl-Course/SP26/EECS 206A - Introduction to Robotics/106a_final_project/drone_simulation/install/ros2_shared/share/ros2_shared/hook/cmake_prefix_path.sh'
[12.658s] Level 1:colcon.colcon_core.environment:checking '/mnt/g/My Drive/Primary/skl-Course/SP26/EECS 206A - Introduction to Robotics/106a_final_project/drone_simulation/install/ros2_shared/bin'
[12.662s] Level 1:colcon.colcon_core.environment:checking '/mnt/g/My Drive/Primary/skl-Course/SP26/EECS 206A - Introduction to Robotics/106a_final_project/drone_simulation/install/ros2_shared/lib/pkgconfig/ros2_shared.pc'
[12.667s] Level 1:colcon.colcon_core.environment:checking '/mnt/g/My Drive/Primary/skl-Course/SP26/EECS 206A - Introduction to Robotics/106a_final_project/drone_simulation/install/ros2_shared/lib/python3.10/site-packages'
[12.672s] Level 1:colcon.colcon_core.environment:checking '/mnt/g/My Drive/Primary/skl-Course/SP26/EECS 206A - Introduction to Robotics/106a_final_project/drone_simulation/install/ros2_shared/bin'
[12.677s] INFO:colcon.colcon_core.shell:Creating package script '/mnt/g/My Drive/Primary/skl-Course/SP26/EECS 206A - Introduction to Robotics/106a_final_project/drone_simulation/install/ros2_shared/share/ros2_shared/package.ps1'
[12.735s] INFO:colcon.colcon_core.shell:Creating package descriptor '/mnt/g/My Drive/Primary/skl-Course/SP26/EECS 206A - Introduction to Robotics/106a_final_project/drone_simulation/install/ros2_shared/share/ros2_shared/package.dsv'
[12.794s] INFO:colcon.colcon_core.shell:Creating package script '/mnt/g/My Drive/Primary/skl-Course/SP26/EECS 206A - Introduction to Robotics/106a_final_project/drone_simulation/install/ros2_shared/share/ros2_shared/package.sh'
[12.850s] INFO:colcon.colcon_core.shell:Creating package script '/mnt/g/My Drive/Primary/skl-Course/SP26/EECS 206A - Introduction to Robotics/106a_final_project/drone_simulation/install/ros2_shared/share/ros2_shared/package.bash'
[12.940s] INFO:colcon.colcon_core.shell:Creating package script '/mnt/g/My Drive/Primary/skl-Course/SP26/EECS 206A - Introduction to Robotics/106a_final_project/drone_simulation/install/ros2_shared/share/ros2_shared/package.zsh'
[13.014s] Level 1:colcon.colcon_core.environment:create_file_with_runtime_dependencies(/mnt/g/My Drive/Primary/skl-Course/SP26/EECS 206A - Introduction to Robotics/106a_final_project/drone_simulation/install/ros2_shared/share/colcon-core/packages/ros2_shared)
[13.069s] Level 1:colcon.colcon_core.environment:create_environment_scripts_only(tello_description)
[13.070s] Level 1:colcon.colcon_core.environment:checking '/mnt/g/My Drive/Primary/skl-Course/SP26/EECS 206A - Introduction to Robotics/106a_final_project/drone_simulation/install/tello_description' for CMake module files
[13.118s] DEBUG:colcon.colcon_core.event_handler.log_command:Invoked command in '/mnt/g/My Drive/Primary/skl-Course/SP26/EECS 206A - Introduction to Robotics/106a_final_project/drone_simulation/build/tello_description' returned '0': CMAKE_PREFIX_PATH=/opt/ros/humble /usr/bin/cmake --install /mnt/g/My Drive/Primary/skl-Course/SP26/EECS 206A - Introduction to Robotics/106a_final_project/drone_simulation/build/tello_description
[13.478s] Level 1:colcon.colcon_core.environment:checking '/mnt/g/My Drive/Primary/skl-Course/SP26/EECS 206A - Introduction to Robotics/106a_final_project/drone_simulation/install/tello_description' for CMake config files
[13.641s] Level 1:colcon.colcon_core.shell:create_environment_hook('tello_description', 'cmake_prefix_path')
[13.642s] INFO:colcon.colcon_core.shell:Creating environment hook '/mnt/g/My Drive/Primary/skl-Course/SP26/EECS 206A - Introduction to Robotics/106a_final_project/drone_simulation/install/tello_description/share/tello_description/hook/cmake_prefix_path.ps1'
[13.781s] INFO:colcon.colcon_core.shell:Creating environment descriptor '/mnt/g/My Drive/Primary/skl-Course/SP26/EECS 206A - Introduction to Robotics/106a_final_project/drone_simulation/install/tello_description/share/tello_description/hook/cmake_prefix_path.dsv'
[13.855s] INFO:colcon.colcon_core.shell:Creating environment hook '/mnt/g/My Drive/Primary/skl-Course/SP26/EECS 206A - Introduction to Robotics/106a_final_project/drone_simulation/install/tello_description/share/tello_description/hook/cmake_prefix_path.sh'
[13.944s] Level 1:colcon.colcon_core.environment:checking '/mnt/g/My Drive/Primary/skl-Course/SP26/EECS 206A - Introduction to Robotics/106a_final_project/drone_simulation/install/tello_description/bin'
[13.949s] Level 1:colcon.colcon_core.environment:checking '/mnt/g/My Drive/Primary/skl-Course/SP26/EECS 206A - Introduction to Robotics/106a_final_project/drone_simulation/install/tello_description/lib/pkgconfig/tello_description.pc'
[13.954s] Level 1:colcon.colcon_core.environment:checking '/mnt/g/My Drive/Primary/skl-Course/SP26/EECS 206A - Introduction to Robotics/106a_final_project/drone_simulation/install/tello_description/lib/python3.10/site-packages'
[13.959s] Level 1:colcon.colcon_core.environment:checking '/mnt/g/My Drive/Primary/skl-Course/SP26/EECS 206A - Introduction to Robotics/106a_final_project/drone_simulation/install/tello_description/bin'
[13.964s] INFO:colcon.colcon_core.shell:Creating package script '/mnt/g/My Drive/Primary/skl-Course/SP26/EECS 206A - Introduction to Robotics/106a_final_project/drone_simulation/install/tello_description/share/tello_description/package.ps1'
[14.024s] INFO:colcon.colcon_core.shell:Creating package descriptor '/mnt/g/My Drive/Primary/skl-Course/SP26/EECS 206A - Introduction to Robotics/106a_final_project/drone_simulation/install/tello_description/share/tello_description/package.dsv'
[14.082s] INFO:colcon.colcon_core.shell:Creating package script '/mnt/g/My Drive/Primary/skl-Course/SP26/EECS 206A - Introduction to Robotics/106a_final_project/drone_simulation/install/tello_description/share/tello_description/package.sh'
[14.164s] INFO:colcon.colcon_core.shell:Creating package script '/mnt/g/My Drive/Primary/skl-Course/SP26/EECS 206A - Introduction to Robotics/106a_final_project/drone_simulation/install/tello_description/share/tello_description/package.bash'
[14.275s] INFO:colcon.colcon_core.shell:Creating package script '/mnt/g/My Drive/Primary/skl-Course/SP26/EECS 206A - Introduction to Robotics/106a_final_project/drone_simulation/install/tello_description/share/tello_description/package.zsh'
[14.351s] Level 1:colcon.colcon_core.environment:create_file_with_runtime_dependencies(/mnt/g/My Drive/Primary/skl-Course/SP26/EECS 206A - Introduction to Robotics/106a_final_project/drone_simulation/install/tello_description/share/colcon-core/packages/tello_description)
[14.531s] Level 1:colcon.colcon_core.environment:create_environment_scripts_only(tello_description)
[14.531s] Level 1:colcon.colcon_core.environment:checking '/mnt/g/My Drive/Primary/skl-Course/SP26/EECS 206A - Introduction to Robotics/106a_final_project/drone_simulation/install/tello_description' for CMake module files
[14.962s] Level 1:colcon.colcon_core.environment:checking '/mnt/g/My Drive/Primary/skl-Course/SP26/EECS 206A - Introduction to Robotics/106a_final_project/drone_simulation/install/tello_description' for CMake config files
[15.106s] Level 1:colcon.colcon_core.shell:create_environment_hook('tello_description', 'cmake_prefix_path')
[15.107s] INFO:colcon.colcon_core.shell:Creating environment hook '/mnt/g/My Drive/Primary/skl-Course/SP26/EECS 206A - Introduction to Robotics/106a_final_project/drone_simulation/install/tello_description/share/tello_description/hook/cmake_prefix_path.ps1'
[15.189s] INFO:colcon.colcon_core.shell:Creating environment descriptor '/mnt/g/My Drive/Primary/skl-Course/SP26/EECS 206A - Introduction to Robotics/106a_final_project/drone_simulation/install/tello_description/share/tello_description/hook/cmake_prefix_path.dsv'
[15.282s] INFO:colcon.colcon_core.shell:Creating environment hook '/mnt/g/My Drive/Primary/skl-Course/SP26/EECS 206A - Introduction to Robotics/106a_final_project/drone_simulation/install/tello_description/share/tello_description/hook/cmake_prefix_path.sh'
[15.386s] Level 1:colcon.colcon_core.environment:checking '/mnt/g/My Drive/Primary/skl-Course/SP26/EECS 206A - Introduction to Robotics/106a_final_project/drone_simulation/install/tello_description/bin'
[15.391s] Level 1:colcon.colcon_core.environment:checking '/mnt/g/My Drive/Primary/skl-Course/SP26/EECS 206A - Introduction to Robotics/106a_final_project/drone_simulation/install/tello_description/lib/pkgconfig/tello_description.pc'
[15.399s] Level 1:colcon.colcon_core.environment:checking '/mnt/g/My Drive/Primary/skl-Course/SP26/EECS 206A - Introduction to Robotics/106a_final_project/drone_simulation/install/tello_description/lib/python3.10/site-packages'
[15.404s] Level 1:colcon.colcon_core.environment:checking '/mnt/g/My Drive/Primary/skl-Course/SP26/EECS 206A - Introduction to Robotics/106a_final_project/drone_simulation/install/tello_description/bin'
[15.411s] INFO:colcon.colcon_core.shell:Creating package script '/mnt/g/My Drive/Primary/skl-Course/SP26/EECS 206A - Introduction to Robotics/106a_final_project/drone_simulation/install/tello_description/share/tello_description/package.ps1'
[15.516s] INFO:colcon.colcon_core.shell:Creating package descriptor '/mnt/g/My Drive/Primary/skl-Course/SP26/EECS 206A - Introduction to Robotics/106a_final_project/drone_simulation/install/tello_description/share/tello_description/package.dsv'
[15.588s] INFO:colcon.colcon_core.shell:Creating package script '/mnt/g/My Drive/Primary/skl-Course/SP26/EECS 206A - Introduction to Robotics/106a_final_project/drone_simulation/install/tello_description/share/tello_description/package.sh'
[15.684s] INFO:colcon.colcon_core.shell:Creating package script '/mnt/g/My Drive/Primary/skl-Course/SP26/EECS 206A - Introduction to Robotics/106a_final_project/drone_simulation/install/tello_description/share/tello_description/package.bash'
[15.767s] INFO:colcon.colcon_core.shell:Creating package script '/mnt/g/My Drive/Primary/skl-Course/SP26/EECS 206A - Introduction to Robotics/106a_final_project/drone_simulation/install/tello_description/share/tello_description/package.zsh'
[15.840s] Level 1:colcon.colcon_core.environment:create_file_with_runtime_dependencies(/mnt/g/My Drive/Primary/skl-Course/SP26/EECS 206A - Introduction to Robotics/106a_final_project/drone_simulation/install/tello_description/share/colcon-core/packages/tello_description)
[15.930s] DEBUG:colcon.colcon_core.event_handler.log_command:Invoked command in '/mnt/g/My Drive/Primary/skl-Course/SP26/EECS 206A - Introduction to Robotics/106a_final_project/drone_simulation/build/tello_msgs' returned '0': CMAKE_PREFIX_PATH=/opt/ros/humble /usr/bin/cmake --build /mnt/g/My Drive/Primary/skl-Course/SP26/EECS 206A - Introduction to Robotics/106a_final_project/drone_simulation/build/tello_msgs -- -j16 -l16
[16.024s] DEBUG:colcon.colcon_core.event_handler.log_command:Invoking command in '/mnt/g/My Drive/Primary/skl-Course/SP26/EECS 206A - Introduction to Robotics/106a_final_project/drone_simulation/build/tello_msgs': CMAKE_PREFIX_PATH=/opt/ros/humble /usr/bin/cmake --install /mnt/g/My Drive/Primary/skl-Course/SP26/EECS 206A - Introduction to Robotics/106a_final_project/drone_simulation/build/tello_msgs
[40.599s] Level 1:colcon.colcon_core.environment:create_environment_scripts_only(tello_msgs)
[40.600s] Level 1:colcon.colcon_core.environment:checking '/mnt/g/My Drive/Primary/skl-Course/SP26/EECS 206A - Introduction to Robotics/106a_final_project/drone_simulation/install/tello_msgs' for CMake module files
[40.602s] DEBUG:colcon.colcon_core.event_handler.log_command:Invoked command in '/mnt/g/My Drive/Primary/skl-Course/SP26/EECS 206A - Introduction to Robotics/106a_final_project/drone_simulation/build/tello_msgs' returned '0': CMAKE_PREFIX_PATH=/opt/ros/humble /usr/bin/cmake --install /mnt/g/My Drive/Primary/skl-Course/SP26/EECS 206A - Introduction to Robotics/106a_final_project/drone_simulation/build/tello_msgs
[41.480s] Level 1:colcon.colcon_core.environment:checking '/mnt/g/My Drive/Primary/skl-Course/SP26/EECS 206A - Introduction to Robotics/106a_final_project/drone_simulation/install/tello_msgs' for CMake config files
[41.897s] Level 1:colcon.colcon_core.shell:create_environment_hook('tello_msgs', 'cmake_prefix_path')
[41.898s] INFO:colcon.colcon_core.shell:Creating environment hook '/mnt/g/My Drive/Primary/skl-Course/SP26/EECS 206A - Introduction to Robotics/106a_final_project/drone_simulation/install/tello_msgs/share/tello_msgs/hook/cmake_prefix_path.ps1'
[41.962s] INFO:colcon.colcon_core.shell:Creating environment descriptor '/mnt/g/My Drive/Primary/skl-Course/SP26/EECS 206A - Introduction to Robotics/106a_final_project/drone_simulation/install/tello_msgs/share/tello_msgs/hook/cmake_prefix_path.dsv'
[42.030s] INFO:colcon.colcon_core.shell:Creating environment hook '/mnt/g/My Drive/Primary/skl-Course/SP26/EECS 206A - Introduction to Robotics/106a_final_project/drone_simulation/install/tello_msgs/share/tello_msgs/hook/cmake_prefix_path.sh'
[42.107s] Level 1:colcon.colcon_core.environment:checking '/mnt/g/My Drive/Primary/skl-Course/SP26/EECS 206A - Introduction to Robotics/106a_final_project/drone_simulation/install/tello_msgs/lib'
[42.123s] Level 1:colcon.colcon_core.shell:create_environment_hook('tello_msgs', 'ld_library_path_lib')
[42.124s] INFO:colcon.colcon_core.shell:Creating environment hook '/mnt/g/My Drive/Primary/skl-Course/SP26/EECS 206A - Introduction to Robotics/106a_final_project/drone_simulation/install/tello_msgs/share/tello_msgs/hook/ld_library_path_lib.ps1'
[42.191s] INFO:colcon.colcon_core.shell:Creating environment descriptor '/mnt/g/My Drive/Primary/skl-Course/SP26/EECS 206A - Introduction to Robotics/106a_final_project/drone_simulation/install/tello_msgs/share/tello_msgs/hook/ld_library_path_lib.dsv'
[42.253s] INFO:colcon.colcon_core.shell:Creating environment hook '/mnt/g/My Drive/Primary/skl-Course/SP26/EECS 206A - Introduction to Robotics/106a_final_project/drone_simulation/install/tello_msgs/share/tello_msgs/hook/ld_library_path_lib.sh'
[42.315s] Level 1:colcon.colcon_core.environment:checking '/mnt/g/My Drive/Primary/skl-Course/SP26/EECS 206A - Introduction to Robotics/106a_final_project/drone_simulation/install/tello_msgs/bin'
[42.320s] Level 1:colcon.colcon_core.environment:checking '/mnt/g/My Drive/Primary/skl-Course/SP26/EECS 206A - Introduction to Robotics/106a_final_project/drone_simulation/install/tello_msgs/lib/pkgconfig/tello_msgs.pc'
[42.328s] Level 1:colcon.colcon_core.environment:checking '/mnt/g/My Drive/Primary/skl-Course/SP26/EECS 206A - Introduction to Robotics/106a_final_project/drone_simulation/install/tello_msgs/lib/python3.10/site-packages'
[42.334s] Level 1:colcon.colcon_core.environment:checking '/mnt/g/My Drive/Primary/skl-Course/SP26/EECS 206A - Introduction to Robotics/106a_final_project/drone_simulation/install/tello_msgs/bin'
[42.339s] INFO:colcon.colcon_core.shell:Creating package script '/mnt/g/My Drive/Primary/skl-Course/SP26/EECS 206A - Introduction to Robotics/106a_final_project/drone_simulation/install/tello_msgs/share/tello_msgs/package.ps1'
[42.421s] INFO:colcon.colcon_core.shell:Creating package descriptor '/mnt/g/My Drive/Primary/skl-Course/SP26/EECS 206A - Introduction to Robotics/106a_final_project/drone_simulation/install/tello_msgs/share/tello_msgs/package.dsv'
[42.471s] INFO:colcon.colcon_core.shell:Creating package script '/mnt/g/My Drive/Primary/skl-Course/SP26/EECS 206A - Introduction to Robotics/106a_final_project/drone_simulation/install/tello_msgs/share/tello_msgs/package.sh'
[42.522s] INFO:colcon.colcon_core.shell:Creating package script '/mnt/g/My Drive/Primary/skl-Course/SP26/EECS 206A - Introduction to Robotics/106a_final_project/drone_simulation/install/tello_msgs/share/tello_msgs/package.bash'
[42.584s] INFO:colcon.colcon_core.shell:Creating package script '/mnt/g/My Drive/Primary/skl-Course/SP26/EECS 206A - Introduction to Robotics/106a_final_project/drone_simulation/install/tello_msgs/share/tello_msgs/package.zsh'
[42.638s] Level 1:colcon.colcon_core.environment:create_file_with_runtime_dependencies(/mnt/g/My Drive/Primary/skl-Course/SP26/EECS 206A - Introduction to Robotics/106a_final_project/drone_simulation/install/tello_msgs/share/colcon-core/packages/tello_msgs)
[42.746s] Level 1:colcon.colcon_core.environment:create_environment_scripts_only(tello_msgs)
[42.747s] Level 1:colcon.colcon_core.environment:checking '/mnt/g/My Drive/Primary/skl-Course/SP26/EECS 206A - Introduction to Robotics/106a_final_project/drone_simulation/install/tello_msgs' for CMake module files
[43.547s] Level 1:colcon.colcon_core.environment:checking '/mnt/g/My Drive/Primary/skl-Course/SP26/EECS 206A - Introduction to Robotics/106a_final_project/drone_simulation/install/tello_msgs' for CMake config files
[43.920s] Level 1:colcon.colcon_core.shell:create_environment_hook('tello_msgs', 'cmake_prefix_path')
[43.921s] INFO:colcon.colcon_core.shell:Creating environment hook '/mnt/g/My Drive/Primary/skl-Course/SP26/EECS 206A - Introduction to Robotics/106a_final_project/drone_simulation/install/tello_msgs/share/tello_msgs/hook/cmake_prefix_path.ps1'
[43.983s] INFO:colcon.colcon_core.shell:Creating environment descriptor '/mnt/g/My Drive/Primary/skl-Course/SP26/EECS 206A - Introduction to Robotics/106a_final_project/drone_simulation/install/tello_msgs/share/tello_msgs/hook/cmake_prefix_path.dsv'
[44.044s] INFO:colcon.colcon_core.shell:Creating environment hook '/mnt/g/My Drive/Primary/skl-Course/SP26/EECS 206A - Introduction to Robotics/106a_final_project/drone_simulation/install/tello_msgs/share/tello_msgs/hook/cmake_prefix_path.sh'
[44.120s] Level 1:colcon.colcon_core.environment:checking '/mnt/g/My Drive/Primary/skl-Course/SP26/EECS 206A - Introduction to Robotics/106a_final_project/drone_simulation/install/tello_msgs/lib'
[44.135s] Level 1:colcon.colcon_core.shell:create_environment_hook('tello_msgs', 'ld_library_path_lib')
[44.136s] INFO:colcon.colcon_core.shell:Creating environment hook '/mnt/g/My Drive/Primary/skl-Course/SP26/EECS 206A - Introduction to Robotics/106a_final_project/drone_simulation/install/tello_msgs/share/tello_msgs/hook/ld_library_path_lib.ps1'
[44.199s] INFO:colcon.colcon_core.shell:Creating environment descriptor '/mnt/g/My Drive/Primary/skl-Course/SP26/EECS 206A - Introduction to Robotics/106a_final_project/drone_simulation/install/tello_msgs/share/tello_msgs/hook/ld_library_path_lib.dsv'
[44.260s] INFO:colcon.colcon_core.shell:Creating environment hook '/mnt/g/My Drive/Primary/skl-Course/SP26/EECS 206A - Introduction to Robotics/106a_final_project/drone_simulation/install/tello_msgs/share/tello_msgs/hook/ld_library_path_lib.sh'
[44.314s] Level 1:colcon.colcon_core.environment:checking '/mnt/g/My Drive/Primary/skl-Course/SP26/EECS 206A - Introduction to Robotics/106a_final_project/drone_simulation/install/tello_msgs/bin'
[44.318s] Level 1:colcon.colcon_core.environment:checking '/mnt/g/My Drive/Primary/skl-Course/SP26/EECS 206A - Introduction to Robotics/106a_final_project/drone_simulation/install/tello_msgs/lib/pkgconfig/tello_msgs.pc'
[44.325s] Level 1:colcon.colcon_core.environment:checking '/mnt/g/My Drive/Primary/skl-Course/SP26/EECS 206A - Introduction to Robotics/106a_final_project/drone_simulation/install/tello_msgs/lib/python3.10/site-packages'
[44.331s] Level 1:colcon.colcon_core.environment:checking '/mnt/g/My Drive/Primary/skl-Course/SP26/EECS 206A - Introduction to Robotics/106a_final_project/drone_simulation/install/tello_msgs/bin'
[44.335s] INFO:colcon.colcon_core.shell:Creating package script '/mnt/g/My Drive/Primary/skl-Course/SP26/EECS 206A - Introduction to Robotics/106a_final_project/drone_simulation/install/tello_msgs/share/tello_msgs/package.ps1'
[44.382s] INFO:colcon.colcon_core.shell:Creating package descriptor '/mnt/g/My Drive/Primary/skl-Course/SP26/EECS 206A - Introduction to Robotics/106a_final_project/drone_simulation/install/tello_msgs/share/tello_msgs/package.dsv'
[44.434s] INFO:colcon.colcon_core.shell:Creating package script '/mnt/g/My Drive/Primary/skl-Course/SP26/EECS 206A - Introduction to Robotics/106a_final_project/drone_simulation/install/tello_msgs/share/tello_msgs/package.sh'
[44.483s] INFO:colcon.colcon_core.shell:Creating package script '/mnt/g/My Drive/Primary/skl-Course/SP26/EECS 206A - Introduction to Robotics/106a_final_project/drone_simulation/install/tello_msgs/share/tello_msgs/package.bash'
[44.545s] INFO:colcon.colcon_core.shell:Creating package script '/mnt/g/My Drive/Primary/skl-Course/SP26/EECS 206A - Introduction to Robotics/106a_final_project/drone_simulation/install/tello_msgs/share/tello_msgs/package.zsh'
[44.592s] Level 1:colcon.colcon_core.environment:create_file_with_runtime_dependencies(/mnt/g/My Drive/Primary/skl-Course/SP26/EECS 206A - Introduction to Robotics/106a_final_project/drone_simulation/install/tello_msgs/share/colcon-core/packages/tello_msgs)
[44.635s] INFO:colcon.colcon_ros.task.ament_python.build:Building ROS package in '/mnt/g/My Drive/Primary/skl-Course/SP26/EECS 206A - Introduction to Robotics/106a_final_project/drone_simulation/src/my_drone_vision' with build type 'ament_python'
[44.636s] Level 1:colcon.colcon_core.shell:create_environment_hook('my_drone_vision', 'ament_prefix_path')
[44.637s] INFO:colcon.colcon_core.shell:Creating environment hook '/mnt/g/My Drive/Primary/skl-Course/SP26/EECS 206A - Introduction to Robotics/106a_final_project/drone_simulation/install/my_drone_vision/share/my_drone_vision/hook/ament_prefix_path.ps1'
[44.722s] INFO:colcon.colcon_core.shell:Creating environment descriptor '/mnt/g/My Drive/Primary/skl-Course/SP26/EECS 206A - Introduction to Robotics/106a_final_project/drone_simulation/install/my_drone_vision/share/my_drone_vision/hook/ament_prefix_path.dsv'
[44.785s] INFO:colcon.colcon_core.shell:Creating environment hook '/mnt/g/My Drive/Primary/skl-Course/SP26/EECS 206A - Introduction to Robotics/106a_final_project/drone_simulation/install/my_drone_vision/share/my_drone_vision/hook/ament_prefix_path.sh'
[44.851s] INFO:colcon.colcon_core.shell:Skip shell extension 'powershell' for command environment: Not usable outside of PowerShell
[44.852s] DEBUG:colcon.colcon_core.shell:Skip shell extension 'dsv' for command environment
[44.902s] INFO:colcon.colcon_ros.task.ament_cmake.build:Building ROS package in '/mnt/g/My Drive/Primary/skl-Course/SP26/EECS 206A - Introduction to Robotics/106a_final_project/drone_simulation/src/tello_ros/tello_driver' with build type 'ament_cmake'
[44.903s] INFO:colcon.colcon_cmake.task.cmake.build:Building CMake package in '/mnt/g/My Drive/Primary/skl-Course/SP26/EECS 206A - Introduction to Robotics/106a_final_project/drone_simulation/src/tello_ros/tello_driver'
[44.904s] INFO:colcon.colcon_core.shell:Skip shell extension 'powershell' for command environment: Not usable outside of PowerShell
[44.904s] DEBUG:colcon.colcon_core.shell:Skip shell extension 'dsv' for command environment
[44.959s] INFO:colcon.colcon_ros.task.ament_cmake.build:Building ROS package in '/mnt/g/My Drive/Primary/skl-Course/SP26/EECS 206A - Introduction to Robotics/106a_final_project/drone_simulation/src/tello_ros/tello_gazebo' with build type 'ament_cmake'
[44.960s] INFO:colcon.colcon_cmake.task.cmake.build:Building CMake package in '/mnt/g/My Drive/Primary/skl-Course/SP26/EECS 206A - Introduction to Robotics/106a_final_project/drone_simulation/src/tello_ros/tello_gazebo'
[44.961s] INFO:colcon.colcon_core.shell:Skip shell extension 'powershell' for command environment: Not usable outside of PowerShell
[44.961s] DEBUG:colcon.colcon_core.shell:Skip shell extension 'dsv' for command environment
[47.231s] INFO:colcon.colcon_core.task.python.build:Building Python package in '/mnt/g/My Drive/Primary/skl-Course/SP26/EECS 206A - Introduction to Robotics/106a_final_project/drone_simulation/src/my_drone_vision'
[47.232s] INFO:colcon.colcon_core.shell:Skip shell extension 'powershell' for command environment: Not usable outside of PowerShell
[47.232s] DEBUG:colcon.colcon_core.shell:Skip shell extension 'dsv' for command environment
[47.617s] DEBUG:colcon.colcon_core.event_handler.log_command:Invoking command in '/mnt/g/My Drive/Primary/skl-Course/SP26/EECS 206A - Introduction to Robotics/106a_final_project/drone_simulation/build/tello_gazebo': AMENT_PREFIX_PATH=/mnt/g/My Drive/Primary/skl-Course/SP26/EECS 206A - Introduction to Robotics/106a_final_project/drone_simulation/install/tello_msgs:${AMENT_PREFIX_PATH} CMAKE_PREFIX_PATH=/mnt/g/My Drive/Primary/skl-Course/SP26/EECS 206A - Introduction to Robotics/106a_final_project/drone_simulation/install/tello_msgs:/opt/ros/humble LD_LIBRARY_PATH=/mnt/g/My Drive/Primary/skl-Course/SP26/EECS 206A - Introduction to Robotics/106a_final_project/drone_simulation/install/tello_msgs/lib:${LD_LIBRARY_PATH} PYTHONPATH=/mnt/g/My Drive/Primary/skl-Course/SP26/EECS 206A - Introduction to Robotics/106a_final_project/drone_simulation/install/tello_msgs/local/lib/python3.10/dist-packages:${PYTHONPATH} /usr/bin/cmake /mnt/g/My Drive/Primary/skl-Course/SP26/EECS 206A - Introduction to Robotics/106a_final_project/drone_simulation/src/tello_ros/tello_gazebo -DCMAKE_INSTALL_PREFIX=/mnt/g/My Drive/Primary/skl-Course/SP26/EECS 206A - Introduction to Robotics/106a_final_project/drone_simulation/install/tello_gazebo
[47.885s] DEBUG:colcon.colcon_core.event_handler.log_command:Invoking command in '/mnt/g/My Drive/Primary/skl-Course/SP26/EECS 206A - Introduction to Robotics/106a_final_project/drone_simulation/build/tello_driver': AMENT_PREFIX_PATH=/mnt/g/My Drive/Primary/skl-Course/SP26/EECS 206A - Introduction to Robotics/106a_final_project/drone_simulation/install/tello_msgs:/mnt/g/My Drive/Primary/skl-Course/SP26/EECS 206A - Introduction to Robotics/106a_final_project/drone_simulation/install/ros2_shared:${AMENT_PREFIX_PATH} CMAKE_PREFIX_PATH=/mnt/g/My Drive/Primary/skl-Course/SP26/EECS 206A - Introduction to Robotics/106a_final_project/drone_simulation/install/tello_msgs:/mnt/g/My Drive/Primary/skl-Course/SP26/EECS 206A - Introduction to Robotics/106a_final_project/drone_simulation/install/ros2_shared:/opt/ros/humble LD_LIBRARY_PATH=/mnt/g/My Drive/Primary/skl-Course/SP26/EECS 206A - Introduction to Robotics/106a_final_project/drone_simulation/install/tello_msgs/lib:${LD_LIBRARY_PATH} PYTHONPATH=/mnt/g/My Drive/Primary/skl-Course/SP26/EECS 206A - Introduction to Robotics/106a_final_project/drone_simulation/install/tello_msgs/local/lib/python3.10/dist-packages:${PYTHONPATH} /usr/bin/cmake /mnt/g/My Drive/Primary/skl-Course/SP26/EECS 206A - Introduction to Robotics/106a_final_project/drone_simulation/src/tello_ros/tello_driver -DCMAKE_INSTALL_PREFIX=/mnt/g/My Drive/Primary/skl-Course/SP26/EECS 206A - Introduction to Robotics/106a_final_project/drone_simulation/install/tello_driver
[53.363s] DEBUG:colcon.colcon_core.event_handler.log_command:Invoking command in '/mnt/g/My Drive/Primary/skl-Course/SP26/EECS 206A - Introduction to Robotics/106a_final_project/drone_simulation/src/my_drone_vision': AMENT_PREFIX_PATH=/mnt/g/My Drive/Primary/skl-Course/SP26/EECS 206A - Introduction to Robotics/106a_final_project/drone_simulation/install/tello_msgs:${AMENT_PREFIX_PATH} CMAKE_PREFIX_PATH=/mnt/g/My Drive/Primary/skl-Course/SP26/EECS 206A - Introduction to Robotics/106a_final_project/drone_simulation/install/tello_msgs LD_LIBRARY_PATH=/mnt/g/My Drive/Primary/skl-Course/SP26/EECS 206A - Introduction to Robotics/106a_final_project/drone_simulation/install/tello_msgs/lib:${LD_LIBRARY_PATH} PYTHONPATH=/mnt/g/My Drive/Primary/skl-Course/SP26/EECS 206A - Introduction to Robotics/106a_final_project/drone_simulation/build/my_drone_vision/prefix_override:/usr/lib/python3/dist-packages/colcon_core/task/python/colcon_distutils_commands:/mnt/g/My Drive/Primary/skl-Course/SP26/EECS 206A - Introduction to Robotics/106a_final_project/drone_simulation/install/my_drone_vision/lib/python3.10/site-packages:/mnt/g/My Drive/Primary/skl-Course/SP26/EECS 206A - Introduction to Robotics/106a_final_project/drone_simulation/install/tello_msgs/local/lib/python3.10/dist-packages:${PYTHONPATH} /usr/bin/python3 -W ignore:setup.py install is deprecated -W ignore:easy_install command is deprecated setup.py egg_info --egg-base ../../build/my_drone_vision build --build-base /mnt/g/My Drive/Primary/skl-Course/SP26/EECS 206A - Introduction to Robotics/106a_final_project/drone_simulation/build/my_drone_vision/build install --record /mnt/g/My Drive/Primary/skl-Course/SP26/EECS 206A - Introduction to Robotics/106a_final_project/drone_simulation/build/my_drone_vision/install.log --single-version-externally-managed install_data
[63.332s] Level 1:colcon.colcon_core.environment:checking '/mnt/g/My Drive/Primary/skl-Course/SP26/EECS 206A - Introduction to Robotics/106a_final_project/drone_simulation/install/my_drone_vision' for CMake module files
[63.335s] DEBUG:colcon.colcon_core.event_handler.log_command:Invoked command in '/mnt/g/My Drive/Primary/skl-Course/SP26/EECS 206A - Introduction to Robotics/106a_final_project/drone_simulation/src/my_drone_vision' returned '0': AMENT_PREFIX_PATH=/mnt/g/My Drive/Primary/skl-Course/SP26/EECS 206A - Introduction to Robotics/106a_final_project/drone_simulation/install/tello_msgs:${AMENT_PREFIX_PATH} CMAKE_PREFIX_PATH=/mnt/g/My Drive/Primary/skl-Course/SP26/EECS 206A - Introduction to Robotics/106a_final_project/drone_simulation/install/tello_msgs LD_LIBRARY_PATH=/mnt/g/My Drive/Primary/skl-Course/SP26/EECS 206A - Introduction to Robotics/106a_final_project/drone_simulation/install/tello_msgs/lib:${LD_LIBRARY_PATH} PYTHONPATH=/mnt/g/My Drive/Primary/skl-Course/SP26/EECS 206A - Introduction to Robotics/106a_final_project/drone_simulation/build/my_drone_vision/prefix_override:/usr/lib/python3/dist-packages/colcon_core/task/python/colcon_distutils_commands:/mnt/g/My Drive/Primary/skl-Course/SP26/EECS 206A - Introduction to Robotics/106a_final_project/drone_simulation/install/my_drone_vision/lib/python3.10/site-packages:/mnt/g/My Drive/Primary/skl-Course/SP26/EECS 206A - Introduction to Robotics/106a_final_project/drone_simulation/install/tello_msgs/local/lib/python3.10/dist-packages:${PYTHONPATH} /usr/bin/python3 -W ignore:setup.py install is deprecated -W ignore:easy_install command is deprecated setup.py egg_info --egg-base ../../build/my_drone_vision build --build-base /mnt/g/My Drive/Primary/skl-Course/SP26/EECS 206A - Introduction to Robotics/106a_final_project/drone_simulation/build/my_drone_vision/build install --record /mnt/g/My Drive/Primary/skl-Course/SP26/EECS 206A - Introduction to Robotics/106a_final_project/drone_simulation/build/my_drone_vision/install.log --single-version-externally-managed install_data
[63.576s] Level 1:colcon.colcon_core.environment:checking '/mnt/g/My Drive/Primary/skl-Course/SP26/EECS 206A - Introduction to Robotics/106a_final_project/drone_simulation/install/my_drone_vision' for CMake config files
[64.073s] Level 1:colcon.colcon_core.environment:checking '/mnt/g/My Drive/Primary/skl-Course/SP26/EECS 206A - Introduction to Robotics/106a_final_project/drone_simulation/install/my_drone_vision/lib'
[64.086s] Level 1:colcon.colcon_core.environment:checking '/mnt/g/My Drive/Primary/skl-Course/SP26/EECS 206A - Introduction to Robotics/106a_final_project/drone_simulation/install/my_drone_vision/bin'
[64.090s] Level 1:colcon.colcon_core.environment:checking '/mnt/g/My Drive/Primary/skl-Course/SP26/EECS 206A - Introduction to Robotics/106a_final_project/drone_simulation/install/my_drone_vision/lib/pkgconfig/my_drone_vision.pc'
[64.094s] Level 1:colcon.colcon_core.environment:checking '/mnt/g/My Drive/Primary/skl-Course/SP26/EECS 206A - Introduction to Robotics/106a_final_project/drone_simulation/install/my_drone_vision/lib/python3.10/site-packages'
[64.104s] Level 1:colcon.colcon_core.shell:create_environment_hook('my_drone_vision', 'pythonpath')
[64.105s] INFO:colcon.colcon_core.shell:Creating environment hook '/mnt/g/My Drive/Primary/skl-Course/SP26/EECS 206A - Introduction to Robotics/106a_final_project/drone_simulation/install/my_drone_vision/share/my_drone_vision/hook/pythonpath.ps1'
[64.204s] INFO:colcon.colcon_core.shell:Creating environment descriptor '/mnt/g/My Drive/Primary/skl-Course/SP26/EECS 206A - Introduction to Robotics/106a_final_project/drone_simulation/install/my_drone_vision/share/my_drone_vision/hook/pythonpath.dsv'
[64.281s] INFO:colcon.colcon_core.shell:Creating environment hook '/mnt/g/My Drive/Primary/skl-Course/SP26/EECS 206A - Introduction to Robotics/106a_final_project/drone_simulation/install/my_drone_vision/share/my_drone_vision/hook/pythonpath.sh'
[64.375s] Level 1:colcon.colcon_core.environment:checking '/mnt/g/My Drive/Primary/skl-Course/SP26/EECS 206A - Introduction to Robotics/106a_final_project/drone_simulation/install/my_drone_vision/bin'
[64.381s] Level 1:colcon.colcon_core.environment:create_environment_scripts_only(my_drone_vision)
[64.382s] INFO:colcon.colcon_core.shell:Creating package script '/mnt/g/My Drive/Primary/skl-Course/SP26/EECS 206A - Introduction to Robotics/106a_final_project/drone_simulation/install/my_drone_vision/share/my_drone_vision/package.ps1'
[64.455s] INFO:colcon.colcon_core.shell:Creating package descriptor '/mnt/g/My Drive/Primary/skl-Course/SP26/EECS 206A - Introduction to Robotics/106a_final_project/drone_simulation/install/my_drone_vision/share/my_drone_vision/package.dsv'
[64.534s] INFO:colcon.colcon_core.shell:Creating package script '/mnt/g/My Drive/Primary/skl-Course/SP26/EECS 206A - Introduction to Robotics/106a_final_project/drone_simulation/install/my_drone_vision/share/my_drone_vision/package.sh'
[64.605s] INFO:colcon.colcon_core.shell:Creating package script '/mnt/g/My Drive/Primary/skl-Course/SP26/EECS 206A - Introduction to Robotics/106a_final_project/drone_simulation/install/my_drone_vision/share/my_drone_vision/package.bash'
[64.677s] INFO:colcon.colcon_core.shell:Creating package script '/mnt/g/My Drive/Primary/skl-Course/SP26/EECS 206A - Introduction to Robotics/106a_final_project/drone_simulation/install/my_drone_vision/share/my_drone_vision/package.zsh'
[64.759s] Level 1:colcon.colcon_core.environment:create_file_with_runtime_dependencies(/mnt/g/My Drive/Primary/skl-Course/SP26/EECS 206A - Introduction to Robotics/106a_final_project/drone_simulation/install/my_drone_vision/share/colcon-core/packages/my_drone_vision)
[100.411s] DEBUG:colcon.colcon_core.event_handler.log_command:Invoked command in '/mnt/g/My Drive/Primary/skl-Course/SP26/EECS 206A - Introduction to Robotics/106a_final_project/drone_simulation/build/tello_driver' returned '0': AMENT_PREFIX_PATH=/mnt/g/My Drive/Primary/skl-Course/SP26/EECS 206A - Introduction to Robotics/106a_final_project/drone_simulation/install/tello_msgs:/mnt/g/My Drive/Primary/skl-Course/SP26/EECS 206A - Introduction to Robotics/106a_final_project/drone_simulation/install/ros2_shared:${AMENT_PREFIX_PATH} CMAKE_PREFIX_PATH=/mnt/g/My Drive/Primary/skl-Course/SP26/EECS 206A - Introduction to Robotics/106a_final_project/drone_simulation/install/tello_msgs:/mnt/g/My Drive/Primary/skl-Course/SP26/EECS 206A - Introduction to Robotics/106a_final_project/drone_simulation/install/ros2_shared:/opt/ros/humble LD_LIBRARY_PATH=/mnt/g/My Drive/Primary/skl-Course/SP26/EECS 206A - Introduction to Robotics/106a_final_project/drone_simulation/install/tello_msgs/lib:${LD_LIBRARY_PATH} PYTHONPATH=/mnt/g/My Drive/Primary/skl-Course/SP26/EECS 206A - Introduction to Robotics/106a_final_project/drone_simulation/install/tello_msgs/local/lib/python3.10/dist-packages:${PYTHONPATH} /usr/bin/cmake /mnt/g/My Drive/Primary/skl-Course/SP26/EECS 206A - Introduction to Robotics/106a_final_project/drone_simulation/src/tello_ros/tello_driver -DCMAKE_INSTALL_PREFIX=/mnt/g/My Drive/Primary/skl-Course/SP26/EECS 206A - Introduction to Robotics/106a_final_project/drone_simulation/install/tello_driver
[100.443s] DEBUG:colcon.colcon_core.event_handler.log_command:Invoking command in '/mnt/g/My Drive/Primary/skl-Course/SP26/EECS 206A - Introduction to Robotics/106a_final_project/drone_simulation/build/tello_driver': AMENT_PREFIX_PATH=/mnt/g/My Drive/Primary/skl-Course/SP26/EECS 206A - Introduction to Robotics/106a_final_project/drone_simulation/install/tello_msgs:/mnt/g/My Drive/Primary/skl-Course/SP26/EECS 206A - Introduction to Robotics/106a_final_project/drone_simulation/install/ros2_shared:${AMENT_PREFIX_PATH} CMAKE_PREFIX_PATH=/mnt/g/My Drive/Primary/skl-Course/SP26/EECS 206A - Introduction to Robotics/106a_final_project/drone_simulation/install/tello_msgs:/mnt/g/My Drive/Primary/skl-Course/SP26/EECS 206A - Introduction to Robotics/106a_final_project/drone_simulation/install/ros2_shared:/opt/ros/humble LD_LIBRARY_PATH=/mnt/g/My Drive/Primary/skl-Course/SP26/EECS 206A - Introduction to Robotics/106a_final_project/drone_simulation/install/tello_msgs/lib:${LD_LIBRARY_PATH} PYTHONPATH=/mnt/g/My Drive/Primary/skl-Course/SP26/EECS 206A - Introduction to Robotics/106a_final_project/drone_simulation/install/tello_msgs/local/lib/python3.10/dist-packages:${PYTHONPATH} /usr/bin/cmake --build /mnt/g/My Drive/Primary/skl-Course/SP26/EECS 206A - Introduction to Robotics/106a_final_project/drone_simulation/build/tello_driver -- -j16 -l16
[174.907s] DEBUG:colcon.colcon_core.event_handler.log_command:Invoked command in '/mnt/g/My Drive/Primary/skl-Course/SP26/EECS 206A - Introduction to Robotics/106a_final_project/drone_simulation/build/tello_gazebo' returned '0': AMENT_PREFIX_PATH=/mnt/g/My Drive/Primary/skl-Course/SP26/EECS 206A - Introduction to Robotics/106a_final_project/drone_simulation/install/tello_msgs:${AMENT_PREFIX_PATH} CMAKE_PREFIX_PATH=/mnt/g/My Drive/Primary/skl-Course/SP26/EECS 206A - Introduction to Robotics/106a_final_project/drone_simulation/install/tello_msgs:/opt/ros/humble LD_LIBRARY_PATH=/mnt/g/My Drive/Primary/skl-Course/SP26/EECS 206A - Introduction to Robotics/106a_final_project/drone_simulation/install/tello_msgs/lib:${LD_LIBRARY_PATH} PYTHONPATH=/mnt/g/My Drive/Primary/skl-Course/SP26/EECS 206A - Introduction to Robotics/106a_final_project/drone_simulation/install/tello_msgs/local/lib/python3.10/dist-packages:${PYTHONPATH} /usr/bin/cmake /mnt/g/My Drive/Primary/skl-Course/SP26/EECS 206A - Introduction to Robotics/106a_final_project/drone_simulation/src/tello_ros/tello_gazebo -DCMAKE_INSTALL_PREFIX=/mnt/g/My Drive/Primary/skl-Course/SP26/EECS 206A - Introduction to Robotics/106a_final_project/drone_simulation/install/tello_gazebo
[174.985s] DEBUG:colcon.colcon_core.event_handler.log_command:Invoking command in '/mnt/g/My Drive/Primary/skl-Course/SP26/EECS 206A - Introduction to Robotics/106a_final_project/drone_simulation/build/tello_gazebo': AMENT_PREFIX_PATH=/mnt/g/My Drive/Primary/skl-Course/SP26/EECS 206A - Introduction to Robotics/106a_final_project/drone_simulation/install/tello_msgs:${AMENT_PREFIX_PATH} CMAKE_PREFIX_PATH=/mnt/g/My Drive/Primary/skl-Course/SP26/EECS 206A - Introduction to Robotics/106a_final_project/drone_simulation/install/tello_msgs:/opt/ros/humble LD_LIBRARY_PATH=/mnt/g/My Drive/Primary/skl-Course/SP26/EECS 206A - Introduction to Robotics/106a_final_project/drone_simulation/install/tello_msgs/lib:${LD_LIBRARY_PATH} PYTHONPATH=/mnt/g/My Drive/Primary/skl-Course/SP26/EECS 206A - Introduction to Robotics/106a_final_project/drone_simulation/install/tello_msgs/local/lib/python3.10/dist-packages:${PYTHONPATH} /usr/bin/cmake --build /mnt/g/My Drive/Primary/skl-Course/SP26/EECS 206A - Introduction to Robotics/106a_final_project/drone_simulation/build/tello_gazebo -- -j16 -l16
[189.494s] DEBUG:colcon.colcon_core.event_handler.log_command:Invoked command in '/mnt/g/My Drive/Primary/skl-Course/SP26/EECS 206A - Introduction to Robotics/106a_final_project/drone_simulation/build/tello_driver' returned '2': AMENT_PREFIX_PATH=/mnt/g/My Drive/Primary/skl-Course/SP26/EECS 206A - Introduction to Robotics/106a_final_project/drone_simulation/install/tello_msgs:/mnt/g/My Drive/Primary/skl-Course/SP26/EECS 206A - Introduction to Robotics/106a_final_project/drone_simulation/install/ros2_shared:${AMENT_PREFIX_PATH} CMAKE_PREFIX_PATH=/mnt/g/My Drive/Primary/skl-Course/SP26/EECS 206A - Introduction to Robotics/106a_final_project/drone_simulation/install/tello_msgs:/mnt/g/My Drive/Primary/skl-Course/SP26/EECS 206A - Introduction to Robotics/106a_final_project/drone_simulation/install/ros2_shared:/opt/ros/humble LD_LIBRARY_PATH=/mnt/g/My Drive/Primary/skl-Course/SP26/EECS 206A - Introduction to Robotics/106a_final_project/drone_simulation/install/tello_msgs/lib:${LD_LIBRARY_PATH} PYTHONPATH=/mnt/g/My Drive/Primary/skl-Course/SP26/EECS 206A - Introduction to Robotics/106a_final_project/drone_simulation/install/tello_msgs/local/lib/python3.10/dist-packages:${PYTHONPATH} /usr/bin/cmake --build /mnt/g/My Drive/Primary/skl-Course/SP26/EECS 206A - Introduction to Robotics/106a_final_project/drone_simulation/build/tello_driver -- -j16 -l16
[189.582s] Level 1:colcon.colcon_core.environment:create_environment_scripts_only(tello_driver)
[189.583s] Level 1:colcon.colcon_core.environment:checking '/mnt/g/My Drive/Primary/skl-Course/SP26/EECS 206A - Introduction to Robotics/106a_final_project/drone_simulation/install/tello_driver' for CMake module files
[189.605s] Level 1:colcon.colcon_core.environment:checking '/mnt/g/My Drive/Primary/skl-Course/SP26/EECS 206A - Introduction to Robotics/106a_final_project/drone_simulation/install/tello_driver' for CMake config files
[189.607s] Level 1:colcon.colcon_core.environment:checking '/mnt/g/My Drive/Primary/skl-Course/SP26/EECS 206A - Introduction to Robotics/106a_final_project/drone_simulation/install/tello_driver/bin'
[189.608s] Level 1:colcon.colcon_core.environment:checking '/mnt/g/My Drive/Primary/skl-Course/SP26/EECS 206A - Introduction to Robotics/106a_final_project/drone_simulation/install/tello_driver/lib/pkgconfig/tello_driver.pc'
[189.610s] Level 1:colcon.colcon_core.environment:checking '/mnt/g/My Drive/Primary/skl-Course/SP26/EECS 206A - Introduction to Robotics/106a_final_project/drone_simulation/install/tello_driver/lib/python3.10/site-packages'
[189.612s] Level 1:colcon.colcon_core.environment:checking '/mnt/g/My Drive/Primary/skl-Course/SP26/EECS 206A - Introduction to Robotics/106a_final_project/drone_simulation/install/tello_driver/bin'
[189.613s] INFO:colcon.colcon_core.shell:Creating package script '/mnt/g/My Drive/Primary/skl-Course/SP26/EECS 206A - Introduction to Robotics/106a_final_project/drone_simulation/install/tello_driver/share/tello_driver/package.ps1'
[189.681s] INFO:colcon.colcon_core.shell:Creating package descriptor '/mnt/g/My Drive/Primary/skl-Course/SP26/EECS 206A - Introduction to Robotics/106a_final_project/drone_simulation/install/tello_driver/share/tello_driver/package.dsv'
[189.727s] INFO:colcon.colcon_core.shell:Creating package script '/mnt/g/My Drive/Primary/skl-Course/SP26/EECS 206A - Introduction to Robotics/106a_final_project/drone_simulation/install/tello_driver/share/tello_driver/package.sh'
[189.774s] INFO:colcon.colcon_core.shell:Creating package script '/mnt/g/My Drive/Primary/skl-Course/SP26/EECS 206A - Introduction to Robotics/106a_final_project/drone_simulation/install/tello_driver/share/tello_driver/package.bash'
[189.825s] INFO:colcon.colcon_core.shell:Creating package script '/mnt/g/My Drive/Primary/skl-Course/SP26/EECS 206A - Introduction to Robotics/106a_final_project/drone_simulation/install/tello_driver/share/tello_driver/package.zsh'
[189.877s] Level 1:colcon.colcon_core.environment:create_file_with_runtime_dependencies(/mnt/g/My Drive/Primary/skl-Course/SP26/EECS 206A - Introduction to Robotics/106a_final_project/drone_simulation/install/tello_driver/share/colcon-core/packages/tello_driver)
[422.549s] DEBUG:colcon.colcon_parallel_executor.executor.parallel:closing loop
[422.551s] DEBUG:colcon.colcon_parallel_executor.executor.parallel:loop closed
[422.551s] DEBUG:colcon.colcon_parallel_executor.executor.parallel:run_until_complete finished with '2'
[422.553s] DEBUG:colcon.colcon_core.event_reactor:joining thread
[422.668s] INFO:colcon.colcon_core.plugin_system:Skipping extension 'colcon_notification.desktop_notification.notify_send': Could not find 'notify-send'
[422.668s] INFO:colcon.colcon_core.plugin_system:Skipping extension 'colcon_notification.desktop_notification.terminal_notifier': Not used on non-Darwin systems
[422.669s] INFO:colcon.colcon_core.plugin_system:Skipping extension 'colcon_notification.desktop_notification.win32': Not used on non-Windows systems
[422.669s] INFO:colcon.colcon_notification.desktop_notification:Sending desktop notification using 'notify2'
[422.671s] DEBUG:colcon.colcon_notification.desktop_notification.notify2:Failed to initialize notify2: org.freedesktop.DBus.Error.FileNotFound: Failed to connect to socket /run/user/1000/bus: No such file or directory
[422.671s] DEBUG:colcon.colcon_core.event_reactor:joined thread
[422.673s] INFO:colcon.colcon_core.shell:Creating prefix script '/mnt/g/My Drive/Primary/skl-Course/SP26/EECS 206A - Introduction to Robotics/106a_final_project/drone_simulation/install/local_setup.ps1'
[422.702s] INFO:colcon.colcon_core.shell:Creating prefix util module '/mnt/g/My Drive/Primary/skl-Course/SP26/EECS 206A - Introduction to Robotics/106a_final_project/drone_simulation/install/_local_setup_util_ps1.py'
[422.795s] INFO:colcon.colcon_core.shell:Creating prefix chain script '/mnt/g/My Drive/Primary/skl-Course/SP26/EECS 206A - Introduction to Robotics/106a_final_project/drone_simulation/install/setup.ps1'
[422.826s] INFO:colcon.colcon_core.shell:Creating prefix script '/mnt/g/My Drive/Primary/skl-Course/SP26/EECS 206A - Introduction to Robotics/106a_final_project/drone_simulation/install/local_setup.sh'
[422.852s] INFO:colcon.colcon_core.shell:Creating prefix util module '/mnt/g/My Drive/Primary/skl-Course/SP26/EECS 206A - Introduction to Robotics/106a_final_project/drone_simulation/install/_local_setup_util_sh.py'
[422.891s] INFO:colcon.colcon_core.shell:Creating prefix chain script '/mnt/g/My Drive/Primary/skl-Course/SP26/EECS 206A - Introduction to Robotics/106a_final_project/drone_simulation/install/setup.sh'
[422.926s] INFO:colcon.colcon_core.shell:Creating prefix script '/mnt/g/My Drive/Primary/skl-Course/SP26/EECS 206A - Introduction to Robotics/106a_final_project/drone_simulation/install/local_setup.bash'
[422.952s] INFO:colcon.colcon_core.shell:Creating prefix chain script '/mnt/g/My Drive/Primary/skl-Course/SP26/EECS 206A - Introduction to Robotics/106a_final_project/drone_simulation/install/setup.bash'
[422.977s] INFO:colcon.colcon_core.shell:Creating prefix script '/mnt/g/My Drive/Primary/skl-Course/SP26/EECS 206A - Introduction to Robotics/106a_final_project/drone_simulation/install/local_setup.zsh'
[423.002s] INFO:colcon.colcon_core.shell:Creating prefix chain script '/mnt/g/My Drive/Primary/skl-Course/SP26/EECS 206A - Introduction to Robotics/106a_final_project/drone_simulation/install/setup.zsh'
