[0.055s] Invoking command in '/home/tyler/ros_workspaces/drone_simulation/build/tello_driver': AMENT_PREFIX_PATH=/home/tyler/ros_workspaces/drone_simulation/install/tello_msgs:/home/tyler/ros_workspaces/drone_simulation/install/ros2_shared:${AMENT_PREFIX_PATH} CMAKE_PREFIX_PATH=/home/tyler/ros_workspaces/drone_simulation/install/tello_msgs:/home/tyler/ros_workspaces/drone_simulation/install/ros2_shared:/opt/ros/humble LD_LIBRARY_PATH=/home/tyler/ros_workspaces/drone_simulation/install/tello_msgs/lib:/usr/lib/x86_64-linux-gnu/gazebo-11/plugins:/opt/ros/humble/lib/x86_64-linux-gnu:/opt/ros/humble/lib:/usr/lib/x86_64-linux-gnu/nvidia:/usr/lib/x86_64-linux-gnu/nvidia PYTHONPATH=/home/tyler/ros_workspaces/drone_simulation/install/tello_msgs/local/lib/python3.10/dist-packages:${PYTHONPATH} /usr/bin/cmake --build /home/tyler/ros_workspaces/drone_simulation/build/tello_driver -- -j24 -l24
[0.116s] [  9%] Built target tello_emulator
[0.122s] [ 18%] Built target tello_joy_node
[0.122s] [ 31%] Built target tello_joy_main
[0.127s] [ 68%] Built target tello_driver_main
[0.128s] [100%] Built target tello_driver_node
[0.135s] Invoked command in '/home/tyler/ros_workspaces/drone_simulation/build/tello_driver' returned '0': AMENT_PREFIX_PATH=/home/tyler/ros_workspaces/drone_simulation/install/tello_msgs:/home/tyler/ros_workspaces/drone_simulation/install/ros2_shared:${AMENT_PREFIX_PATH} CMAKE_PREFIX_PATH=/home/tyler/ros_workspaces/drone_simulation/install/tello_msgs:/home/tyler/ros_workspaces/drone_simulation/install/ros2_shared:/opt/ros/humble LD_LIBRARY_PATH=/home/tyler/ros_workspaces/drone_simulation/install/tello_msgs/lib:/usr/lib/x86_64-linux-gnu/gazebo-11/plugins:/opt/ros/humble/lib/x86_64-linux-gnu:/opt/ros/humble/lib:/usr/lib/x86_64-linux-gnu/nvidia:/usr/lib/x86_64-linux-gnu/nvidia PYTHONPATH=/home/tyler/ros_workspaces/drone_simulation/install/tello_msgs/local/lib/python3.10/dist-packages:${PYTHONPATH} /usr/bin/cmake --build /home/tyler/ros_workspaces/drone_simulation/build/tello_driver -- -j24 -l24
[0.137s] Invoking command in '/home/tyler/ros_workspaces/drone_simulation/build/tello_driver': AMENT_PREFIX_PATH=/home/tyler/ros_workspaces/drone_simulation/install/tello_msgs:/home/tyler/ros_workspaces/drone_simulation/install/ros2_shared:${AMENT_PREFIX_PATH} CMAKE_PREFIX_PATH=/home/tyler/ros_workspaces/drone_simulation/install/tello_msgs:/home/tyler/ros_workspaces/drone_simulation/install/ros2_shared:/opt/ros/humble LD_LIBRARY_PATH=/home/tyler/ros_workspaces/drone_simulation/install/tello_msgs/lib:/usr/lib/x86_64-linux-gnu/gazebo-11/plugins:/opt/ros/humble/lib/x86_64-linux-gnu:/opt/ros/humble/lib:/usr/lib/x86_64-linux-gnu/nvidia:/usr/lib/x86_64-linux-gnu/nvidia PYTHONPATH=/home/tyler/ros_workspaces/drone_simulation/install/tello_msgs/local/lib/python3.10/dist-packages:${PYTHONPATH} /usr/bin/cmake --install /home/tyler/ros_workspaces/drone_simulation/build/tello_driver
[0.142s] -- Install configuration: ""
[0.143s] -- Up-to-date: /home/tyler/ros_workspaces/drone_simulation/install/tello_driver/share/tello_driver/environment/library_path.sh
[0.143s] -- Up-to-date: /home/tyler/ros_workspaces/drone_simulation/install/tello_driver/share/tello_driver/environment/library_path.dsv
[0.145s] -- Up-to-date: /home/tyler/ros_workspaces/drone_simulation/install/tello_driver/lib/libtello_driver_node.so
[0.147s] -- Up-to-date: /home/tyler/ros_workspaces/drone_simulation/install/tello_driver/lib/libtello_joy_node.so
[0.148s] -- Up-to-date: /home/tyler/ros_workspaces/drone_simulation/install/tello_driver/lib/tello_driver/tello_driver_main
[0.150s] -- Up-to-date: /home/tyler/ros_workspaces/drone_simulation/install/tello_driver/lib/tello_driver/tello_joy_main
[0.151s] -- Up-to-date: /home/tyler/ros_workspaces/drone_simulation/install/tello_driver/lib/tello_driver/tello_emulator
[0.151s] -- Up-to-date: /home/tyler/ros_workspaces/drone_simulation/install/tello_driver/share/tello_driver/cfg
[0.152s] -- Up-to-date: /home/tyler/ros_workspaces/drone_simulation/install/tello_driver/share/tello_driver/cfg/camera_info.yaml
[0.152s] -- Up-to-date: /home/tyler/ros_workspaces/drone_simulation/install/tello_driver/share/tello_driver/launch
[0.153s] -- Up-to-date: /home/tyler/ros_workspaces/drone_simulation/install/tello_driver/share/tello_driver/launch/emulators_launch.py
[0.153s] -- Up-to-date: /home/tyler/ros_workspaces/drone_simulation/install/tello_driver/share/tello_driver/launch/teleop_launch.py
[0.153s] -- Up-to-date: /home/tyler/ros_workspaces/drone_simulation/install/tello_driver/share/tello_driver/launch/emulator_launch.py
[0.154s] -- Up-to-date: /home/tyler/ros_workspaces/drone_simulation/install/tello_driver/share/ament_index/resource_index/package_run_dependencies/tello_driver
[0.155s] -- Up-to-date: /home/tyler/ros_workspaces/drone_simulation/install/tello_driver/share/ament_index/resource_index/parent_prefix_path/tello_driver
[0.155s] -- Up-to-date: /home/tyler/ros_workspaces/drone_simulation/install/tello_driver/share/tello_driver/environment/ament_prefix_path.sh
[0.155s] -- Up-to-date: /home/tyler/ros_workspaces/drone_simulation/install/tello_driver/share/tello_driver/environment/ament_prefix_path.dsv
[0.155s] -- Up-to-date: /home/tyler/ros_workspaces/drone_simulation/install/tello_driver/share/tello_driver/environment/path.sh
[0.155s] -- Up-to-date: /home/tyler/ros_workspaces/drone_simulation/install/tello_driver/share/tello_driver/environment/path.dsv
[0.156s] -- Up-to-date: /home/tyler/ros_workspaces/drone_simulation/install/tello_driver/share/tello_driver/local_setup.bash
[0.156s] -- Up-to-date: /home/tyler/ros_workspaces/drone_simulation/install/tello_driver/share/tello_driver/local_setup.sh
[0.156s] -- Up-to-date: /home/tyler/ros_workspaces/drone_simulation/install/tello_driver/share/tello_driver/local_setup.zsh
[0.156s] -- Up-to-date: /home/tyler/ros_workspaces/drone_simulation/install/tello_driver/share/tello_driver/local_setup.dsv
[0.156s] -- Installing: /home/tyler/ros_workspaces/drone_simulation/install/tello_driver/share/tello_driver/package.dsv
[0.158s] -- Up-to-date: /home/tyler/ros_workspaces/drone_simulation/install/tello_driver/share/ament_index/resource_index/packages/tello_driver
[0.158s] -- Up-to-date: /home/tyler/ros_workspaces/drone_simulation/install/tello_driver/share/ament_index/resource_index/rclcpp_components/tello_driver
[0.158s] -- Up-to-date: /home/tyler/ros_workspaces/drone_simulation/install/tello_driver/share/tello_driver/cmake/tello_driverConfig.cmake
[0.158s] -- Up-to-date: /home/tyler/ros_workspaces/drone_simulation/install/tello_driver/share/tello_driver/cmake/tello_driverConfig-version.cmake
[0.158s] -- Up-to-date: /home/tyler/ros_workspaces/drone_simulation/install/tello_driver/share/tello_driver/package.xml
[0.159s] Invoked command in '/home/tyler/ros_workspaces/drone_simulation/build/tello_driver' returned '0': AMENT_PREFIX_PATH=/home/tyler/ros_workspaces/drone_simulation/install/tello_msgs:/home/tyler/ros_workspaces/drone_simulation/install/ros2_shared:${AMENT_PREFIX_PATH} CMAKE_PREFIX_PATH=/home/tyler/ros_workspaces/drone_simulation/install/tello_msgs:/home/tyler/ros_workspaces/drone_simulation/install/ros2_shared:/opt/ros/humble LD_LIBRARY_PATH=/home/tyler/ros_workspaces/drone_simulation/install/tello_msgs/lib:/usr/lib/x86_64-linux-gnu/gazebo-11/plugins:/opt/ros/humble/lib/x86_64-linux-gnu:/opt/ros/humble/lib:/usr/lib/x86_64-linux-gnu/nvidia:/usr/lib/x86_64-linux-gnu/nvidia PYTHONPATH=/home/tyler/ros_workspaces/drone_simulation/install/tello_msgs/local/lib/python3.10/dist-packages:${PYTHONPATH} /usr/bin/cmake --install /home/tyler/ros_workspaces/drone_simulation/build/tello_driver
