In file included from [01m[K/mnt/g/My Drive/Primary/skl-Course/SP26/EECS 206A - Introduction to Robotics/106a_final_project/drone_simulation/src/tello_ros/tello_driver/src/tello_socket.cpp:1[m[K:
[01m[K/mnt/g/My Drive/Primary/skl-Course/SP26/EECS 206A - Introduction to Robotics/106a_final_project/drone_simulation/src/tello_ros/tello_driver/include/tello_driver_node.hpp:1:10:[m[K [01;31m[Kfatal error: [m[Kasio.hpp: No such file or directory
    1 | #include [01;31m[K<asio.hpp>[m[K
      |          [01;31m[K^~~~~~~~~~[m[K
In file included from [01m[K/mnt/g/My Drive/Primary/skl-Course/SP26/EECS 206A - Introduction to Robotics/106a_final_project/drone_simulation/src/tello_ros/tello_driver/src/tello_driver_node.cpp:1[m[K:
[01m[K/mnt/g/My Drive/Primary/skl-Course/SP26/EECS 206A - Introduction to Robotics/106a_final_project/drone_simulation/src/tello_ros/tello_driver/include/tello_driver_node.hpp:1:10:[m[K [01;31m[Kfatal error: [m[Kasio.hpp: No such file or directory
    1 | #include [01;31m[K<asio.hpp>[m[K
      |          [01;31m[K^~~~~~~~~~[m[K
compilation terminated.
compilation terminated.
gmake[2]: *** [CMakeFiles/tello_driver_node.dir/build.make:90: CMakeFiles/tello_driver_node.dir/src/tello_socket.cpp.o] Error 1
gmake[2]: *** Waiting for unfinished jobs....
gmake[2]: *** [CMakeFiles/tello_driver_node.dir/build.make:76: CMakeFiles/tello_driver_node.dir/src/tello_driver_node.cpp.o] Error 1
In file included from [01m[K/mnt/g/My Drive/Primary/skl-Course/SP26/EECS 206A - Introduction to Robotics/106a_final_project/drone_simulation/src/tello_ros/tello_driver/src/tello_driver_main.cpp:1[m[K:
[01m[K/mnt/g/My Drive/Primary/skl-Course/SP26/EECS 206A - Introduction to Robotics/106a_final_project/drone_simulation/src/tello_ros/tello_driver/include/tello_driver_node.hpp:1:10:[m[K [01;31m[Kfatal error: [m[Kasio.hpp: No such file or directory
    1 | #include [01;31m[K<asio.hpp>[m[K
      |          [01;31m[K^~~~~~~~~~[m[K
compilation terminated.
gmake[2]: *** [CMakeFiles/tello_driver_main.dir/build.make:76: CMakeFiles/tello_driver_main.dir/src/tello_driver_main.cpp.o] Error 1
In file included from [01m[K/mnt/g/My Drive/Primary/skl-Course/SP26/EECS 206A - Introduction to Robotics/106a_final_project/drone_simulation/src/tello_ros/tello_driver/src/video_socket.cpp:1[m[K:
[01m[K/mnt/g/My Drive/Primary/skl-Course/SP26/EECS 206A - Introduction to Robotics/106a_final_project/drone_simulation/src/tello_ros/tello_driver/include/tello_driver_node.hpp:1:10:[m[K [01;31m[Kfatal error: [m[Kasio.hpp: No such file or directory
    1 | #include [01;31m[K<asio.hpp>[m[K
      |          [01;31m[K^~~~~~~~~~[m[K
In file included from [01m[K/mnt/g/My Drive/Primary/skl-Course/SP26/EECS 206A - Introduction to Robotics/106a_final_project/drone_simulation/src/tello_ros/tello_driver/src/state_socket.cpp:1[m[K:
[01m[K/mnt/g/My Drive/Primary/skl-Course/SP26/EECS 206A - Introduction to Robotics/106a_final_project/drone_simulation/src/tello_ros/tello_driver/include/tello_driver_node.hpp:1:10:[m[K [01;31m[Kfatal error: [m[Kasio.hpp: No such file or directory
    1 | #include [01;31m[K<asio.hpp>[m[K
      |          [01;31m[K^~~~~~~~~~[m[K
In file included from [01m[K/mnt/g/My Drive/Primary/skl-Course/SP26/EECS 206A - Introduction to Robotics/106a_final_project/drone_simulation/src/tello_ros/tello_driver/src/command_socket.cpp:1[m[K:
[01m[K/mnt/g/My Drive/Primary/skl-Course/SP26/EECS 206A - Introduction to Robotics/106a_final_project/drone_simulation/src/tello_ros/tello_driver/include/tello_driver_node.hpp:1:10:[m[K [01;31m[Kfatal error: [m[Kasio.hpp: No such file or directory
    1 | #include [01;31m[K<asio.hpp>[m[K
      |          [01;31m[K^~~~~~~~~~[m[K
In file included from [01m[K/mnt/g/My Drive/Primary/skl-Course/SP26/EECS 206A - Introduction to Robotics/106a_final_project/drone_simulation/src/tello_ros/tello_driver/src/tello_driver_node.cpp:1[m[K:
[01m[K/mnt/g/My Drive/Primary/skl-Course/SP26/EECS 206A - Introduction to Robotics/106a_final_project/drone_simulation/src/tello_ros/tello_driver/include/tello_driver_node.hpp:1:10:[m[K [01;31m[Kfatal error: [m[Kasio.hpp: No such file or directory
    1 | #include [01;31m[K<asio.hpp>[m[K
      |          [01;31m[K^~~~~~~~~~[m[K
In file included from [01m[K/mnt/g/My Drive/Primary/skl-Course/SP26/EECS 206A - Introduction to Robotics/106a_final_project/drone_simulation/src/tello_ros/tello_driver/src/command_socket.cpp:1[m[K:
[01m[K/mnt/g/My Drive/Primary/skl-Course/SP26/EECS 206A - Introduction to Robotics/106a_final_project/drone_simulation/src/tello_ros/tello_driver/include/tello_driver_node.hpp:1:10:[m[K [01;31m[Kfatal error: [m[Kasio.hpp: No such file or directory
    1 | #include [01;31m[K<asio.hpp>[m[K
      |          [01;31m[K^~~~~~~~~~[m[K
compilation terminated.
compilation terminated.
compilation terminated.
compilation terminated.
compilation terminated.
gmake[2]: *** [CMakeFiles/tello_driver_node.dir/build.make:104: CMakeFiles/tello_driver_node.dir/src/command_socket.cpp.o] Error 1
gmake[2]: *** Waiting for unfinished jobs....
gmake[2]: *** [CMakeFiles/tello_driver_main.dir/build.make:90: CMakeFiles/tello_driver_main.dir/src/tello_driver_node.cpp.o] Error 1
gmake[2]: *** [CMakeFiles/tello_driver_node.dir/build.make:118: CMakeFiles/tello_driver_node.dir/src/state_socket.cpp.o] Error 1
gmake[2]: *** [CMakeFiles/tello_driver_main.dir/build.make:118: CMakeFiles/tello_driver_main.dir/src/command_socket.cpp.o] Error 1
gmake[2]: *** [CMakeFiles/tello_driver_node.dir/build.make:132: CMakeFiles/tello_driver_node.dir/src/video_socket.cpp.o] Error 1
In file included from [01m[K/mnt/g/My Drive/Primary/skl-Course/SP26/EECS 206A - Introduction to Robotics/106a_final_project/drone_simulation/src/tello_ros/tello_driver/src/state_socket.cpp:1[m[K:
[01m[K/mnt/g/My Drive/Primary/skl-Course/SP26/EECS 206A - Introduction to Robotics/106a_final_project/drone_simulation/src/tello_ros/tello_driver/include/tello_driver_node.hpp:1:10:[m[K [01;31m[Kfatal error: [m[Kasio.hpp: No such file or directory
    1 | #include [01;31m[K<asio.hpp>[m[K
      |          [01;31m[K^~~~~~~~~~[m[K
compilation terminated.
gmake[2]: *** [CMakeFiles/tello_driver_main.dir/build.make:132: CMakeFiles/tello_driver_main.dir/src/state_socket.cpp.o] Error 1
In file included from [01m[K/mnt/g/My Drive/Primary/skl-Course/SP26/EECS 206A - Introduction to Robotics/106a_final_project/drone_simulation/src/tello_ros/tello_driver/src/tello_socket.cpp:1[m[K:
[01m[K/mnt/g/My Drive/Primary/skl-Course/SP26/EECS 206A - Introduction to Robotics/106a_final_project/drone_simulation/src/tello_ros/tello_driver/include/tello_driver_node.hpp:1:10:[m[K [01;31m[Kfatal error: [m[Kasio.hpp: No such file or directory
    1 | #include [01;31m[K<asio.hpp>[m[K
      |          [01;31m[K^~~~~~~~~~[m[K
compilation terminated.
gmake[2]: *** [CMakeFiles/tello_driver_main.dir/build.make:104: CMakeFiles/tello_driver_main.dir/src/tello_socket.cpp.o] Error 1
In file included from [01m[K/mnt/g/My Drive/Primary/skl-Course/SP26/EECS 206A - Introduction to Robotics/106a_final_project/drone_simulation/src/tello_ros/tello_driver/src/video_socket.cpp:1[m[K:
[01m[K/mnt/g/My Drive/Primary/skl-Course/SP26/EECS 206A - Introduction to Robotics/106a_final_project/drone_simulation/src/tello_ros/tello_driver/include/tello_driver_node.hpp:1:10:[m[K [01;31m[Kfatal error: [m[Kasio.hpp: No such file or directory
    1 | #include [01;31m[K<asio.hpp>[m[K
      |          [01;31m[K^~~~~~~~~~[m[K
compilation terminated.
gmake[2]: *** [CMakeFiles/tello_driver_main.dir/build.make:146: CMakeFiles/tello_driver_main.dir/src/video_socket.cpp.o] Error 1
[01m[K/mnt/g/My Drive/Primary/skl-Course/SP26/EECS 206A - Introduction to Robotics/106a_final_project/drone_simulation/src/tello_ros/tello_driver/src/tello_emulator.cpp:5:10:[m[K [01;31m[Kfatal error: [m[Kasio.hpp: No such file or directory
    5 | #include [01;31m[K<asio.hpp>[m[K
      |          [01;31m[K^~~~~~~~~~[m[K
compilation terminated.
gmake[2]: *** [CMakeFiles/tello_emulator.dir/build.make:76: CMakeFiles/tello_emulator.dir/src/tello_emulator.cpp.o] Error 1
gmake[1]: *** [CMakeFiles/Makefile2:171: CMakeFiles/tello_emulator.dir/all] Error 2
gmake[1]: *** Waiting for unfinished jobs....
gmake[1]: *** [CMakeFiles/Makefile2:145: CMakeFiles/tello_driver_node.dir/all] Error 2
gmake[1]: *** [CMakeFiles/Makefile2:223: CMakeFiles/tello_driver_main.dir/all] Error 2
gmake: *** [Makefile:146: all] Error 2
