[2.975s] Invoking command in '/mnt/g/My Drive/Primary/skl-Course/SP26/EECS 206A - Introduction to Robotics/106a_final_project/drone_simulation/build/tello_driver': AMENT_PREFIX_PATH=/mnt/g/My Drive/Primary/skl-Course/SP26/EECS 206A - Introduction to Robotics/106a_final_project/drone_simulation/install/tello_msgs:/mnt/g/My Drive/Primary/skl-Course/SP26/EECS 206A - Introduction to Robotics/106a_final_project/drone_simulation/install/ros2_shared:${AMENT_PREFIX_PATH} CMAKE_PREFIX_PATH=/mnt/g/My Drive/Primary/skl-Course/SP26/EECS 206A - Introduction to Robotics/106a_final_project/drone_simulation/install/tello_msgs:/mnt/g/My Drive/Primary/skl-Course/SP26/EECS 206A - Introduction to Robotics/106a_final_project/drone_simulation/install/ros2_shared:/opt/ros/humble LD_LIBRARY_PATH=/mnt/g/My Drive/Primary/skl-Course/SP26/EECS 206A - Introduction to Robotics/106a_final_project/drone_simulation/install/tello_msgs/lib:${LD_LIBRARY_PATH} PYTHONPATH=/mnt/g/My Drive/Primary/skl-Course/SP26/EECS 206A - Introduction to Robotics/106a_final_project/drone_simulation/install/tello_msgs/local/lib/python3.10/dist-packages:${PYTHONPATH} /usr/bin/cmake /mnt/g/My Drive/Primary/skl-Course/SP26/EECS 206A - Introduction to Robotics/106a_final_project/drone_simulation/src/tello_ros/tello_driver -DCMAKE_INSTALL_PREFIX=/mnt/g/My Drive/Primary/skl-Course/SP26/EECS 206A - Introduction to Robotics/106a_final_project/drone_simulation/install/tello_driver
[3.554s] -- Found ament_cmake: 1.3.14 (/opt/ros/humble/share/ament_cmake/cmake)
[5.870s] -- Found camera_calibration_parsers: 3.1.12 (/opt/ros/humble/share/camera_calibration_parsers/cmake)
[8.771s] -- Found rosidl_generator_c: 3.1.8 (/opt/ros/humble/share/rosidl_generator_c/cmake)
[9.288s] -- Found rosidl_adapter: 3.1.8 (/opt/ros/humble/share/rosidl_adapter/cmake)
[9.765s] -- Found rosidl_generator_cpp: 3.1.8 (/opt/ros/humble/share/rosidl_generator_cpp/cmake)
[10.237s] -- Using all available rosidl_typesupport_c: rosidl_typesupport_fastrtps_c;rosidl_typesupport_introspection_c
[10.962s] -- Using all available rosidl_typesupport_cpp: rosidl_typesupport_fastrtps_cpp;rosidl_typesupport_introspection_cpp
[14.259s] -- Found rmw_implementation_cmake: 6.1.2 (/opt/ros/humble/share/rmw_implementation_cmake/cmake)
[14.534s] -- Found rmw_fastrtps_cpp: 6.2.10 (/opt/ros/humble/share/rmw_fastrtps_cpp/cmake)
[19.671s] -- Found OpenSSL: /usr/lib/x86_64-linux-gnu/libcrypto.so (found version "3.0.2")  
[21.902s] -- Found FastRTPS: /opt/ros/humble/include  
[25.082s] -- Using RMW implementation 'rmw_fastrtps_cpp' as default
[26.139s] -- Looking for pthread.h
[30.539s] -- Looking for pthread.h - found
[30.610s] -- Performing Test CMAKE_HAVE_LIBC_PTHREAD
[35.168s] -- Performing Test CMAKE_HAVE_LIBC_PTHREAD - Success
[35.208s] -- Found Threads: TRUE  
[38.155s] -- Found class_loader: 2.2.0 (/opt/ros/humble/share/class_loader/cmake)
[38.861s] -- Found cv_bridge: 3.2.1 (/opt/ros/humble/share/cv_bridge/cmake)
[39.260s] -- Found OpenCV: /usr (found version "4.5.4") 
[39.573s] -- Found rclcpp_components: 16.0.19 (/opt/ros/humble/share/rclcpp_components/cmake)
[40.364s] -- Found ros2_shared: 0.1.0 (/mnt/g/My Drive/Primary/skl-Course/SP26/EECS 206A - Introduction to Robotics/106a_final_project/drone_simulation/install/ros2_shared/share/ros2_shared/cmake)
[40.910s] -- Found tello_msgs: 0.1.0 (/mnt/g/My Drive/Primary/skl-Course/SP26/EECS 206A - Introduction to Robotics/106a_final_project/drone_simulation/install/tello_msgs/share/tello_msgs/cmake)
[46.516s] -- Configuring done
[53.560s] -- Generating done
[55.491s] -- Build files have been written to: /mnt/g/My Drive/Primary/skl-Course/SP26/EECS 206A - Introduction to Robotics/106a_final_project/drone_simulation/build/tello_driver
[55.507s] Invoked command in '/mnt/g/My Drive/Primary/skl-Course/SP26/EECS 206A - Introduction to Robotics/106a_final_project/drone_simulation/build/tello_driver' returned '0': AMENT_PREFIX_PATH=/mnt/g/My Drive/Primary/skl-Course/SP26/EECS 206A - Introduction to Robotics/106a_final_project/drone_simulation/install/tello_msgs:/mnt/g/My Drive/Primary/skl-Course/SP26/EECS 206A - Introduction to Robotics/106a_final_project/drone_simulation/install/ros2_shared:${AMENT_PREFIX_PATH} CMAKE_PREFIX_PATH=/mnt/g/My Drive/Primary/skl-Course/SP26/EECS 206A - Introduction to Robotics/106a_final_project/drone_simulation/install/tello_msgs:/mnt/g/My Drive/Primary/skl-Course/SP26/EECS 206A - Introduction to Robotics/106a_final_project/drone_simulation/install/ros2_shared:/opt/ros/humble LD_LIBRARY_PATH=/mnt/g/My Drive/Primary/skl-Course/SP26/EECS 206A - Introduction to Robotics/106a_final_project/drone_simulation/install/tello_msgs/lib:${LD_LIBRARY_PATH} PYTHONPATH=/mnt/g/My Drive/Primary/skl-Course/SP26/EECS 206A - Introduction to Robotics/106a_final_project/drone_simulation/install/tello_msgs/local/lib/python3.10/dist-packages:${PYTHONPATH} /usr/bin/cmake /mnt/g/My Drive/Primary/skl-Course/SP26/EECS 206A - Introduction to Robotics/106a_final_project/drone_simulation/src/tello_ros/tello_driver -DCMAKE_INSTALL_PREFIX=/mnt/g/My Drive/Primary/skl-Course/SP26/EECS 206A - Introduction to Robotics/106a_final_project/drone_simulation/install/tello_driver
[55.539s] Invoking command in '/mnt/g/My Drive/Primary/skl-Course/SP26/EECS 206A - Introduction to Robotics/106a_final_project/drone_simulation/build/tello_driver': AMENT_PREFIX_PATH=/mnt/g/My Drive/Primary/skl-Course/SP26/EECS 206A - Introduction to Robotics/106a_final_project/drone_simulation/install/tello_msgs:/mnt/g/My Drive/Primary/skl-Course/SP26/EECS 206A - Introduction to Robotics/106a_final_project/drone_simulation/install/ros2_shared:${AMENT_PREFIX_PATH} CMAKE_PREFIX_PATH=/mnt/g/My Drive/Primary/skl-Course/SP26/EECS 206A - Introduction to Robotics/106a_final_project/drone_simulation/install/tello_msgs:/mnt/g/My Drive/Primary/skl-Course/SP26/EECS 206A - Introduction to Robotics/106a_final_project/drone_simulation/install/ros2_shared:/opt/ros/humble LD_LIBRARY_PATH=/mnt/g/My Drive/Primary/skl-Course/SP26/EECS 206A - Introduction to Robotics/106a_final_project/drone_simulation/install/tello_msgs/lib:${LD_LIBRARY_PATH} PYTHONPATH=/mnt/g/My Drive/Primary/skl-Course/SP26/EECS 206A - Introduction to Robotics/106a_final_project/drone_simulation/install/tello_msgs/local/lib/python3.10/dist-packages:${PYTHONPATH} /usr/bin/cmake --build /mnt/g/My Drive/Primary/skl-Course/SP26/EECS 206A - Introduction to Robotics/106a_final_project/drone_simulation/build/tello_driver -- -j16 -l16
[58.690s] [ 13%] [32mBuilding CXX object CMakeFiles/tello_joy_main.dir/src/tello_joy_main.cpp.o[0m
[58.701s] [ 13%] [32mBuilding CXX object CMakeFiles/tello_emulator.dir/src/tello_emulator.cpp.o[0m
[58.764s] [ 13%] [32mBuilding CXX object CMakeFiles/tello_joy_main.dir/src/tello_joy_node.cpp.o[0m
[58.928s] [ 27%] [32mBuilding CXX object CMakeFiles/tello_driver_node.dir/src/tello_driver_node.cpp.o[0m
[58.934s] [ 27%] [32mBuilding CXX object CMakeFiles/tello_driver_node.dir/src/tello_socket.cpp.o[0m
[58.939s] [ 27%] [32mBuilding CXX object CMakeFiles/tello_driver_main.dir/src/tello_driver_main.cpp.o[0m
[59.231s] [ 68%] [32mBuilding CXX object CMakeFiles/tello_joy_node.dir/src/tello_joy_node.cpp.o[0m
[59.240s] [ 68%] [32mBuilding CXX object CMakeFiles/tello_driver_main.dir/src/tello_socket.cpp.o[0m
[59.248s] [ 68%] [32mBuilding CXX object CMakeFiles/tello_driver_main.dir/src/tello_driver_node.cpp.o[0m
[59.256s] [ 68%] [32mBuilding CXX object CMakeFiles/tello_driver_node.dir/src/command_socket.cpp.o[0m
[59.272s] [ 68%] [32mBuilding CXX object CMakeFiles/tello_driver_node.dir/h264decoder/h264decoder.cpp.o[0m
[59.279s] [ 68%] [32mBuilding CXX object CMakeFiles/tello_driver_node.dir/src/video_socket.cpp.o[0m
[59.284s] [ 68%] [32mBuilding CXX object CMakeFiles/tello_driver_node.dir/src/state_socket.cpp.o[0m
[59.294s] [ 68%] [32mBuilding CXX object CMakeFiles/tello_driver_main.dir/src/command_socket.cpp.o[0m
[59.304s] [ 68%] [32mBuilding CXX object CMakeFiles/tello_driver_main.dir/src/state_socket.cpp.o[0m
[59.339s] [ 72%] [32mBuilding CXX object CMakeFiles/tello_driver_main.dir/src/video_socket.cpp.o[0m
[59.453s] In file included from [01m[K/mnt/g/My Drive/Primary/skl-Course/SP26/EECS 206A - Introduction to Robotics/106a_final_project/drone_simulation/src/tello_ros/tello_driver/src/tello_socket.cpp:1[m[K:
[59.468s] [01m[K/mnt/g/My Drive/Primary/skl-Course/SP26/EECS 206A - Introduction to Robotics/106a_final_project/drone_simulation/src/tello_ros/tello_driver/include/tello_driver_node.hpp:1:10:[m[K [01;31m[Kfatal error: [m[Kasio.hpp: No such file or directory
[59.476s]     1 | #include [01;31m[K<asio.hpp>[m[K
[59.485s]       |          [01;31m[K^~~~~~~~~~[m[K
[59.497s] In file included from [01m[K/mnt/g/My Drive/Primary/skl-Course/SP26/EECS 206A - Introduction to Robotics/106a_final_project/drone_simulation/src/tello_ros/tello_driver/src/tello_driver_node.cpp:1[m[K:
[59.518s] [01m[K/mnt/g/My Drive/Primary/skl-Course/SP26/EECS 206A - Introduction to Robotics/106a_final_project/drone_simulation/src/tello_ros/tello_driver/include/tello_driver_node.hpp:1:10:[m[K [01;31m[Kfatal error: [m[Kasio.hpp: No such file or directory
[59.530s]     1 | #include [01;31m[K<asio.hpp>[m[K
[59.538s]       |          [01;31m[K^~~~~~~~~~[m[K
[59.545s] compilation terminated.
[59.555s] compilation terminated.
[59.560s] gmake[2]: *** [CMakeFiles/tello_driver_node.dir/build.make:90: CMakeFiles/tello_driver_node.dir/src/tello_socket.cpp.o] Error 1
[59.567s] gmake[2]: *** Waiting for unfinished jobs....
[59.572s] gmake[2]: *** [CMakeFiles/tello_driver_node.dir/build.make:76: CMakeFiles/tello_driver_node.dir/src/tello_driver_node.cpp.o] Error 1
[59.577s] In file included from [01m[K/mnt/g/My Drive/Primary/skl-Course/SP26/EECS 206A - Introduction to Robotics/106a_final_project/drone_simulation/src/tello_ros/tello_driver/src/tello_driver_main.cpp:1[m[K:
[59.586s] [01m[K/mnt/g/My Drive/Primary/skl-Course/SP26/EECS 206A - Introduction to Robotics/106a_final_project/drone_simulation/src/tello_ros/tello_driver/include/tello_driver_node.hpp:1:10:[m[K [01;31m[Kfatal error: [m[Kasio.hpp: No such file or directory
[59.592s]     1 | #include [01;31m[K<asio.hpp>[m[K
[59.601s]       |          [01;31m[K^~~~~~~~~~[m[K
[59.609s] compilation terminated.
[59.615s] gmake[2]: *** [CMakeFiles/tello_driver_main.dir/build.make:76: CMakeFiles/tello_driver_main.dir/src/tello_driver_main.cpp.o] Error 1
[59.621s] In file included from [01m[K/mnt/g/My Drive/Primary/skl-Course/SP26/EECS 206A - Introduction to Robotics/106a_final_project/drone_simulation/src/tello_ros/tello_driver/src/video_socket.cpp:1[m[K:
[59.628s] [01m[K/mnt/g/My Drive/Primary/skl-Course/SP26/EECS 206A - Introduction to Robotics/106a_final_project/drone_simulation/src/tello_ros/tello_driver/include/tello_driver_node.hpp:1:10:[m[K [01;31m[Kfatal error: [m[Kasio.hpp: No such file or directory
[59.636s]     1 | #include [01;31m[K<asio.hpp>[m[K
[59.643s]       |          [01;31m[K^~~~~~~~~~[m[K
[59.648s] In file included from [01m[K/mnt/g/My Drive/Primary/skl-Course/SP26/EECS 206A - Introduction to Robotics/106a_final_project/drone_simulation/src/tello_ros/tello_driver/src/state_socket.cpp:1[m[K:
[59.652s] [01m[K/mnt/g/My Drive/Primary/skl-Course/SP26/EECS 206A - Introduction to Robotics/106a_final_project/drone_simulation/src/tello_ros/tello_driver/include/tello_driver_node.hpp:1:10:[m[K [01;31m[Kfatal error: [m[Kasio.hpp: No such file or directory
[59.660s]     1 | #include [01;31m[K<asio.hpp>[m[K
[59.664s]       |          [01;31m[K^~~~~~~~~~[m[K
[59.668s] In file included from [01m[K/mnt/g/My Drive/Primary/skl-Course/SP26/EECS 206A - Introduction to Robotics/106a_final_project/drone_simulation/src/tello_ros/tello_driver/src/command_socket.cpp:1[m[K:
[59.671s] [01m[K/mnt/g/My Drive/Primary/skl-Course/SP26/EECS 206A - Introduction to Robotics/106a_final_project/drone_simulation/src/tello_ros/tello_driver/include/tello_driver_node.hpp:1:10:[m[K [01;31m[Kfatal error: [m[Kasio.hpp: No such file or directory
[59.676s]     1 | #include [01;31m[K<asio.hpp>[m[K
[59.680s]       |          [01;31m[K^~~~~~~~~~[m[K
[59.684s] In file included from [01m[K/mnt/g/My Drive/Primary/skl-Course/SP26/EECS 206A - Introduction to Robotics/106a_final_project/drone_simulation/src/tello_ros/tello_driver/src/tello_driver_node.cpp:1[m[K:
[59.687s] [01m[K/mnt/g/My Drive/Primary/skl-Course/SP26/EECS 206A - Introduction to Robotics/106a_final_project/drone_simulation/src/tello_ros/tello_driver/include/tello_driver_node.hpp:1:10:[m[K [01;31m[Kfatal error: [m[Kasio.hpp: No such file or directory
[59.690s]     1 | #include [01;31m[K<asio.hpp>[m[K
[59.693s]       |          [01;31m[K^~~~~~~~~~[m[K
[59.698s] In file included from [01m[K/mnt/g/My Drive/Primary/skl-Course/SP26/EECS 206A - Introduction to Robotics/106a_final_project/drone_simulation/src/tello_ros/tello_driver/src/command_socket.cpp:1[m[K:
[59.702s] [01m[K/mnt/g/My Drive/Primary/skl-Course/SP26/EECS 206A - Introduction to Robotics/106a_final_project/drone_simulation/src/tello_ros/tello_driver/include/tello_driver_node.hpp:1:10:[m[K [01;31m[Kfatal error: [m[Kasio.hpp: No such file or directory
[59.705s]     1 | #include [01;31m[K<asio.hpp>[m[K
[59.711s]       |          [01;31m[K^~~~~~~~~~[m[K
[59.717s] compilation terminated.
[59.721s] compilation terminated.
[59.725s] compilation terminated.
[59.729s] compilation terminated.
[59.734s] compilation terminated.
[59.738s] gmake[2]: *** [CMakeFiles/tello_driver_node.dir/build.make:104: CMakeFiles/tello_driver_node.dir/src/command_socket.cpp.o] Error 1
[59.742s] gmake[2]: *** Waiting for unfinished jobs....
[59.746s] gmake[2]: *** [CMakeFiles/tello_driver_main.dir/build.make:90: CMakeFiles/tello_driver_main.dir/src/tello_driver_node.cpp.o] Error 1
[59.750s] gmake[2]: *** [CMakeFiles/tello_driver_node.dir/build.make:118: CMakeFiles/tello_driver_node.dir/src/state_socket.cpp.o] Error 1
[59.753s] gmake[2]: *** [CMakeFiles/tello_driver_main.dir/build.make:118: CMakeFiles/tello_driver_main.dir/src/command_socket.cpp.o] Error 1
[59.756s] gmake[2]: *** [CMakeFiles/tello_driver_node.dir/build.make:132: CMakeFiles/tello_driver_node.dir/src/video_socket.cpp.o] Error 1
[59.758s] In file included from [01m[K/mnt/g/My Drive/Primary/skl-Course/SP26/EECS 206A - Introduction to Robotics/106a_final_project/drone_simulation/src/tello_ros/tello_driver/src/state_socket.cpp:1[m[K:
[59.762s] [01m[K/mnt/g/My Drive/Primary/skl-Course/SP26/EECS 206A - Introduction to Robotics/106a_final_project/drone_simulation/src/tello_ros/tello_driver/include/tello_driver_node.hpp:1:10:[m[K [01;31m[Kfatal error: [m[Kasio.hpp: No such file or directory
[59.765s]     1 | #include [01;31m[K<asio.hpp>[m[K
[59.768s]       |          [01;31m[K^~~~~~~~~~[m[K
[59.770s] compilation terminated.
[59.775s] gmake[2]: *** [CMakeFiles/tello_driver_main.dir/build.make:132: CMakeFiles/tello_driver_main.dir/src/state_socket.cpp.o] Error 1
[59.787s] In file included from [01m[K/mnt/g/My Drive/Primary/skl-Course/SP26/EECS 206A - Introduction to Robotics/106a_final_project/drone_simulation/src/tello_ros/tello_driver/src/tello_socket.cpp:1[m[K:
[59.791s] [01m[K/mnt/g/My Drive/Primary/skl-Course/SP26/EECS 206A - Introduction to Robotics/106a_final_project/drone_simulation/src/tello_ros/tello_driver/include/tello_driver_node.hpp:1:10:[m[K [01;31m[Kfatal error: [m[Kasio.hpp: No such file or directory
[59.796s]     1 | #include [01;31m[K<asio.hpp>[m[K
[59.800s]       |          [01;31m[K^~~~~~~~~~[m[K
[59.806s] compilation terminated.
[59.811s] gmake[2]: *** [CMakeFiles/tello_driver_main.dir/build.make:104: CMakeFiles/tello_driver_main.dir/src/tello_socket.cpp.o] Error 1
[59.814s] In file included from [01m[K/mnt/g/My Drive/Primary/skl-Course/SP26/EECS 206A - Introduction to Robotics/106a_final_project/drone_simulation/src/tello_ros/tello_driver/src/video_socket.cpp:1[m[K:
[59.817s] [01m[K/mnt/g/My Drive/Primary/skl-Course/SP26/EECS 206A - Introduction to Robotics/106a_final_project/drone_simulation/src/tello_ros/tello_driver/include/tello_driver_node.hpp:1:10:[m[K [01;31m[Kfatal error: [m[Kasio.hpp: No such file or directory
[59.819s]     1 | #include [01;31m[K<asio.hpp>[m[K
[59.821s]       |          [01;31m[K^~~~~~~~~~[m[K
[59.823s] compilation terminated.
[59.826s] gmake[2]: *** [CMakeFiles/tello_driver_main.dir/build.make:146: CMakeFiles/tello_driver_main.dir/src/video_socket.cpp.o] Error 1
[59.830s] [ 77%] [32mBuilding CXX object CMakeFiles/tello_driver_main.dir/h264decoder/h264decoder.cpp.o[0m
[61.108s] [01m[K/mnt/g/My Drive/Primary/skl-Course/SP26/EECS 206A - Introduction to Robotics/106a_final_project/drone_simulation/src/tello_ros/tello_driver/src/tello_emulator.cpp:5:10:[m[K [01;31m[Kfatal error: [m[Kasio.hpp: No such file or directory
[61.110s]     5 | #include [01;31m[K<asio.hpp>[m[K
[61.112s]       |          [01;31m[K^~~~~~~~~~[m[K
[61.115s] compilation terminated.
[61.119s] gmake[2]: *** [CMakeFiles/tello_emulator.dir/build.make:76: CMakeFiles/tello_emulator.dir/src/tello_emulator.cpp.o] Error 1
[61.126s] gmake[1]: *** [CMakeFiles/Makefile2:171: CMakeFiles/tello_emulator.dir/all] Error 2
[61.129s] gmake[1]: *** Waiting for unfinished jobs....
[66.261s] gmake[1]: *** [CMakeFiles/Makefile2:145: CMakeFiles/tello_driver_node.dir/all] Error 2
[66.754s] gmake[1]: *** [CMakeFiles/Makefile2:223: CMakeFiles/tello_driver_main.dir/all] Error 2
[109.058s] [ 81%] [32m[1mLinking CXX executable tello_joy_main[0m
[110.770s] [ 86%] [32m[1mLinking CXX shared library libtello_joy_node.so[0m
[142.515s] [ 86%] Built target tello_joy_main
[144.584s] [ 86%] Built target tello_joy_node
[144.586s] gmake: *** [Makefile:146: all] Error 2
[144.589s] Invoked command in '/mnt/g/My Drive/Primary/skl-Course/SP26/EECS 206A - Introduction to Robotics/106a_final_project/drone_simulation/build/tello_driver' returned '2': AMENT_PREFIX_PATH=/mnt/g/My Drive/Primary/skl-Course/SP26/EECS 206A - Introduction to Robotics/106a_final_project/drone_simulation/install/tello_msgs:/mnt/g/My Drive/Primary/skl-Course/SP26/EECS 206A - Introduction to Robotics/106a_final_project/drone_simulation/install/ros2_shared:${AMENT_PREFIX_PATH} CMAKE_PREFIX_PATH=/mnt/g/My Drive/Primary/skl-Course/SP26/EECS 206A - Introduction to Robotics/106a_final_project/drone_simulation/install/tello_msgs:/mnt/g/My Drive/Primary/skl-Course/SP26/EECS 206A - Introduction to Robotics/106a_final_project/drone_simulation/install/ros2_shared:/opt/ros/humble LD_LIBRARY_PATH=/mnt/g/My Drive/Primary/skl-Course/SP26/EECS 206A - Introduction to Robotics/106a_final_project/drone_simulation/install/tello_msgs/lib:${LD_LIBRARY_PATH} PYTHONPATH=/mnt/g/My Drive/Primary/skl-Course/SP26/EECS 206A - Introduction to Robotics/106a_final_project/drone_simulation/install/tello_msgs/local/lib/python3.10/dist-packages:${PYTHONPATH} /usr/bin/cmake --build /mnt/g/My Drive/Primary/skl-Course/SP26/EECS 206A - Introduction to Robotics/106a_final_project/drone_simulation/build/tello_driver -- -j16 -l16
