running develop
running egg_info
creating my_drone_vision.egg-info
writing my_drone_vision.egg-info/PKG-INFO
writing dependency_links to my_drone_vision.egg-info/dependency_links.txt
writing entry points to my_drone_vision.egg-info/entry_points.txt
writing requirements to my_drone_vision.egg-info/requires.txt
writing top-level names to my_drone_vision.egg-info/top_level.txt
writing manifest file 'my_drone_vision.egg-info/SOURCES.txt'
reading manifest file 'my_drone_vision.egg-info/SOURCES.txt'
writing manifest file 'my_drone_vision.egg-info/SOURCES.txt'
running build_ext
Creating /home/tyler/ros2_ws/106a_final_project/drone_simulation/install/my_drone_vision/lib/python3.10/site-packages/my-drone-vision.egg-link (link to .)
Installing aruco_controller script to /home/tyler/ros2_ws/106a_final_project/drone_simulation/install/my_drone_vision/lib/my_drone_vision
Installing aruco_detector script to /home/tyler/ros2_ws/106a_final_project/drone_simulation/install/my_drone_vision/lib/my_drone_vision

Installed /home/tyler/ros2_ws/106a_final_project/drone_simulation/build/my_drone_vision
running symlink_data
creating /home/tyler/ros2_ws/106a_final_project/drone_simulation/install/my_drone_vision/share/ament_index
creating /home/tyler/ros2_ws/106a_final_project/drone_simulation/install/my_drone_vision/share/ament_index/resource_index
creating /home/tyler/ros2_ws/106a_final_project/drone_simulation/install/my_drone_vision/share/ament_index/resource_index/packages
symbolically linking /home/tyler/ros2_ws/106a_final_project/drone_simulation/build/my_drone_vision/resource/my_drone_vision -> /home/tyler/ros2_ws/106a_final_project/drone_simulation/install/my_drone_vision/share/ament_index/resource_index/packages
symbolically linking /home/tyler/ros2_ws/106a_final_project/drone_simulation/build/my_drone_vision/package.xml -> /home/tyler/ros2_ws/106a_final_project/drone_simulation/install/my_drone_vision/share/my_drone_vision
creating /home/tyler/ros2_ws/106a_final_project/drone_simulation/install/my_drone_vision/share/my_drone_vision/models
creating /home/tyler/ros2_ws/106a_final_project/drone_simulation/install/my_drone_vision/share/my_drone_vision/models/aruco_marker
creating /home/tyler/ros2_ws/106a_final_project/drone_simulation/install/my_drone_vision/share/my_drone_vision/models/aruco_marker/materials
creating /home/tyler/ros2_ws/106a_final_project/drone_simulation/install/my_drone_vision/share/my_drone_vision/models/aruco_marker/materials/textures
symbolically linking /home/tyler/ros2_ws/106a_final_project/drone_simulation/build/my_drone_vision/models/aruco_marker/materials/textures/marker0.png -> /home/tyler/ros2_ws/106a_final_project/drone_simulation/install/my_drone_vision/share/my_drone_vision/models/aruco_marker/materials/textures
creating /home/tyler/ros2_ws/106a_final_project/drone_simulation/install/my_drone_vision/share/my_drone_vision/launch
symbolically linking /home/tyler/ros2_ws/106a_final_project/drone_simulation/build/my_drone_vision/launch/vision_control.launch.py -> /home/tyler/ros2_ws/106a_final_project/drone_simulation/install/my_drone_vision/share/my_drone_vision/launch
