[0.022s] Invoking command in '/home/tyler/ros2_ws/106a_final_project/drone_simulation/build/tello_msgs': CMAKE_PREFIX_PATH=/opt/ros/humble /usr/bin/cmake /home/tyler/ros2_ws/106a_final_project/drone_simulation/src/tello_ros/tello_msgs -DCMAKE_INSTALL_PREFIX=/home/tyler/ros2_ws/106a_final_project/drone_simulation/install/tello_msgs
[0.139s] -- Found ament_cmake: 1.3.14 (/opt/ros/humble/share/ament_cmake/cmake)
[0.139s] -- Override CMake install command with custom implementation using symlinks instead of copying resources
[0.139s] -- Found rosidl_default_generators: 1.2.1 (/opt/ros/humble/share/rosidl_default_generators/cmake)
[0.139s] -- Using all available rosidl_typesupport_c: rosidl_typesupport_fastrtps_c;rosidl_typesupport_introspection_c
[0.139s] -- Found rosidl_adapter: 3.1.8 (/opt/ros/humble/share/rosidl_adapter/cmake)
[0.139s] -- Using all available rosidl_typesupport_cpp: rosidl_typesupport_fastrtps_cpp;rosidl_typesupport_introspection_cpp
[0.139s] -- Found std_msgs: 4.9.1 (/opt/ros/humble/share/std_msgs/cmake)
[0.312s] -- Found ament_cmake_ros: 0.10.0 (/opt/ros/humble/share/ament_cmake_ros/cmake)
[0.429s] -- Using all available rosidl_typesupport_c: rosidl_typesupport_fastrtps_c;rosidl_typesupport_introspection_c
[0.583s] -- Using all available rosidl_typesupport_cpp: rosidl_typesupport_fastrtps_cpp;rosidl_typesupport_introspection_cpp
[0.597s] -- Found python_cmake_module: 0.10.0 (/opt/ros/humble/share/python_cmake_module/cmake)
[0.608s] -- Using PYTHON_EXECUTABLE: /usr/bin/python3
[0.608s] -- Using PYTHON_INCLUDE_DIRS: /usr/include/python3.10
[0.608s] -- Using PYTHON_LIBRARIES: /usr/lib/x86_64-linux-gnu/libpython3.10.so
[0.666s] -- Configuring done
[0.682s] -- Generating done
[0.687s] -- Build files have been written to: /home/tyler/ros2_ws/106a_final_project/drone_simulation/build/tello_msgs
[0.691s] Invoked command in '/home/tyler/ros2_ws/106a_final_project/drone_simulation/build/tello_msgs' returned '0': CMAKE_PREFIX_PATH=/opt/ros/humble /usr/bin/cmake /home/tyler/ros2_ws/106a_final_project/drone_simulation/src/tello_ros/tello_msgs -DCMAKE_INSTALL_PREFIX=/home/tyler/ros2_ws/106a_final_project/drone_simulation/install/tello_msgs
[0.691s] Invoking command in '/home/tyler/ros2_ws/106a_final_project/drone_simulation/build/tello_msgs': CMAKE_PREFIX_PATH=/opt/ros/humble /usr/bin/cmake --build /home/tyler/ros2_ws/106a_final_project/drone_simulation/build/tello_msgs -- -j24 -l24
[0.716s] [35m[1mConsolidate compiler generated dependencies of target tello_msgs__rosidl_generator_c[0m
[0.720s] [  2%] Built target tello_msgs__cpp
[0.721s] [  4%] Built target tello_msgs__rs
[0.722s] [ 14%] Built target tello_msgs__rosidl_generator_c
[0.725s] [ 14%] Built target ament_cmake_python_symlink_tello_msgs
[0.726s] [35m[1mConsolidate compiler generated dependencies of target tello_msgs__rosidl_typesupport_cpp[0m
[0.726s] [35m[1mConsolidate compiler generated dependencies of target tello_msgs__rosidl_typesupport_introspection_c[0m
[0.727s] [35m[1mConsolidate compiler generated dependencies of target tello_msgs__rosidl_typesupport_c[0m
[0.728s] [35m[1mConsolidate compiler generated dependencies of target tello_msgs__rosidl_typesupport_introspection_cpp[0m
[0.728s] [35m[1mConsolidate compiler generated dependencies of target tello_msgs__rosidl_typesupport_fastrtps_cpp[0m
[0.729s] [35m[1mConsolidate compiler generated dependencies of target tello_msgs__rosidl_typesupport_fastrtps_c[0m
[0.732s] [ 29%] Built target tello_msgs__rosidl_typesupport_c
[0.732s] [ 35%] Built target tello_msgs__rosidl_typesupport_cpp
[0.732s] [ 45%] Built target tello_msgs__rosidl_typesupport_introspection_c
[0.736s] [ 56%] Built target tello_msgs__rosidl_typesupport_introspection_cpp
[0.738s] [ 66%] Built target tello_msgs__rosidl_typesupport_fastrtps_c
[0.738s] [ 77%] Built target tello_msgs__rosidl_typesupport_fastrtps_cpp
[0.749s] [ 77%] Built target tello_msgs
[0.761s] [ 79%] Built target tello_msgs__py
[0.768s] [35m[1mConsolidate compiler generated dependencies of target tello_msgs__rosidl_generator_py[0m
[0.775s] [ 87%] Built target tello_msgs__rosidl_generator_py
[0.782s] [35m[1mConsolidate compiler generated dependencies of target tello_msgs__rosidl_typesupport_fastrtps_c__pyext[0m
[0.782s] [35m[1mConsolidate compiler generated dependencies of target tello_msgs__rosidl_typesupport_introspection_c__pyext[0m
[0.782s] [35m[1mConsolidate compiler generated dependencies of target tello_msgs__rosidl_typesupport_c__pyext[0m
[0.789s] [ 91%] Built target tello_msgs__rosidl_typesupport_c__pyext
[0.791s] [ 95%] Built target tello_msgs__rosidl_typesupport_introspection_c__pyext
[0.791s] [100%] Built target tello_msgs__rosidl_typesupport_fastrtps_c__pyext
[0.832s] running egg_info
[0.832s] writing tello_msgs.egg-info/PKG-INFO
[0.832s] writing dependency_links to tello_msgs.egg-info/dependency_links.txt
[0.832s] writing top-level names to tello_msgs.egg-info/top_level.txt
[0.833s] reading manifest file 'tello_msgs.egg-info/SOURCES.txt'
[0.834s] writing manifest file 'tello_msgs.egg-info/SOURCES.txt'
[0.848s] [100%] Built target ament_cmake_python_build_tello_msgs_egg
[0.854s] Invoked command in '/home/tyler/ros2_ws/106a_final_project/drone_simulation/build/tello_msgs' returned '0': CMAKE_PREFIX_PATH=/opt/ros/humble /usr/bin/cmake --build /home/tyler/ros2_ws/106a_final_project/drone_simulation/build/tello_msgs -- -j24 -l24
[0.855s] Invoking command in '/home/tyler/ros2_ws/106a_final_project/drone_simulation/build/tello_msgs': CMAKE_PREFIX_PATH=/opt/ros/humble /usr/bin/cmake --install /home/tyler/ros2_ws/106a_final_project/drone_simulation/build/tello_msgs
[0.859s] -- Install configuration: ""
[0.859s] -- Execute custom install script
[0.859s] -- Up-to-date symlink: /home/tyler/ros2_ws/106a_final_project/drone_simulation/install/tello_msgs/share/ament_index/resource_index/rosidl_interfaces/tello_msgs
[0.859s] -- Up-to-date symlink: /home/tyler/ros2_ws/106a_final_project/drone_simulation/install/tello_msgs/include/tello_msgs/tello_msgs/msg/detail/flight_data__functions.h
[0.859s] -- Up-to-date symlink: /home/tyler/ros2_ws/106a_final_project/drone_simulation/install/tello_msgs/include/tello_msgs/tello_msgs/msg/detail/flight_data__struct.h
[0.860s] -- Up-to-date symlink: /home/tyler/ros2_ws/106a_final_project/drone_simulation/install/tello_msgs/include/tello_msgs/tello_msgs/msg/detail/flight_data__type_support.h
[0.860s] -- Up-to-date symlink: /home/tyler/ros2_ws/106a_final_project/drone_simulation/install/tello_msgs/include/tello_msgs/tello_msgs/msg/detail/tello_response__functions.h
[0.860s] -- Up-to-date symlink: /home/tyler/ros2_ws/106a_final_project/drone_simulation/install/tello_msgs/include/tello_msgs/tello_msgs/msg/detail/tello_response__struct.h
[0.860s] -- Up-to-date symlink: /home/tyler/ros2_ws/106a_final_project/drone_simulation/install/tello_msgs/include/tello_msgs/tello_msgs/msg/detail/tello_response__type_support.h
[0.860s] -- Up-to-date symlink: /home/tyler/ros2_ws/106a_final_project/drone_simulation/install/tello_msgs/include/tello_msgs/tello_msgs/msg/flight_data.h
[0.860s] -- Up-to-date symlink: /home/tyler/ros2_ws/106a_final_project/drone_simulation/install/tello_msgs/include/tello_msgs/tello_msgs/msg/rosidl_generator_c__visibility_control.h
[0.860s] -- Up-to-date symlink: /home/tyler/ros2_ws/106a_final_project/drone_simulation/install/tello_msgs/include/tello_msgs/tello_msgs/msg/tello_response.h
[0.860s] -- Up-to-date symlink: /home/tyler/ros2_ws/106a_final_project/drone_simulation/install/tello_msgs/include/tello_msgs/tello_msgs/srv/detail/tello_action__functions.h
[0.860s] -- Up-to-date symlink: /home/tyler/ros2_ws/106a_final_project/drone_simulation/install/tello_msgs/include/tello_msgs/tello_msgs/srv/detail/tello_action__struct.h
[0.860s] -- Up-to-date symlink: /home/tyler/ros2_ws/106a_final_project/drone_simulation/install/tello_msgs/include/tello_msgs/tello_msgs/srv/detail/tello_action__type_support.h
[0.860s] -- Up-to-date symlink: /home/tyler/ros2_ws/106a_final_project/drone_simulation/install/tello_msgs/include/tello_msgs/tello_msgs/srv/tello_action.h
[0.860s] -- Up-to-date symlink: /home/tyler/ros2_ws/106a_final_project/drone_simulation/install/tello_msgs/share/tello_msgs/environment/library_path.sh
[0.860s] -- Up-to-date symlink: /home/tyler/ros2_ws/106a_final_project/drone_simulation/install/tello_msgs/share/tello_msgs/environment/library_path.dsv
[0.860s] -- Up-to-date symlink: /home/tyler/ros2_ws/106a_final_project/drone_simulation/install/tello_msgs/include/tello_msgs/tello_msgs/msg/detail/flight_data__rosidl_typesupport_fastrtps_c.h
[0.860s] -- Up-to-date symlink: /home/tyler/ros2_ws/106a_final_project/drone_simulation/install/tello_msgs/include/tello_msgs/tello_msgs/msg/detail/tello_response__rosidl_typesupport_fastrtps_c.h
[0.860s] -- Up-to-date symlink: /home/tyler/ros2_ws/106a_final_project/drone_simulation/install/tello_msgs/include/tello_msgs/tello_msgs/msg/rosidl_typesupport_fastrtps_c__visibility_control.h
[0.860s] -- Up-to-date symlink: /home/tyler/ros2_ws/106a_final_project/drone_simulation/install/tello_msgs/include/tello_msgs/tello_msgs/srv/detail/tello_action__rosidl_typesupport_fastrtps_c.h
[0.861s] -- Up-to-date symlink: /home/tyler/ros2_ws/106a_final_project/drone_simulation/install/tello_msgs/include/tello_msgs/tello_msgs/msg/detail/flight_data__rosidl_typesupport_introspection_c.h
[0.861s] -- Up-to-date symlink: /home/tyler/ros2_ws/106a_final_project/drone_simulation/install/tello_msgs/include/tello_msgs/tello_msgs/msg/detail/tello_response__rosidl_typesupport_introspection_c.h
[0.861s] -- Up-to-date symlink: /home/tyler/ros2_ws/106a_final_project/drone_simulation/install/tello_msgs/include/tello_msgs/tello_msgs/msg/rosidl_typesupport_introspection_c__visibility_control.h
[0.861s] -- Up-to-date symlink: /home/tyler/ros2_ws/106a_final_project/drone_simulation/install/tello_msgs/include/tello_msgs/tello_msgs/srv/detail/tello_action__rosidl_typesupport_introspection_c.h
[0.861s] -- Up-to-date symlink: /home/tyler/ros2_ws/106a_final_project/drone_simulation/install/tello_msgs/include/tello_msgs/tello_msgs/msg/detail/flight_data__builder.hpp
[0.861s] -- Up-to-date symlink: /home/tyler/ros2_ws/106a_final_project/drone_simulation/install/tello_msgs/include/tello_msgs/tello_msgs/msg/detail/flight_data__struct.hpp
[0.861s] -- Up-to-date symlink: /home/tyler/ros2_ws/106a_final_project/drone_simulation/install/tello_msgs/include/tello_msgs/tello_msgs/msg/detail/flight_data__traits.hpp
[0.861s] -- Up-to-date symlink: /home/tyler/ros2_ws/106a_final_project/drone_simulation/install/tello_msgs/include/tello_msgs/tello_msgs/msg/detail/flight_data__type_support.hpp
[0.861s] -- Up-to-date symlink: /home/tyler/ros2_ws/106a_final_project/drone_simulation/install/tello_msgs/include/tello_msgs/tello_msgs/msg/detail/tello_response__builder.hpp
[0.861s] -- Up-to-date symlink: /home/tyler/ros2_ws/106a_final_project/drone_simulation/install/tello_msgs/include/tello_msgs/tello_msgs/msg/detail/tello_response__struct.hpp
[0.861s] -- Up-to-date symlink: /home/tyler/ros2_ws/106a_final_project/drone_simulation/install/tello_msgs/include/tello_msgs/tello_msgs/msg/detail/tello_response__traits.hpp
[0.861s] -- Up-to-date symlink: /home/tyler/ros2_ws/106a_final_project/drone_simulation/install/tello_msgs/include/tello_msgs/tello_msgs/msg/detail/tello_response__type_support.hpp
[0.861s] -- Up-to-date symlink: /home/tyler/ros2_ws/106a_final_project/drone_simulation/install/tello_msgs/include/tello_msgs/tello_msgs/msg/flight_data.hpp
[0.861s] -- Up-to-date symlink: /home/tyler/ros2_ws/106a_final_project/drone_simulation/install/tello_msgs/include/tello_msgs/tello_msgs/msg/rosidl_generator_cpp__visibility_control.hpp
[0.861s] -- Up-to-date symlink: /home/tyler/ros2_ws/106a_final_project/drone_simulation/install/tello_msgs/include/tello_msgs/tello_msgs/msg/tello_response.hpp
[0.861s] -- Up-to-date symlink: /home/tyler/ros2_ws/106a_final_project/drone_simulation/install/tello_msgs/include/tello_msgs/tello_msgs/srv/detail/tello_action__builder.hpp
[0.862s] -- Up-to-date symlink: /home/tyler/ros2_ws/106a_final_project/drone_simulation/install/tello_msgs/include/tello_msgs/tello_msgs/srv/detail/tello_action__struct.hpp
[0.862s] -- Up-to-date symlink: /home/tyler/ros2_ws/106a_final_project/drone_simulation/install/tello_msgs/include/tello_msgs/tello_msgs/srv/detail/tello_action__traits.hpp
[0.862s] -- Up-to-date symlink: /home/tyler/ros2_ws/106a_final_project/drone_simulation/install/tello_msgs/include/tello_msgs/tello_msgs/srv/detail/tello_action__type_support.hpp
[0.862s] -- Up-to-date symlink: /home/tyler/ros2_ws/106a_final_project/drone_simulation/install/tello_msgs/include/tello_msgs/tello_msgs/srv/tello_action.hpp
[0.862s] -- Up-to-date symlink: /home/tyler/ros2_ws/106a_final_project/drone_simulation/install/tello_msgs/include/tello_msgs/tello_msgs/msg/detail/flight_data__rosidl_typesupport_fastrtps_cpp.hpp
[0.862s] -- Up-to-date symlink: /home/tyler/ros2_ws/106a_final_project/drone_simulation/install/tello_msgs/include/tello_msgs/tello_msgs/msg/detail/tello_response__rosidl_typesupport_fastrtps_cpp.hpp
[0.862s] -- Up-to-date symlink: /home/tyler/ros2_ws/106a_final_project/drone_simulation/install/tello_msgs/include/tello_msgs/tello_msgs/msg/rosidl_typesupport_fastrtps_cpp__visibility_control.h
[0.862s] -- Up-to-date symlink: /home/tyler/ros2_ws/106a_final_project/drone_simulation/install/tello_msgs/include/tello_msgs/tello_msgs/srv/detail/tello_action__rosidl_typesupport_fastrtps_cpp.hpp
[0.862s] -- Up-to-date symlink: /home/tyler/ros2_ws/106a_final_project/drone_simulation/install/tello_msgs/include/tello_msgs/tello_msgs/msg/detail/flight_data__rosidl_typesupport_introspection_cpp.hpp
[0.862s] -- Up-to-date symlink: /home/tyler/ros2_ws/106a_final_project/drone_simulation/install/tello_msgs/include/tello_msgs/tello_msgs/msg/detail/tello_response__rosidl_typesupport_introspection_cpp.hpp
[0.862s] -- Up-to-date symlink: /home/tyler/ros2_ws/106a_final_project/drone_simulation/install/tello_msgs/include/tello_msgs/tello_msgs/srv/detail/tello_action__rosidl_typesupport_introspection_cpp.hpp
[0.862s] -- Up-to-date symlink: /home/tyler/ros2_ws/106a_final_project/drone_simulation/install/tello_msgs/share/tello_msgs/environment/pythonpath.sh
[0.862s] -- Up-to-date symlink: /home/tyler/ros2_ws/106a_final_project/drone_simulation/install/tello_msgs/share/tello_msgs/environment/pythonpath.dsv
[0.862s] -- Up-to-date symlink: /home/tyler/ros2_ws/106a_final_project/drone_simulation/install/tello_msgs/local/lib/python3.10/dist-packages/tello_msgs-0.1.0-py3.10.egg-info/PKG-INFO
[0.862s] -- Up-to-date symlink: /home/tyler/ros2_ws/106a_final_project/drone_simulation/install/tello_msgs/local/lib/python3.10/dist-packages/tello_msgs-0.1.0-py3.10.egg-info/SOURCES.txt
[0.862s] -- Up-to-date symlink: /home/tyler/ros2_ws/106a_final_project/drone_simulation/install/tello_msgs/local/lib/python3.10/dist-packages/tello_msgs-0.1.0-py3.10.egg-info/dependency_links.txt
[0.862s] -- Up-to-date symlink: /home/tyler/ros2_ws/106a_final_project/drone_simulation/install/tello_msgs/local/lib/python3.10/dist-packages/tello_msgs-0.1.0-py3.10.egg-info/top_level.txt
[0.863s] -- Up-to-date symlink: /home/tyler/ros2_ws/106a_final_project/drone_simulation/install/tello_msgs/local/lib/python3.10/dist-packages/tello_msgs/__init__.py
[0.863s] -- Up-to-date symlink: /home/tyler/ros2_ws/106a_final_project/drone_simulation/install/tello_msgs/local/lib/python3.10/dist-packages/tello_msgs/_tello_msgs_s.ep.rosidl_typesupport_c.c
[0.863s] -- Up-to-date symlink: /home/tyler/ros2_ws/106a_final_project/drone_simulation/install/tello_msgs/local/lib/python3.10/dist-packages/tello_msgs/_tello_msgs_s.ep.rosidl_typesupport_fastrtps_c.c
[0.863s] -- Up-to-date symlink: /home/tyler/ros2_ws/106a_final_project/drone_simulation/install/tello_msgs/local/lib/python3.10/dist-packages/tello_msgs/_tello_msgs_s.ep.rosidl_typesupport_introspection_c.c
[0.863s] -- Up-to-date symlink: /home/tyler/ros2_ws/106a_final_project/drone_simulation/install/tello_msgs/local/lib/python3.10/dist-packages/tello_msgs/libtello_msgs__rosidl_generator_py.so
[0.863s] -- Up-to-date symlink: /home/tyler/ros2_ws/106a_final_project/drone_simulation/install/tello_msgs/local/lib/python3.10/dist-packages/tello_msgs/msg/__init__.py
[0.863s] -- Up-to-date symlink: /home/tyler/ros2_ws/106a_final_project/drone_simulation/install/tello_msgs/local/lib/python3.10/dist-packages/tello_msgs/msg/_flight_data.py
[0.863s] -- Up-to-date symlink: /home/tyler/ros2_ws/106a_final_project/drone_simulation/install/tello_msgs/local/lib/python3.10/dist-packages/tello_msgs/msg/_flight_data_s.c
[0.863s] -- Up-to-date symlink: /home/tyler/ros2_ws/106a_final_project/drone_simulation/install/tello_msgs/local/lib/python3.10/dist-packages/tello_msgs/msg/_tello_response.py
[0.863s] -- Up-to-date symlink: /home/tyler/ros2_ws/106a_final_project/drone_simulation/install/tello_msgs/local/lib/python3.10/dist-packages/tello_msgs/msg/_tello_response_s.c
[0.863s] -- Up-to-date symlink: /home/tyler/ros2_ws/106a_final_project/drone_simulation/install/tello_msgs/local/lib/python3.10/dist-packages/tello_msgs/srv/__init__.py
[0.863s] -- Up-to-date symlink: /home/tyler/ros2_ws/106a_final_project/drone_simulation/install/tello_msgs/local/lib/python3.10/dist-packages/tello_msgs/srv/_tello_action.py
[0.863s] -- Up-to-date symlink: /home/tyler/ros2_ws/106a_final_project/drone_simulation/install/tello_msgs/local/lib/python3.10/dist-packages/tello_msgs/srv/_tello_action_s.c
[0.863s] -- Up-to-date symlink: /home/tyler/ros2_ws/106a_final_project/drone_simulation/install/tello_msgs/local/lib/python3.10/dist-packages/tello_msgs/tello_msgs_s__rosidl_typesupport_c.cpython-310-x86_64-linux-gnu.so
[0.863s] -- Up-to-date symlink: /home/tyler/ros2_ws/106a_final_project/drone_simulation/install/tello_msgs/local/lib/python3.10/dist-packages/tello_msgs/tello_msgs_s__rosidl_typesupport_fastrtps_c.cpython-310-x86_64-linux-gnu.so
[0.863s] -- Up-to-date symlink: /home/tyler/ros2_ws/106a_final_project/drone_simulation/install/tello_msgs/local/lib/python3.10/dist-packages/tello_msgs/tello_msgs_s__rosidl_typesupport_introspection_c.cpython-310-x86_64-linux-gnu.so
[0.863s] -- Up-to-date symlink: /home/tyler/ros2_ws/106a_final_project/drone_simulation/install/tello_msgs/local/lib/python3.10/dist-packages/tello_msgs/tello_msgs_s__rosidl_typesupport_fastrtps_c.cpython-310-x86_64-linux-gnu.so
[0.863s] -- Up-to-date symlink: /home/tyler/ros2_ws/106a_final_project/drone_simulation/install/tello_msgs/local/lib/python3.10/dist-packages/tello_msgs/tello_msgs_s__rosidl_typesupport_introspection_c.cpython-310-x86_64-linux-gnu.so
[0.863s] -- Up-to-date symlink: /home/tyler/ros2_ws/106a_final_project/drone_simulation/install/tello_msgs/local/lib/python3.10/dist-packages/tello_msgs/tello_msgs_s__rosidl_typesupport_c.cpython-310-x86_64-linux-gnu.so
[0.864s] -- Up-to-date symlink: /home/tyler/ros2_ws/106a_final_project/drone_simulation/install/tello_msgs/share/ament_index/resource_index/rust_packages/tello_msgs
[0.864s] -- Up-to-date symlink: /home/tyler/ros2_ws/106a_final_project/drone_simulation/install/tello_msgs/share/tello_msgs/rust/Cargo.toml
[0.864s] -- Up-to-date symlink: /home/tyler/ros2_ws/106a_final_project/drone_simulation/install/tello_msgs/share/tello_msgs/rust/build.rs
[0.864s] -- Up-to-date symlink: /home/tyler/ros2_ws/106a_final_project/drone_simulation/install/tello_msgs/share/tello_msgs/rust/src/lib.rs
[0.864s] -- Up-to-date symlink: /home/tyler/ros2_ws/106a_final_project/drone_simulation/install/tello_msgs/share/tello_msgs/rust/src/msg.rs
[0.864s] -- Up-to-date symlink: /home/tyler/ros2_ws/106a_final_project/drone_simulation/install/tello_msgs/share/tello_msgs/rust/src/msg/rmw.rs
[0.864s] -- Up-to-date symlink: /home/tyler/ros2_ws/106a_final_project/drone_simulation/install/tello_msgs/share/tello_msgs/rust/src/srv.rs
[0.864s] -- Up-to-date symlink: /home/tyler/ros2_ws/106a_final_project/drone_simulation/install/tello_msgs/share/tello_msgs/rust/src/srv/rmw.rs
[0.864s] -- Up-to-date symlink: /home/tyler/ros2_ws/106a_final_project/drone_simulation/install/tello_msgs/share/tello_msgs/msg/FlightData.idl
[0.864s] -- Up-to-date symlink: /home/tyler/ros2_ws/106a_final_project/drone_simulation/install/tello_msgs/share/tello_msgs/msg/TelloResponse.idl
[0.864s] -- Up-to-date symlink: /home/tyler/ros2_ws/106a_final_project/drone_simulation/install/tello_msgs/share/tello_msgs/srv/TelloAction.idl
[0.864s] -- Up-to-date symlink: /home/tyler/ros2_ws/106a_final_project/drone_simulation/install/tello_msgs/share/tello_msgs/msg/FlightData.msg
[0.864s] -- Up-to-date symlink: /home/tyler/ros2_ws/106a_final_project/drone_simulation/install/tello_msgs/share/tello_msgs/msg/TelloResponse.msg
[0.864s] -- Up-to-date symlink: /home/tyler/ros2_ws/106a_final_project/drone_simulation/install/tello_msgs/share/tello_msgs/srv/TelloAction.srv
[0.864s] -- Up-to-date symlink: /home/tyler/ros2_ws/106a_final_project/drone_simulation/install/tello_msgs/share/tello_msgs/srv/TelloAction_Request.msg
[0.864s] -- Up-to-date symlink: /home/tyler/ros2_ws/106a_final_project/drone_simulation/install/tello_msgs/share/tello_msgs/srv/TelloAction_Response.msg
[0.864s] -- Up-to-date symlink: /home/tyler/ros2_ws/106a_final_project/drone_simulation/install/tello_msgs/share/ament_index/resource_index/package_run_dependencies/tello_msgs
[0.865s] -- Up-to-date symlink: /home/tyler/ros2_ws/106a_final_project/drone_simulation/install/tello_msgs/share/ament_index/resource_index/parent_prefix_path/tello_msgs
[0.865s] -- Up-to-date symlink: /home/tyler/ros2_ws/106a_final_project/drone_simulation/install/tello_msgs/share/tello_msgs/environment/ament_prefix_path.sh
[0.865s] -- Up-to-date symlink: /home/tyler/ros2_ws/106a_final_project/drone_simulation/install/tello_msgs/share/tello_msgs/environment/ament_prefix_path.dsv
[0.865s] -- Up-to-date symlink: /home/tyler/ros2_ws/106a_final_project/drone_simulation/install/tello_msgs/share/tello_msgs/environment/path.sh
[0.865s] -- Up-to-date symlink: /home/tyler/ros2_ws/106a_final_project/drone_simulation/install/tello_msgs/share/tello_msgs/environment/path.dsv
[0.865s] -- Up-to-date symlink: /home/tyler/ros2_ws/106a_final_project/drone_simulation/install/tello_msgs/share/tello_msgs/local_setup.bash
[0.865s] -- Up-to-date symlink: /home/tyler/ros2_ws/106a_final_project/drone_simulation/install/tello_msgs/share/tello_msgs/local_setup.sh
[0.865s] -- Up-to-date symlink: /home/tyler/ros2_ws/106a_final_project/drone_simulation/install/tello_msgs/share/tello_msgs/local_setup.zsh
[0.865s] -- Up-to-date symlink: /home/tyler/ros2_ws/106a_final_project/drone_simulation/install/tello_msgs/share/tello_msgs/local_setup.dsv
[0.865s] -- Symlinking: /home/tyler/ros2_ws/106a_final_project/drone_simulation/install/tello_msgs/share/tello_msgs/package.dsv
[0.870s] -- Up-to-date symlink: /home/tyler/ros2_ws/106a_final_project/drone_simulation/install/tello_msgs/share/ament_index/resource_index/packages/tello_msgs
[0.870s] -- Up-to-date symlink: /home/tyler/ros2_ws/106a_final_project/drone_simulation/install/tello_msgs/share/tello_msgs/cmake/rosidl_cmake-extras.cmake
[0.870s] -- Up-to-date symlink: /home/tyler/ros2_ws/106a_final_project/drone_simulation/install/tello_msgs/share/tello_msgs/cmake/ament_cmake_export_dependencies-extras.cmake
[0.870s] -- Up-to-date symlink: /home/tyler/ros2_ws/106a_final_project/drone_simulation/install/tello_msgs/share/tello_msgs/cmake/ament_cmake_export_include_directories-extras.cmake
[0.870s] -- Up-to-date symlink: /home/tyler/ros2_ws/106a_final_project/drone_simulation/install/tello_msgs/share/tello_msgs/cmake/ament_cmake_export_libraries-extras.cmake
[0.870s] -- Up-to-date symlink: /home/tyler/ros2_ws/106a_final_project/drone_simulation/install/tello_msgs/share/tello_msgs/cmake/ament_cmake_export_targets-extras.cmake
[0.870s] -- Up-to-date symlink: /home/tyler/ros2_ws/106a_final_project/drone_simulation/install/tello_msgs/share/tello_msgs/cmake/rosidl_cmake_export_typesupport_targets-extras.cmake
[0.870s] -- Up-to-date symlink: /home/tyler/ros2_ws/106a_final_project/drone_simulation/install/tello_msgs/share/tello_msgs/cmake/rosidl_cmake_export_typesupport_libraries-extras.cmake
[0.871s] -- Up-to-date symlink: /home/tyler/ros2_ws/106a_final_project/drone_simulation/install/tello_msgs/share/tello_msgs/cmake/tello_msgsConfig.cmake
[0.871s] -- Up-to-date symlink: /home/tyler/ros2_ws/106a_final_project/drone_simulation/install/tello_msgs/share/tello_msgs/cmake/tello_msgsConfig-version.cmake
[0.871s] -- Up-to-date symlink: /home/tyler/ros2_ws/106a_final_project/drone_simulation/install/tello_msgs/share/tello_msgs/package.xml
[0.871s] -- Up-to-date: /home/tyler/ros2_ws/106a_final_project/drone_simulation/install/tello_msgs/lib/libtello_msgs__rosidl_generator_c.so
[0.871s] -- Up-to-date: /home/tyler/ros2_ws/106a_final_project/drone_simulation/install/tello_msgs/lib/libtello_msgs__rosidl_typesupport_fastrtps_c.so
[0.871s] -- Up-to-date: /home/tyler/ros2_ws/106a_final_project/drone_simulation/install/tello_msgs/lib/libtello_msgs__rosidl_typesupport_introspection_c.so
[0.871s] -- Up-to-date: /home/tyler/ros2_ws/106a_final_project/drone_simulation/install/tello_msgs/lib/libtello_msgs__rosidl_typesupport_c.so
[0.871s] -- Up-to-date: /home/tyler/ros2_ws/106a_final_project/drone_simulation/install/tello_msgs/lib/libtello_msgs__rosidl_typesupport_fastrtps_cpp.so
[0.871s] -- Up-to-date: /home/tyler/ros2_ws/106a_final_project/drone_simulation/install/tello_msgs/lib/libtello_msgs__rosidl_typesupport_introspection_cpp.so
[0.871s] -- Up-to-date: /home/tyler/ros2_ws/106a_final_project/drone_simulation/install/tello_msgs/lib/libtello_msgs__rosidl_typesupport_cpp.so
[0.888s] Listing '/home/tyler/ros2_ws/106a_final_project/drone_simulation/install/tello_msgs/local/lib/python3.10/dist-packages/tello_msgs'...
[0.888s] Compiling '/home/tyler/ros2_ws/106a_final_project/drone_simulation/install/tello_msgs/local/lib/python3.10/dist-packages/tello_msgs/__init__.py'...
[0.888s] Listing '/home/tyler/ros2_ws/106a_final_project/drone_simulation/install/tello_msgs/local/lib/python3.10/dist-packages/tello_msgs/msg'...
[0.888s] Listing '/home/tyler/ros2_ws/106a_final_project/drone_simulation/install/tello_msgs/local/lib/python3.10/dist-packages/tello_msgs/srv'...
[0.890s] -- Up-to-date: /home/tyler/ros2_ws/106a_final_project/drone_simulation/install/tello_msgs/lib/libtello_msgs__rosidl_generator_py.so
[0.890s] -- Up-to-date: /home/tyler/ros2_ws/106a_final_project/drone_simulation/install/tello_msgs/share/tello_msgs/cmake/export_tello_msgs__rosidl_generator_cExport.cmake
[0.891s] -- Up-to-date: /home/tyler/ros2_ws/106a_final_project/drone_simulation/install/tello_msgs/share/tello_msgs/cmake/export_tello_msgs__rosidl_generator_cExport-noconfig.cmake
[0.891s] -- Up-to-date: /home/tyler/ros2_ws/106a_final_project/drone_simulation/install/tello_msgs/share/tello_msgs/cmake/export_tello_msgs__rosidl_typesupport_fastrtps_cExport.cmake
[0.891s] -- Up-to-date: /home/tyler/ros2_ws/106a_final_project/drone_simulation/install/tello_msgs/share/tello_msgs/cmake/export_tello_msgs__rosidl_typesupport_fastrtps_cExport-noconfig.cmake
[0.891s] -- Up-to-date: /home/tyler/ros2_ws/106a_final_project/drone_simulation/install/tello_msgs/share/tello_msgs/cmake/tello_msgs__rosidl_typesupport_introspection_cExport.cmake
[0.891s] -- Up-to-date: /home/tyler/ros2_ws/106a_final_project/drone_simulation/install/tello_msgs/share/tello_msgs/cmake/tello_msgs__rosidl_typesupport_introspection_cExport-noconfig.cmake
[0.891s] -- Up-to-date: /home/tyler/ros2_ws/106a_final_project/drone_simulation/install/tello_msgs/share/tello_msgs/cmake/tello_msgs__rosidl_typesupport_cExport.cmake
[0.891s] -- Up-to-date: /home/tyler/ros2_ws/106a_final_project/drone_simulation/install/tello_msgs/share/tello_msgs/cmake/tello_msgs__rosidl_typesupport_cExport-noconfig.cmake
[0.891s] -- Up-to-date: /home/tyler/ros2_ws/106a_final_project/drone_simulation/install/tello_msgs/share/tello_msgs/cmake/export_tello_msgs__rosidl_generator_cppExport.cmake
[0.891s] -- Up-to-date: /home/tyler/ros2_ws/106a_final_project/drone_simulation/install/tello_msgs/share/tello_msgs/cmake/export_tello_msgs__rosidl_typesupport_fastrtps_cppExport.cmake
[0.891s] -- Up-to-date: /home/tyler/ros2_ws/106a_final_project/drone_simulation/install/tello_msgs/share/tello_msgs/cmake/export_tello_msgs__rosidl_typesupport_fastrtps_cppExport-noconfig.cmake
[0.891s] -- Up-to-date: /home/tyler/ros2_ws/106a_final_project/drone_simulation/install/tello_msgs/share/tello_msgs/cmake/tello_msgs__rosidl_typesupport_introspection_cppExport.cmake
[0.891s] -- Up-to-date: /home/tyler/ros2_ws/106a_final_project/drone_simulation/install/tello_msgs/share/tello_msgs/cmake/tello_msgs__rosidl_typesupport_introspection_cppExport-noconfig.cmake
[0.891s] -- Up-to-date: /home/tyler/ros2_ws/106a_final_project/drone_simulation/install/tello_msgs/share/tello_msgs/cmake/tello_msgs__rosidl_typesupport_cppExport.cmake
[0.891s] -- Up-to-date: /home/tyler/ros2_ws/106a_final_project/drone_simulation/install/tello_msgs/share/tello_msgs/cmake/tello_msgs__rosidl_typesupport_cppExport-noconfig.cmake
[0.891s] -- Up-to-date: /home/tyler/ros2_ws/106a_final_project/drone_simulation/install/tello_msgs/share/tello_msgs/cmake/export_tello_msgs__rosidl_generator_pyExport.cmake
[0.891s] -- Up-to-date: /home/tyler/ros2_ws/106a_final_project/drone_simulation/install/tello_msgs/share/tello_msgs/cmake/export_tello_msgs__rosidl_generator_pyExport-noconfig.cmake
[0.892s] Invoked command in '/home/tyler/ros2_ws/106a_final_project/drone_simulation/build/tello_msgs' returned '0': CMAKE_PREFIX_PATH=/opt/ros/humble /usr/bin/cmake --install /home/tyler/ros2_ws/106a_final_project/drone_simulation/build/tello_msgs
