[0.040s] Invoking command in '/home/tyler/ros_workspaces/drone_simulation/build/tello_gazebo': CMAKE_PREFIX_PATH=/home/tyler/ros_workspaces/drone_simulation/install/tello_msgs:/home/tyler/ros_workspaces/drone_simulation/install/tello_gazebo:/home/tyler/ros_workspaces/drone_simulation/install/tello_driver:/home/tyler/ros_workspaces/drone_simulation/install/tello_description:/home/tyler/ros_workspaces/drone_simulation/install/ros2_shared:/home/tyler/ros_workspaces/drone_simulation/install/my_drone_vision:/opt/ros/humble LD_LIBRARY_PATH=/home/tyler/ros_workspaces/drone_simulation/install/tello_msgs/lib:/usr/lib/x86_64-linux-gnu/nvidia:/usr/lib/x86_64-linux-gnu/nvidia:/home/tyler/ros_workspaces/drone_simulation/install/tello_gazebo/lib:/home/tyler/ros_workspaces/drone_simulation/install/tello_driver/lib:/usr/lib/x86_64-linux-gnu/nvidia:/usr/lib/x86_64-linux-gnu/nvidia:/usr/lib/x86_64-linux-gnu/gazebo-11/plugins:/opt/ros/humble/lib/x86_64-linux-gnu:/opt/ros/humble/lib:/usr/lib/x86_64-linux-gnu/nvidia:/usr/lib/x86_64-linux-gnu/nvidia:/usr/lib/x86_64-linux-gnu/nvidia /usr/bin/cmake /home/tyler/ros_workspaces/drone_simulation/src/tello_ros/tello_gazebo -DCMAKE_INSTALL_PREFIX=/home/tyler/ros_workspaces/drone_simulation/install/tello_gazebo
[0.100s] -- The C compiler identification is GNU 11.4.0
[0.297s] -- The CXX compiler identification is GNU 11.4.0
[0.457s] -- Detecting C compiler ABI info
[0.526s] -- Detecting C compiler ABI info - done
[0.530s] -- Check for working C compiler: /usr/bin/cc - skipped
[0.530s] -- Detecting C compile features
[0.530s] -- Detecting C compile features - done
[0.532s] -- Detecting CXX compiler ABI info
[0.608s] -- Detecting CXX compiler ABI info - done
[0.612s] -- Check for working CXX compiler: /usr/bin/c++ - skipped
[0.612s] -- Detecting CXX compile features
[0.612s] -- Detecting CXX compile features - done
[0.613s] -- Found ament_cmake: 1.3.14 (/opt/ros/humble/share/ament_cmake/cmake)
[0.697s] -- Found Python3: /usr/bin/python3 (found version "3.10.12") found components: Interpreter 
[0.749s] [33mCMake Warning (dev) at /usr/share/cmake-3.22/Modules/FindPackageHandleStandardArgs.cmake:438 (message):
[0.749s]   The package name passed to `find_package_handle_standard_args` (PkgConfig)
[0.749s]   does not match the name of the calling package (gazebo).  This can lead to
[0.749s]   problems in calling code that expects `find_package` result variables
[0.749s]   (e.g., `_FOUND`) to follow a certain pattern.
[0.749s] Call Stack (most recent call first):
[0.749s]   /usr/share/cmake-3.22/Modules/FindPkgConfig.cmake:99 (find_package_handle_standard_args)
[0.749s]   /usr/lib/x86_64-linux-gnu/cmake/gazebo/gazebo-config.cmake:72 (include)
[0.749s]   CMakeLists.txt:27 (find_package)
[0.749s] This warning is for project developers.  Use -Wno-dev to suppress it.
[0.749s] [0m
[0.749s] -- Found PkgConfig: /usr/bin/pkg-config (found version "0.29.2") 
[0.751s] -- Checking for module 'bullet>=2.82'
[0.758s] --   Found bullet, version 3.05
[0.826s] -- Found fcl: /usr/include (found suitable version "0.7.0", minimum required is "0.5.0") 
[0.851s] -- Found assimp: /usr/include (found version "5.2.0") 
[0.868s] -- Found DART: /usr/include (Required is at least version "6.6") found components: dart 
[1.029s] -- Found Boost: /usr/lib/x86_64-linux-gnu/cmake/Boost-1.74.0/BoostConfig.cmake (found suitable version "1.74.0", minimum required is "1.40.0") found components: thread system filesystem program_options regex iostreams date_time 
[1.251s] -- Found Protobuf: /usr/lib/x86_64-linux-gnu/libprotobuf.so (found version "3.12.4") 
[1.255s] -- Looking for ignition-math6 -- found version 6.10.0
[1.261s] -- Searching for dependencies of ignition-math6
[1.263s] -- Looking for OGRE...
[1.263s] -- OGRE_PREFIX_WATCH changed.
[1.266s] -- Checking for module 'OGRE'
[1.273s] --   Found OGRE, version 1.9.0
[1.290s] -- Found Ogre Ghadamon (1.9.0)
[1.449s] -- Found OGRE: optimized;/usr/lib/x86_64-linux-gnu/libOgreMain.so;debug;/usr/lib/x86_64-linux-gnu/libOgreMain.so
[1.455s] -- Looking for OGRE_Paging...
[1.610s] -- Found OGRE_Paging: optimized;/usr/lib/x86_64-linux-gnu/libOgrePaging.so;debug;/usr/lib/x86_64-linux-gnu/libOgrePaging.so
[1.610s] -- Looking for OGRE_Terrain...
[1.756s] -- Found OGRE_Terrain: optimized;/usr/lib/x86_64-linux-gnu/libOgreTerrain.so;debug;/usr/lib/x86_64-linux-gnu/libOgreTerrain.so
[1.756s] -- Looking for OGRE_Property...
[1.911s] -- Found OGRE_Property: optimized;/usr/lib/x86_64-linux-gnu/libOgreProperty.so;debug;/usr/lib/x86_64-linux-gnu/libOgreProperty.so
[1.911s] -- Looking for OGRE_RTShaderSystem...
[2.068s] -- Found OGRE_RTShaderSystem: optimized;/usr/lib/x86_64-linux-gnu/libOgreRTShaderSystem.so;debug;/usr/lib/x86_64-linux-gnu/libOgreRTShaderSystem.so
[2.068s] -- Looking for OGRE_Volume...
[2.218s] -- Found OGRE_Volume: optimized;/usr/lib/x86_64-linux-gnu/libOgreVolume.so;debug;/usr/lib/x86_64-linux-gnu/libOgreVolume.so
[2.218s] -- Looking for OGRE_Overlay...
[2.378s] -- Found OGRE_Overlay: optimized;/usr/lib/x86_64-linux-gnu/libOgreOverlay.so;debug;/usr/lib/x86_64-linux-gnu/libOgreOverlay.so
[13.072s] -- Looking for ignition-math6 -- found version 6.10.0
[13.074s] -- Looking for ignition-transport8 -- found version 8.2.1
[13.074s] -- Searching for dependencies of ignition-transport8
[13.684s] -- Found Protobuf: /usr/lib/x86_64-linux-gnu/libprotobuf.so (found suitable version "3.12.4", minimum required is "3") 
[14.273s] -- Config-file not installed for ZeroMQ -- checking for pkg-config
[14.277s] -- Checking for module 'libzmq >= 4'
[14.288s] --   Found libzmq , version 4.3.4
[14.307s] -- Found ZeroMQ: TRUE (Required is at least version "4") 
[14.326s] -- Checking for module 'uuid'
[14.333s] --   Found uuid, version 2.37.2
[14.349s] -- Found UUID: TRUE  
[14.351s] -- Looking for ignition-msgs5 -- found version 5.8.1
[14.351s] -- Searching for dependencies of ignition-msgs5
[14.876s] -- Looking for ignition-math6 -- found version 6.10.0
[14.879s] -- Checking for module 'tinyxml2'
[14.886s] --   Found tinyxml2, version 9.0.0
[14.905s] -- Looking for ignition-msgs5 -- found version 5.8.1
[14.907s] -- Looking for ignition-common3 -- found version 3.14.0
[14.907s] -- Searching for dependencies of ignition-common3
[14.920s] -- Looking for dlfcn.h - found
[14.935s] -- Looking for libdl - found
[14.936s] -- Found DL: TRUE  
[14.943s] -- Found tinyobjloader: /usr/lib/x86_64-linux-gnu/cmake/tinyobjloader/tinyobjloader-config.cmake (found version "2.0.0") 
[14.944s] -- Searching for <ignition-common3> component [graphics]
[14.945s] -- Looking for ignition-common3-graphics -- found version 3.14.0
[14.946s] -- Searching for dependencies of ignition-common3-graphics
[14.946s] -- Looking for ignition-math6 -- found version 6.10.0
[14.948s] -- Looking for ignition-fuel_tools4 -- found version 4.4.0
[14.949s] -- Searching for dependencies of ignition-fuel_tools4
[15.598s] -- Found CURL: /usr/lib/x86_64-linux-gnu/libcurl.so (found version "7.81.0")  
[15.604s] -- Checking for module 'jsoncpp'
[15.611s] --   Found jsoncpp, version 1.9.5
[15.628s] -- Found JSONCPP: TRUE  
[15.632s] -- Checking for module 'libzip'
[15.639s] --   Found libzip, version 1.7.3
[15.656s] -- Found ZIP: TRUE  
[15.656s] -- Looking for ignition-common3 -- found version 3.14.0
[15.656s] -- Looking for ignition-math6 -- found version 6.10.0
[15.657s] -- Looking for ignition-msgs5 -- found version 5.8.1
[15.661s] -- Found gazebo_dev: 3.9.0 (/opt/ros/humble/share/gazebo_dev/cmake)
[15.662s] -- Gazebo version: 11.10
[15.662s] -- Checking for module 'tbb'
[15.670s] --   Found tbb, version 2021.5.0
[15.688s] -- Found gazebo_ros: 3.9.0 (/opt/ros/humble/share/gazebo_ros/cmake)
[15.724s] -- Found rosidl_generator_c: 3.1.8 (/opt/ros/humble/share/rosidl_generator_c/cmake)
[15.727s] -- Found rosidl_adapter: 3.1.8 (/opt/ros/humble/share/rosidl_adapter/cmake)
[15.731s] -- Found rosidl_generator_cpp: 3.1.8 (/opt/ros/humble/share/rosidl_generator_cpp/cmake)
[15.739s] -- Using all available rosidl_typesupport_c: rosidl_typesupport_fastrtps_c;rosidl_typesupport_introspection_c
[15.747s] -- Using all available rosidl_typesupport_cpp: rosidl_typesupport_fastrtps_cpp;rosidl_typesupport_introspection_cpp
[15.770s] -- Found rmw_implementation_cmake: 6.1.2 (/opt/ros/humble/share/rmw_implementation_cmake/cmake)
[15.771s] -- Found rmw_fastrtps_cpp: 6.2.10 (/opt/ros/humble/share/rmw_fastrtps_cpp/cmake)
[16.323s] -- Found OpenSSL: /usr/lib/x86_64-linux-gnu/libcrypto.so (found version "3.0.2")  
[16.923s] -- Found FastRTPS: /opt/ros/humble/include  
[18.090s] -- Using RMW implementation 'rmw_fastrtps_cpp' as default
[18.095s] -- Found Threads: TRUE  
[18.121s] -- Found geometry_msgs: 4.9.1 (/opt/ros/humble/share/geometry_msgs/cmake)
[18.128s] -- Found sensor_msgs: 4.9.1 (/opt/ros/humble/share/sensor_msgs/cmake)
[18.137s] -- Found tello_msgs: 0.1.0 (/home/tyler/ros_workspaces/drone_simulation/install/tello_msgs/share/tello_msgs/cmake)
[18.182s] -- Configuring done
[18.222s] -- Generating done
[18.225s] -- Build files have been written to: /home/tyler/ros_workspaces/drone_simulation/build/tello_gazebo
[18.233s] Invoked command in '/home/tyler/ros_workspaces/drone_simulation/build/tello_gazebo' returned '0': CMAKE_PREFIX_PATH=/home/tyler/ros_workspaces/drone_simulation/install/tello_msgs:/home/tyler/ros_workspaces/drone_simulation/install/tello_gazebo:/home/tyler/ros_workspaces/drone_simulation/install/tello_driver:/home/tyler/ros_workspaces/drone_simulation/install/tello_description:/home/tyler/ros_workspaces/drone_simulation/install/ros2_shared:/home/tyler/ros_workspaces/drone_simulation/install/my_drone_vision:/opt/ros/humble LD_LIBRARY_PATH=/home/tyler/ros_workspaces/drone_simulation/install/tello_msgs/lib:/usr/lib/x86_64-linux-gnu/nvidia:/usr/lib/x86_64-linux-gnu/nvidia:/home/tyler/ros_workspaces/drone_simulation/install/tello_gazebo/lib:/home/tyler/ros_workspaces/drone_simulation/install/tello_driver/lib:/usr/lib/x86_64-linux-gnu/nvidia:/usr/lib/x86_64-linux-gnu/nvidia:/usr/lib/x86_64-linux-gnu/gazebo-11/plugins:/opt/ros/humble/lib/x86_64-linux-gnu:/opt/ros/humble/lib:/usr/lib/x86_64-linux-gnu/nvidia:/usr/lib/x86_64-linux-gnu/nvidia:/usr/lib/x86_64-linux-gnu/nvidia /usr/bin/cmake /home/tyler/ros_workspaces/drone_simulation/src/tello_ros/tello_gazebo -DCMAKE_INSTALL_PREFIX=/home/tyler/ros_workspaces/drone_simulation/install/tello_gazebo
[18.234s] Invoking command in '/home/tyler/ros_workspaces/drone_simulation/build/tello_gazebo': CMAKE_PREFIX_PATH=/home/tyler/ros_workspaces/drone_simulation/install/tello_msgs:/home/tyler/ros_workspaces/drone_simulation/install/tello_gazebo:/home/tyler/ros_workspaces/drone_simulation/install/tello_driver:/home/tyler/ros_workspaces/drone_simulation/install/tello_description:/home/tyler/ros_workspaces/drone_simulation/install/ros2_shared:/home/tyler/ros_workspaces/drone_simulation/install/my_drone_vision:/opt/ros/humble LD_LIBRARY_PATH=/home/tyler/ros_workspaces/drone_simulation/install/tello_msgs/lib:/usr/lib/x86_64-linux-gnu/nvidia:/usr/lib/x86_64-linux-gnu/nvidia:/home/tyler/ros_workspaces/drone_simulation/install/tello_gazebo/lib:/home/tyler/ros_workspaces/drone_simulation/install/tello_driver/lib:/usr/lib/x86_64-linux-gnu/nvidia:/usr/lib/x86_64-linux-gnu/nvidia:/usr/lib/x86_64-linux-gnu/gazebo-11/plugins:/opt/ros/humble/lib/x86_64-linux-gnu:/opt/ros/humble/lib:/usr/lib/x86_64-linux-gnu/nvidia:/usr/lib/x86_64-linux-gnu/nvidia:/usr/lib/x86_64-linux-gnu/nvidia /usr/bin/cmake --build /home/tyler/ros_workspaces/drone_simulation/build/tello_gazebo -- -j24 -l24
[18.261s] [ 50%] [32mBuilding CXX object CMakeFiles/TelloPlugin.dir/src/tello_plugin.cpp.o[0m
[32.161s] [100%] [32m[1mLinking CXX shared library libTelloPlugin.so[0m
[32.876s] [100%] Built target TelloPlugin
[32.882s] Invoked command in '/home/tyler/ros_workspaces/drone_simulation/build/tello_gazebo' returned '0': CMAKE_PREFIX_PATH=/home/tyler/ros_workspaces/drone_simulation/install/tello_msgs:/home/tyler/ros_workspaces/drone_simulation/install/tello_gazebo:/home/tyler/ros_workspaces/drone_simulation/install/tello_driver:/home/tyler/ros_workspaces/drone_simulation/install/tello_description:/home/tyler/ros_workspaces/drone_simulation/install/ros2_shared:/home/tyler/ros_workspaces/drone_simulation/install/my_drone_vision:/opt/ros/humble LD_LIBRARY_PATH=/home/tyler/ros_workspaces/drone_simulation/install/tello_msgs/lib:/usr/lib/x86_64-linux-gnu/nvidia:/usr/lib/x86_64-linux-gnu/nvidia:/home/tyler/ros_workspaces/drone_simulation/install/tello_gazebo/lib:/home/tyler/ros_workspaces/drone_simulation/install/tello_driver/lib:/usr/lib/x86_64-linux-gnu/nvidia:/usr/lib/x86_64-linux-gnu/nvidia:/usr/lib/x86_64-linux-gnu/gazebo-11/plugins:/opt/ros/humble/lib/x86_64-linux-gnu:/opt/ros/humble/lib:/usr/lib/x86_64-linux-gnu/nvidia:/usr/lib/x86_64-linux-gnu/nvidia:/usr/lib/x86_64-linux-gnu/nvidia /usr/bin/cmake --build /home/tyler/ros_workspaces/drone_simulation/build/tello_gazebo -- -j24 -l24
[32.884s] Invoking command in '/home/tyler/ros_workspaces/drone_simulation/build/tello_gazebo': CMAKE_PREFIX_PATH=/home/tyler/ros_workspaces/drone_simulation/install/tello_msgs:/home/tyler/ros_workspaces/drone_simulation/install/tello_gazebo:/home/tyler/ros_workspaces/drone_simulation/install/tello_driver:/home/tyler/ros_workspaces/drone_simulation/install/tello_description:/home/tyler/ros_workspaces/drone_simulation/install/ros2_shared:/home/tyler/ros_workspaces/drone_simulation/install/my_drone_vision:/opt/ros/humble LD_LIBRARY_PATH=/home/tyler/ros_workspaces/drone_simulation/install/tello_msgs/lib:/usr/lib/x86_64-linux-gnu/nvidia:/usr/lib/x86_64-linux-gnu/nvidia:/home/tyler/ros_workspaces/drone_simulation/install/tello_gazebo/lib:/home/tyler/ros_workspaces/drone_simulation/install/tello_driver/lib:/usr/lib/x86_64-linux-gnu/nvidia:/usr/lib/x86_64-linux-gnu/nvidia:/usr/lib/x86_64-linux-gnu/gazebo-11/plugins:/opt/ros/humble/lib/x86_64-linux-gnu:/opt/ros/humble/lib:/usr/lib/x86_64-linux-gnu/nvidia:/usr/lib/x86_64-linux-gnu/nvidia:/usr/lib/x86_64-linux-gnu/nvidia /usr/bin/cmake --install /home/tyler/ros_workspaces/drone_simulation/build/tello_gazebo
[32.887s] -- Install configuration: ""
[32.887s] -- Installing: /home/tyler/ros_workspaces/drone_simulation/install/tello_gazebo/lib/libTelloPlugin.so
[32.891s] -- Set runtime path of "/home/tyler/ros_workspaces/drone_simulation/install/tello_gazebo/lib/libTelloPlugin.so" to ""
[32.891s] -- Installing: /home/tyler/ros_workspaces/drone_simulation/install/tello_gazebo/share/tello_gazebo/models
[32.892s] -- Installing: /home/tyler/ros_workspaces/drone_simulation/install/tello_gazebo/share/tello_gazebo/models/marker_7
[32.892s] -- Installing: /home/tyler/ros_workspaces/drone_simulation/install/tello_gazebo/share/tello_gazebo/models/marker_7/model.config
[32.896s] -- Installing: /home/tyler/ros_workspaces/drone_simulation/install/tello_gazebo/share/tello_gazebo/models/marker_7/model.sdf
[32.899s] -- Installing: /home/tyler/ros_workspaces/drone_simulation/install/tello_gazebo/share/tello_gazebo/models/marker_7/materials
[32.899s] -- Installing: /home/tyler/ros_workspaces/drone_simulation/install/tello_gazebo/share/tello_gazebo/models/marker_7/materials/scripts
[32.899s] -- Installing: /home/tyler/ros_workspaces/drone_simulation/install/tello_gazebo/share/tello_gazebo/models/marker_7/materials/scripts/marker_7.material
[32.900s] -- Installing: /home/tyler/ros_workspaces/drone_simulation/install/tello_gazebo/share/tello_gazebo/models/marker_7/materials/textures
[32.900s] -- Installing: /home/tyler/ros_workspaces/drone_simulation/install/tello_gazebo/share/tello_gazebo/models/marker_7/materials/textures/aruco_mark_7.svg
[32.902s] -- Installing: /home/tyler/ros_workspaces/drone_simulation/install/tello_gazebo/share/tello_gazebo/models/marker_7/materials/textures/aruco_mark_7.png
[32.910s] -- Installing: /home/tyler/ros_workspaces/drone_simulation/install/tello_gazebo/share/tello_gazebo/models/marker_2
[32.910s] -- Installing: /home/tyler/ros_workspaces/drone_simulation/install/tello_gazebo/share/tello_gazebo/models/marker_2/model.config
[32.912s] -- Installing: /home/tyler/ros_workspaces/drone_simulation/install/tello_gazebo/share/tello_gazebo/models/marker_2/model.sdf
[32.912s] -- Installing: /home/tyler/ros_workspaces/drone_simulation/install/tello_gazebo/share/tello_gazebo/models/marker_2/materials
[32.912s] -- Installing: /home/tyler/ros_workspaces/drone_simulation/install/tello_gazebo/share/tello_gazebo/models/marker_2/materials/scripts
[32.912s] -- Installing: /home/tyler/ros_workspaces/drone_simulation/install/tello_gazebo/share/tello_gazebo/models/marker_2/materials/scripts/marker_2.material
[32.913s] -- Installing: /home/tyler/ros_workspaces/drone_simulation/install/tello_gazebo/share/tello_gazebo/models/marker_2/materials/textures
[32.913s] -- Installing: /home/tyler/ros_workspaces/drone_simulation/install/tello_gazebo/share/tello_gazebo/models/marker_2/materials/textures/aruco_mark_2.png
[32.913s] -- Installing: /home/tyler/ros_workspaces/drone_simulation/install/tello_gazebo/share/tello_gazebo/models/marker_2/materials/textures/aruco_mark_2.svg
[32.913s] -- Installing: /home/tyler/ros_workspaces/drone_simulation/install/tello_gazebo/share/tello_gazebo/models/marker_5
[32.913s] -- Installing: /home/tyler/ros_workspaces/drone_simulation/install/tello_gazebo/share/tello_gazebo/models/marker_5/model.config
[32.913s] -- Installing: /home/tyler/ros_workspaces/drone_simulation/install/tello_gazebo/share/tello_gazebo/models/marker_5/model.sdf
[32.914s] -- Installing: /home/tyler/ros_workspaces/drone_simulation/install/tello_gazebo/share/tello_gazebo/models/marker_5/materials
[32.914s] -- Installing: /home/tyler/ros_workspaces/drone_simulation/install/tello_gazebo/share/tello_gazebo/models/marker_5/materials/scripts
[32.914s] -- Installing: /home/tyler/ros_workspaces/drone_simulation/install/tello_gazebo/share/tello_gazebo/models/marker_5/materials/scripts/marker_5.material
[32.914s] -- Installing: /home/tyler/ros_workspaces/drone_simulation/install/tello_gazebo/share/tello_gazebo/models/marker_5/materials/textures
[32.914s] -- Installing: /home/tyler/ros_workspaces/drone_simulation/install/tello_gazebo/share/tello_gazebo/models/marker_5/materials/textures/aruco_mark_5.png
[32.914s] -- Installing: /home/tyler/ros_workspaces/drone_simulation/install/tello_gazebo/share/tello_gazebo/models/marker_5/materials/textures/aruco_mark_5.svg
[32.915s] -- Installing: /home/tyler/ros_workspaces/drone_simulation/install/tello_gazebo/share/tello_gazebo/models/marker_3
[32.915s] -- Installing: /home/tyler/ros_workspaces/drone_simulation/install/tello_gazebo/share/tello_gazebo/models/marker_3/model.config
[32.915s] -- Installing: /home/tyler/ros_workspaces/drone_simulation/install/tello_gazebo/share/tello_gazebo/models/marker_3/model.sdf
[32.915s] -- Installing: /home/tyler/ros_workspaces/drone_simulation/install/tello_gazebo/share/tello_gazebo/models/marker_3/materials
[32.915s] -- Installing: /home/tyler/ros_workspaces/drone_simulation/install/tello_gazebo/share/tello_gazebo/models/marker_3/materials/scripts
[32.916s] -- Installing: /home/tyler/ros_workspaces/drone_simulation/install/tello_gazebo/share/tello_gazebo/models/marker_3/materials/scripts/marker_3.material
[32.916s] -- Installing: /home/tyler/ros_workspaces/drone_simulation/install/tello_gazebo/share/tello_gazebo/models/marker_3/materials/textures
[32.916s] -- Installing: /home/tyler/ros_workspaces/drone_simulation/install/tello_gazebo/share/tello_gazebo/models/marker_3/materials/textures/aruco_mark_3.svg
[32.916s] -- Installing: /home/tyler/ros_workspaces/drone_simulation/install/tello_gazebo/share/tello_gazebo/models/marker_3/materials/textures/aruco_mark_3.png
[32.916s] -- Installing: /home/tyler/ros_workspaces/drone_simulation/install/tello_gazebo/share/tello_gazebo/models/marker_4
[32.916s] -- Installing: /home/tyler/ros_workspaces/drone_simulation/install/tello_gazebo/share/tello_gazebo/models/marker_4/model.config
[32.916s] -- Installing: /home/tyler/ros_workspaces/drone_simulation/install/tello_gazebo/share/tello_gazebo/models/marker_4/model.sdf
[32.917s] -- Installing: /home/tyler/ros_workspaces/drone_simulation/install/tello_gazebo/share/tello_gazebo/models/marker_4/materials
[32.917s] -- Installing: /home/tyler/ros_workspaces/drone_simulation/install/tello_gazebo/share/tello_gazebo/models/marker_4/materials/scripts
[32.917s] -- Installing: /home/tyler/ros_workspaces/drone_simulation/install/tello_gazebo/share/tello_gazebo/models/marker_4/materials/scripts/marker_4.material
[32.917s] -- Installing: /home/tyler/ros_workspaces/drone_simulation/install/tello_gazebo/share/tello_gazebo/models/marker_4/materials/textures
[32.917s] -- Installing: /home/tyler/ros_workspaces/drone_simulation/install/tello_gazebo/share/tello_gazebo/models/marker_4/materials/textures/aruco_mark_4.svg
[32.917s] -- Installing: /home/tyler/ros_workspaces/drone_simulation/install/tello_gazebo/share/tello_gazebo/models/marker_4/materials/textures/aruco_mark_4.png
[32.918s] -- Installing: /home/tyler/ros_workspaces/drone_simulation/install/tello_gazebo/share/tello_gazebo/models/marker_0
[32.918s] -- Installing: /home/tyler/ros_workspaces/drone_simulation/install/tello_gazebo/share/tello_gazebo/models/marker_0/model.config
[32.918s] -- Installing: /home/tyler/ros_workspaces/drone_simulation/install/tello_gazebo/share/tello_gazebo/models/marker_0/model.sdf
[32.918s] -- Installing: /home/tyler/ros_workspaces/drone_simulation/install/tello_gazebo/share/tello_gazebo/models/marker_0/materials
[32.918s] -- Installing: /home/tyler/ros_workspaces/drone_simulation/install/tello_gazebo/share/tello_gazebo/models/marker_0/materials/scripts
[32.918s] -- Installing: /home/tyler/ros_workspaces/drone_simulation/install/tello_gazebo/share/tello_gazebo/models/marker_0/materials/scripts/marker_0.material
[32.918s] -- Installing: /home/tyler/ros_workspaces/drone_simulation/install/tello_gazebo/share/tello_gazebo/models/marker_0/materials/textures
[32.919s] -- Installing: /home/tyler/ros_workspaces/drone_simulation/install/tello_gazebo/share/tello_gazebo/models/marker_0/materials/textures/aruco_mark_0.svg
[32.919s] -- Installing: /home/tyler/ros_workspaces/drone_simulation/install/tello_gazebo/share/tello_gazebo/models/marker_0/materials/textures/aruco_mark_0.png
[32.919s] -- Installing: /home/tyler/ros_workspaces/drone_simulation/install/tello_gazebo/share/tello_gazebo/models/marker_6
[32.919s] -- Installing: /home/tyler/ros_workspaces/drone_simulation/install/tello_gazebo/share/tello_gazebo/models/marker_6/model.config
[32.919s] -- Installing: /home/tyler/ros_workspaces/drone_simulation/install/tello_gazebo/share/tello_gazebo/models/marker_6/model.sdf
[32.920s] -- Installing: /home/tyler/ros_workspaces/drone_simulation/install/tello_gazebo/share/tello_gazebo/models/marker_6/materials
[32.920s] -- Installing: /home/tyler/ros_workspaces/drone_simulation/install/tello_gazebo/share/tello_gazebo/models/marker_6/materials/scripts
[32.920s] -- Installing: /home/tyler/ros_workspaces/drone_simulation/install/tello_gazebo/share/tello_gazebo/models/marker_6/materials/scripts/marker_6.material
[32.920s] -- Installing: /home/tyler/ros_workspaces/drone_simulation/install/tello_gazebo/share/tello_gazebo/models/marker_6/materials/textures
[32.920s] -- Installing: /home/tyler/ros_workspaces/drone_simulation/install/tello_gazebo/share/tello_gazebo/models/marker_6/materials/textures/aruco_mark_6.png
[32.920s] -- Installing: /home/tyler/ros_workspaces/drone_simulation/install/tello_gazebo/share/tello_gazebo/models/marker_6/materials/textures/aruco_mark_6.svg
[32.920s] -- Installing: /home/tyler/ros_workspaces/drone_simulation/install/tello_gazebo/share/tello_gazebo/models/marker_1
[32.921s] -- Installing: /home/tyler/ros_workspaces/drone_simulation/install/tello_gazebo/share/tello_gazebo/models/marker_1/model.config
[32.921s] -- Installing: /home/tyler/ros_workspaces/drone_simulation/install/tello_gazebo/share/tello_gazebo/models/marker_1/model.sdf
[32.921s] -- Installing: /home/tyler/ros_workspaces/drone_simulation/install/tello_gazebo/share/tello_gazebo/models/marker_1/materials
[32.921s] -- Installing: /home/tyler/ros_workspaces/drone_simulation/install/tello_gazebo/share/tello_gazebo/models/marker_1/materials/scripts
[32.921s] -- Installing: /home/tyler/ros_workspaces/drone_simulation/install/tello_gazebo/share/tello_gazebo/models/marker_1/materials/scripts/marker_1.material
[32.921s] -- Installing: /home/tyler/ros_workspaces/drone_simulation/install/tello_gazebo/share/tello_gazebo/models/marker_1/materials/textures
[32.921s] -- Installing: /home/tyler/ros_workspaces/drone_simulation/install/tello_gazebo/share/tello_gazebo/models/marker_1/materials/textures/aruco_mark_1.svg
[32.922s] -- Installing: /home/tyler/ros_workspaces/drone_simulation/install/tello_gazebo/share/tello_gazebo/models/marker_1/materials/textures/aruco_mark_1.png
[32.922s] -- Installing: /home/tyler/ros_workspaces/drone_simulation/install/tello_gazebo/share/tello_gazebo/worlds
[32.922s] -- Installing: /home/tyler/ros_workspaces/drone_simulation/install/tello_gazebo/share/tello_gazebo/worlds/fiducial.world
[32.922s] -- Installing: /home/tyler/ros_workspaces/drone_simulation/install/tello_gazebo/share/tello_gazebo/worlds/simple.world
[32.923s] -- Installing: /home/tyler/ros_workspaces/drone_simulation/install/tello_gazebo/share/tello_gazebo/worlds/fiducial_map.yaml
[32.923s] -- Installing: /home/tyler/ros_workspaces/drone_simulation/install/tello_gazebo/share/tello_gazebo/worlds/f2_map.yaml
[32.923s] -- Installing: /home/tyler/ros_workspaces/drone_simulation/install/tello_gazebo/share/tello_gazebo/worlds/f2.world
[32.924s] -- Installing: /home/tyler/ros_workspaces/drone_simulation/install/tello_gazebo/share/tello_gazebo/worlds/build_world.py
[32.924s] -- Installing: /home/tyler/ros_workspaces/drone_simulation/install/tello_gazebo/share/tello_gazebo/launch
[32.924s] -- Installing: /home/tyler/ros_workspaces/drone_simulation/install/tello_gazebo/share/tello_gazebo/launch/simple_launch.py
[32.924s] -- Installing: /home/tyler/ros_workspaces/drone_simulation/install/tello_gazebo/share/tello_gazebo/launch/vlam_launch.py
[32.924s] -- Installing: /home/tyler/ros_workspaces/drone_simulation/install/tello_gazebo/lib/tello_gazebo/inject_entity.py
[32.924s] -- Installing: /home/tyler/ros_workspaces/drone_simulation/install/tello_gazebo/share/ament_index/resource_index/package_run_dependencies/tello_gazebo
[32.924s] -- Installing: /home/tyler/ros_workspaces/drone_simulation/install/tello_gazebo/share/ament_index/resource_index/parent_prefix_path/tello_gazebo
[32.924s] -- Installing: /home/tyler/ros_workspaces/drone_simulation/install/tello_gazebo/share/tello_gazebo/environment/ament_prefix_path.sh
[32.924s] -- Installing: /home/tyler/ros_workspaces/drone_simulation/install/tello_gazebo/share/tello_gazebo/environment/ament_prefix_path.dsv
[32.925s] -- Installing: /home/tyler/ros_workspaces/drone_simulation/install/tello_gazebo/share/tello_gazebo/environment/path.sh
[32.925s] -- Installing: /home/tyler/ros_workspaces/drone_simulation/install/tello_gazebo/share/tello_gazebo/environment/path.dsv
[32.925s] -- Installing: /home/tyler/ros_workspaces/drone_simulation/install/tello_gazebo/share/tello_gazebo/local_setup.bash
[32.925s] -- Installing: /home/tyler/ros_workspaces/drone_simulation/install/tello_gazebo/share/tello_gazebo/local_setup.sh
[32.925s] -- Installing: /home/tyler/ros_workspaces/drone_simulation/install/tello_gazebo/share/tello_gazebo/local_setup.zsh
[32.925s] -- Installing: /home/tyler/ros_workspaces/drone_simulation/install/tello_gazebo/share/tello_gazebo/local_setup.dsv
[32.925s] -- Installing: /home/tyler/ros_workspaces/drone_simulation/install/tello_gazebo/share/tello_gazebo/package.dsv
[32.925s] -- Installing: /home/tyler/ros_workspaces/drone_simulation/install/tello_gazebo/share/ament_index/resource_index/packages/tello_gazebo
[32.925s] -- Installing: /home/tyler/ros_workspaces/drone_simulation/install/tello_gazebo/share/tello_gazebo/cmake/tello_gazeboConfig.cmake
[32.925s] -- Installing: /home/tyler/ros_workspaces/drone_simulation/install/tello_gazebo/share/tello_gazebo/cmake/tello_gazeboConfig-version.cmake
[32.925s] -- Installing: /home/tyler/ros_workspaces/drone_simulation/install/tello_gazebo/share/tello_gazebo/package.xml
[32.926s] Invoked command in '/home/tyler/ros_workspaces/drone_simulation/build/tello_gazebo' returned '0': CMAKE_PREFIX_PATH=/home/tyler/ros_workspaces/drone_simulation/install/tello_msgs:/home/tyler/ros_workspaces/drone_simulation/install/tello_gazebo:/home/tyler/ros_workspaces/drone_simulation/install/tello_driver:/home/tyler/ros_workspaces/drone_simulation/install/tello_description:/home/tyler/ros_workspaces/drone_simulation/install/ros2_shared:/home/tyler/ros_workspaces/drone_simulation/install/my_drone_vision:/opt/ros/humble LD_LIBRARY_PATH=/home/tyler/ros_workspaces/drone_simulation/install/tello_msgs/lib:/usr/lib/x86_64-linux-gnu/nvidia:/usr/lib/x86_64-linux-gnu/nvidia:/home/tyler/ros_workspaces/drone_simulation/install/tello_gazebo/lib:/home/tyler/ros_workspaces/drone_simulation/install/tello_driver/lib:/usr/lib/x86_64-linux-gnu/nvidia:/usr/lib/x86_64-linux-gnu/nvidia:/usr/lib/x86_64-linux-gnu/gazebo-11/plugins:/opt/ros/humble/lib/x86_64-linux-gnu:/opt/ros/humble/lib:/usr/lib/x86_64-linux-gnu/nvidia:/usr/lib/x86_64-linux-gnu/nvidia:/usr/lib/x86_64-linux-gnu/nvidia /usr/bin/cmake --install /home/tyler/ros_workspaces/drone_simulation/build/tello_gazebo
