[0.314s] Invoking command in '/home/tyler/ros2_ws/106a_final_project/drone_simulation/src/my_drone_vision': PYTHONPATH=/home/tyler/ros2_ws/106a_final_project/drone_simulation/build/my_drone_vision/prefix_override:/usr/lib/python3/dist-packages/colcon_core/task/python/colcon_distutils_commands:/home/tyler/ros2_ws/106a_final_project/drone_simulation/install/my_drone_vision/lib/python3.10/site-packages:${PYTHONPATH} /usr/bin/python3 -W ignore:setup.py install is deprecated -W ignore:easy_install command is deprecated setup.py egg_info --egg-base ../../build/my_drone_vision build --build-base /home/tyler/ros2_ws/106a_final_project/drone_simulation/build/my_drone_vision/build install --record /home/tyler/ros2_ws/106a_final_project/drone_simulation/build/my_drone_vision/install.log --single-version-externally-managed install_data
[0.421s] running egg_info
[0.421s] writing ../../build/my_drone_vision/my_drone_vision.egg-info/PKG-INFO
[0.421s] writing dependency_links to ../../build/my_drone_vision/my_drone_vision.egg-info/dependency_links.txt
[0.421s] writing entry points to ../../build/my_drone_vision/my_drone_vision.egg-info/entry_points.txt
[0.421s] writing requirements to ../../build/my_drone_vision/my_drone_vision.egg-info/requires.txt
[0.421s] writing top-level names to ../../build/my_drone_vision/my_drone_vision.egg-info/top_level.txt
[0.422s] reading manifest file '../../build/my_drone_vision/my_drone_vision.egg-info/SOURCES.txt'
[0.422s] writing manifest file '../../build/my_drone_vision/my_drone_vision.egg-info/SOURCES.txt'
[0.423s] running build
[0.423s] running build_py
[0.423s] copying my_drone_vision/aruco_detector.py -> /home/tyler/ros2_ws/106a_final_project/drone_simulation/build/my_drone_vision/build/lib/my_drone_vision
[0.423s] copying my_drone_vision/aruco_controller.py -> /home/tyler/ros2_ws/106a_final_project/drone_simulation/build/my_drone_vision/build/lib/my_drone_vision
[0.423s] running install
[0.423s] running install_lib
[0.423s] copying /home/tyler/ros2_ws/106a_final_project/drone_simulation/build/my_drone_vision/build/lib/my_drone_vision/aruco_detector.py -> /home/tyler/ros2_ws/106a_final_project/drone_simulation/install/my_drone_vision/lib/python3.10/site-packages/my_drone_vision
[0.423s] copying /home/tyler/ros2_ws/106a_final_project/drone_simulation/build/my_drone_vision/build/lib/my_drone_vision/aruco_controller.py -> /home/tyler/ros2_ws/106a_final_project/drone_simulation/install/my_drone_vision/lib/python3.10/site-packages/my_drone_vision
[0.424s] byte-compiling /home/tyler/ros2_ws/106a_final_project/drone_simulation/install/my_drone_vision/lib/python3.10/site-packages/my_drone_vision/aruco_detector.py to aruco_detector.cpython-310.pyc
[0.424s] byte-compiling /home/tyler/ros2_ws/106a_final_project/drone_simulation/install/my_drone_vision/lib/python3.10/site-packages/my_drone_vision/aruco_controller.py to aruco_controller.cpython-310.pyc
[0.424s] running install_data
[0.424s] running install_egg_info
[0.426s] removing '/home/tyler/ros2_ws/106a_final_project/drone_simulation/install/my_drone_vision/lib/python3.10/site-packages/my_drone_vision-0.0.0-py3.10.egg-info' (and everything under it)
[0.426s] Copying ../../build/my_drone_vision/my_drone_vision.egg-info to /home/tyler/ros2_ws/106a_final_project/drone_simulation/install/my_drone_vision/lib/python3.10/site-packages/my_drone_vision-0.0.0-py3.10.egg-info
[0.426s] running install_scripts
[0.436s] Installing aruco_controller script to /home/tyler/ros2_ws/106a_final_project/drone_simulation/install/my_drone_vision/lib/my_drone_vision
[0.436s] Installing aruco_detector script to /home/tyler/ros2_ws/106a_final_project/drone_simulation/install/my_drone_vision/lib/my_drone_vision
[0.436s] writing list of installed files to '/home/tyler/ros2_ws/106a_final_project/drone_simulation/build/my_drone_vision/install.log'
[0.448s] Invoked command in '/home/tyler/ros2_ws/106a_final_project/drone_simulation/src/my_drone_vision' returned '0': PYTHONPATH=/home/tyler/ros2_ws/106a_final_project/drone_simulation/build/my_drone_vision/prefix_override:/usr/lib/python3/dist-packages/colcon_core/task/python/colcon_distutils_commands:/home/tyler/ros2_ws/106a_final_project/drone_simulation/install/my_drone_vision/lib/python3.10/site-packages:${PYTHONPATH} /usr/bin/python3 -W ignore:setup.py install is deprecated -W ignore:easy_install command is deprecated setup.py egg_info --egg-base ../../build/my_drone_vision build --build-base /home/tyler/ros2_ws/106a_final_project/drone_simulation/build/my_drone_vision/build install --record /home/tyler/ros2_ws/106a_final_project/drone_simulation/build/my_drone_vision/install.log --single-version-externally-managed install_data
