[0.012s] Invoking command in '/home/tyler/ros_workspaces/drone_simulation/build/tello_msgs': CMAKE_PREFIX_PATH=${CMAKE_PREFIX_PATH}:/home/tyler/ros_workspaces/drone_simulation/install/my_drone_vision:/opt/ros/humble /usr/bin/cmake /home/tyler/ros_workspaces/drone_simulation/src/tello_ros/tello_msgs -DCMAKE_INSTALL_PREFIX=/home/tyler/ros_workspaces/drone_simulation/install/tello_msgs
[0.193s] -- The C compiler identification is GNU 11.4.0
[0.417s] -- The CXX compiler identification is GNU 11.4.0
[0.540s] -- Detecting C compiler ABI info
[0.612s] -- Detecting C compiler ABI info - done
[0.616s] -- Check for working C compiler: /usr/bin/cc - skipped
[0.616s] -- Detecting C compile features
[0.617s] -- Detecting C compile features - done
[0.619s] -- Detecting CXX compiler ABI info
[0.685s] -- Detecting CXX compiler ABI info - done
[0.689s] -- Check for working CXX compiler: /usr/bin/c++ - skipped
[0.689s] -- Detecting CXX compile features
[0.689s] -- Detecting CXX compile features - done
[0.697s] -- Found ament_cmake: 1.3.14 (/opt/ros/humble/share/ament_cmake/cmake)
[0.784s] -- Found Python3: /usr/bin/python3 (found version "3.10.12") found components: Interpreter 
[0.850s] -- Found rosidl_default_generators: 1.2.1 (/opt/ros/humble/share/rosidl_default_generators/cmake)
[0.853s] -- Using all available rosidl_typesupport_c: rosidl_typesupport_fastrtps_c;rosidl_typesupport_introspection_c
[0.859s] -- Found rosidl_adapter: 3.1.8 (/opt/ros/humble/share/rosidl_adapter/cmake)
[0.982s] -- Using all available rosidl_typesupport_cpp: rosidl_typesupport_fastrtps_cpp;rosidl_typesupport_introspection_cpp
[1.016s] -- Found std_msgs: 4.9.1 (/opt/ros/humble/share/std_msgs/cmake)
[1.193s] -- Found ament_cmake_ros: 0.10.0 (/opt/ros/humble/share/ament_cmake_ros/cmake)
[1.314s] -- Using all available rosidl_typesupport_c: rosidl_typesupport_fastrtps_c;rosidl_typesupport_introspection_c
[1.467s] -- Using all available rosidl_typesupport_cpp: rosidl_typesupport_fastrtps_cpp;rosidl_typesupport_introspection_cpp
[1.522s] -- Found PythonInterp: /usr/bin/python3 (found suitable version "3.10.12", minimum required is "3.6") 
[1.524s] -- Found python_cmake_module: 0.10.0 (/opt/ros/humble/share/python_cmake_module/cmake)
[1.701s] -- Found PythonLibs: /usr/lib/x86_64-linux-gnu/libpython3.10.so (found suitable version "3.10.12", minimum required is "3.5") 
[1.702s] -- Using PYTHON_EXECUTABLE: /usr/bin/python3
[1.702s] -- Using PYTHON_INCLUDE_DIRS: /usr/include/python3.10
[1.702s] -- Using PYTHON_LIBRARIES: /usr/lib/x86_64-linux-gnu/libpython3.10.so
[1.713s] -- Found PythonExtra: .so  
[1.800s] -- Configuring done
[1.819s] -- Generating done
[1.826s] -- Build files have been written to: /home/tyler/ros_workspaces/drone_simulation/build/tello_msgs
[1.829s] Invoked command in '/home/tyler/ros_workspaces/drone_simulation/build/tello_msgs' returned '0': CMAKE_PREFIX_PATH=${CMAKE_PREFIX_PATH}:/home/tyler/ros_workspaces/drone_simulation/install/my_drone_vision:/opt/ros/humble /usr/bin/cmake /home/tyler/ros_workspaces/drone_simulation/src/tello_ros/tello_msgs -DCMAKE_INSTALL_PREFIX=/home/tyler/ros_workspaces/drone_simulation/install/tello_msgs
[1.831s] Invoking command in '/home/tyler/ros_workspaces/drone_simulation/build/tello_msgs': CMAKE_PREFIX_PATH=${CMAKE_PREFIX_PATH}:/home/tyler/ros_workspaces/drone_simulation/install/my_drone_vision:/opt/ros/humble /usr/bin/cmake --build /home/tyler/ros_workspaces/drone_simulation/build/tello_msgs -- -j24 -l24
[1.844s] -- Found ament_cmake: 1.3.14 (/opt/ros/humble/share/ament_cmake/cmake)
[1.911s] -- Found rosidl_default_generators: 1.2.1 (/opt/ros/humble/share/rosidl_default_generators/cmake)
[1.912s] -- Using all available rosidl_typesupport_c: rosidl_typesupport_fastrtps_c;rosidl_typesupport_introspection_c
[1.913s] -- Found rosidl_adapter: 3.1.8 (/opt/ros/humble/share/rosidl_adapter/cmake)
[1.978s] -- Using all available rosidl_typesupport_cpp: rosidl_typesupport_fastrtps_cpp;rosidl_typesupport_introspection_cpp
[1.992s] -- Found std_msgs: 4.9.1 (/opt/ros/humble/share/std_msgs/cmake)
[2.153s] -- Found ament_cmake_ros: 0.10.0 (/opt/ros/humble/share/ament_cmake_ros/cmake)
[2.267s] -- Using all available rosidl_typesupport_c: rosidl_typesupport_fastrtps_c;rosidl_typesupport_introspection_c
[2.416s] -- Using all available rosidl_typesupport_cpp: rosidl_typesupport_fastrtps_cpp;rosidl_typesupport_introspection_cpp
[2.429s] -- Found python_cmake_module: 0.10.0 (/opt/ros/humble/share/python_cmake_module/cmake)
[2.441s] -- Using PYTHON_EXECUTABLE: /usr/bin/python3
[2.441s] -- Using PYTHON_INCLUDE_DIRS: /usr/include/python3.10
[2.441s] -- Using PYTHON_LIBRARIES: /usr/lib/x86_64-linux-gnu/libpython3.10.so
[2.495s] -- Configuring done
[2.513s] -- Generating done
[2.519s] -- Build files have been written to: /home/tyler/ros_workspaces/drone_simulation/build/tello_msgs
[2.534s] [  2%] [34m[1mGenerating C code for ROS interfaces[0m
[2.539s] [  4%] [34m[1mGenerating Rust code for ROS interfaces[0m
[2.539s] [  6%] [34m[1mGenerating C++ code for ROS interfaces[0m
[2.544s] [  6%] Built target ament_cmake_python_copy_tello_msgs
[2.658s] running egg_info
[2.659s] creating tello_msgs.egg-info
[2.659s] writing tello_msgs.egg-info/PKG-INFO
[2.659s] writing dependency_links to tello_msgs.egg-info/dependency_links.txt
[2.659s] writing top-level names to tello_msgs.egg-info/top_level.txt
[2.659s] writing manifest file 'tello_msgs.egg-info/SOURCES.txt'
[2.660s] reading manifest file 'tello_msgs.egg-info/SOURCES.txt'
[2.660s] writing manifest file 'tello_msgs.egg-info/SOURCES.txt'
[2.675s] [  6%] Built target ament_cmake_python_build_tello_msgs_egg
[2.876s] [  6%] Built target tello_msgs__rs
[2.919s] [  6%] Built target tello_msgs__cpp
[2.921s] [  8%] [32mBuilding C object CMakeFiles/tello_msgs__rosidl_generator_c.dir/rosidl_generator_c/tello_msgs/msg/detail/flight_data__functions.c.o[0m
[2.921s] [ 10%] [32mBuilding C object CMakeFiles/tello_msgs__rosidl_generator_c.dir/rosidl_generator_c/tello_msgs/msg/detail/tello_response__functions.c.o[0m
[2.921s] [ 12%] [32mBuilding C object CMakeFiles/tello_msgs__rosidl_generator_c.dir/rosidl_generator_c/tello_msgs/srv/detail/tello_action__functions.c.o[0m
[2.924s] [ 14%] [34m[1mGenerating C++ introspection for ROS interfaces[0m
[2.924s] [ 18%] [34m[1mGenerating C++ type support dispatch for ROS interfaces[0m
[2.925s] [ 18%] [34m[1mGenerating C++ type support for eProsima Fast-RTPS[0m
[2.980s] [ 20%] [32m[1mLinking C shared library libtello_msgs__rosidl_generator_c.so[0m
[3.036s] [ 20%] Built target tello_msgs__rosidl_generator_c
[3.042s] [ 22%] [34m[1mGenerating C type support dispatch for ROS interfaces[0m
[3.043s] [ 27%] [34m[1mGenerating C introspection for ROS interfaces[0m
[3.043s] [ 27%] [34m[1mGenerating C type support for eProsima Fast-RTPS[0m
[3.279s] [ 29%] [32mBuilding CXX object CMakeFiles/tello_msgs__rosidl_typesupport_cpp.dir/rosidl_typesupport_cpp/tello_msgs/msg/flight_data__type_support.cpp.o[0m
[3.279s] [ 31%] [32mBuilding CXX object CMakeFiles/tello_msgs__rosidl_typesupport_cpp.dir/rosidl_typesupport_cpp/tello_msgs/srv/tello_action__type_support.cpp.o[0m
[3.282s] [ 33%] [32mBuilding CXX object CMakeFiles/tello_msgs__rosidl_typesupport_cpp.dir/rosidl_typesupport_cpp/tello_msgs/msg/tello_response__type_support.cpp.o[0m
[3.314s] [ 37%] [32mBuilding CXX object CMakeFiles/tello_msgs__rosidl_typesupport_introspection_cpp.dir/rosidl_typesupport_introspection_cpp/tello_msgs/msg/detail/tello_response__type_support.cpp.o[0m
[3.314s] [ 37%] [32mBuilding CXX object CMakeFiles/tello_msgs__rosidl_typesupport_introspection_cpp.dir/rosidl_typesupport_introspection_cpp/tello_msgs/msg/detail/flight_data__type_support.cpp.o[0m
[3.315s] [ 39%] [32mBuilding CXX object CMakeFiles/tello_msgs__rosidl_typesupport_introspection_cpp.dir/rosidl_typesupport_introspection_cpp/tello_msgs/srv/detail/tello_action__type_support.cpp.o[0m
[3.344s] [ 41%] [32mBuilding CXX object CMakeFiles/tello_msgs__rosidl_typesupport_fastrtps_cpp.dir/rosidl_typesupport_fastrtps_cpp/tello_msgs/srv/detail/dds_fastrtps/tello_action__type_support.cpp.o[0m
[3.346s] [ 43%] [32mBuilding CXX object CMakeFiles/tello_msgs__rosidl_typesupport_fastrtps_cpp.dir/rosidl_typesupport_fastrtps_cpp/tello_msgs/msg/detail/dds_fastrtps/tello_response__type_support.cpp.o[0m
[3.347s] [ 45%] [32mBuilding CXX object CMakeFiles/tello_msgs__rosidl_typesupport_fastrtps_cpp.dir/rosidl_typesupport_fastrtps_cpp/tello_msgs/msg/detail/dds_fastrtps/flight_data__type_support.cpp.o[0m
[3.417s] [ 47%] [32mBuilding C object CMakeFiles/tello_msgs__rosidl_typesupport_introspection_c.dir/rosidl_typesupport_introspection_c/tello_msgs/msg/detail/tello_response__type_support.c.o[0m
[3.419s] [ 50%] [32mBuilding C object CMakeFiles/tello_msgs__rosidl_typesupport_introspection_c.dir/rosidl_typesupport_introspection_c/tello_msgs/srv/detail/tello_action__type_support.c.o[0m
[3.420s] [ 52%] [32mBuilding C object CMakeFiles/tello_msgs__rosidl_typesupport_introspection_c.dir/rosidl_typesupport_introspection_c/tello_msgs/msg/detail/flight_data__type_support.c.o[0m
[3.452s] [ 54%] [32m[1mLinking C shared library libtello_msgs__rosidl_typesupport_introspection_c.so[0m
[3.461s] [ 56%] [32mBuilding CXX object CMakeFiles/tello_msgs__rosidl_typesupport_c.dir/rosidl_typesupport_c/tello_msgs/msg/flight_data__type_support.cpp.o[0m
[3.462s] [ 58%] [32mBuilding CXX object CMakeFiles/tello_msgs__rosidl_typesupport_c.dir/rosidl_typesupport_c/tello_msgs/msg/tello_response__type_support.cpp.o[0m
[3.462s] [ 60%] [32mBuilding CXX object CMakeFiles/tello_msgs__rosidl_typesupport_c.dir/rosidl_typesupport_c/tello_msgs/srv/tello_action__type_support.cpp.o[0m
[3.480s] [ 62%] [32mBuilding CXX object CMakeFiles/tello_msgs__rosidl_typesupport_fastrtps_c.dir/rosidl_typesupport_fastrtps_c/tello_msgs/srv/detail/tello_action__type_support_c.cpp.o[0m
[3.480s] [ 64%] [32mBuilding CXX object CMakeFiles/tello_msgs__rosidl_typesupport_fastrtps_c.dir/rosidl_typesupport_fastrtps_c/tello_msgs/msg/detail/tello_response__type_support_c.cpp.o[0m
[3.481s] [ 66%] [32mBuilding CXX object CMakeFiles/tello_msgs__rosidl_typesupport_fastrtps_c.dir/rosidl_typesupport_fastrtps_c/tello_msgs/msg/detail/flight_data__type_support_c.cpp.o[0m
[3.493s] [ 68%] [32m[1mLinking CXX shared library libtello_msgs__rosidl_typesupport_c.so[0m
[3.523s] [ 68%] Built target tello_msgs__rosidl_typesupport_introspection_c
[3.547s] [ 70%] [32m[1mLinking CXX shared library libtello_msgs__rosidl_typesupport_cpp.so[0m
[3.575s] [ 70%] Built target tello_msgs__rosidl_typesupport_c
[3.620s] [ 70%] Built target tello_msgs__rosidl_typesupport_cpp
[3.660s] [ 72%] [32m[1mLinking CXX shared library libtello_msgs__rosidl_typesupport_introspection_cpp.so[0m
[3.680s] [ 75%] [32m[1mLinking CXX shared library libtello_msgs__rosidl_typesupport_fastrtps_cpp.so[0m
[3.727s] [ 77%] [32m[1mLinking CXX shared library libtello_msgs__rosidl_typesupport_fastrtps_c.so[0m
[3.729s] [ 77%] Built target tello_msgs__rosidl_typesupport_introspection_cpp
[3.754s] [ 77%] Built target tello_msgs__rosidl_typesupport_fastrtps_cpp
[3.800s] [ 77%] Built target tello_msgs__rosidl_typesupport_fastrtps_c
[3.811s] [ 77%] Built target tello_msgs
[3.822s] [ 79%] [34m[1mGenerating Python code for ROS interfaces[0m
[4.418s] [ 79%] Built target tello_msgs__py
[4.429s] [ 81%] [32mBuilding C object CMakeFiles/tello_msgs__rosidl_generator_py.dir/rosidl_generator_py/tello_msgs/msg/_flight_data_s.c.o[0m
[4.430s] [ 83%] [32mBuilding C object CMakeFiles/tello_msgs__rosidl_generator_py.dir/rosidl_generator_py/tello_msgs/srv/_tello_action_s.c.o[0m
[4.430s] [ 85%] [32mBuilding C object CMakeFiles/tello_msgs__rosidl_generator_py.dir/rosidl_generator_py/tello_msgs/msg/_tello_response_s.c.o[0m
[4.531s] [ 87%] [32m[1mLinking C shared library rosidl_generator_py/tello_msgs/libtello_msgs__rosidl_generator_py.so[0m
[4.588s] [ 87%] Built target tello_msgs__rosidl_generator_py
[4.599s] [ 91%] [32mBuilding C object CMakeFiles/tello_msgs__rosidl_typesupport_introspection_c__pyext.dir/rosidl_generator_py/tello_msgs/_tello_msgs_s.ep.rosidl_typesupport_introspection_c.c.o[0m
[4.599s] [ 91%] [32mBuilding C object CMakeFiles/tello_msgs__rosidl_typesupport_fastrtps_c__pyext.dir/rosidl_generator_py/tello_msgs/_tello_msgs_s.ep.rosidl_typesupport_fastrtps_c.c.o[0m
[4.600s] [ 93%] [32mBuilding C object CMakeFiles/tello_msgs__rosidl_typesupport_c__pyext.dir/rosidl_generator_py/tello_msgs/_tello_msgs_s.ep.rosidl_typesupport_c.c.o[0m
[4.655s] [ 95%] [32m[1mLinking C shared library rosidl_generator_py/tello_msgs/tello_msgs_s__rosidl_typesupport_introspection_c.cpython-310-x86_64-linux-gnu.so[0m
[4.657s] [ 97%] [32m[1mLinking C shared library rosidl_generator_py/tello_msgs/tello_msgs_s__rosidl_typesupport_c.cpython-310-x86_64-linux-gnu.so[0m
[4.658s] [100%] [32m[1mLinking C shared library rosidl_generator_py/tello_msgs/tello_msgs_s__rosidl_typesupport_fastrtps_c.cpython-310-x86_64-linux-gnu.so[0m
[4.700s] [100%] Built target tello_msgs__rosidl_typesupport_introspection_c__pyext
[4.700s] [100%] Built target tello_msgs__rosidl_typesupport_c__pyext
[4.700s] [100%] Built target tello_msgs__rosidl_typesupport_fastrtps_c__pyext
[4.707s] Invoked command in '/home/tyler/ros_workspaces/drone_simulation/build/tello_msgs' returned '0': CMAKE_PREFIX_PATH=${CMAKE_PREFIX_PATH}:/home/tyler/ros_workspaces/drone_simulation/install/my_drone_vision:/opt/ros/humble /usr/bin/cmake --build /home/tyler/ros_workspaces/drone_simulation/build/tello_msgs -- -j24 -l24
[4.708s] Invoking command in '/home/tyler/ros_workspaces/drone_simulation/build/tello_msgs': CMAKE_PREFIX_PATH=${CMAKE_PREFIX_PATH}:/home/tyler/ros_workspaces/drone_simulation/install/my_drone_vision:/opt/ros/humble /usr/bin/cmake --install /home/tyler/ros_workspaces/drone_simulation/build/tello_msgs
[4.712s] -- Install configuration: ""
[4.712s] -- Installing: /home/tyler/ros_workspaces/drone_simulation/install/tello_msgs/share/ament_index/resource_index/rosidl_interfaces/tello_msgs
[4.712s] -- Installing: /home/tyler/ros_workspaces/drone_simulation/install/tello_msgs/include/tello_msgs/tello_msgs
[4.712s] -- Installing: /home/tyler/ros_workspaces/drone_simulation/install/tello_msgs/include/tello_msgs/tello_msgs/srv
[4.713s] -- Installing: /home/tyler/ros_workspaces/drone_simulation/install/tello_msgs/include/tello_msgs/tello_msgs/srv/detail
[4.713s] -- Installing: /home/tyler/ros_workspaces/drone_simulation/install/tello_msgs/include/tello_msgs/tello_msgs/srv/detail/tello_action__struct.h
[4.713s] -- Installing: /home/tyler/ros_workspaces/drone_simulation/install/tello_msgs/include/tello_msgs/tello_msgs/srv/detail/tello_action__functions.h
[4.713s] -- Installing: /home/tyler/ros_workspaces/drone_simulation/install/tello_msgs/include/tello_msgs/tello_msgs/srv/detail/tello_action__type_support.h
[4.713s] -- Installing: /home/tyler/ros_workspaces/drone_simulation/install/tello_msgs/include/tello_msgs/tello_msgs/srv/detail/tello_action__functions.c
[4.713s] -- Installing: /home/tyler/ros_workspaces/drone_simulation/install/tello_msgs/include/tello_msgs/tello_msgs/srv/tello_action.h
[4.713s] -- Installing: /home/tyler/ros_workspaces/drone_simulation/install/tello_msgs/include/tello_msgs/tello_msgs/msg
[4.713s] -- Installing: /home/tyler/ros_workspaces/drone_simulation/install/tello_msgs/include/tello_msgs/tello_msgs/msg/tello_response.h
[4.713s] -- Installing: /home/tyler/ros_workspaces/drone_simulation/install/tello_msgs/include/tello_msgs/tello_msgs/msg/detail
[4.713s] -- Installing: /home/tyler/ros_workspaces/drone_simulation/install/tello_msgs/include/tello_msgs/tello_msgs/msg/detail/tello_response__struct.h
[4.714s] -- Installing: /home/tyler/ros_workspaces/drone_simulation/install/tello_msgs/include/tello_msgs/tello_msgs/msg/detail/tello_response__type_support.h
[4.714s] -- Installing: /home/tyler/ros_workspaces/drone_simulation/install/tello_msgs/include/tello_msgs/tello_msgs/msg/detail/tello_response__functions.c
[4.714s] -- Installing: /home/tyler/ros_workspaces/drone_simulation/install/tello_msgs/include/tello_msgs/tello_msgs/msg/detail/flight_data__functions.h
[4.714s] -- Installing: /home/tyler/ros_workspaces/drone_simulation/install/tello_msgs/include/tello_msgs/tello_msgs/msg/detail/tello_response__functions.h
[4.714s] -- Installing: /home/tyler/ros_workspaces/drone_simulation/install/tello_msgs/include/tello_msgs/tello_msgs/msg/detail/flight_data__type_support.h
[4.714s] -- Installing: /home/tyler/ros_workspaces/drone_simulation/install/tello_msgs/include/tello_msgs/tello_msgs/msg/detail/flight_data__struct.h
[4.714s] -- Installing: /home/tyler/ros_workspaces/drone_simulation/install/tello_msgs/include/tello_msgs/tello_msgs/msg/detail/flight_data__functions.c
[4.714s] -- Installing: /home/tyler/ros_workspaces/drone_simulation/install/tello_msgs/include/tello_msgs/tello_msgs/msg/flight_data.h
[4.714s] -- Installing: /home/tyler/ros_workspaces/drone_simulation/install/tello_msgs/include/tello_msgs/tello_msgs/msg/rosidl_generator_c__visibility_control.h
[4.714s] -- Installing: /home/tyler/ros_workspaces/drone_simulation/install/tello_msgs/share/tello_msgs/environment/library_path.sh
[4.714s] -- Installing: /home/tyler/ros_workspaces/drone_simulation/install/tello_msgs/share/tello_msgs/environment/library_path.dsv
[4.715s] -- Installing: /home/tyler/ros_workspaces/drone_simulation/install/tello_msgs/lib/libtello_msgs__rosidl_generator_c.so
[4.715s] -- Set runtime path of "/home/tyler/ros_workspaces/drone_simulation/install/tello_msgs/lib/libtello_msgs__rosidl_generator_c.so" to ""
[4.715s] -- Up-to-date: /home/tyler/ros_workspaces/drone_simulation/install/tello_msgs/include/tello_msgs/tello_msgs
[4.715s] -- Up-to-date: /home/tyler/ros_workspaces/drone_simulation/install/tello_msgs/include/tello_msgs/tello_msgs/srv
[4.715s] -- Up-to-date: /home/tyler/ros_workspaces/drone_simulation/install/tello_msgs/include/tello_msgs/tello_msgs/srv/detail
[4.715s] -- Installing: /home/tyler/ros_workspaces/drone_simulation/install/tello_msgs/include/tello_msgs/tello_msgs/srv/detail/tello_action__rosidl_typesupport_fastrtps_c.h
[4.715s] -- Up-to-date: /home/tyler/ros_workspaces/drone_simulation/install/tello_msgs/include/tello_msgs/tello_msgs/msg
[4.715s] -- Installing: /home/tyler/ros_workspaces/drone_simulation/install/tello_msgs/include/tello_msgs/tello_msgs/msg/rosidl_typesupport_fastrtps_c__visibility_control.h
[4.715s] -- Up-to-date: /home/tyler/ros_workspaces/drone_simulation/install/tello_msgs/include/tello_msgs/tello_msgs/msg/detail
[4.715s] -- Installing: /home/tyler/ros_workspaces/drone_simulation/install/tello_msgs/include/tello_msgs/tello_msgs/msg/detail/flight_data__rosidl_typesupport_fastrtps_c.h
[4.715s] -- Installing: /home/tyler/ros_workspaces/drone_simulation/install/tello_msgs/include/tello_msgs/tello_msgs/msg/detail/tello_response__rosidl_typesupport_fastrtps_c.h
[4.716s] -- Installing: /home/tyler/ros_workspaces/drone_simulation/install/tello_msgs/lib/libtello_msgs__rosidl_typesupport_fastrtps_c.so
[4.716s] -- Set runtime path of "/home/tyler/ros_workspaces/drone_simulation/install/tello_msgs/lib/libtello_msgs__rosidl_typesupport_fastrtps_c.so" to ""
[4.716s] -- Up-to-date: /home/tyler/ros_workspaces/drone_simulation/install/tello_msgs/include/tello_msgs/tello_msgs
[4.716s] -- Up-to-date: /home/tyler/ros_workspaces/drone_simulation/install/tello_msgs/include/tello_msgs/tello_msgs/srv
[4.716s] -- Up-to-date: /home/tyler/ros_workspaces/drone_simulation/install/tello_msgs/include/tello_msgs/tello_msgs/srv/detail
[4.716s] -- Installing: /home/tyler/ros_workspaces/drone_simulation/install/tello_msgs/include/tello_msgs/tello_msgs/srv/detail/tello_action__rosidl_typesupport_introspection_c.h
[4.716s] -- Installing: /home/tyler/ros_workspaces/drone_simulation/install/tello_msgs/include/tello_msgs/tello_msgs/srv/detail/tello_action__type_support.c
[4.716s] -- Up-to-date: /home/tyler/ros_workspaces/drone_simulation/install/tello_msgs/include/tello_msgs/tello_msgs/msg
[4.716s] -- Installing: /home/tyler/ros_workspaces/drone_simulation/install/tello_msgs/include/tello_msgs/tello_msgs/msg/rosidl_typesupport_introspection_c__visibility_control.h
[4.716s] -- Up-to-date: /home/tyler/ros_workspaces/drone_simulation/install/tello_msgs/include/tello_msgs/tello_msgs/msg/detail
[4.716s] -- Installing: /home/tyler/ros_workspaces/drone_simulation/install/tello_msgs/include/tello_msgs/tello_msgs/msg/detail/tello_response__type_support.c
[4.716s] -- Installing: /home/tyler/ros_workspaces/drone_simulation/install/tello_msgs/include/tello_msgs/tello_msgs/msg/detail/tello_response__rosidl_typesupport_introspection_c.h
[4.716s] -- Installing: /home/tyler/ros_workspaces/drone_simulation/install/tello_msgs/include/tello_msgs/tello_msgs/msg/detail/flight_data__type_support.c
[4.717s] -- Installing: /home/tyler/ros_workspaces/drone_simulation/install/tello_msgs/include/tello_msgs/tello_msgs/msg/detail/flight_data__rosidl_typesupport_introspection_c.h
[4.717s] -- Installing: /home/tyler/ros_workspaces/drone_simulation/install/tello_msgs/lib/libtello_msgs__rosidl_typesupport_introspection_c.so
[4.717s] -- Set runtime path of "/home/tyler/ros_workspaces/drone_simulation/install/tello_msgs/lib/libtello_msgs__rosidl_typesupport_introspection_c.so" to ""
[4.717s] -- Installing: /home/tyler/ros_workspaces/drone_simulation/install/tello_msgs/lib/libtello_msgs__rosidl_typesupport_c.so
[4.717s] -- Set runtime path of "/home/tyler/ros_workspaces/drone_simulation/install/tello_msgs/lib/libtello_msgs__rosidl_typesupport_c.so" to ""
[4.717s] -- Up-to-date: /home/tyler/ros_workspaces/drone_simulation/install/tello_msgs/include/tello_msgs/tello_msgs
[4.717s] -- Up-to-date: /home/tyler/ros_workspaces/drone_simulation/install/tello_msgs/include/tello_msgs/tello_msgs/srv
[4.717s] -- Up-to-date: /home/tyler/ros_workspaces/drone_simulation/install/tello_msgs/include/tello_msgs/tello_msgs/srv/detail
[4.717s] -- Installing: /home/tyler/ros_workspaces/drone_simulation/install/tello_msgs/include/tello_msgs/tello_msgs/srv/detail/tello_action__builder.hpp
[4.717s] -- Installing: /home/tyler/ros_workspaces/drone_simulation/install/tello_msgs/include/tello_msgs/tello_msgs/srv/detail/tello_action__traits.hpp
[4.718s] -- Installing: /home/tyler/ros_workspaces/drone_simulation/install/tello_msgs/include/tello_msgs/tello_msgs/srv/detail/tello_action__struct.hpp
[4.718s] -- Installing: /home/tyler/ros_workspaces/drone_simulation/install/tello_msgs/include/tello_msgs/tello_msgs/srv/detail/tello_action__type_support.hpp
[4.718s] -- Installing: /home/tyler/ros_workspaces/drone_simulation/install/tello_msgs/include/tello_msgs/tello_msgs/srv/tello_action.hpp
[4.718s] -- Up-to-date: /home/tyler/ros_workspaces/drone_simulation/install/tello_msgs/include/tello_msgs/tello_msgs/msg
[4.718s] -- Up-to-date: /home/tyler/ros_workspaces/drone_simulation/install/tello_msgs/include/tello_msgs/tello_msgs/msg/detail
[4.718s] -- Installing: /home/tyler/ros_workspaces/drone_simulation/install/tello_msgs/include/tello_msgs/tello_msgs/msg/detail/tello_response__type_support.hpp
[4.718s] -- Installing: /home/tyler/ros_workspaces/drone_simulation/install/tello_msgs/include/tello_msgs/tello_msgs/msg/detail/flight_data__struct.hpp
[4.718s] -- Installing: /home/tyler/ros_workspaces/drone_simulation/install/tello_msgs/include/tello_msgs/tello_msgs/msg/detail/tello_response__traits.hpp
[4.718s] -- Installing: /home/tyler/ros_workspaces/drone_simulation/install/tello_msgs/include/tello_msgs/tello_msgs/msg/detail/flight_data__type_support.hpp
[4.718s] -- Installing: /home/tyler/ros_workspaces/drone_simulation/install/tello_msgs/include/tello_msgs/tello_msgs/msg/detail/tello_response__struct.hpp
[4.718s] -- Installing: /home/tyler/ros_workspaces/drone_simulation/install/tello_msgs/include/tello_msgs/tello_msgs/msg/detail/tello_response__builder.hpp
[4.718s] -- Installing: /home/tyler/ros_workspaces/drone_simulation/install/tello_msgs/include/tello_msgs/tello_msgs/msg/detail/flight_data__traits.hpp
[4.718s] -- Installing: /home/tyler/ros_workspaces/drone_simulation/install/tello_msgs/include/tello_msgs/tello_msgs/msg/detail/flight_data__builder.hpp
[4.719s] -- Installing: /home/tyler/ros_workspaces/drone_simulation/install/tello_msgs/include/tello_msgs/tello_msgs/msg/flight_data.hpp
[4.719s] -- Installing: /home/tyler/ros_workspaces/drone_simulation/install/tello_msgs/include/tello_msgs/tello_msgs/msg/rosidl_generator_cpp__visibility_control.hpp
[4.719s] -- Installing: /home/tyler/ros_workspaces/drone_simulation/install/tello_msgs/include/tello_msgs/tello_msgs/msg/tello_response.hpp
[4.719s] -- Up-to-date: /home/tyler/ros_workspaces/drone_simulation/install/tello_msgs/include/tello_msgs/tello_msgs
[4.719s] -- Up-to-date: /home/tyler/ros_workspaces/drone_simulation/install/tello_msgs/include/tello_msgs/tello_msgs/srv
[4.719s] -- Up-to-date: /home/tyler/ros_workspaces/drone_simulation/install/tello_msgs/include/tello_msgs/tello_msgs/srv/detail
[4.719s] -- Installing: /home/tyler/ros_workspaces/drone_simulation/install/tello_msgs/include/tello_msgs/tello_msgs/srv/detail/tello_action__rosidl_typesupport_fastrtps_cpp.hpp
[4.719s] -- Installing: /home/tyler/ros_workspaces/drone_simulation/install/tello_msgs/include/tello_msgs/tello_msgs/srv/detail/dds_fastrtps
[4.719s] -- Up-to-date: /home/tyler/ros_workspaces/drone_simulation/install/tello_msgs/include/tello_msgs/tello_msgs/msg
[4.719s] -- Up-to-date: /home/tyler/ros_workspaces/drone_simulation/install/tello_msgs/include/tello_msgs/tello_msgs/msg/detail
[4.719s] -- Installing: /home/tyler/ros_workspaces/drone_simulation/install/tello_msgs/include/tello_msgs/tello_msgs/msg/detail/tello_response__rosidl_typesupport_fastrtps_cpp.hpp
[4.719s] -- Installing: /home/tyler/ros_workspaces/drone_simulation/install/tello_msgs/include/tello_msgs/tello_msgs/msg/detail/flight_data__rosidl_typesupport_fastrtps_cpp.hpp
[4.720s] -- Installing: /home/tyler/ros_workspaces/drone_simulation/install/tello_msgs/include/tello_msgs/tello_msgs/msg/detail/dds_fastrtps
[4.720s] -- Installing: /home/tyler/ros_workspaces/drone_simulation/install/tello_msgs/include/tello_msgs/tello_msgs/msg/rosidl_typesupport_fastrtps_cpp__visibility_control.h
[4.720s] -- Installing: /home/tyler/ros_workspaces/drone_simulation/install/tello_msgs/lib/libtello_msgs__rosidl_typesupport_fastrtps_cpp.so
[4.720s] -- Set runtime path of "/home/tyler/ros_workspaces/drone_simulation/install/tello_msgs/lib/libtello_msgs__rosidl_typesupport_fastrtps_cpp.so" to ""
[4.720s] -- Up-to-date: /home/tyler/ros_workspaces/drone_simulation/install/tello_msgs/include/tello_msgs/tello_msgs
[4.720s] -- Up-to-date: /home/tyler/ros_workspaces/drone_simulation/install/tello_msgs/include/tello_msgs/tello_msgs/srv
[4.720s] -- Up-to-date: /home/tyler/ros_workspaces/drone_simulation/install/tello_msgs/include/tello_msgs/tello_msgs/srv/detail
[4.720s] -- Installing: /home/tyler/ros_workspaces/drone_simulation/install/tello_msgs/include/tello_msgs/tello_msgs/srv/detail/tello_action__type_support.cpp
[4.720s] -- Installing: /home/tyler/ros_workspaces/drone_simulation/install/tello_msgs/include/tello_msgs/tello_msgs/srv/detail/tello_action__rosidl_typesupport_introspection_cpp.hpp
[4.720s] -- Up-to-date: /home/tyler/ros_workspaces/drone_simulation/install/tello_msgs/include/tello_msgs/tello_msgs/msg
[4.720s] -- Up-to-date: /home/tyler/ros_workspaces/drone_simulation/install/tello_msgs/include/tello_msgs/tello_msgs/msg/detail
[4.720s] -- Installing: /home/tyler/ros_workspaces/drone_simulation/install/tello_msgs/include/tello_msgs/tello_msgs/msg/detail/flight_data__type_support.cpp
[4.720s] -- Installing: /home/tyler/ros_workspaces/drone_simulation/install/tello_msgs/include/tello_msgs/tello_msgs/msg/detail/tello_response__type_support.cpp
[4.720s] -- Installing: /home/tyler/ros_workspaces/drone_simulation/install/tello_msgs/include/tello_msgs/tello_msgs/msg/detail/tello_response__rosidl_typesupport_introspection_cpp.hpp
[4.720s] -- Installing: /home/tyler/ros_workspaces/drone_simulation/install/tello_msgs/include/tello_msgs/tello_msgs/msg/detail/flight_data__rosidl_typesupport_introspection_cpp.hpp
[4.720s] -- Installing: /home/tyler/ros_workspaces/drone_simulation/install/tello_msgs/lib/libtello_msgs__rosidl_typesupport_introspection_cpp.so
[4.720s] -- Set runtime path of "/home/tyler/ros_workspaces/drone_simulation/install/tello_msgs/lib/libtello_msgs__rosidl_typesupport_introspection_cpp.so" to ""
[4.720s] -- Installing: /home/tyler/ros_workspaces/drone_simulation/install/tello_msgs/lib/libtello_msgs__rosidl_typesupport_cpp.so
[4.720s] -- Set runtime path of "/home/tyler/ros_workspaces/drone_simulation/install/tello_msgs/lib/libtello_msgs__rosidl_typesupport_cpp.so" to ""
[4.720s] -- Installing: /home/tyler/ros_workspaces/drone_simulation/install/tello_msgs/share/tello_msgs/environment/pythonpath.sh
[4.720s] -- Installing: /home/tyler/ros_workspaces/drone_simulation/install/tello_msgs/share/tello_msgs/environment/pythonpath.dsv
[4.720s] -- Installing: /home/tyler/ros_workspaces/drone_simulation/install/tello_msgs/local/lib/python3.10/dist-packages/tello_msgs-0.1.0-py3.10.egg-info
[4.720s] -- Installing: /home/tyler/ros_workspaces/drone_simulation/install/tello_msgs/local/lib/python3.10/dist-packages/tello_msgs-0.1.0-py3.10.egg-info/dependency_links.txt
[4.720s] -- Installing: /home/tyler/ros_workspaces/drone_simulation/install/tello_msgs/local/lib/python3.10/dist-packages/tello_msgs-0.1.0-py3.10.egg-info/SOURCES.txt
[4.720s] -- Installing: /home/tyler/ros_workspaces/drone_simulation/install/tello_msgs/local/lib/python3.10/dist-packages/tello_msgs-0.1.0-py3.10.egg-info/top_level.txt
[4.720s] -- Installing: /home/tyler/ros_workspaces/drone_simulation/install/tello_msgs/local/lib/python3.10/dist-packages/tello_msgs-0.1.0-py3.10.egg-info/PKG-INFO
[4.720s] -- Installing: /home/tyler/ros_workspaces/drone_simulation/install/tello_msgs/local/lib/python3.10/dist-packages/tello_msgs
[4.720s] -- Installing: /home/tyler/ros_workspaces/drone_simulation/install/tello_msgs/local/lib/python3.10/dist-packages/tello_msgs/_tello_msgs_s.ep.rosidl_typesupport_introspection_c.c
[4.720s] -- Installing: /home/tyler/ros_workspaces/drone_simulation/install/tello_msgs/local/lib/python3.10/dist-packages/tello_msgs/libtello_msgs__rosidl_generator_py.so
[4.720s] -- Installing: /home/tyler/ros_workspaces/drone_simulation/install/tello_msgs/local/lib/python3.10/dist-packages/tello_msgs/_tello_msgs_s.ep.rosidl_typesupport_c.c
[4.720s] -- Installing: /home/tyler/ros_workspaces/drone_simulation/install/tello_msgs/local/lib/python3.10/dist-packages/tello_msgs/tello_msgs_s__rosidl_typesupport_fastrtps_c.cpython-310-x86_64-linux-gnu.so
[4.720s] -- Installing: /home/tyler/ros_workspaces/drone_simulation/install/tello_msgs/local/lib/python3.10/dist-packages/tello_msgs/srv
[4.720s] -- Installing: /home/tyler/ros_workspaces/drone_simulation/install/tello_msgs/local/lib/python3.10/dist-packages/tello_msgs/srv/_tello_action_s.c
[4.720s] -- Installing: /home/tyler/ros_workspaces/drone_simulation/install/tello_msgs/local/lib/python3.10/dist-packages/tello_msgs/srv/_tello_action.py
[4.720s] -- Installing: /home/tyler/ros_workspaces/drone_simulation/install/tello_msgs/local/lib/python3.10/dist-packages/tello_msgs/srv/__init__.py
[4.720s] -- Installing: /home/tyler/ros_workspaces/drone_simulation/install/tello_msgs/local/lib/python3.10/dist-packages/tello_msgs/_tello_msgs_s.ep.rosidl_typesupport_fastrtps_c.c
[4.721s] -- Installing: /home/tyler/ros_workspaces/drone_simulation/install/tello_msgs/local/lib/python3.10/dist-packages/tello_msgs/__init__.py
[4.721s] -- Installing: /home/tyler/ros_workspaces/drone_simulation/install/tello_msgs/local/lib/python3.10/dist-packages/tello_msgs/msg
[4.721s] -- Installing: /home/tyler/ros_workspaces/drone_simulation/install/tello_msgs/local/lib/python3.10/dist-packages/tello_msgs/msg/_tello_response.py
[4.721s] -- Installing: /home/tyler/ros_workspaces/drone_simulation/install/tello_msgs/local/lib/python3.10/dist-packages/tello_msgs/msg/_flight_data_s.c
[4.721s] -- Installing: /home/tyler/ros_workspaces/drone_simulation/install/tello_msgs/local/lib/python3.10/dist-packages/tello_msgs/msg/__init__.py
[4.721s] -- Installing: /home/tyler/ros_workspaces/drone_simulation/install/tello_msgs/local/lib/python3.10/dist-packages/tello_msgs/msg/_tello_response_s.c
[4.721s] -- Installing: /home/tyler/ros_workspaces/drone_simulation/install/tello_msgs/local/lib/python3.10/dist-packages/tello_msgs/msg/_flight_data.py
[4.721s] -- Installing: /home/tyler/ros_workspaces/drone_simulation/install/tello_msgs/local/lib/python3.10/dist-packages/tello_msgs/tello_msgs_s__rosidl_typesupport_introspection_c.cpython-310-x86_64-linux-gnu.so
[4.721s] -- Installing: /home/tyler/ros_workspaces/drone_simulation/install/tello_msgs/local/lib/python3.10/dist-packages/tello_msgs/tello_msgs_s__rosidl_typesupport_c.cpython-310-x86_64-linux-gnu.so
[4.742s] Listing '/home/tyler/ros_workspaces/drone_simulation/install/tello_msgs/local/lib/python3.10/dist-packages/tello_msgs'...
[4.742s] Compiling '/home/tyler/ros_workspaces/drone_simulation/install/tello_msgs/local/lib/python3.10/dist-packages/tello_msgs/__init__.py'...
[4.742s] Listing '/home/tyler/ros_workspaces/drone_simulation/install/tello_msgs/local/lib/python3.10/dist-packages/tello_msgs/msg'...
[4.742s] Compiling '/home/tyler/ros_workspaces/drone_simulation/install/tello_msgs/local/lib/python3.10/dist-packages/tello_msgs/msg/__init__.py'...
[4.742s] Compiling '/home/tyler/ros_workspaces/drone_simulation/install/tello_msgs/local/lib/python3.10/dist-packages/tello_msgs/msg/_flight_data.py'...
[4.742s] Compiling '/home/tyler/ros_workspaces/drone_simulation/install/tello_msgs/local/lib/python3.10/dist-packages/tello_msgs/msg/_tello_response.py'...
[4.742s] Listing '/home/tyler/ros_workspaces/drone_simulation/install/tello_msgs/local/lib/python3.10/dist-packages/tello_msgs/srv'...
[4.742s] Compiling '/home/tyler/ros_workspaces/drone_simulation/install/tello_msgs/local/lib/python3.10/dist-packages/tello_msgs/srv/__init__.py'...
[4.742s] Compiling '/home/tyler/ros_workspaces/drone_simulation/install/tello_msgs/local/lib/python3.10/dist-packages/tello_msgs/srv/_tello_action.py'...
[4.745s] -- Installing: /home/tyler/ros_workspaces/drone_simulation/install/tello_msgs/local/lib/python3.10/dist-packages/tello_msgs/tello_msgs_s__rosidl_typesupport_fastrtps_c.cpython-310-x86_64-linux-gnu.so
[4.745s] -- Set runtime path of "/home/tyler/ros_workspaces/drone_simulation/install/tello_msgs/local/lib/python3.10/dist-packages/tello_msgs/tello_msgs_s__rosidl_typesupport_fastrtps_c.cpython-310-x86_64-linux-gnu.so" to ""
[4.745s] -- Installing: /home/tyler/ros_workspaces/drone_simulation/install/tello_msgs/local/lib/python3.10/dist-packages/tello_msgs/tello_msgs_s__rosidl_typesupport_introspection_c.cpython-310-x86_64-linux-gnu.so
[4.745s] -- Set runtime path of "/home/tyler/ros_workspaces/drone_simulation/install/tello_msgs/local/lib/python3.10/dist-packages/tello_msgs/tello_msgs_s__rosidl_typesupport_introspection_c.cpython-310-x86_64-linux-gnu.so" to ""
[4.745s] -- Installing: /home/tyler/ros_workspaces/drone_simulation/install/tello_msgs/local/lib/python3.10/dist-packages/tello_msgs/tello_msgs_s__rosidl_typesupport_c.cpython-310-x86_64-linux-gnu.so
[4.745s] -- Set runtime path of "/home/tyler/ros_workspaces/drone_simulation/install/tello_msgs/local/lib/python3.10/dist-packages/tello_msgs/tello_msgs_s__rosidl_typesupport_c.cpython-310-x86_64-linux-gnu.so" to ""
[4.745s] -- Installing: /home/tyler/ros_workspaces/drone_simulation/install/tello_msgs/lib/libtello_msgs__rosidl_generator_py.so
[4.746s] -- Set runtime path of "/home/tyler/ros_workspaces/drone_simulation/install/tello_msgs/lib/libtello_msgs__rosidl_generator_py.so" to ""
[4.746s] -- Installing: /home/tyler/ros_workspaces/drone_simulation/install/tello_msgs/share/ament_index/resource_index/rust_packages/tello_msgs
[4.746s] -- Installing: /home/tyler/ros_workspaces/drone_simulation/install/tello_msgs/share/tello_msgs/rust
[4.746s] -- Installing: /home/tyler/ros_workspaces/drone_simulation/install/tello_msgs/share/tello_msgs/rust/src
[4.746s] -- Installing: /home/tyler/ros_workspaces/drone_simulation/install/tello_msgs/share/tello_msgs/rust/src/srv.rs
[4.746s] -- Installing: /home/tyler/ros_workspaces/drone_simulation/install/tello_msgs/share/tello_msgs/rust/src/lib.rs
[4.746s] -- Installing: /home/tyler/ros_workspaces/drone_simulation/install/tello_msgs/share/tello_msgs/rust/src/srv
[4.746s] -- Installing: /home/tyler/ros_workspaces/drone_simulation/install/tello_msgs/share/tello_msgs/rust/src/srv/rmw.rs
[4.746s] -- Installing: /home/tyler/ros_workspaces/drone_simulation/install/tello_msgs/share/tello_msgs/rust/src/msg
[4.746s] -- Installing: /home/tyler/ros_workspaces/drone_simulation/install/tello_msgs/share/tello_msgs/rust/src/msg/rmw.rs
[4.746s] -- Installing: /home/tyler/ros_workspaces/drone_simulation/install/tello_msgs/share/tello_msgs/rust/src/msg.rs
[4.747s] -- Installing: /home/tyler/ros_workspaces/drone_simulation/install/tello_msgs/share/tello_msgs/rust/build.rs
[4.747s] -- Installing: /home/tyler/ros_workspaces/drone_simulation/install/tello_msgs/share/tello_msgs/rust/Cargo.toml
[4.747s] -- Installing: /home/tyler/ros_workspaces/drone_simulation/install/tello_msgs/share/tello_msgs/msg/FlightData.idl
[4.747s] -- Installing: /home/tyler/ros_workspaces/drone_simulation/install/tello_msgs/share/tello_msgs/msg/TelloResponse.idl
[4.747s] -- Installing: /home/tyler/ros_workspaces/drone_simulation/install/tello_msgs/share/tello_msgs/srv/TelloAction.idl
[4.747s] -- Installing: /home/tyler/ros_workspaces/drone_simulation/install/tello_msgs/share/tello_msgs/msg/FlightData.msg
[4.747s] -- Installing: /home/tyler/ros_workspaces/drone_simulation/install/tello_msgs/share/tello_msgs/msg/TelloResponse.msg
[4.747s] -- Installing: /home/tyler/ros_workspaces/drone_simulation/install/tello_msgs/share/tello_msgs/srv/TelloAction.srv
[4.747s] -- Installing: /home/tyler/ros_workspaces/drone_simulation/install/tello_msgs/share/tello_msgs/srv/TelloAction_Request.msg
[4.748s] -- Installing: /home/tyler/ros_workspaces/drone_simulation/install/tello_msgs/share/tello_msgs/srv/TelloAction_Response.msg
[4.748s] -- Installing: /home/tyler/ros_workspaces/drone_simulation/install/tello_msgs/share/ament_index/resource_index/package_run_dependencies/tello_msgs
[4.748s] -- Installing: /home/tyler/ros_workspaces/drone_simulation/install/tello_msgs/share/ament_index/resource_index/parent_prefix_path/tello_msgs
[4.748s] -- Installing: /home/tyler/ros_workspaces/drone_simulation/install/tello_msgs/share/tello_msgs/environment/ament_prefix_path.sh
[4.748s] -- Installing: /home/tyler/ros_workspaces/drone_simulation/install/tello_msgs/share/tello_msgs/environment/ament_prefix_path.dsv
[4.748s] -- Installing: /home/tyler/ros_workspaces/drone_simulation/install/tello_msgs/share/tello_msgs/environment/path.sh
[4.748s] -- Installing: /home/tyler/ros_workspaces/drone_simulation/install/tello_msgs/share/tello_msgs/environment/path.dsv
[4.748s] -- Installing: /home/tyler/ros_workspaces/drone_simulation/install/tello_msgs/share/tello_msgs/local_setup.bash
[4.748s] -- Installing: /home/tyler/ros_workspaces/drone_simulation/install/tello_msgs/share/tello_msgs/local_setup.sh
[4.748s] -- Installing: /home/tyler/ros_workspaces/drone_simulation/install/tello_msgs/share/tello_msgs/local_setup.zsh
[4.748s] -- Installing: /home/tyler/ros_workspaces/drone_simulation/install/tello_msgs/share/tello_msgs/local_setup.dsv
[4.748s] -- Installing: /home/tyler/ros_workspaces/drone_simulation/install/tello_msgs/share/tello_msgs/package.dsv
[4.749s] -- Installing: /home/tyler/ros_workspaces/drone_simulation/install/tello_msgs/share/ament_index/resource_index/packages/tello_msgs
[4.749s] -- Installing: /home/tyler/ros_workspaces/drone_simulation/install/tello_msgs/share/tello_msgs/cmake/export_tello_msgs__rosidl_generator_cExport.cmake
[4.749s] -- Installing: /home/tyler/ros_workspaces/drone_simulation/install/tello_msgs/share/tello_msgs/cmake/export_tello_msgs__rosidl_generator_cExport-noconfig.cmake
[4.749s] -- Installing: /home/tyler/ros_workspaces/drone_simulation/install/tello_msgs/share/tello_msgs/cmake/export_tello_msgs__rosidl_typesupport_fastrtps_cExport.cmake
[4.749s] -- Installing: /home/tyler/ros_workspaces/drone_simulation/install/tello_msgs/share/tello_msgs/cmake/export_tello_msgs__rosidl_typesupport_fastrtps_cExport-noconfig.cmake
[4.749s] -- Installing: /home/tyler/ros_workspaces/drone_simulation/install/tello_msgs/share/tello_msgs/cmake/tello_msgs__rosidl_typesupport_introspection_cExport.cmake
[4.749s] -- Installing: /home/tyler/ros_workspaces/drone_simulation/install/tello_msgs/share/tello_msgs/cmake/tello_msgs__rosidl_typesupport_introspection_cExport-noconfig.cmake
[4.749s] -- Installing: /home/tyler/ros_workspaces/drone_simulation/install/tello_msgs/share/tello_msgs/cmake/tello_msgs__rosidl_typesupport_cExport.cmake
[4.749s] -- Installing: /home/tyler/ros_workspaces/drone_simulation/install/tello_msgs/share/tello_msgs/cmake/tello_msgs__rosidl_typesupport_cExport-noconfig.cmake
[4.749s] -- Installing: /home/tyler/ros_workspaces/drone_simulation/install/tello_msgs/share/tello_msgs/cmake/export_tello_msgs__rosidl_generator_cppExport.cmake
[4.749s] -- Installing: /home/tyler/ros_workspaces/drone_simulation/install/tello_msgs/share/tello_msgs/cmake/export_tello_msgs__rosidl_typesupport_fastrtps_cppExport.cmake
[4.749s] -- Installing: /home/tyler/ros_workspaces/drone_simulation/install/tello_msgs/share/tello_msgs/cmake/export_tello_msgs__rosidl_typesupport_fastrtps_cppExport-noconfig.cmake
[4.750s] -- Installing: /home/tyler/ros_workspaces/drone_simulation/install/tello_msgs/share/tello_msgs/cmake/tello_msgs__rosidl_typesupport_introspection_cppExport.cmake
[4.750s] -- Installing: /home/tyler/ros_workspaces/drone_simulation/install/tello_msgs/share/tello_msgs/cmake/tello_msgs__rosidl_typesupport_introspection_cppExport-noconfig.cmake
[4.750s] -- Installing: /home/tyler/ros_workspaces/drone_simulation/install/tello_msgs/share/tello_msgs/cmake/tello_msgs__rosidl_typesupport_cppExport.cmake
[4.750s] -- Installing: /home/tyler/ros_workspaces/drone_simulation/install/tello_msgs/share/tello_msgs/cmake/tello_msgs__rosidl_typesupport_cppExport-noconfig.cmake
[4.750s] -- Installing: /home/tyler/ros_workspaces/drone_simulation/install/tello_msgs/share/tello_msgs/cmake/export_tello_msgs__rosidl_generator_pyExport.cmake
[4.750s] -- Installing: /home/tyler/ros_workspaces/drone_simulation/install/tello_msgs/share/tello_msgs/cmake/export_tello_msgs__rosidl_generator_pyExport-noconfig.cmake
[4.750s] -- Installing: /home/tyler/ros_workspaces/drone_simulation/install/tello_msgs/share/tello_msgs/cmake/rosidl_cmake-extras.cmake
[4.750s] -- Installing: /home/tyler/ros_workspaces/drone_simulation/install/tello_msgs/share/tello_msgs/cmake/ament_cmake_export_dependencies-extras.cmake
[4.750s] -- Installing: /home/tyler/ros_workspaces/drone_simulation/install/tello_msgs/share/tello_msgs/cmake/ament_cmake_export_include_directories-extras.cmake
[4.750s] -- Installing: /home/tyler/ros_workspaces/drone_simulation/install/tello_msgs/share/tello_msgs/cmake/ament_cmake_export_libraries-extras.cmake
[4.750s] -- Installing: /home/tyler/ros_workspaces/drone_simulation/install/tello_msgs/share/tello_msgs/cmake/ament_cmake_export_targets-extras.cmake
[4.750s] -- Installing: /home/tyler/ros_workspaces/drone_simulation/install/tello_msgs/share/tello_msgs/cmake/rosidl_cmake_export_typesupport_targets-extras.cmake
[4.750s] -- Installing: /home/tyler/ros_workspaces/drone_simulation/install/tello_msgs/share/tello_msgs/cmake/rosidl_cmake_export_typesupport_libraries-extras.cmake
[4.750s] -- Installing: /home/tyler/ros_workspaces/drone_simulation/install/tello_msgs/share/tello_msgs/cmake/tello_msgsConfig.cmake
[4.750s] -- Installing: /home/tyler/ros_workspaces/drone_simulation/install/tello_msgs/share/tello_msgs/cmake/tello_msgsConfig-version.cmake
[4.750s] -- Installing: /home/tyler/ros_workspaces/drone_simulation/install/tello_msgs/share/tello_msgs/package.xml
[4.751s] Invoked command in '/home/tyler/ros_workspaces/drone_simulation/build/tello_msgs' returned '0': CMAKE_PREFIX_PATH=${CMAKE_PREFIX_PATH}:/home/tyler/ros_workspaces/drone_simulation/install/my_drone_vision:/opt/ros/humble /usr/bin/cmake --install /home/tyler/ros_workspaces/drone_simulation/build/tello_msgs
