[0.006s] Invoking command in '/home/tyler/ros2_ws/106a_final_project/drone_simulation/build/tello_driver': AMENT_PREFIX_PATH=/home/tyler/ros2_ws/106a_final_project/drone_simulation/install/tello_msgs:/home/tyler/ros2_ws/106a_final_project/drone_simulation/install/ros2_shared:${AMENT_PREFIX_PATH} CMAKE_PREFIX_PATH=/home/tyler/ros2_ws/106a_final_project/drone_simulation/install/tello_msgs:/home/tyler/ros2_ws/106a_final_project/drone_simulation/install/ros2_shared:/opt/ros/humble LD_LIBRARY_PATH=/home/tyler/ros2_ws/106a_final_project/drone_simulation/install/tello_msgs/lib:${LD_LIBRARY_PATH} PYTHONPATH=/home/tyler/ros2_ws/106a_final_project/drone_simulation/install/tello_msgs/local/lib/python3.10/dist-packages:${PYTHONPATH} /usr/bin/cmake --build /home/tyler/ros2_ws/106a_final_project/drone_simulation/build/tello_driver -- -j24 -l24
[0.037s] [ 13%] Built target tello_joy_main
[0.040s] [ 22%] Built target tello_joy_node
[0.042s] [ 31%] Built target tello_emulator
[0.044s] [ 68%] Built target tello_driver_main
[0.050s] [100%] Built target tello_driver_node
[0.058s] Invoked command in '/home/tyler/ros2_ws/106a_final_project/drone_simulation/build/tello_driver' returned '0': AMENT_PREFIX_PATH=/home/tyler/ros2_ws/106a_final_project/drone_simulation/install/tello_msgs:/home/tyler/ros2_ws/106a_final_project/drone_simulation/install/ros2_shared:${AMENT_PREFIX_PATH} CMAKE_PREFIX_PATH=/home/tyler/ros2_ws/106a_final_project/drone_simulation/install/tello_msgs:/home/tyler/ros2_ws/106a_final_project/drone_simulation/install/ros2_shared:/opt/ros/humble LD_LIBRARY_PATH=/home/tyler/ros2_ws/106a_final_project/drone_simulation/install/tello_msgs/lib:${LD_LIBRARY_PATH} PYTHONPATH=/home/tyler/ros2_ws/106a_final_project/drone_simulation/install/tello_msgs/local/lib/python3.10/dist-packages:${PYTHONPATH} /usr/bin/cmake --build /home/tyler/ros2_ws/106a_final_project/drone_simulation/build/tello_driver -- -j24 -l24
[0.058s] Invoking command in '/home/tyler/ros2_ws/106a_final_project/drone_simulation/build/tello_driver': AMENT_PREFIX_PATH=/home/tyler/ros2_ws/106a_final_project/drone_simulation/install/tello_msgs:/home/tyler/ros2_ws/106a_final_project/drone_simulation/install/ros2_shared:${AMENT_PREFIX_PATH} CMAKE_PREFIX_PATH=/home/tyler/ros2_ws/106a_final_project/drone_simulation/install/tello_msgs:/home/tyler/ros2_ws/106a_final_project/drone_simulation/install/ros2_shared:/opt/ros/humble LD_LIBRARY_PATH=/home/tyler/ros2_ws/106a_final_project/drone_simulation/install/tello_msgs/lib:${LD_LIBRARY_PATH} PYTHONPATH=/home/tyler/ros2_ws/106a_final_project/drone_simulation/install/tello_msgs/local/lib/python3.10/dist-packages:${PYTHONPATH} /usr/bin/cmake --install /home/tyler/ros2_ws/106a_final_project/drone_simulation/build/tello_driver
[0.062s] -- Install configuration: ""
[0.062s] -- Execute custom install script
[0.062s] -- Up-to-date symlink: /home/tyler/ros2_ws/106a_final_project/drone_simulation/install/tello_driver/share/tello_driver/environment/library_path.sh
[0.062s] -- Up-to-date symlink: /home/tyler/ros2_ws/106a_final_project/drone_simulation/install/tello_driver/share/tello_driver/environment/library_path.dsv
[0.063s] -- Up-to-date symlink: /home/tyler/ros2_ws/106a_final_project/drone_simulation/install/tello_driver/lib/libtello_driver_node.so
[0.063s] -- Up-to-date symlink: /home/tyler/ros2_ws/106a_final_project/drone_simulation/install/tello_driver/lib/libtello_joy_node.so
[0.063s] -- Up-to-date symlink: /home/tyler/ros2_ws/106a_final_project/drone_simulation/install/tello_driver/lib/tello_driver/tello_driver_main
[0.063s] -- Up-to-date symlink: /home/tyler/ros2_ws/106a_final_project/drone_simulation/install/tello_driver/lib/tello_driver/tello_joy_main
[0.063s] -- Up-to-date symlink: /home/tyler/ros2_ws/106a_final_project/drone_simulation/install/tello_driver/lib/tello_driver/tello_emulator
[0.063s] -- Up-to-date symlink: /home/tyler/ros2_ws/106a_final_project/drone_simulation/install/tello_driver/share/tello_driver/cfg/camera_info.yaml
[0.063s] -- Up-to-date symlink: /home/tyler/ros2_ws/106a_final_project/drone_simulation/install/tello_driver/share/tello_driver/launch/emulator_launch.py
[0.063s] -- Up-to-date symlink: /home/tyler/ros2_ws/106a_final_project/drone_simulation/install/tello_driver/share/tello_driver/launch/emulators_launch.py
[0.063s] -- Up-to-date symlink: /home/tyler/ros2_ws/106a_final_project/drone_simulation/install/tello_driver/share/tello_driver/launch/teleop_launch.py
[0.063s] -- Up-to-date symlink: /home/tyler/ros2_ws/106a_final_project/drone_simulation/install/tello_driver/share/ament_index/resource_index/package_run_dependencies/tello_driver
[0.063s] -- Up-to-date symlink: /home/tyler/ros2_ws/106a_final_project/drone_simulation/install/tello_driver/share/ament_index/resource_index/parent_prefix_path/tello_driver
[0.063s] -- Up-to-date symlink: /home/tyler/ros2_ws/106a_final_project/drone_simulation/install/tello_driver/share/tello_driver/environment/ament_prefix_path.sh
[0.063s] -- Up-to-date symlink: /home/tyler/ros2_ws/106a_final_project/drone_simulation/install/tello_driver/share/tello_driver/environment/ament_prefix_path.dsv
[0.063s] -- Up-to-date symlink: /home/tyler/ros2_ws/106a_final_project/drone_simulation/install/tello_driver/share/tello_driver/environment/path.sh
[0.064s] -- Up-to-date symlink: /home/tyler/ros2_ws/106a_final_project/drone_simulation/install/tello_driver/share/tello_driver/environment/path.dsv
[0.064s] -- Up-to-date symlink: /home/tyler/ros2_ws/106a_final_project/drone_simulation/install/tello_driver/share/tello_driver/local_setup.bash
[0.064s] -- Up-to-date symlink: /home/tyler/ros2_ws/106a_final_project/drone_simulation/install/tello_driver/share/tello_driver/local_setup.sh
[0.064s] -- Up-to-date symlink: /home/tyler/ros2_ws/106a_final_project/drone_simulation/install/tello_driver/share/tello_driver/local_setup.zsh
[0.064s] -- Up-to-date symlink: /home/tyler/ros2_ws/106a_final_project/drone_simulation/install/tello_driver/share/tello_driver/local_setup.dsv
[0.064s] -- Symlinking: /home/tyler/ros2_ws/106a_final_project/drone_simulation/install/tello_driver/share/tello_driver/package.dsv
[0.068s] -- Up-to-date symlink: /home/tyler/ros2_ws/106a_final_project/drone_simulation/install/tello_driver/share/ament_index/resource_index/packages/tello_driver
[0.068s] -- Up-to-date symlink: /home/tyler/ros2_ws/106a_final_project/drone_simulation/install/tello_driver/share/ament_index/resource_index/rclcpp_components/tello_driver
[0.068s] -- Up-to-date symlink: /home/tyler/ros2_ws/106a_final_project/drone_simulation/install/tello_driver/share/tello_driver/cmake/tello_driverConfig.cmake
[0.069s] -- Up-to-date symlink: /home/tyler/ros2_ws/106a_final_project/drone_simulation/install/tello_driver/share/tello_driver/cmake/tello_driverConfig-version.cmake
[0.069s] -- Up-to-date symlink: /home/tyler/ros2_ws/106a_final_project/drone_simulation/install/tello_driver/share/tello_driver/package.xml
[0.070s] Invoked command in '/home/tyler/ros2_ws/106a_final_project/drone_simulation/build/tello_driver' returned '0': AMENT_PREFIX_PATH=/home/tyler/ros2_ws/106a_final_project/drone_simulation/install/tello_msgs:/home/tyler/ros2_ws/106a_final_project/drone_simulation/install/ros2_shared:${AMENT_PREFIX_PATH} CMAKE_PREFIX_PATH=/home/tyler/ros2_ws/106a_final_project/drone_simulation/install/tello_msgs:/home/tyler/ros2_ws/106a_final_project/drone_simulation/install/ros2_shared:/opt/ros/humble LD_LIBRARY_PATH=/home/tyler/ros2_ws/106a_final_project/drone_simulation/install/tello_msgs/lib:${LD_LIBRARY_PATH} PYTHONPATH=/home/tyler/ros2_ws/106a_final_project/drone_simulation/install/tello_msgs/local/lib/python3.10/dist-packages:${PYTHONPATH} /usr/bin/cmake --install /home/tyler/ros2_ws/106a_final_project/drone_simulation/build/tello_driver
