[0.949s] Invoking command in '/mnt/g/My Drive/Primary/skl-Course/SP26/EECS 206A - Introduction to Robotics/106a_final_project/drone_simulation/build/tello_description': CMAKE_PREFIX_PATH=/opt/ros/humble /usr/bin/cmake /mnt/g/My Drive/Primary/skl-Course/SP26/EECS 206A - Introduction to Robotics/106a_final_project/drone_simulation/src/tello_ros/tello_description -DCMAKE_INSTALL_PREFIX=/mnt/g/My Drive/Primary/skl-Course/SP26/EECS 206A - Introduction to Robotics/106a_final_project/drone_simulation/install/tello_description
[2.333s] -- The C compiler identification is GNU 11.4.0
[3.895s] -- The CXX compiler identification is GNU 11.4.0
[4.609s] -- Detecting C compiler ABI info
[8.845s] -- Detecting C compiler ABI info - done
[9.043s] -- Check for working C compiler: /usr/bin/cc - skipped
[9.046s] -- Detecting C compile features
[9.049s] -- Detecting C compile features - done
[9.480s] -- Detecting CXX compiler ABI info
[13.689s] -- Detecting CXX compiler ABI info - done
[13.885s] -- Check for working CXX compiler: /usr/bin/c++ - skipped
[13.887s] -- Detecting CXX compile features
[13.892s] -- Detecting CXX compile features - done
[14.165s] -- Found ament_cmake: 1.3.14 (/opt/ros/humble/share/ament_cmake/cmake)
[14.423s] -- Found Python3: /usr/bin/python3 (found version "3.10.12") found components: Interpreter 
[15.222s] -- creating rules for /mnt/g/My Drive/Primary/skl-Course/SP26/EECS 206A - Introduction to Robotics/106a_final_project/drone_simulation/build/tello_description/urdf/tello.urdf
[15.224s] -- creating rules for /mnt/g/My Drive/Primary/skl-Course/SP26/EECS 206A - Introduction to Robotics/106a_final_project/drone_simulation/build/tello_description/urdf/tello_1.urdf
[15.226s] -- creating rules for /mnt/g/My Drive/Primary/skl-Course/SP26/EECS 206A - Introduction to Robotics/106a_final_project/drone_simulation/build/tello_description/urdf/tello_2.urdf
[15.228s] -- creating rules for /mnt/g/My Drive/Primary/skl-Course/SP26/EECS 206A - Introduction to Robotics/106a_final_project/drone_simulation/build/tello_description/urdf/tello_3.urdf
[15.231s] -- creating rules for /mnt/g/My Drive/Primary/skl-Course/SP26/EECS 206A - Introduction to Robotics/106a_final_project/drone_simulation/build/tello_description/urdf/tello_4.urdf
[15.233s] -- creating rules for /mnt/g/My Drive/Primary/skl-Course/SP26/EECS 206A - Introduction to Robotics/106a_final_project/drone_simulation/build/tello_description/urdf/tello_5.urdf
[15.235s] -- creating rules for /mnt/g/My Drive/Primary/skl-Course/SP26/EECS 206A - Introduction to Robotics/106a_final_project/drone_simulation/build/tello_description/urdf/tello_6.urdf
[15.237s] -- creating rules for /mnt/g/My Drive/Primary/skl-Course/SP26/EECS 206A - Introduction to Robotics/106a_final_project/drone_simulation/build/tello_description/urdf/tello_7.urdf
[15.239s] -- creating rules for /mnt/g/My Drive/Primary/skl-Course/SP26/EECS 206A - Introduction to Robotics/106a_final_project/drone_simulation/build/tello_description/urdf/tello_8.urdf
[17.735s] -- Configuring done
[22.369s] -- Generating done
[25.774s] -- Build files have been written to: /mnt/g/My Drive/Primary/skl-Course/SP26/EECS 206A - Introduction to Robotics/106a_final_project/drone_simulation/build/tello_description
[25.782s] Invoked command in '/mnt/g/My Drive/Primary/skl-Course/SP26/EECS 206A - Introduction to Robotics/106a_final_project/drone_simulation/build/tello_description' returned '0': CMAKE_PREFIX_PATH=/opt/ros/humble /usr/bin/cmake /mnt/g/My Drive/Primary/skl-Course/SP26/EECS 206A - Introduction to Robotics/106a_final_project/drone_simulation/src/tello_ros/tello_description -DCMAKE_INSTALL_PREFIX=/mnt/g/My Drive/Primary/skl-Course/SP26/EECS 206A - Introduction to Robotics/106a_final_project/drone_simulation/install/tello_description
[25.853s] Invoking command in '/mnt/g/My Drive/Primary/skl-Course/SP26/EECS 206A - Introduction to Robotics/106a_final_project/drone_simulation/build/tello_description': CMAKE_PREFIX_PATH=/opt/ros/humble /usr/bin/cmake --build /mnt/g/My Drive/Primary/skl-Course/SP26/EECS 206A - Introduction to Robotics/106a_final_project/drone_simulation/build/tello_description -- -j16 -l16
[26.748s] -- Found ament_cmake: 1.3.14 (/opt/ros/humble/share/ament_cmake/cmake)
[27.484s] -- creating rules for /mnt/g/My Drive/Primary/skl-Course/SP26/EECS 206A - Introduction to Robotics/106a_final_project/drone_simulation/build/tello_description/urdf/tello.urdf
[27.486s] -- creating rules for /mnt/g/My Drive/Primary/skl-Course/SP26/EECS 206A - Introduction to Robotics/106a_final_project/drone_simulation/build/tello_description/urdf/tello_1.urdf
[27.488s] -- creating rules for /mnt/g/My Drive/Primary/skl-Course/SP26/EECS 206A - Introduction to Robotics/106a_final_project/drone_simulation/build/tello_description/urdf/tello_2.urdf
[27.489s] -- creating rules for /mnt/g/My Drive/Primary/skl-Course/SP26/EECS 206A - Introduction to Robotics/106a_final_project/drone_simulation/build/tello_description/urdf/tello_3.urdf
[27.491s] -- creating rules for /mnt/g/My Drive/Primary/skl-Course/SP26/EECS 206A - Introduction to Robotics/106a_final_project/drone_simulation/build/tello_description/urdf/tello_4.urdf
[27.493s] -- creating rules for /mnt/g/My Drive/Primary/skl-Course/SP26/EECS 206A - Introduction to Robotics/106a_final_project/drone_simulation/build/tello_description/urdf/tello_5.urdf
[27.495s] -- creating rules for /mnt/g/My Drive/Primary/skl-Course/SP26/EECS 206A - Introduction to Robotics/106a_final_project/drone_simulation/build/tello_description/urdf/tello_6.urdf
[27.497s] -- creating rules for /mnt/g/My Drive/Primary/skl-Course/SP26/EECS 206A - Introduction to Robotics/106a_final_project/drone_simulation/build/tello_description/urdf/tello_7.urdf
[27.500s] -- creating rules for /mnt/g/My Drive/Primary/skl-Course/SP26/EECS 206A - Introduction to Robotics/106a_final_project/drone_simulation/build/tello_description/urdf/tello_8.urdf
[29.351s] -- Configuring done
[34.702s] -- Generating done
[37.974s] -- Build files have been written to: /mnt/g/My Drive/Primary/skl-Course/SP26/EECS 206A - Introduction to Robotics/106a_final_project/drone_simulation/build/tello_description
[39.588s] [100%] [34m[1mGenerate /mnt/g/My Drive/Primary/skl-Course/SP26/EECS 206A - Introduction to Robotics/106a_final_project/drone_simulation/build/tello_description/urdf/tello.urdf[0m
[39.600s] [100%] [34m[1mGenerate /mnt/g/My Drive/Primary/skl-Course/SP26/EECS 206A - Introduction to Robotics/106a_final_project/drone_simulation/build/tello_description/urdf/tello_7.urdf[0m
[39.615s] [100%] [34m[1mGenerate /mnt/g/My Drive/Primary/skl-Course/SP26/EECS 206A - Introduction to Robotics/106a_final_project/drone_simulation/build/tello_description/urdf/tello_2.urdf[0m
[39.621s] [100%] [34m[1mGenerate /mnt/g/My Drive/Primary/skl-Course/SP26/EECS 206A - Introduction to Robotics/106a_final_project/drone_simulation/build/tello_description/urdf/tello_3.urdf[0m
[39.634s] [100%] [34m[1mGenerate /mnt/g/My Drive/Primary/skl-Course/SP26/EECS 206A - Introduction to Robotics/106a_final_project/drone_simulation/build/tello_description/urdf/tello_1.urdf[0m
[39.637s] [100%] [34m[1mGenerate /mnt/g/My Drive/Primary/skl-Course/SP26/EECS 206A - Introduction to Robotics/106a_final_project/drone_simulation/build/tello_description/urdf/tello_8.urdf[0m
[39.650s] [100%] [34m[1mGenerate /mnt/g/My Drive/Primary/skl-Course/SP26/EECS 206A - Introduction to Robotics/106a_final_project/drone_simulation/build/tello_description/urdf/tello_4.urdf[0m
[39.656s] [100%] [34m[1mGenerate /mnt/g/My Drive/Primary/skl-Course/SP26/EECS 206A - Introduction to Robotics/106a_final_project/drone_simulation/build/tello_description/urdf/tello_6.urdf[0m
[39.667s] [100%] [34m[1mGenerate /mnt/g/My Drive/Primary/skl-Course/SP26/EECS 206A - Introduction to Robotics/106a_final_project/drone_simulation/build/tello_description/urdf/tello_5.urdf[0m
[40.086s] [100%] Built target generate_urdf_6
[40.095s] [100%] Built target generate_urdf_3
[40.102s] [100%] Built target generate_urdf_5
[40.111s] [100%] Built target generate_urdf_4
[40.115s] [100%] Built target generate_urdf_1
[40.119s] [100%] Built target generate_urdf_8
[40.249s] [100%] Built target generate_urdf
[40.253s] [100%] Built target generate_urdf_2
[40.256s] [100%] Built target generate_urdf_7
[40.610s] Invoked command in '/mnt/g/My Drive/Primary/skl-Course/SP26/EECS 206A - Introduction to Robotics/106a_final_project/drone_simulation/build/tello_description' returned '0': CMAKE_PREFIX_PATH=/opt/ros/humble /usr/bin/cmake --build /mnt/g/My Drive/Primary/skl-Course/SP26/EECS 206A - Introduction to Robotics/106a_final_project/drone_simulation/build/tello_description -- -j16 -l16
[40.794s] Invoking command in '/mnt/g/My Drive/Primary/skl-Course/SP26/EECS 206A - Introduction to Robotics/106a_final_project/drone_simulation/build/tello_description': CMAKE_PREFIX_PATH=/opt/ros/humble /usr/bin/cmake --install /mnt/g/My Drive/Primary/skl-Course/SP26/EECS 206A - Introduction to Robotics/106a_final_project/drone_simulation/build/tello_description
[40.828s] -- Install configuration: ""
[40.845s] -- Installing: /mnt/g/My Drive/Primary/skl-Course/SP26/EECS 206A - Introduction to Robotics/106a_final_project/drone_simulation/install/tello_description/share/tello_description/urdf
[41.033s] -- Installing: /mnt/g/My Drive/Primary/skl-Course/SP26/EECS 206A - Introduction to Robotics/106a_final_project/drone_simulation/install/tello_description/share/tello_description/urdf/tello_6.urdf
[41.468s] -- Installing: /mnt/g/My Drive/Primary/skl-Course/SP26/EECS 206A - Introduction to Robotics/106a_final_project/drone_simulation/install/tello_description/share/tello_description/urdf/tello_5.urdf
[41.902s] -- Installing: /mnt/g/My Drive/Primary/skl-Course/SP26/EECS 206A - Introduction to Robotics/106a_final_project/drone_simulation/install/tello_description/share/tello_description/urdf/tello_3.urdf
[42.343s] -- Installing: /mnt/g/My Drive/Primary/skl-Course/SP26/EECS 206A - Introduction to Robotics/106a_final_project/drone_simulation/install/tello_description/share/tello_description/urdf/tello_1.urdf
[42.781s] -- Installing: /mnt/g/My Drive/Primary/skl-Course/SP26/EECS 206A - Introduction to Robotics/106a_final_project/drone_simulation/install/tello_description/share/tello_description/urdf/tello_4.urdf
[43.213s] -- Installing: /mnt/g/My Drive/Primary/skl-Course/SP26/EECS 206A - Introduction to Robotics/106a_final_project/drone_simulation/install/tello_description/share/tello_description/urdf/tello_8.urdf
[43.619s] -- Installing: /mnt/g/My Drive/Primary/skl-Course/SP26/EECS 206A - Introduction to Robotics/106a_final_project/drone_simulation/install/tello_description/share/tello_description/urdf/tello.urdf
[44.022s] -- Installing: /mnt/g/My Drive/Primary/skl-Course/SP26/EECS 206A - Introduction to Robotics/106a_final_project/drone_simulation/install/tello_description/share/tello_description/urdf/tello_2.urdf
[44.756s] -- Installing: /mnt/g/My Drive/Primary/skl-Course/SP26/EECS 206A - Introduction to Robotics/106a_final_project/drone_simulation/install/tello_description/share/tello_description/urdf/tello_7.urdf
[45.382s] -- Installing: /mnt/g/My Drive/Primary/skl-Course/SP26/EECS 206A - Introduction to Robotics/106a_final_project/drone_simulation/install/tello_description/share/ament_index/resource_index/package_run_dependencies/tello_description
[46.119s] -- Installing: /mnt/g/My Drive/Primary/skl-Course/SP26/EECS 206A - Introduction to Robotics/106a_final_project/drone_simulation/install/tello_description/share/ament_index/resource_index/parent_prefix_path/tello_description
[46.718s] -- Installing: /mnt/g/My Drive/Primary/skl-Course/SP26/EECS 206A - Introduction to Robotics/106a_final_project/drone_simulation/install/tello_description/share/tello_description/environment/ament_prefix_path.sh
[47.105s] -- Installing: /mnt/g/My Drive/Primary/skl-Course/SP26/EECS 206A - Introduction to Robotics/106a_final_project/drone_simulation/install/tello_description/share/tello_description/environment/ament_prefix_path.dsv
[47.525s] -- Installing: /mnt/g/My Drive/Primary/skl-Course/SP26/EECS 206A - Introduction to Robotics/106a_final_project/drone_simulation/install/tello_description/share/tello_description/environment/path.sh
[47.928s] -- Installing: /mnt/g/My Drive/Primary/skl-Course/SP26/EECS 206A - Introduction to Robotics/106a_final_project/drone_simulation/install/tello_description/share/tello_description/environment/path.dsv
[48.347s] -- Installing: /mnt/g/My Drive/Primary/skl-Course/SP26/EECS 206A - Introduction to Robotics/106a_final_project/drone_simulation/install/tello_description/share/tello_description/local_setup.bash
[48.713s] -- Installing: /mnt/g/My Drive/Primary/skl-Course/SP26/EECS 206A - Introduction to Robotics/106a_final_project/drone_simulation/install/tello_description/share/tello_description/local_setup.sh
[49.271s] -- Installing: /mnt/g/My Drive/Primary/skl-Course/SP26/EECS 206A - Introduction to Robotics/106a_final_project/drone_simulation/install/tello_description/share/tello_description/local_setup.zsh
[49.665s] -- Installing: /mnt/g/My Drive/Primary/skl-Course/SP26/EECS 206A - Introduction to Robotics/106a_final_project/drone_simulation/install/tello_description/share/tello_description/local_setup.dsv
[50.057s] -- Installing: /mnt/g/My Drive/Primary/skl-Course/SP26/EECS 206A - Introduction to Robotics/106a_final_project/drone_simulation/install/tello_description/share/tello_description/package.dsv
[50.582s] -- Installing: /mnt/g/My Drive/Primary/skl-Course/SP26/EECS 206A - Introduction to Robotics/106a_final_project/drone_simulation/install/tello_description/share/ament_index/resource_index/packages/tello_description
[51.179s] -- Installing: /mnt/g/My Drive/Primary/skl-Course/SP26/EECS 206A - Introduction to Robotics/106a_final_project/drone_simulation/install/tello_description/share/tello_description/cmake/tello_descriptionConfig.cmake
[51.571s] -- Installing: /mnt/g/My Drive/Primary/skl-Course/SP26/EECS 206A - Introduction to Robotics/106a_final_project/drone_simulation/install/tello_description/share/tello_description/cmake/tello_descriptionConfig-version.cmake
[52.027s] -- Installing: /mnt/g/My Drive/Primary/skl-Course/SP26/EECS 206A - Introduction to Robotics/106a_final_project/drone_simulation/install/tello_description/share/tello_description/package.xml
[53.734s] Invoked command in '/mnt/g/My Drive/Primary/skl-Course/SP26/EECS 206A - Introduction to Robotics/106a_final_project/drone_simulation/build/tello_description' returned '0': CMAKE_PREFIX_PATH=/opt/ros/humble /usr/bin/cmake --install /mnt/g/My Drive/Primary/skl-Course/SP26/EECS 206A - Introduction to Robotics/106a_final_project/drone_simulation/build/tello_description
