[0.010s] Invoking command in '/home/tyler/ros_workspaces/drone_simulation/build/ros2_shared': CMAKE_PREFIX_PATH=/opt/ros/humble /usr/bin/cmake --build /home/tyler/ros_workspaces/drone_simulation/build/ros2_shared -- -j24 -l24
[0.130s] Invoked command in '/home/tyler/ros_workspaces/drone_simulation/build/ros2_shared' returned '0': CMAKE_PREFIX_PATH=/opt/ros/humble /usr/bin/cmake --build /home/tyler/ros_workspaces/drone_simulation/build/ros2_shared -- -j24 -l24
[0.134s] Invoking command in '/home/tyler/ros_workspaces/drone_simulation/build/ros2_shared': CMAKE_PREFIX_PATH=/opt/ros/humble /usr/bin/cmake --install /home/tyler/ros_workspaces/drone_simulation/build/ros2_shared
[0.137s] -- Install configuration: ""
[0.138s] -- Up-to-date: /home/tyler/ros_workspaces/drone_simulation/install/ros2_shared/include
[0.138s] -- Up-to-date: /home/tyler/ros_workspaces/drone_simulation/install/ros2_shared/include/ros2_shared
[0.138s] -- Up-to-date: /home/tyler/ros_workspaces/drone_simulation/install/ros2_shared/include/ros2_shared/param_macros.hpp
[0.138s] -- Up-to-date: /home/tyler/ros_workspaces/drone_simulation/install/ros2_shared/include/ros2_shared/context_macros.hpp
[0.138s] -- Up-to-date: /home/tyler/ros_workspaces/drone_simulation/install/ros2_shared/include/ros2_shared/string_printf.hpp
[0.138s] -- Up-to-date: /home/tyler/ros_workspaces/drone_simulation/install/ros2_shared/share/ament_index/resource_index/package_run_dependencies/ros2_shared
[0.138s] -- Up-to-date: /home/tyler/ros_workspaces/drone_simulation/install/ros2_shared/share/ament_index/resource_index/parent_prefix_path/ros2_shared
[0.138s] -- Up-to-date: /home/tyler/ros_workspaces/drone_simulation/install/ros2_shared/share/ros2_shared/environment/ament_prefix_path.sh
[0.138s] -- Up-to-date: /home/tyler/ros_workspaces/drone_simulation/install/ros2_shared/share/ros2_shared/environment/ament_prefix_path.dsv
[0.138s] -- Up-to-date: /home/tyler/ros_workspaces/drone_simulation/install/ros2_shared/share/ros2_shared/environment/path.sh
[0.138s] -- Up-to-date: /home/tyler/ros_workspaces/drone_simulation/install/ros2_shared/share/ros2_shared/environment/path.dsv
[0.138s] -- Up-to-date: /home/tyler/ros_workspaces/drone_simulation/install/ros2_shared/share/ros2_shared/local_setup.bash
[0.138s] -- Up-to-date: /home/tyler/ros_workspaces/drone_simulation/install/ros2_shared/share/ros2_shared/local_setup.sh
[0.138s] -- Up-to-date: /home/tyler/ros_workspaces/drone_simulation/install/ros2_shared/share/ros2_shared/local_setup.zsh
[0.138s] -- Up-to-date: /home/tyler/ros_workspaces/drone_simulation/install/ros2_shared/share/ros2_shared/local_setup.dsv
[0.138s] -- Installing: /home/tyler/ros_workspaces/drone_simulation/install/ros2_shared/share/ros2_shared/package.dsv
[0.138s] -- Up-to-date: /home/tyler/ros_workspaces/drone_simulation/install/ros2_shared/share/ament_index/resource_index/packages/ros2_shared
[0.138s] -- Up-to-date: /home/tyler/ros_workspaces/drone_simulation/install/ros2_shared/share/ros2_shared/cmake/ros2_shared_targetsExport.cmake
[0.138s] -- Up-to-date: /home/tyler/ros_workspaces/drone_simulation/install/ros2_shared/share/ros2_shared/cmake/ament_cmake_export_targets-extras.cmake
[0.139s] -- Up-to-date: /home/tyler/ros_workspaces/drone_simulation/install/ros2_shared/share/ros2_shared/cmake/ament_cmake_export_dependencies-extras.cmake
[0.139s] -- Up-to-date: /home/tyler/ros_workspaces/drone_simulation/install/ros2_shared/share/ros2_shared/cmake/ros2_sharedConfig.cmake
[0.139s] -- Up-to-date: /home/tyler/ros_workspaces/drone_simulation/install/ros2_shared/share/ros2_shared/cmake/ros2_sharedConfig-version.cmake
[0.139s] -- Up-to-date: /home/tyler/ros_workspaces/drone_simulation/install/ros2_shared/share/ros2_shared/package.xml
[0.139s] Invoked command in '/home/tyler/ros_workspaces/drone_simulation/build/ros2_shared' returned '0': CMAKE_PREFIX_PATH=/opt/ros/humble /usr/bin/cmake --install /home/tyler/ros_workspaces/drone_simulation/build/ros2_shared
