[0.048s] DEBUG:colcon:Command line arguments: ['/usr/bin/colcon', 'build', '--symlink-install', '--packages-up-to', 'fiducial_vlam']
[0.048s] DEBUG:colcon:Parsed command line arguments: Namespace(log_base=None, log_level=None, verb_name='build', build_base='build', install_base='install', merge_install=False, symlink_install=True, test_result_base=None, continue_on_error=False, executor='parallel', parallel_workers=24, event_handlers=None, ignore_user_meta=False, metas=['./colcon.meta'], base_paths=['.'], packages_ignore=None, packages_ignore_regex=None, paths=None, packages_up_to=['fiducial_vlam'], packages_up_to_regex=None, packages_above=None, packages_above_and_dependencies=None, packages_above_depth=None, packages_select_by_dep=None, packages_skip_by_dep=None, packages_skip_up_to=None, packages_select_build_failed=False, packages_skip_build_finished=False, packages_select_test_failures=False, packages_skip_test_passed=False, packages_select=None, packages_skip=None, packages_select_regex=None, packages_skip_regex=None, packages_start=None, packages_end=None, allow_overriding=[], cmake_args=None, cmake_target=None, cmake_target_skip_unavailable=False, cmake_clean_cache=False, cmake_clean_first=False, cmake_force_configure=False, ament_cmake_args=None, catkin_cmake_args=None, catkin_skip_building_tests=False, verb_parser=<colcon_defaults.argument_parser.defaults.DefaultArgumentsDecorator object at 0x70cb47c2ff40>, verb_extension=<colcon_core.verb.build.BuildVerb object at 0x70cb47c2fa30>, main=<bound method BuildVerb.main of <colcon_core.verb.build.BuildVerb object at 0x70cb47c2fa30>>)
[0.115s] Level 1:colcon.colcon_core.package_discovery:discover_packages(colcon_meta) check parameters
[0.115s] Level 1:colcon.colcon_core.package_discovery:discover_packages(recursive) check parameters
[0.115s] Level 1:colcon.colcon_core.package_discovery:discover_packages(ignore) check parameters
[0.115s] Level 1:colcon.colcon_core.package_discovery:discover_packages(path) check parameters
[0.115s] Level 1:colcon.colcon_core.package_discovery:discover_packages(colcon_meta) discover
[0.115s] Level 1:colcon.colcon_core.package_discovery:discover_packages(recursive) discover
[0.115s] INFO:colcon.colcon_core.package_discovery:Crawling recursively for packages in '/home/tyler/ros2_ws/106a_final_project/drone_simulation'
[0.115s] Level 1:colcon.colcon_core.package_identification:_identify(.) by extensions ['ignore', 'ignore_ament_install']
[0.115s] Level 1:colcon.colcon_core.package_identification:_identify(.) by extension 'ignore'
[0.115s] Level 1:colcon.colcon_core.package_identification:_identify(.) by extension 'ignore_ament_install'
[0.115s] Level 1:colcon.colcon_core.package_identification:_identify(.) by extensions ['colcon_pkg']
[0.115s] Level 1:colcon.colcon_core.package_identification:_identify(.) by extension 'colcon_pkg'
[0.115s] Level 1:colcon.colcon_core.package_identification:_identify(.) by extensions ['colcon_meta']
[0.115s] Level 1:colcon.colcon_core.package_identification:_identify(.) by extension 'colcon_meta'
[0.115s] Level 1:colcon.colcon_core.package_identification:_identify(.) by extensions ['ros']
[0.115s] Level 1:colcon.colcon_core.package_identification:_identify(.) by extension 'ros'
[0.121s] Level 1:colcon.colcon_core.package_identification:_identify(.) by extensions ['cmake', 'python']
[0.121s] Level 1:colcon.colcon_core.package_identification:_identify(.) by extension 'cmake'
[0.121s] Level 1:colcon.colcon_core.package_identification:_identify(.) by extension 'python'
[0.121s] Level 1:colcon.colcon_core.package_identification:_identify(.) by extensions ['python_setup_py']
[0.121s] Level 1:colcon.colcon_core.package_identification:_identify(.) by extension 'python_setup_py'
[0.121s] Level 1:colcon.colcon_core.package_identification:_identify(build) by extensions ['ignore', 'ignore_ament_install']
[0.121s] Level 1:colcon.colcon_core.package_identification:_identify(build) by extension 'ignore'
[0.121s] Level 1:colcon.colcon_core.package_identification:_identify(build) ignored
[0.121s] Level 1:colcon.colcon_core.package_identification:_identify(install) by extensions ['ignore', 'ignore_ament_install']
[0.121s] Level 1:colcon.colcon_core.package_identification:_identify(install) by extension 'ignore'
[0.121s] Level 1:colcon.colcon_core.package_identification:_identify(install) ignored
[0.121s] Level 1:colcon.colcon_core.package_identification:_identify(log) by extensions ['ignore', 'ignore_ament_install']
[0.121s] Level 1:colcon.colcon_core.package_identification:_identify(log) by extension 'ignore'
[0.121s] Level 1:colcon.colcon_core.package_identification:_identify(log) ignored
[0.121s] Level 1:colcon.colcon_core.package_identification:_identify(src) by extensions ['ignore', 'ignore_ament_install']
[0.121s] Level 1:colcon.colcon_core.package_identification:_identify(src) by extension 'ignore'
[0.121s] Level 1:colcon.colcon_core.package_identification:_identify(src) by extension 'ignore_ament_install'
[0.121s] Level 1:colcon.colcon_core.package_identification:_identify(src) by extensions ['colcon_pkg']
[0.121s] Level 1:colcon.colcon_core.package_identification:_identify(src) by extension 'colcon_pkg'
[0.121s] Level 1:colcon.colcon_core.package_identification:_identify(src) by extensions ['colcon_meta']
[0.121s] Level 1:colcon.colcon_core.package_identification:_identify(src) by extension 'colcon_meta'
[0.121s] Level 1:colcon.colcon_core.package_identification:_identify(src) by extensions ['ros']
[0.121s] Level 1:colcon.colcon_core.package_identification:_identify(src) by extension 'ros'
[0.121s] Level 1:colcon.colcon_core.package_identification:_identify(src) by extensions ['cmake', 'python']
[0.121s] Level 1:colcon.colcon_core.package_identification:_identify(src) by extension 'cmake'
[0.121s] Level 1:colcon.colcon_core.package_identification:_identify(src) by extension 'python'
[0.121s] Level 1:colcon.colcon_core.package_identification:_identify(src) by extensions ['python_setup_py']
[0.121s] Level 1:colcon.colcon_core.package_identification:_identify(src) by extension 'python_setup_py'
[0.121s] Level 1:colcon.colcon_core.package_identification:_identify(src/fiducial_vlam) by extensions ['ignore', 'ignore_ament_install']
[0.121s] Level 1:colcon.colcon_core.package_identification:_identify(src/fiducial_vlam) by extension 'ignore'
[0.121s] Level 1:colcon.colcon_core.package_identification:_identify(src/fiducial_vlam) by extension 'ignore_ament_install'
[0.121s] Level 1:colcon.colcon_core.package_identification:_identify(src/fiducial_vlam) by extensions ['colcon_pkg']
[0.121s] Level 1:colcon.colcon_core.package_identification:_identify(src/fiducial_vlam) by extension 'colcon_pkg'
[0.122s] Level 1:colcon.colcon_core.package_identification:_identify(src/fiducial_vlam) by extensions ['colcon_meta']
[0.122s] Level 1:colcon.colcon_core.package_identification:_identify(src/fiducial_vlam) by extension 'colcon_meta'
[0.122s] Level 1:colcon.colcon_core.package_identification:_identify(src/fiducial_vlam) by extensions ['ros']
[0.122s] Level 1:colcon.colcon_core.package_identification:_identify(src/fiducial_vlam) by extension 'ros'
[0.122s] Level 1:colcon.colcon_core.package_identification:_identify(src/fiducial_vlam) by extensions ['cmake', 'python']
[0.122s] Level 1:colcon.colcon_core.package_identification:_identify(src/fiducial_vlam) by extension 'cmake'
[0.122s] Level 1:colcon.colcon_core.package_identification:_identify(src/fiducial_vlam) by extension 'python'
[0.122s] Level 1:colcon.colcon_core.package_identification:_identify(src/fiducial_vlam) by extensions ['python_setup_py']
[0.122s] Level 1:colcon.colcon_core.package_identification:_identify(src/fiducial_vlam) by extension 'python_setup_py'
[0.122s] Level 1:colcon.colcon_core.package_identification:_identify(src/fiducial_vlam/fiducial_vlam) by extensions ['ignore', 'ignore_ament_install']
[0.122s] Level 1:colcon.colcon_core.package_identification:_identify(src/fiducial_vlam/fiducial_vlam) by extension 'ignore'
[0.122s] Level 1:colcon.colcon_core.package_identification:_identify(src/fiducial_vlam/fiducial_vlam) by extension 'ignore_ament_install'
[0.122s] Level 1:colcon.colcon_core.package_identification:_identify(src/fiducial_vlam/fiducial_vlam) by extensions ['colcon_pkg']
[0.122s] Level 1:colcon.colcon_core.package_identification:_identify(src/fiducial_vlam/fiducial_vlam) by extension 'colcon_pkg'
[0.122s] Level 1:colcon.colcon_core.package_identification:_identify(src/fiducial_vlam/fiducial_vlam) by extensions ['colcon_meta']
[0.122s] Level 1:colcon.colcon_core.package_identification:_identify(src/fiducial_vlam/fiducial_vlam) by extension 'colcon_meta'
[0.122s] Level 1:colcon.colcon_core.package_identification:_identify(src/fiducial_vlam/fiducial_vlam) by extensions ['ros']
[0.122s] Level 1:colcon.colcon_core.package_identification:_identify(src/fiducial_vlam/fiducial_vlam) by extension 'ros'
[0.123s] DEBUG:colcon.colcon_core.package_identification:Package 'src/fiducial_vlam/fiducial_vlam' with type 'ros.ament_cmake' and name 'fiducial_vlam'
[0.123s] Level 1:colcon.colcon_core.package_identification:_identify(src/fiducial_vlam/fiducial_vlam_msgs) by extensions ['ignore', 'ignore_ament_install']
[0.123s] Level 1:colcon.colcon_core.package_identification:_identify(src/fiducial_vlam/fiducial_vlam_msgs) by extension 'ignore'
[0.123s] Level 1:colcon.colcon_core.package_identification:_identify(src/fiducial_vlam/fiducial_vlam_msgs) by extension 'ignore_ament_install'
[0.123s] Level 1:colcon.colcon_core.package_identification:_identify(src/fiducial_vlam/fiducial_vlam_msgs) by extensions ['colcon_pkg']
[0.123s] Level 1:colcon.colcon_core.package_identification:_identify(src/fiducial_vlam/fiducial_vlam_msgs) by extension 'colcon_pkg'
[0.123s] Level 1:colcon.colcon_core.package_identification:_identify(src/fiducial_vlam/fiducial_vlam_msgs) by extensions ['colcon_meta']
[0.123s] Level 1:colcon.colcon_core.package_identification:_identify(src/fiducial_vlam/fiducial_vlam_msgs) by extension 'colcon_meta'
[0.123s] Level 1:colcon.colcon_core.package_identification:_identify(src/fiducial_vlam/fiducial_vlam_msgs) by extensions ['ros']
[0.123s] Level 1:colcon.colcon_core.package_identification:_identify(src/fiducial_vlam/fiducial_vlam_msgs) by extension 'ros'
[0.124s] DEBUG:colcon.colcon_core.package_identification:Package 'src/fiducial_vlam/fiducial_vlam_msgs' with type 'ros.ament_cmake' and name 'fiducial_vlam_msgs'
[0.124s] Level 1:colcon.colcon_core.package_identification:_identify(src/fiducial_vlam/images) by extensions ['ignore', 'ignore_ament_install']
[0.124s] Level 1:colcon.colcon_core.package_identification:_identify(src/fiducial_vlam/images) by extension 'ignore'
[0.124s] Level 1:colcon.colcon_core.package_identification:_identify(src/fiducial_vlam/images) by extension 'ignore_ament_install'
[0.124s] Level 1:colcon.colcon_core.package_identification:_identify(src/fiducial_vlam/images) by extensions ['colcon_pkg']
[0.124s] Level 1:colcon.colcon_core.package_identification:_identify(src/fiducial_vlam/images) by extension 'colcon_pkg'
[0.124s] Level 1:colcon.colcon_core.package_identification:_identify(src/fiducial_vlam/images) by extensions ['colcon_meta']
[0.124s] Level 1:colcon.colcon_core.package_identification:_identify(src/fiducial_vlam/images) by extension 'colcon_meta'
[0.124s] Level 1:colcon.colcon_core.package_identification:_identify(src/fiducial_vlam/images) by extensions ['ros']
[0.124s] Level 1:colcon.colcon_core.package_identification:_identify(src/fiducial_vlam/images) by extension 'ros'
[0.124s] Level 1:colcon.colcon_core.package_identification:_identify(src/fiducial_vlam/images) by extensions ['cmake', 'python']
[0.124s] Level 1:colcon.colcon_core.package_identification:_identify(src/fiducial_vlam/images) by extension 'cmake'
[0.124s] Level 1:colcon.colcon_core.package_identification:_identify(src/fiducial_vlam/images) by extension 'python'
[0.124s] Level 1:colcon.colcon_core.package_identification:_identify(src/fiducial_vlam/images) by extensions ['python_setup_py']
[0.124s] Level 1:colcon.colcon_core.package_identification:_identify(src/fiducial_vlam/images) by extension 'python_setup_py'
[0.124s] Level 1:colcon.colcon_core.package_identification:_identify(src/my_drone_vision) by extensions ['ignore', 'ignore_ament_install']
[0.124s] Level 1:colcon.colcon_core.package_identification:_identify(src/my_drone_vision) by extension 'ignore'
[0.124s] Level 1:colcon.colcon_core.package_identification:_identify(src/my_drone_vision) by extension 'ignore_ament_install'
[0.124s] Level 1:colcon.colcon_core.package_identification:_identify(src/my_drone_vision) by extensions ['colcon_pkg']
[0.124s] Level 1:colcon.colcon_core.package_identification:_identify(src/my_drone_vision) by extension 'colcon_pkg'
[0.124s] Level 1:colcon.colcon_core.package_identification:_identify(src/my_drone_vision) by extensions ['colcon_meta']
[0.124s] Level 1:colcon.colcon_core.package_identification:_identify(src/my_drone_vision) by extension 'colcon_meta'
[0.124s] Level 1:colcon.colcon_core.package_identification:_identify(src/my_drone_vision) by extensions ['ros']
[0.124s] Level 1:colcon.colcon_core.package_identification:_identify(src/my_drone_vision) by extension 'ros'
[0.125s] DEBUG:colcon.colcon_core.package_identification:Package 'src/my_drone_vision' with type 'ros.ament_python' and name 'my_drone_vision'
[0.125s] Level 1:colcon.colcon_core.package_identification:_identify(src/ros2_shared) by extensions ['ignore', 'ignore_ament_install']
[0.125s] Level 1:colcon.colcon_core.package_identification:_identify(src/ros2_shared) by extension 'ignore'
[0.125s] Level 1:colcon.colcon_core.package_identification:_identify(src/ros2_shared) by extension 'ignore_ament_install'
[0.125s] Level 1:colcon.colcon_core.package_identification:_identify(src/ros2_shared) by extensions ['colcon_pkg']
[0.125s] Level 1:colcon.colcon_core.package_identification:_identify(src/ros2_shared) by extension 'colcon_pkg'
[0.125s] Level 1:colcon.colcon_core.package_identification:_identify(src/ros2_shared) by extensions ['colcon_meta']
[0.125s] Level 1:colcon.colcon_core.package_identification:_identify(src/ros2_shared) by extension 'colcon_meta'
[0.125s] Level 1:colcon.colcon_core.package_identification:_identify(src/ros2_shared) by extensions ['ros']
[0.125s] Level 1:colcon.colcon_core.package_identification:_identify(src/ros2_shared) by extension 'ros'
[0.125s] DEBUG:colcon.colcon_core.package_identification:Package 'src/ros2_shared' with type 'ros.ament_cmake' and name 'ros2_shared'
[0.125s] Level 1:colcon.colcon_core.package_identification:_identify(src/tello_ros) by extensions ['ignore', 'ignore_ament_install']
[0.125s] Level 1:colcon.colcon_core.package_identification:_identify(src/tello_ros) by extension 'ignore'
[0.125s] Level 1:colcon.colcon_core.package_identification:_identify(src/tello_ros) by extension 'ignore_ament_install'
[0.125s] Level 1:colcon.colcon_core.package_identification:_identify(src/tello_ros) by extensions ['colcon_pkg']
[0.125s] Level 1:colcon.colcon_core.package_identification:_identify(src/tello_ros) by extension 'colcon_pkg'
[0.125s] Level 1:colcon.colcon_core.package_identification:_identify(src/tello_ros) by extensions ['colcon_meta']
[0.125s] Level 1:colcon.colcon_core.package_identification:_identify(src/tello_ros) by extension 'colcon_meta'
[0.125s] Level 1:colcon.colcon_core.package_identification:_identify(src/tello_ros) by extensions ['ros']
[0.125s] Level 1:colcon.colcon_core.package_identification:_identify(src/tello_ros) by extension 'ros'
[0.125s] Level 1:colcon.colcon_core.package_identification:_identify(src/tello_ros) by extensions ['cmake', 'python']
[0.125s] Level 1:colcon.colcon_core.package_identification:_identify(src/tello_ros) by extension 'cmake'
[0.125s] Level 1:colcon.colcon_core.package_identification:_identify(src/tello_ros) by extension 'python'
[0.125s] Level 1:colcon.colcon_core.package_identification:_identify(src/tello_ros) by extensions ['python_setup_py']
[0.125s] Level 1:colcon.colcon_core.package_identification:_identify(src/tello_ros) by extension 'python_setup_py'
[0.125s] Level 1:colcon.colcon_core.package_identification:_identify(src/tello_ros/tello_description) by extensions ['ignore', 'ignore_ament_install']
[0.125s] Level 1:colcon.colcon_core.package_identification:_identify(src/tello_ros/tello_description) by extension 'ignore'
[0.125s] Level 1:colcon.colcon_core.package_identification:_identify(src/tello_ros/tello_description) by extension 'ignore_ament_install'
[0.125s] Level 1:colcon.colcon_core.package_identification:_identify(src/tello_ros/tello_description) by extensions ['colcon_pkg']
[0.125s] Level 1:colcon.colcon_core.package_identification:_identify(src/tello_ros/tello_description) by extension 'colcon_pkg'
[0.125s] Level 1:colcon.colcon_core.package_identification:_identify(src/tello_ros/tello_description) by extensions ['colcon_meta']
[0.125s] Level 1:colcon.colcon_core.package_identification:_identify(src/tello_ros/tello_description) by extension 'colcon_meta'
[0.125s] Level 1:colcon.colcon_core.package_identification:_identify(src/tello_ros/tello_description) by extensions ['ros']
[0.125s] Level 1:colcon.colcon_core.package_identification:_identify(src/tello_ros/tello_description) by extension 'ros'
[0.126s] DEBUG:colcon.colcon_core.package_identification:Package 'src/tello_ros/tello_description' with type 'ros.ament_cmake' and name 'tello_description'
[0.126s] Level 1:colcon.colcon_core.package_identification:_identify(src/tello_ros/tello_driver) by extensions ['ignore', 'ignore_ament_install']
[0.126s] Level 1:colcon.colcon_core.package_identification:_identify(src/tello_ros/tello_driver) by extension 'ignore'
[0.126s] Level 1:colcon.colcon_core.package_identification:_identify(src/tello_ros/tello_driver) by extension 'ignore_ament_install'
[0.126s] Level 1:colcon.colcon_core.package_identification:_identify(src/tello_ros/tello_driver) by extensions ['colcon_pkg']
[0.126s] Level 1:colcon.colcon_core.package_identification:_identify(src/tello_ros/tello_driver) by extension 'colcon_pkg'
[0.126s] Level 1:colcon.colcon_core.package_identification:_identify(src/tello_ros/tello_driver) by extensions ['colcon_meta']
[0.126s] Level 1:colcon.colcon_core.package_identification:_identify(src/tello_ros/tello_driver) by extension 'colcon_meta'
[0.126s] Level 1:colcon.colcon_core.package_identification:_identify(src/tello_ros/tello_driver) by extensions ['ros']
[0.126s] Level 1:colcon.colcon_core.package_identification:_identify(src/tello_ros/tello_driver) by extension 'ros'
[0.126s] DEBUG:colcon.colcon_core.package_identification:Package 'src/tello_ros/tello_driver' with type 'ros.ament_cmake' and name 'tello_driver'
[0.126s] Level 1:colcon.colcon_core.package_identification:_identify(src/tello_ros/tello_gazebo) by extensions ['ignore', 'ignore_ament_install']
[0.127s] Level 1:colcon.colcon_core.package_identification:_identify(src/tello_ros/tello_gazebo) by extension 'ignore'
[0.127s] Level 1:colcon.colcon_core.package_identification:_identify(src/tello_ros/tello_gazebo) by extension 'ignore_ament_install'
[0.127s] Level 1:colcon.colcon_core.package_identification:_identify(src/tello_ros/tello_gazebo) by extensions ['colcon_pkg']
[0.127s] Level 1:colcon.colcon_core.package_identification:_identify(src/tello_ros/tello_gazebo) by extension 'colcon_pkg'
[0.127s] Level 1:colcon.colcon_core.package_identification:_identify(src/tello_ros/tello_gazebo) by extensions ['colcon_meta']
[0.127s] Level 1:colcon.colcon_core.package_identification:_identify(src/tello_ros/tello_gazebo) by extension 'colcon_meta'
[0.127s] Level 1:colcon.colcon_core.package_identification:_identify(src/tello_ros/tello_gazebo) by extensions ['ros']
[0.127s] Level 1:colcon.colcon_core.package_identification:_identify(src/tello_ros/tello_gazebo) by extension 'ros'
[0.127s] DEBUG:colcon.colcon_core.package_identification:Package 'src/tello_ros/tello_gazebo' with type 'ros.ament_cmake' and name 'tello_gazebo'
[0.127s] Level 1:colcon.colcon_core.package_identification:_identify(src/tello_ros/tello_msgs) by extensions ['ignore', 'ignore_ament_install']
[0.127s] Level 1:colcon.colcon_core.package_identification:_identify(src/tello_ros/tello_msgs) by extension 'ignore'
[0.127s] Level 1:colcon.colcon_core.package_identification:_identify(src/tello_ros/tello_msgs) by extension 'ignore_ament_install'
[0.127s] Level 1:colcon.colcon_core.package_identification:_identify(src/tello_ros/tello_msgs) by extensions ['colcon_pkg']
[0.127s] Level 1:colcon.colcon_core.package_identification:_identify(src/tello_ros/tello_msgs) by extension 'colcon_pkg'
[0.127s] Level 1:colcon.colcon_core.package_identification:_identify(src/tello_ros/tello_msgs) by extensions ['colcon_meta']
[0.127s] Level 1:colcon.colcon_core.package_identification:_identify(src/tello_ros/tello_msgs) by extension 'colcon_meta'
[0.127s] Level 1:colcon.colcon_core.package_identification:_identify(src/tello_ros/tello_msgs) by extensions ['ros']
[0.127s] Level 1:colcon.colcon_core.package_identification:_identify(src/tello_ros/tello_msgs) by extension 'ros'
[0.127s] DEBUG:colcon.colcon_core.package_identification:Package 'src/tello_ros/tello_msgs' with type 'ros.ament_cmake' and name 'tello_msgs'
[0.127s] Level 1:colcon.colcon_core.package_discovery:discover_packages(recursive) using defaults
[0.128s] Level 1:colcon.colcon_core.package_discovery:discover_packages(ignore) discover
[0.128s] Level 1:colcon.colcon_core.package_discovery:discover_packages(ignore) using defaults
[0.128s] Level 1:colcon.colcon_core.package_discovery:discover_packages(path) discover
[0.128s] Level 1:colcon.colcon_core.package_discovery:discover_packages(path) using defaults
[0.141s] INFO:colcon.colcon_core.package_selection:Skipping package 'tello_gazebo' in 'src/tello_ros/tello_gazebo'
[0.141s] INFO:colcon.colcon_core.package_selection:Skipping package 'tello_driver' in 'src/tello_ros/tello_driver'
[0.141s] INFO:colcon.colcon_core.package_selection:Skipping package 'tello_msgs' in 'src/tello_ros/tello_msgs'
[0.141s] INFO:colcon.colcon_core.package_selection:Skipping package 'tello_description' in 'src/tello_ros/tello_description'
[0.141s] INFO:colcon.colcon_core.package_selection:Skipping package 'my_drone_vision' in 'src/my_drone_vision'
[0.141s] Level 1:colcon.colcon_core.package_discovery:discover_packages(prefix_path) check parameters
[0.141s] Level 1:colcon.colcon_core.package_discovery:discover_packages(prefix_path) discover
[0.142s] DEBUG:colcon.colcon_installed_package_information.package_discovery:Found 7 installed packages in /home/tyler/ros2_ws/106a_final_project/drone_simulation/install
[0.143s] DEBUG:colcon.colcon_installed_package_information.package_discovery:Found 320 installed packages in /opt/ros/humble
[0.144s] Level 1:colcon.colcon_core.package_discovery:discover_packages(prefix_path) using defaults
[0.160s] WARNING:colcon.colcon_core.package_selection:Some selected packages are already built in one or more underlay workspaces:
	'ros2_shared' is in: /home/tyler/ros2_ws/106a_final_project/drone_simulation/install/ros2_shared
If a package in a merged underlay workspace is overridden and it installs headers, then all packages in the overlay must sort their include directories by workspace order. Failure to do so may result in build failures or undefined behavior at run time.
If the overridden package is used by another package in any underlay, then the overriding package in the overlay must be API and ABI compatible or undefined behavior at run time may occur.

If you understand the risks and want to override a package anyways, add the following to the command line:
	--allow-overriding ros2_shared

This may be promoted to an error in a future release of colcon-override-check.
[0.161s] Level 5:colcon.colcon_core.verb:set package 'fiducial_vlam_msgs' build argument 'cmake_args' from command line to 'None'
[0.161s] Level 5:colcon.colcon_core.verb:set package 'fiducial_vlam_msgs' build argument 'cmake_target' from command line to 'None'
[0.161s] Level 5:colcon.colcon_core.verb:set package 'fiducial_vlam_msgs' build argument 'cmake_target_skip_unavailable' from command line to 'False'
[0.161s] Level 5:colcon.colcon_core.verb:set package 'fiducial_vlam_msgs' build argument 'cmake_clean_cache' from command line to 'False'
[0.161s] Level 5:colcon.colcon_core.verb:set package 'fiducial_vlam_msgs' build argument 'cmake_clean_first' from command line to 'False'
[0.161s] Level 5:colcon.colcon_core.verb:set package 'fiducial_vlam_msgs' build argument 'cmake_force_configure' from command line to 'False'
[0.161s] Level 5:colcon.colcon_core.verb:set package 'fiducial_vlam_msgs' build argument 'ament_cmake_args' from command line to 'None'
[0.161s] Level 5:colcon.colcon_core.verb:set package 'fiducial_vlam_msgs' build argument 'catkin_cmake_args' from command line to 'None'
[0.161s] Level 5:colcon.colcon_core.verb:set package 'fiducial_vlam_msgs' build argument 'catkin_skip_building_tests' from command line to 'False'
[0.161s] DEBUG:colcon.colcon_core.verb:Building package 'fiducial_vlam_msgs' with the following arguments: {'ament_cmake_args': None, 'build_base': '/home/tyler/ros2_ws/106a_final_project/drone_simulation/build/fiducial_vlam_msgs', 'catkin_cmake_args': None, 'catkin_skip_building_tests': False, 'cmake_args': None, 'cmake_clean_cache': False, 'cmake_clean_first': False, 'cmake_force_configure': False, 'cmake_target': None, 'cmake_target_skip_unavailable': False, 'install_base': '/home/tyler/ros2_ws/106a_final_project/drone_simulation/install/fiducial_vlam_msgs', 'merge_install': False, 'path': '/home/tyler/ros2_ws/106a_final_project/drone_simulation/src/fiducial_vlam/fiducial_vlam_msgs', 'symlink_install': True, 'test_result_base': None}
[0.161s] Level 5:colcon.colcon_core.verb:set package 'ros2_shared' build argument 'cmake_args' from command line to 'None'
[0.161s] Level 5:colcon.colcon_core.verb:set package 'ros2_shared' build argument 'cmake_target' from command line to 'None'
[0.161s] Level 5:colcon.colcon_core.verb:set package 'ros2_shared' build argument 'cmake_target_skip_unavailable' from command line to 'False'
[0.161s] Level 5:colcon.colcon_core.verb:set package 'ros2_shared' build argument 'cmake_clean_cache' from command line to 'False'
[0.161s] Level 5:colcon.colcon_core.verb:set package 'ros2_shared' build argument 'cmake_clean_first' from command line to 'False'
[0.161s] Level 5:colcon.colcon_core.verb:set package 'ros2_shared' build argument 'cmake_force_configure' from command line to 'False'
[0.161s] Level 5:colcon.colcon_core.verb:set package 'ros2_shared' build argument 'ament_cmake_args' from command line to 'None'
[0.161s] Level 5:colcon.colcon_core.verb:set package 'ros2_shared' build argument 'catkin_cmake_args' from command line to 'None'
[0.161s] Level 5:colcon.colcon_core.verb:set package 'ros2_shared' build argument 'catkin_skip_building_tests' from command line to 'False'
[0.161s] DEBUG:colcon.colcon_core.verb:Building package 'ros2_shared' with the following arguments: {'ament_cmake_args': None, 'build_base': '/home/tyler/ros2_ws/106a_final_project/drone_simulation/build/ros2_shared', 'catkin_cmake_args': None, 'catkin_skip_building_tests': False, 'cmake_args': None, 'cmake_clean_cache': False, 'cmake_clean_first': False, 'cmake_force_configure': False, 'cmake_target': None, 'cmake_target_skip_unavailable': False, 'install_base': '/home/tyler/ros2_ws/106a_final_project/drone_simulation/install/ros2_shared', 'merge_install': False, 'path': '/home/tyler/ros2_ws/106a_final_project/drone_simulation/src/ros2_shared', 'symlink_install': True, 'test_result_base': None}
[0.161s] Level 5:colcon.colcon_core.verb:set package 'fiducial_vlam' build argument 'cmake_args' from command line to 'None'
[0.161s] Level 5:colcon.colcon_core.verb:set package 'fiducial_vlam' build argument 'cmake_target' from command line to 'None'
[0.161s] Level 5:colcon.colcon_core.verb:set package 'fiducial_vlam' build argument 'cmake_target_skip_unavailable' from command line to 'False'
[0.161s] Level 5:colcon.colcon_core.verb:set package 'fiducial_vlam' build argument 'cmake_clean_cache' from command line to 'False'
[0.161s] Level 5:colcon.colcon_core.verb:set package 'fiducial_vlam' build argument 'cmake_clean_first' from command line to 'False'
[0.161s] Level 5:colcon.colcon_core.verb:set package 'fiducial_vlam' build argument 'cmake_force_configure' from command line to 'False'
[0.161s] Level 5:colcon.colcon_core.verb:set package 'fiducial_vlam' build argument 'ament_cmake_args' from command line to 'None'
[0.161s] Level 5:colcon.colcon_core.verb:set package 'fiducial_vlam' build argument 'catkin_cmake_args' from command line to 'None'
[0.161s] Level 5:colcon.colcon_core.verb:set package 'fiducial_vlam' build argument 'catkin_skip_building_tests' from command line to 'False'
[0.161s] DEBUG:colcon.colcon_core.verb:Building package 'fiducial_vlam' with the following arguments: {'ament_cmake_args': None, 'build_base': '/home/tyler/ros2_ws/106a_final_project/drone_simulation/build/fiducial_vlam', 'catkin_cmake_args': None, 'catkin_skip_building_tests': False, 'cmake_args': None, 'cmake_clean_cache': False, 'cmake_clean_first': False, 'cmake_force_configure': False, 'cmake_target': None, 'cmake_target_skip_unavailable': False, 'install_base': '/home/tyler/ros2_ws/106a_final_project/drone_simulation/install/fiducial_vlam', 'merge_install': False, 'path': '/home/tyler/ros2_ws/106a_final_project/drone_simulation/src/fiducial_vlam/fiducial_vlam', 'symlink_install': True, 'test_result_base': None}
[0.161s] INFO:colcon.colcon_core.executor:Executing jobs using 'parallel' executor
[0.162s] DEBUG:colcon.colcon_parallel_executor.executor.parallel:run_until_complete
[0.162s] INFO:colcon.colcon_ros.task.ament_cmake.build:Building ROS package in '/home/tyler/ros2_ws/106a_final_project/drone_simulation/src/fiducial_vlam/fiducial_vlam_msgs' with build type 'ament_cmake'
[0.162s] INFO:colcon.colcon_cmake.task.cmake.build:Building CMake package in '/home/tyler/ros2_ws/106a_final_project/drone_simulation/src/fiducial_vlam/fiducial_vlam_msgs'
[0.163s] INFO:colcon.colcon_core.plugin_system:Skipping extension 'colcon_core.shell.bat': Not used on non-Windows systems
[0.163s] INFO:colcon.colcon_core.shell:Skip shell extension 'powershell' for command environment: Not usable outside of PowerShell
[0.163s] DEBUG:colcon.colcon_core.shell:Skip shell extension 'dsv' for command environment
[0.165s] INFO:colcon.colcon_ros.task.ament_cmake.build:Building ROS package in '/home/tyler/ros2_ws/106a_final_project/drone_simulation/src/ros2_shared' with build type 'ament_cmake'
[0.165s] INFO:colcon.colcon_cmake.task.cmake.build:Building CMake package in '/home/tyler/ros2_ws/106a_final_project/drone_simulation/src/ros2_shared'
[0.165s] INFO:colcon.colcon_core.shell:Skip shell extension 'powershell' for command environment: Not usable outside of PowerShell
[0.165s] DEBUG:colcon.colcon_core.shell:Skip shell extension 'dsv' for command environment
[0.169s] DEBUG:colcon.colcon_core.event_handler.log_command:Invoking command in '/home/tyler/ros2_ws/106a_final_project/drone_simulation/build/fiducial_vlam_msgs': CMAKE_PREFIX_PATH=${CMAKE_PREFIX_PATH}:/home/tyler/ros2_ws/106a_final_project/drone_simulation/install/my_drone_vision:/opt/ros/humble /usr/bin/cmake /home/tyler/ros2_ws/106a_final_project/drone_simulation/src/fiducial_vlam/fiducial_vlam_msgs -DAMENT_CMAKE_SYMLINK_INSTALL=1 -DCMAKE_INSTALL_PREFIX=/home/tyler/ros2_ws/106a_final_project/drone_simulation/install/fiducial_vlam_msgs
[0.170s] DEBUG:colcon.colcon_core.event_handler.log_command:Invoking command in '/home/tyler/ros2_ws/106a_final_project/drone_simulation/build/ros2_shared': CMAKE_PREFIX_PATH=${CMAKE_PREFIX_PATH}:/home/tyler/ros2_ws/106a_final_project/drone_simulation/install/my_drone_vision:/opt/ros/humble /usr/bin/cmake /home/tyler/ros2_ws/106a_final_project/drone_simulation/src/ros2_shared -DAMENT_CMAKE_SYMLINK_INSTALL=1 -DCMAKE_INSTALL_PREFIX=/home/tyler/ros2_ws/106a_final_project/drone_simulation/install/ros2_shared
[0.421s] DEBUG:colcon.colcon_core.event_handler.log_command:Invoked command in '/home/tyler/ros2_ws/106a_final_project/drone_simulation/build/ros2_shared' returned '0': CMAKE_PREFIX_PATH=${CMAKE_PREFIX_PATH}:/home/tyler/ros2_ws/106a_final_project/drone_simulation/install/my_drone_vision:/opt/ros/humble /usr/bin/cmake /home/tyler/ros2_ws/106a_final_project/drone_simulation/src/ros2_shared -DAMENT_CMAKE_SYMLINK_INSTALL=1 -DCMAKE_INSTALL_PREFIX=/home/tyler/ros2_ws/106a_final_project/drone_simulation/install/ros2_shared
[0.422s] DEBUG:colcon.colcon_core.event_handler.log_command:Invoking command in '/home/tyler/ros2_ws/106a_final_project/drone_simulation/build/ros2_shared': CMAKE_PREFIX_PATH=${CMAKE_PREFIX_PATH}:/home/tyler/ros2_ws/106a_final_project/drone_simulation/install/my_drone_vision:/opt/ros/humble /usr/bin/cmake --build /home/tyler/ros2_ws/106a_final_project/drone_simulation/build/ros2_shared -- -j24 -l24
[0.445s] DEBUG:colcon.colcon_core.event_handler.log_command:Invoked command in '/home/tyler/ros2_ws/106a_final_project/drone_simulation/build/ros2_shared' returned '0': CMAKE_PREFIX_PATH=${CMAKE_PREFIX_PATH}:/home/tyler/ros2_ws/106a_final_project/drone_simulation/install/my_drone_vision:/opt/ros/humble /usr/bin/cmake --build /home/tyler/ros2_ws/106a_final_project/drone_simulation/build/ros2_shared -- -j24 -l24
[0.450s] DEBUG:colcon.colcon_core.event_handler.log_command:Invoking command in '/home/tyler/ros2_ws/106a_final_project/drone_simulation/build/ros2_shared': CMAKE_PREFIX_PATH=${CMAKE_PREFIX_PATH}:/home/tyler/ros2_ws/106a_final_project/drone_simulation/install/my_drone_vision:/opt/ros/humble /usr/bin/cmake --install /home/tyler/ros2_ws/106a_final_project/drone_simulation/build/ros2_shared
[0.463s] Level 1:colcon.colcon_core.environment:create_environment_scripts_only(ros2_shared)
[0.463s] DEBUG:colcon.colcon_core.event_handler.log_command:Invoked command in '/home/tyler/ros2_ws/106a_final_project/drone_simulation/build/ros2_shared' returned '0': CMAKE_PREFIX_PATH=${CMAKE_PREFIX_PATH}:/home/tyler/ros2_ws/106a_final_project/drone_simulation/install/my_drone_vision:/opt/ros/humble /usr/bin/cmake --install /home/tyler/ros2_ws/106a_final_project/drone_simulation/build/ros2_shared
[0.465s] Level 1:colcon.colcon_core.environment:checking '/home/tyler/ros2_ws/106a_final_project/drone_simulation/install/ros2_shared' for CMake module files
[0.465s] Level 1:colcon.colcon_core.environment:checking '/home/tyler/ros2_ws/106a_final_project/drone_simulation/install/ros2_shared' for CMake config files
[0.465s] Level 1:colcon.colcon_core.shell:create_environment_hook('ros2_shared', 'cmake_prefix_path')
[0.465s] INFO:colcon.colcon_core.shell:Creating environment hook '/home/tyler/ros2_ws/106a_final_project/drone_simulation/install/ros2_shared/share/ros2_shared/hook/cmake_prefix_path.ps1'
[0.466s] INFO:colcon.colcon_core.shell:Creating environment descriptor '/home/tyler/ros2_ws/106a_final_project/drone_simulation/install/ros2_shared/share/ros2_shared/hook/cmake_prefix_path.dsv'
[0.466s] INFO:colcon.colcon_core.shell:Creating environment hook '/home/tyler/ros2_ws/106a_final_project/drone_simulation/install/ros2_shared/share/ros2_shared/hook/cmake_prefix_path.sh'
[0.466s] Level 1:colcon.colcon_core.environment:checking '/home/tyler/ros2_ws/106a_final_project/drone_simulation/install/ros2_shared/bin'
[0.466s] Level 1:colcon.colcon_core.environment:checking '/home/tyler/ros2_ws/106a_final_project/drone_simulation/install/ros2_shared/lib/pkgconfig/ros2_shared.pc'
[0.466s] Level 1:colcon.colcon_core.environment:checking '/home/tyler/ros2_ws/106a_final_project/drone_simulation/install/ros2_shared/lib/python3.10/site-packages'
[0.467s] Level 1:colcon.colcon_core.environment:checking '/home/tyler/ros2_ws/106a_final_project/drone_simulation/install/ros2_shared/bin'
[0.467s] INFO:colcon.colcon_core.shell:Creating package script '/home/tyler/ros2_ws/106a_final_project/drone_simulation/install/ros2_shared/share/ros2_shared/package.ps1'
[0.467s] INFO:colcon.colcon_core.shell:Creating package descriptor '/home/tyler/ros2_ws/106a_final_project/drone_simulation/install/ros2_shared/share/ros2_shared/package.dsv'
[0.467s] INFO:colcon.colcon_core.shell:Creating package script '/home/tyler/ros2_ws/106a_final_project/drone_simulation/install/ros2_shared/share/ros2_shared/package.sh'
[0.468s] INFO:colcon.colcon_core.shell:Creating package script '/home/tyler/ros2_ws/106a_final_project/drone_simulation/install/ros2_shared/share/ros2_shared/package.bash'
[0.468s] INFO:colcon.colcon_core.shell:Creating package script '/home/tyler/ros2_ws/106a_final_project/drone_simulation/install/ros2_shared/share/ros2_shared/package.zsh'
[0.468s] Level 1:colcon.colcon_core.environment:create_file_with_runtime_dependencies(/home/tyler/ros2_ws/106a_final_project/drone_simulation/install/ros2_shared/share/colcon-core/packages/ros2_shared)
[0.469s] Level 1:colcon.colcon_core.environment:create_environment_scripts_only(ros2_shared)
[0.469s] Level 1:colcon.colcon_core.environment:checking '/home/tyler/ros2_ws/106a_final_project/drone_simulation/install/ros2_shared' for CMake module files
[0.469s] Level 1:colcon.colcon_core.environment:checking '/home/tyler/ros2_ws/106a_final_project/drone_simulation/install/ros2_shared' for CMake config files
[0.469s] Level 1:colcon.colcon_core.shell:create_environment_hook('ros2_shared', 'cmake_prefix_path')
[0.469s] INFO:colcon.colcon_core.shell:Creating environment hook '/home/tyler/ros2_ws/106a_final_project/drone_simulation/install/ros2_shared/share/ros2_shared/hook/cmake_prefix_path.ps1'
[0.469s] INFO:colcon.colcon_core.shell:Creating environment descriptor '/home/tyler/ros2_ws/106a_final_project/drone_simulation/install/ros2_shared/share/ros2_shared/hook/cmake_prefix_path.dsv'
[0.469s] INFO:colcon.colcon_core.shell:Creating environment hook '/home/tyler/ros2_ws/106a_final_project/drone_simulation/install/ros2_shared/share/ros2_shared/hook/cmake_prefix_path.sh'
[0.470s] Level 1:colcon.colcon_core.environment:checking '/home/tyler/ros2_ws/106a_final_project/drone_simulation/install/ros2_shared/bin'
[0.470s] Level 1:colcon.colcon_core.environment:checking '/home/tyler/ros2_ws/106a_final_project/drone_simulation/install/ros2_shared/lib/pkgconfig/ros2_shared.pc'
[0.470s] Level 1:colcon.colcon_core.environment:checking '/home/tyler/ros2_ws/106a_final_project/drone_simulation/install/ros2_shared/lib/python3.10/site-packages'
[0.470s] Level 1:colcon.colcon_core.environment:checking '/home/tyler/ros2_ws/106a_final_project/drone_simulation/install/ros2_shared/bin'
[0.470s] INFO:colcon.colcon_core.shell:Creating package script '/home/tyler/ros2_ws/106a_final_project/drone_simulation/install/ros2_shared/share/ros2_shared/package.ps1'
[0.470s] INFO:colcon.colcon_core.shell:Creating package descriptor '/home/tyler/ros2_ws/106a_final_project/drone_simulation/install/ros2_shared/share/ros2_shared/package.dsv'
[0.470s] INFO:colcon.colcon_core.shell:Creating package script '/home/tyler/ros2_ws/106a_final_project/drone_simulation/install/ros2_shared/share/ros2_shared/package.sh'
[0.471s] INFO:colcon.colcon_core.shell:Creating package script '/home/tyler/ros2_ws/106a_final_project/drone_simulation/install/ros2_shared/share/ros2_shared/package.bash'
[0.471s] INFO:colcon.colcon_core.shell:Creating package script '/home/tyler/ros2_ws/106a_final_project/drone_simulation/install/ros2_shared/share/ros2_shared/package.zsh'
[0.471s] Level 1:colcon.colcon_core.environment:create_file_with_runtime_dependencies(/home/tyler/ros2_ws/106a_final_project/drone_simulation/install/ros2_shared/share/colcon-core/packages/ros2_shared)
[1.228s] DEBUG:colcon.colcon_core.event_handler.log_command:Invoked command in '/home/tyler/ros2_ws/106a_final_project/drone_simulation/build/fiducial_vlam_msgs' returned '0': CMAKE_PREFIX_PATH=${CMAKE_PREFIX_PATH}:/home/tyler/ros2_ws/106a_final_project/drone_simulation/install/my_drone_vision:/opt/ros/humble /usr/bin/cmake /home/tyler/ros2_ws/106a_final_project/drone_simulation/src/fiducial_vlam/fiducial_vlam_msgs -DAMENT_CMAKE_SYMLINK_INSTALL=1 -DCMAKE_INSTALL_PREFIX=/home/tyler/ros2_ws/106a_final_project/drone_simulation/install/fiducial_vlam_msgs
[1.228s] DEBUG:colcon.colcon_core.event_handler.log_command:Invoking command in '/home/tyler/ros2_ws/106a_final_project/drone_simulation/build/fiducial_vlam_msgs': CMAKE_PREFIX_PATH=${CMAKE_PREFIX_PATH}:/home/tyler/ros2_ws/106a_final_project/drone_simulation/install/my_drone_vision:/opt/ros/humble /usr/bin/cmake --build /home/tyler/ros2_ws/106a_final_project/drone_simulation/build/fiducial_vlam_msgs -- -j24 -l24
[2.558s] DEBUG:colcon.colcon_core.event_handler.log_command:Invoked command in '/home/tyler/ros2_ws/106a_final_project/drone_simulation/build/fiducial_vlam_msgs' returned '0': CMAKE_PREFIX_PATH=${CMAKE_PREFIX_PATH}:/home/tyler/ros2_ws/106a_final_project/drone_simulation/install/my_drone_vision:/opt/ros/humble /usr/bin/cmake --build /home/tyler/ros2_ws/106a_final_project/drone_simulation/build/fiducial_vlam_msgs -- -j24 -l24
[2.558s] DEBUG:colcon.colcon_core.event_handler.log_command:Invoking command in '/home/tyler/ros2_ws/106a_final_project/drone_simulation/build/fiducial_vlam_msgs': CMAKE_PREFIX_PATH=${CMAKE_PREFIX_PATH}:/home/tyler/ros2_ws/106a_final_project/drone_simulation/install/my_drone_vision:/opt/ros/humble /usr/bin/cmake --install /home/tyler/ros2_ws/106a_final_project/drone_simulation/build/fiducial_vlam_msgs
[3.060s] Level 1:colcon.colcon_core.environment:create_environment_scripts_only(fiducial_vlam_msgs)
[3.060s] Level 1:colcon.colcon_core.environment:checking '/home/tyler/ros2_ws/106a_final_project/drone_simulation/install/fiducial_vlam_msgs' for CMake module files
[3.060s] DEBUG:colcon.colcon_core.event_handler.log_command:Invoked command in '/home/tyler/ros2_ws/106a_final_project/drone_simulation/build/fiducial_vlam_msgs' returned '0': CMAKE_PREFIX_PATH=${CMAKE_PREFIX_PATH}:/home/tyler/ros2_ws/106a_final_project/drone_simulation/install/my_drone_vision:/opt/ros/humble /usr/bin/cmake --install /home/tyler/ros2_ws/106a_final_project/drone_simulation/build/fiducial_vlam_msgs
[3.061s] Level 1:colcon.colcon_core.environment:checking '/home/tyler/ros2_ws/106a_final_project/drone_simulation/install/fiducial_vlam_msgs' for CMake config files
[3.061s] Level 1:colcon.colcon_core.shell:create_environment_hook('fiducial_vlam_msgs', 'cmake_prefix_path')
[3.061s] INFO:colcon.colcon_core.shell:Creating environment hook '/home/tyler/ros2_ws/106a_final_project/drone_simulation/install/fiducial_vlam_msgs/share/fiducial_vlam_msgs/hook/cmake_prefix_path.ps1'
[3.061s] INFO:colcon.colcon_core.shell:Creating environment descriptor '/home/tyler/ros2_ws/106a_final_project/drone_simulation/install/fiducial_vlam_msgs/share/fiducial_vlam_msgs/hook/cmake_prefix_path.dsv'
[3.061s] INFO:colcon.colcon_core.shell:Creating environment hook '/home/tyler/ros2_ws/106a_final_project/drone_simulation/install/fiducial_vlam_msgs/share/fiducial_vlam_msgs/hook/cmake_prefix_path.sh'
[3.062s] Level 1:colcon.colcon_core.environment:checking '/home/tyler/ros2_ws/106a_final_project/drone_simulation/install/fiducial_vlam_msgs/lib'
[3.062s] Level 1:colcon.colcon_core.shell:create_environment_hook('fiducial_vlam_msgs', 'ld_library_path_lib')
[3.062s] INFO:colcon.colcon_core.shell:Creating environment hook '/home/tyler/ros2_ws/106a_final_project/drone_simulation/install/fiducial_vlam_msgs/share/fiducial_vlam_msgs/hook/ld_library_path_lib.ps1'
[3.062s] INFO:colcon.colcon_core.shell:Creating environment descriptor '/home/tyler/ros2_ws/106a_final_project/drone_simulation/install/fiducial_vlam_msgs/share/fiducial_vlam_msgs/hook/ld_library_path_lib.dsv'
[3.062s] INFO:colcon.colcon_core.shell:Creating environment hook '/home/tyler/ros2_ws/106a_final_project/drone_simulation/install/fiducial_vlam_msgs/share/fiducial_vlam_msgs/hook/ld_library_path_lib.sh'
[3.062s] Level 1:colcon.colcon_core.environment:checking '/home/tyler/ros2_ws/106a_final_project/drone_simulation/install/fiducial_vlam_msgs/bin'
[3.062s] Level 1:colcon.colcon_core.environment:checking '/home/tyler/ros2_ws/106a_final_project/drone_simulation/install/fiducial_vlam_msgs/lib/pkgconfig/fiducial_vlam_msgs.pc'
[3.062s] Level 1:colcon.colcon_core.environment:checking '/home/tyler/ros2_ws/106a_final_project/drone_simulation/install/fiducial_vlam_msgs/lib/python3.10/site-packages'
[3.063s] Level 1:colcon.colcon_core.environment:checking '/home/tyler/ros2_ws/106a_final_project/drone_simulation/install/fiducial_vlam_msgs/bin'
[3.063s] INFO:colcon.colcon_core.shell:Creating package script '/home/tyler/ros2_ws/106a_final_project/drone_simulation/install/fiducial_vlam_msgs/share/fiducial_vlam_msgs/package.ps1'
[3.063s] INFO:colcon.colcon_core.shell:Creating package descriptor '/home/tyler/ros2_ws/106a_final_project/drone_simulation/install/fiducial_vlam_msgs/share/fiducial_vlam_msgs/package.dsv'
[3.063s] INFO:colcon.colcon_core.shell:Creating package script '/home/tyler/ros2_ws/106a_final_project/drone_simulation/install/fiducial_vlam_msgs/share/fiducial_vlam_msgs/package.sh'
[3.063s] INFO:colcon.colcon_core.shell:Creating package script '/home/tyler/ros2_ws/106a_final_project/drone_simulation/install/fiducial_vlam_msgs/share/fiducial_vlam_msgs/package.bash'
[3.063s] INFO:colcon.colcon_core.shell:Creating package script '/home/tyler/ros2_ws/106a_final_project/drone_simulation/install/fiducial_vlam_msgs/share/fiducial_vlam_msgs/package.zsh'
[3.063s] Level 1:colcon.colcon_core.environment:create_file_with_runtime_dependencies(/home/tyler/ros2_ws/106a_final_project/drone_simulation/install/fiducial_vlam_msgs/share/colcon-core/packages/fiducial_vlam_msgs)
[3.064s] Level 1:colcon.colcon_core.environment:create_environment_scripts_only(fiducial_vlam_msgs)
[3.064s] Level 1:colcon.colcon_core.environment:checking '/home/tyler/ros2_ws/106a_final_project/drone_simulation/install/fiducial_vlam_msgs' for CMake module files
[3.064s] Level 1:colcon.colcon_core.environment:checking '/home/tyler/ros2_ws/106a_final_project/drone_simulation/install/fiducial_vlam_msgs' for CMake config files
[3.064s] Level 1:colcon.colcon_core.shell:create_environment_hook('fiducial_vlam_msgs', 'cmake_prefix_path')
[3.064s] INFO:colcon.colcon_core.shell:Creating environment hook '/home/tyler/ros2_ws/106a_final_project/drone_simulation/install/fiducial_vlam_msgs/share/fiducial_vlam_msgs/hook/cmake_prefix_path.ps1'
[3.065s] INFO:colcon.colcon_core.shell:Creating environment descriptor '/home/tyler/ros2_ws/106a_final_project/drone_simulation/install/fiducial_vlam_msgs/share/fiducial_vlam_msgs/hook/cmake_prefix_path.dsv'
[3.065s] INFO:colcon.colcon_core.shell:Creating environment hook '/home/tyler/ros2_ws/106a_final_project/drone_simulation/install/fiducial_vlam_msgs/share/fiducial_vlam_msgs/hook/cmake_prefix_path.sh'
[3.065s] Level 1:colcon.colcon_core.environment:checking '/home/tyler/ros2_ws/106a_final_project/drone_simulation/install/fiducial_vlam_msgs/lib'
[3.065s] Level 1:colcon.colcon_core.shell:create_environment_hook('fiducial_vlam_msgs', 'ld_library_path_lib')
[3.065s] INFO:colcon.colcon_core.shell:Creating environment hook '/home/tyler/ros2_ws/106a_final_project/drone_simulation/install/fiducial_vlam_msgs/share/fiducial_vlam_msgs/hook/ld_library_path_lib.ps1'
[3.065s] INFO:colcon.colcon_core.shell:Creating environment descriptor '/home/tyler/ros2_ws/106a_final_project/drone_simulation/install/fiducial_vlam_msgs/share/fiducial_vlam_msgs/hook/ld_library_path_lib.dsv'
[3.065s] INFO:colcon.colcon_core.shell:Creating environment hook '/home/tyler/ros2_ws/106a_final_project/drone_simulation/install/fiducial_vlam_msgs/share/fiducial_vlam_msgs/hook/ld_library_path_lib.sh'
[3.066s] Level 1:colcon.colcon_core.environment:checking '/home/tyler/ros2_ws/106a_final_project/drone_simulation/install/fiducial_vlam_msgs/bin'
[3.066s] Level 1:colcon.colcon_core.environment:checking '/home/tyler/ros2_ws/106a_final_project/drone_simulation/install/fiducial_vlam_msgs/lib/pkgconfig/fiducial_vlam_msgs.pc'
[3.066s] Level 1:colcon.colcon_core.environment:checking '/home/tyler/ros2_ws/106a_final_project/drone_simulation/install/fiducial_vlam_msgs/lib/python3.10/site-packages'
[3.066s] Level 1:colcon.colcon_core.environment:checking '/home/tyler/ros2_ws/106a_final_project/drone_simulation/install/fiducial_vlam_msgs/bin'
[3.066s] INFO:colcon.colcon_core.shell:Creating package script '/home/tyler/ros2_ws/106a_final_project/drone_simulation/install/fiducial_vlam_msgs/share/fiducial_vlam_msgs/package.ps1'
[3.066s] INFO:colcon.colcon_core.shell:Creating package descriptor '/home/tyler/ros2_ws/106a_final_project/drone_simulation/install/fiducial_vlam_msgs/share/fiducial_vlam_msgs/package.dsv'
[3.066s] INFO:colcon.colcon_core.shell:Creating package script '/home/tyler/ros2_ws/106a_final_project/drone_simulation/install/fiducial_vlam_msgs/share/fiducial_vlam_msgs/package.sh'
[3.067s] INFO:colcon.colcon_core.shell:Creating package script '/home/tyler/ros2_ws/106a_final_project/drone_simulation/install/fiducial_vlam_msgs/share/fiducial_vlam_msgs/package.bash'
[3.067s] INFO:colcon.colcon_core.shell:Creating package script '/home/tyler/ros2_ws/106a_final_project/drone_simulation/install/fiducial_vlam_msgs/share/fiducial_vlam_msgs/package.zsh'
[3.067s] Level 1:colcon.colcon_core.environment:create_file_with_runtime_dependencies(/home/tyler/ros2_ws/106a_final_project/drone_simulation/install/fiducial_vlam_msgs/share/colcon-core/packages/fiducial_vlam_msgs)
[3.067s] INFO:colcon.colcon_ros.task.ament_cmake.build:Building ROS package in '/home/tyler/ros2_ws/106a_final_project/drone_simulation/src/fiducial_vlam/fiducial_vlam' with build type 'ament_cmake'
[3.067s] INFO:colcon.colcon_cmake.task.cmake.build:Building CMake package in '/home/tyler/ros2_ws/106a_final_project/drone_simulation/src/fiducial_vlam/fiducial_vlam'
[3.067s] INFO:colcon.colcon_core.shell:Skip shell extension 'powershell' for command environment: Not usable outside of PowerShell
[3.067s] DEBUG:colcon.colcon_core.shell:Skip shell extension 'dsv' for command environment
[3.073s] DEBUG:colcon.colcon_core.event_handler.log_command:Invoking command in '/home/tyler/ros2_ws/106a_final_project/drone_simulation/build/fiducial_vlam': AMENT_PREFIX_PATH=/home/tyler/ros2_ws/106a_final_project/drone_simulation/install/fiducial_vlam_msgs:${AMENT_PREFIX_PATH} CMAKE_PREFIX_PATH=/home/tyler/ros2_ws/106a_final_project/drone_simulation/install/ros2_shared:/home/tyler/ros2_ws/106a_final_project/drone_simulation/install/fiducial_vlam_msgs:/home/tyler/ros2_ws/106a_final_project/drone_simulation/install/tello_gazebo:/home/tyler/ros2_ws/106a_final_project/drone_simulation/install/tello_driver:/home/tyler/ros2_ws/106a_final_project/drone_simulation/install/tello_msgs:/home/tyler/ros2_ws/106a_final_project/drone_simulation/install/tello_description:/home/tyler/ros2_ws/106a_final_project/drone_simulation/install/my_drone_vision:/opt/ros/humble LD_LIBRARY_PATH=/home/tyler/ros2_ws/106a_final_project/drone_simulation/install/fiducial_vlam_msgs/lib:${LD_LIBRARY_PATH} PYTHONPATH=/home/tyler/ros2_ws/106a_final_project/drone_simulation/install/fiducial_vlam_msgs/local/lib/python3.10/dist-packages:${PYTHONPATH} /usr/bin/cmake /home/tyler/ros2_ws/106a_final_project/drone_simulation/src/fiducial_vlam/fiducial_vlam -DAMENT_CMAKE_SYMLINK_INSTALL=1 -DCMAKE_INSTALL_PREFIX=/home/tyler/ros2_ws/106a_final_project/drone_simulation/install/fiducial_vlam
[3.824s] DEBUG:colcon.colcon_core.event_handler.log_command:Invoked command in '/home/tyler/ros2_ws/106a_final_project/drone_simulation/build/fiducial_vlam' returned '0': AMENT_PREFIX_PATH=/home/tyler/ros2_ws/106a_final_project/drone_simulation/install/fiducial_vlam_msgs:${AMENT_PREFIX_PATH} CMAKE_PREFIX_PATH=/home/tyler/ros2_ws/106a_final_project/drone_simulation/install/ros2_shared:/home/tyler/ros2_ws/106a_final_project/drone_simulation/install/fiducial_vlam_msgs:/home/tyler/ros2_ws/106a_final_project/drone_simulation/install/tello_gazebo:/home/tyler/ros2_ws/106a_final_project/drone_simulation/install/tello_driver:/home/tyler/ros2_ws/106a_final_project/drone_simulation/install/tello_msgs:/home/tyler/ros2_ws/106a_final_project/drone_simulation/install/tello_description:/home/tyler/ros2_ws/106a_final_project/drone_simulation/install/my_drone_vision:/opt/ros/humble LD_LIBRARY_PATH=/home/tyler/ros2_ws/106a_final_project/drone_simulation/install/fiducial_vlam_msgs/lib:${LD_LIBRARY_PATH} PYTHONPATH=/home/tyler/ros2_ws/106a_final_project/drone_simulation/install/fiducial_vlam_msgs/local/lib/python3.10/dist-packages:${PYTHONPATH} /usr/bin/cmake /home/tyler/ros2_ws/106a_final_project/drone_simulation/src/fiducial_vlam/fiducial_vlam -DAMENT_CMAKE_SYMLINK_INSTALL=1 -DCMAKE_INSTALL_PREFIX=/home/tyler/ros2_ws/106a_final_project/drone_simulation/install/fiducial_vlam
[3.824s] DEBUG:colcon.colcon_core.event_handler.log_command:Invoking command in '/home/tyler/ros2_ws/106a_final_project/drone_simulation/build/fiducial_vlam': AMENT_PREFIX_PATH=/home/tyler/ros2_ws/106a_final_project/drone_simulation/install/fiducial_vlam_msgs:${AMENT_PREFIX_PATH} CMAKE_PREFIX_PATH=/home/tyler/ros2_ws/106a_final_project/drone_simulation/install/ros2_shared:/home/tyler/ros2_ws/106a_final_project/drone_simulation/install/fiducial_vlam_msgs:/home/tyler/ros2_ws/106a_final_project/drone_simulation/install/tello_gazebo:/home/tyler/ros2_ws/106a_final_project/drone_simulation/install/tello_driver:/home/tyler/ros2_ws/106a_final_project/drone_simulation/install/tello_msgs:/home/tyler/ros2_ws/106a_final_project/drone_simulation/install/tello_description:/home/tyler/ros2_ws/106a_final_project/drone_simulation/install/my_drone_vision:/opt/ros/humble LD_LIBRARY_PATH=/home/tyler/ros2_ws/106a_final_project/drone_simulation/install/fiducial_vlam_msgs/lib:${LD_LIBRARY_PATH} PYTHONPATH=/home/tyler/ros2_ws/106a_final_project/drone_simulation/install/fiducial_vlam_msgs/local/lib/python3.10/dist-packages:${PYTHONPATH} /usr/bin/cmake --build /home/tyler/ros2_ws/106a_final_project/drone_simulation/build/fiducial_vlam -- -j24 -l24
[5.215s] DEBUG:colcon.colcon_core.event_handler.log_command:Invoked command in '/home/tyler/ros2_ws/106a_final_project/drone_simulation/build/fiducial_vlam' returned '2': AMENT_PREFIX_PATH=/home/tyler/ros2_ws/106a_final_project/drone_simulation/install/fiducial_vlam_msgs:${AMENT_PREFIX_PATH} CMAKE_PREFIX_PATH=/home/tyler/ros2_ws/106a_final_project/drone_simulation/install/ros2_shared:/home/tyler/ros2_ws/106a_final_project/drone_simulation/install/fiducial_vlam_msgs:/home/tyler/ros2_ws/106a_final_project/drone_simulation/install/tello_gazebo:/home/tyler/ros2_ws/106a_final_project/drone_simulation/install/tello_driver:/home/tyler/ros2_ws/106a_final_project/drone_simulation/install/tello_msgs:/home/tyler/ros2_ws/106a_final_project/drone_simulation/install/tello_description:/home/tyler/ros2_ws/106a_final_project/drone_simulation/install/my_drone_vision:/opt/ros/humble LD_LIBRARY_PATH=/home/tyler/ros2_ws/106a_final_project/drone_simulation/install/fiducial_vlam_msgs/lib:${LD_LIBRARY_PATH} PYTHONPATH=/home/tyler/ros2_ws/106a_final_project/drone_simulation/install/fiducial_vlam_msgs/local/lib/python3.10/dist-packages:${PYTHONPATH} /usr/bin/cmake --build /home/tyler/ros2_ws/106a_final_project/drone_simulation/build/fiducial_vlam -- -j24 -l24
[5.215s] Level 1:colcon.colcon_core.environment:create_environment_scripts_only(fiducial_vlam)
[5.215s] Level 1:colcon.colcon_core.environment:checking '/home/tyler/ros2_ws/106a_final_project/drone_simulation/install/fiducial_vlam' for CMake module files
[5.215s] Level 1:colcon.colcon_core.environment:checking '/home/tyler/ros2_ws/106a_final_project/drone_simulation/install/fiducial_vlam' for CMake config files
[5.215s] Level 1:colcon.colcon_core.environment:checking '/home/tyler/ros2_ws/106a_final_project/drone_simulation/install/fiducial_vlam/bin'
[5.215s] Level 1:colcon.colcon_core.environment:checking '/home/tyler/ros2_ws/106a_final_project/drone_simulation/install/fiducial_vlam/lib/pkgconfig/fiducial_vlam.pc'
[5.216s] Level 1:colcon.colcon_core.environment:checking '/home/tyler/ros2_ws/106a_final_project/drone_simulation/install/fiducial_vlam/lib/python3.10/site-packages'
[5.216s] Level 1:colcon.colcon_core.environment:checking '/home/tyler/ros2_ws/106a_final_project/drone_simulation/install/fiducial_vlam/bin'
[5.216s] INFO:colcon.colcon_core.shell:Creating package script '/home/tyler/ros2_ws/106a_final_project/drone_simulation/install/fiducial_vlam/share/fiducial_vlam/package.ps1'
[5.216s] INFO:colcon.colcon_core.shell:Creating package descriptor '/home/tyler/ros2_ws/106a_final_project/drone_simulation/install/fiducial_vlam/share/fiducial_vlam/package.dsv'
[5.216s] INFO:colcon.colcon_core.shell:Creating package script '/home/tyler/ros2_ws/106a_final_project/drone_simulation/install/fiducial_vlam/share/fiducial_vlam/package.sh'
[5.216s] INFO:colcon.colcon_core.shell:Creating package script '/home/tyler/ros2_ws/106a_final_project/drone_simulation/install/fiducial_vlam/share/fiducial_vlam/package.bash'
[5.217s] INFO:colcon.colcon_core.shell:Creating package script '/home/tyler/ros2_ws/106a_final_project/drone_simulation/install/fiducial_vlam/share/fiducial_vlam/package.zsh'
[5.217s] Level 1:colcon.colcon_core.environment:create_file_with_runtime_dependencies(/home/tyler/ros2_ws/106a_final_project/drone_simulation/install/fiducial_vlam/share/colcon-core/packages/fiducial_vlam)
[5.227s] DEBUG:colcon.colcon_parallel_executor.executor.parallel:closing loop
[5.227s] DEBUG:colcon.colcon_parallel_executor.executor.parallel:loop closed
[5.227s] DEBUG:colcon.colcon_parallel_executor.executor.parallel:run_until_complete finished with '2'
[5.227s] DEBUG:colcon.colcon_core.event_reactor:joining thread
[5.230s] INFO:colcon.colcon_core.plugin_system:Skipping extension 'colcon_notification.desktop_notification.terminal_notifier': Not used on non-Darwin systems
[5.230s] INFO:colcon.colcon_core.plugin_system:Skipping extension 'colcon_notification.desktop_notification.win32': Not used on non-Windows systems
[5.230s] INFO:colcon.colcon_notification.desktop_notification:Sending desktop notification using 'notify2'
[5.236s] DEBUG:colcon.colcon_core.event_reactor:joined thread
[5.236s] INFO:colcon.colcon_core.shell:Creating prefix script '/home/tyler/ros2_ws/106a_final_project/drone_simulation/install/local_setup.ps1'
[5.237s] INFO:colcon.colcon_core.shell:Creating prefix util module '/home/tyler/ros2_ws/106a_final_project/drone_simulation/install/_local_setup_util_ps1.py'
[5.238s] INFO:colcon.colcon_core.shell:Creating prefix chain script '/home/tyler/ros2_ws/106a_final_project/drone_simulation/install/setup.ps1'
[5.238s] INFO:colcon.colcon_core.shell:Creating prefix script '/home/tyler/ros2_ws/106a_final_project/drone_simulation/install/local_setup.sh'
[5.239s] INFO:colcon.colcon_core.shell:Creating prefix util module '/home/tyler/ros2_ws/106a_final_project/drone_simulation/install/_local_setup_util_sh.py'
[5.239s] INFO:colcon.colcon_core.shell:Creating prefix chain script '/home/tyler/ros2_ws/106a_final_project/drone_simulation/install/setup.sh'
[5.240s] INFO:colcon.colcon_core.shell:Creating prefix script '/home/tyler/ros2_ws/106a_final_project/drone_simulation/install/local_setup.bash'
[5.240s] INFO:colcon.colcon_core.shell:Creating prefix chain script '/home/tyler/ros2_ws/106a_final_project/drone_simulation/install/setup.bash'
[5.241s] INFO:colcon.colcon_core.shell:Creating prefix script '/home/tyler/ros2_ws/106a_final_project/drone_simulation/install/local_setup.zsh'
[5.241s] INFO:colcon.colcon_core.shell:Creating prefix chain script '/home/tyler/ros2_ws/106a_final_project/drone_simulation/install/setup.zsh'
