[0.151s] Invoking command in '/home/tyler/ros_workspaces/drone_simulation/build/tello_description': CMAKE_PREFIX_PATH=${CMAKE_PREFIX_PATH}:/home/tyler/ros_workspaces/drone_simulation/install/my_drone_vision:/opt/ros/humble /usr/bin/cmake --build /home/tyler/ros_workspaces/drone_simulation/build/tello_description -- -j24 -l24
[0.179s] [ 33%] Built target generate_urdf_4
[0.179s] [ 33%] Built target generate_urdf_1
[0.179s] [ 33%] Built target generate_urdf
[0.180s] [ 44%] Built target generate_urdf_3
[0.180s] [ 66%] Built target generate_urdf_7
[0.180s] [ 66%] Built target generate_urdf_6
[0.181s] [ 77%] Built target generate_urdf_2
[0.184s] [100%] Built target generate_urdf_5
[0.184s] [100%] Built target generate_urdf_8
[0.193s] Invoked command in '/home/tyler/ros_workspaces/drone_simulation/build/tello_description' returned '0': CMAKE_PREFIX_PATH=${CMAKE_PREFIX_PATH}:/home/tyler/ros_workspaces/drone_simulation/install/my_drone_vision:/opt/ros/humble /usr/bin/cmake --build /home/tyler/ros_workspaces/drone_simulation/build/tello_description -- -j24 -l24
[0.194s] Invoking command in '/home/tyler/ros_workspaces/drone_simulation/build/tello_description': CMAKE_PREFIX_PATH=${CMAKE_PREFIX_PATH}:/home/tyler/ros_workspaces/drone_simulation/install/my_drone_vision:/opt/ros/humble /usr/bin/cmake --install /home/tyler/ros_workspaces/drone_simulation/build/tello_description
[0.200s] -- Install configuration: ""
[0.201s] -- Up-to-date: /home/tyler/ros_workspaces/drone_simulation/install/tello_description/share/tello_description/urdf
[0.201s] -- Up-to-date: /home/tyler/ros_workspaces/drone_simulation/install/tello_description/share/tello_description/urdf/tello_3.urdf
[0.201s] -- Up-to-date: /home/tyler/ros_workspaces/drone_simulation/install/tello_description/share/tello_description/urdf/tello_4.urdf
[0.201s] -- Up-to-date: /home/tyler/ros_workspaces/drone_simulation/install/tello_description/share/tello_description/urdf/tello.urdf
[0.201s] -- Up-to-date: /home/tyler/ros_workspaces/drone_simulation/install/tello_description/share/tello_description/urdf/tello_5.urdf
[0.202s] -- Up-to-date: /home/tyler/ros_workspaces/drone_simulation/install/tello_description/share/tello_description/urdf/tello_8.urdf
[0.202s] -- Up-to-date: /home/tyler/ros_workspaces/drone_simulation/install/tello_description/share/tello_description/urdf/tello_7.urdf
[0.202s] -- Up-to-date: /home/tyler/ros_workspaces/drone_simulation/install/tello_description/share/tello_description/urdf/tello_1.urdf
[0.202s] -- Up-to-date: /home/tyler/ros_workspaces/drone_simulation/install/tello_description/share/tello_description/urdf/tello_2.urdf
[0.202s] -- Up-to-date: /home/tyler/ros_workspaces/drone_simulation/install/tello_description/share/tello_description/urdf/tello_6.urdf
[0.202s] -- Up-to-date: /home/tyler/ros_workspaces/drone_simulation/install/tello_description/share/ament_index/resource_index/package_run_dependencies/tello_description
[0.202s] -- Up-to-date: /home/tyler/ros_workspaces/drone_simulation/install/tello_description/share/ament_index/resource_index/parent_prefix_path/tello_description
[0.202s] -- Up-to-date: /home/tyler/ros_workspaces/drone_simulation/install/tello_description/share/tello_description/environment/ament_prefix_path.sh
[0.202s] -- Up-to-date: /home/tyler/ros_workspaces/drone_simulation/install/tello_description/share/tello_description/environment/ament_prefix_path.dsv
[0.203s] -- Up-to-date: /home/tyler/ros_workspaces/drone_simulation/install/tello_description/share/tello_description/environment/path.sh
[0.203s] -- Up-to-date: /home/tyler/ros_workspaces/drone_simulation/install/tello_description/share/tello_description/environment/path.dsv
[0.203s] -- Up-to-date: /home/tyler/ros_workspaces/drone_simulation/install/tello_description/share/tello_description/local_setup.bash
[0.203s] -- Up-to-date: /home/tyler/ros_workspaces/drone_simulation/install/tello_description/share/tello_description/local_setup.sh
[0.203s] -- Up-to-date: /home/tyler/ros_workspaces/drone_simulation/install/tello_description/share/tello_description/local_setup.zsh
[0.203s] -- Up-to-date: /home/tyler/ros_workspaces/drone_simulation/install/tello_description/share/tello_description/local_setup.dsv
[0.203s] -- Installing: /home/tyler/ros_workspaces/drone_simulation/install/tello_description/share/tello_description/package.dsv
[0.203s] -- Up-to-date: /home/tyler/ros_workspaces/drone_simulation/install/tello_description/share/ament_index/resource_index/packages/tello_description
[0.203s] -- Up-to-date: /home/tyler/ros_workspaces/drone_simulation/install/tello_description/share/tello_description/cmake/tello_descriptionConfig.cmake
[0.203s] -- Up-to-date: /home/tyler/ros_workspaces/drone_simulation/install/tello_description/share/tello_description/cmake/tello_descriptionConfig-version.cmake
[0.207s] -- Up-to-date: /home/tyler/ros_workspaces/drone_simulation/install/tello_description/share/tello_description/package.xml
[0.212s] Invoked command in '/home/tyler/ros_workspaces/drone_simulation/build/tello_description' returned '0': CMAKE_PREFIX_PATH=${CMAKE_PREFIX_PATH}:/home/tyler/ros_workspaces/drone_simulation/install/my_drone_vision:/opt/ros/humble /usr/bin/cmake --install /home/tyler/ros_workspaces/drone_simulation/build/tello_description
