[0.633s] Invoking command in '/mnt/g/My Drive/Primary/skl-Course/SP26/EECS 206A - Introduction to Robotics/106a_final_project/drone_simulation/build/ros2_shared': /usr/bin/cmake --build /mnt/g/My Drive/Primary/skl-Course/SP26/EECS 206A - Introduction to Robotics/106a_final_project/drone_simulation/build/ros2_shared -- -j16 -l16
[1.290s] Invoked command in '/mnt/g/My Drive/Primary/skl-Course/SP26/EECS 206A - Introduction to Robotics/106a_final_project/drone_simulation/build/ros2_shared' returned '0': /usr/bin/cmake --build /mnt/g/My Drive/Primary/skl-Course/SP26/EECS 206A - Introduction to Robotics/106a_final_project/drone_simulation/build/ros2_shared -- -j16 -l16
[1.456s] Invoking command in '/mnt/g/My Drive/Primary/skl-Course/SP26/EECS 206A - Introduction to Robotics/106a_final_project/drone_simulation/build/ros2_shared': /usr/bin/cmake --install /mnt/g/My Drive/Primary/skl-Course/SP26/EECS 206A - Introduction to Robotics/106a_final_project/drone_simulation/build/ros2_shared
[1.550s] -- Install configuration: ""
[1.652s] -- Up-to-date: /mnt/g/My Drive/Primary/skl-Course/SP26/EECS 206A - Introduction to Robotics/106a_final_project/drone_simulation/install/ros2_shared/include
[1.942s] -- Up-to-date: /mnt/g/My Drive/Primary/skl-Course/SP26/EECS 206A - Introduction to Robotics/106a_final_project/drone_simulation/install/ros2_shared/include/ros2_shared
[2.337s] -- Up-to-date: /mnt/g/My Drive/Primary/skl-Course/SP26/EECS 206A - Introduction to Robotics/106a_final_project/drone_simulation/install/ros2_shared/include/ros2_shared/context_macros.hpp
[2.589s] -- Up-to-date: /mnt/g/My Drive/Primary/skl-Course/SP26/EECS 206A - Introduction to Robotics/106a_final_project/drone_simulation/install/ros2_shared/include/ros2_shared/param_macros.hpp
[2.871s] -- Up-to-date: /mnt/g/My Drive/Primary/skl-Course/SP26/EECS 206A - Introduction to Robotics/106a_final_project/drone_simulation/install/ros2_shared/include/ros2_shared/string_printf.hpp
[3.289s] -- Up-to-date: /mnt/g/My Drive/Primary/skl-Course/SP26/EECS 206A - Introduction to Robotics/106a_final_project/drone_simulation/install/ros2_shared/share/ament_index/resource_index/package_run_dependencies/ros2_shared
[3.656s] -- Up-to-date: /mnt/g/My Drive/Primary/skl-Course/SP26/EECS 206A - Introduction to Robotics/106a_final_project/drone_simulation/install/ros2_shared/share/ament_index/resource_index/parent_prefix_path/ros2_shared
[3.824s] -- Up-to-date: /mnt/g/My Drive/Primary/skl-Course/SP26/EECS 206A - Introduction to Robotics/106a_final_project/drone_simulation/install/ros2_shared/share/ros2_shared/environment/ament_prefix_path.sh
[4.105s] -- Up-to-date: /mnt/g/My Drive/Primary/skl-Course/SP26/EECS 206A - Introduction to Robotics/106a_final_project/drone_simulation/install/ros2_shared/share/ros2_shared/environment/ament_prefix_path.dsv
[4.301s] -- Up-to-date: /mnt/g/My Drive/Primary/skl-Course/SP26/EECS 206A - Introduction to Robotics/106a_final_project/drone_simulation/install/ros2_shared/share/ros2_shared/environment/path.sh
[4.583s] -- Up-to-date: /mnt/g/My Drive/Primary/skl-Course/SP26/EECS 206A - Introduction to Robotics/106a_final_project/drone_simulation/install/ros2_shared/share/ros2_shared/environment/path.dsv
[4.838s] -- Up-to-date: /mnt/g/My Drive/Primary/skl-Course/SP26/EECS 206A - Introduction to Robotics/106a_final_project/drone_simulation/install/ros2_shared/share/ros2_shared/local_setup.bash
[5.096s] -- Up-to-date: /mnt/g/My Drive/Primary/skl-Course/SP26/EECS 206A - Introduction to Robotics/106a_final_project/drone_simulation/install/ros2_shared/share/ros2_shared/local_setup.sh
[5.382s] -- Up-to-date: /mnt/g/My Drive/Primary/skl-Course/SP26/EECS 206A - Introduction to Robotics/106a_final_project/drone_simulation/install/ros2_shared/share/ros2_shared/local_setup.zsh
[5.673s] -- Up-to-date: /mnt/g/My Drive/Primary/skl-Course/SP26/EECS 206A - Introduction to Robotics/106a_final_project/drone_simulation/install/ros2_shared/share/ros2_shared/local_setup.dsv
[6.023s] -- Installing: /mnt/g/My Drive/Primary/skl-Course/SP26/EECS 206A - Introduction to Robotics/106a_final_project/drone_simulation/install/ros2_shared/share/ros2_shared/package.dsv
[7.205s] -- Up-to-date: /mnt/g/My Drive/Primary/skl-Course/SP26/EECS 206A - Introduction to Robotics/106a_final_project/drone_simulation/install/ros2_shared/share/ament_index/resource_index/packages/ros2_shared
[7.736s] -- Up-to-date: /mnt/g/My Drive/Primary/skl-Course/SP26/EECS 206A - Introduction to Robotics/106a_final_project/drone_simulation/install/ros2_shared/share/ros2_shared/cmake/ros2_shared_targetsExport.cmake
[7.976s] -- Up-to-date: /mnt/g/My Drive/Primary/skl-Course/SP26/EECS 206A - Introduction to Robotics/106a_final_project/drone_simulation/install/ros2_shared/share/ros2_shared/cmake/ament_cmake_export_targets-extras.cmake
[8.255s] -- Up-to-date: /mnt/g/My Drive/Primary/skl-Course/SP26/EECS 206A - Introduction to Robotics/106a_final_project/drone_simulation/install/ros2_shared/share/ros2_shared/cmake/ament_cmake_export_dependencies-extras.cmake
[8.361s] -- Up-to-date: /mnt/g/My Drive/Primary/skl-Course/SP26/EECS 206A - Introduction to Robotics/106a_final_project/drone_simulation/install/ros2_shared/share/ros2_shared/cmake/ros2_sharedConfig.cmake
[8.519s] -- Up-to-date: /mnt/g/My Drive/Primary/skl-Course/SP26/EECS 206A - Introduction to Robotics/106a_final_project/drone_simulation/install/ros2_shared/share/ros2_shared/cmake/ros2_sharedConfig-version.cmake
[8.708s] -- Up-to-date: /mnt/g/My Drive/Primary/skl-Course/SP26/EECS 206A - Introduction to Robotics/106a_final_project/drone_simulation/install/ros2_shared/share/ros2_shared/package.xml
[8.796s] Invoked command in '/mnt/g/My Drive/Primary/skl-Course/SP26/EECS 206A - Introduction to Robotics/106a_final_project/drone_simulation/build/ros2_shared' returned '0': /usr/bin/cmake --install /mnt/g/My Drive/Primary/skl-Course/SP26/EECS 206A - Introduction to Robotics/106a_final_project/drone_simulation/build/ros2_shared
