[0.289s] DEBUG:colcon:Command line arguments: ['/usr/bin/colcon', 'build']
[0.289s] DEBUG:colcon:Parsed command line arguments: Namespace(log_base=None, log_level=None, verb_name='build', build_base='build', install_base='install', merge_install=False, symlink_install=False, test_result_base=None, continue_on_error=False, executor='parallel', parallel_workers=24, event_handlers=None, ignore_user_meta=False, metas=['./colcon.meta'], base_paths=['.'], packages_ignore=None, packages_ignore_regex=None, paths=None, packages_up_to=None, packages_up_to_regex=None, packages_above=None, packages_above_and_dependencies=None, packages_above_depth=None, packages_select_by_dep=None, packages_skip_by_dep=None, packages_skip_up_to=None, packages_select_build_failed=False, packages_skip_build_finished=False, packages_select_test_failures=False, packages_skip_test_passed=False, packages_select=None, packages_skip=None, packages_select_regex=None, packages_skip_regex=None, packages_start=None, packages_end=None, allow_overriding=[], cmake_args=None, cmake_target=None, cmake_target_skip_unavailable=False, cmake_clean_cache=False, cmake_clean_first=False, cmake_force_configure=False, ament_cmake_args=None, catkin_cmake_args=None, catkin_skip_building_tests=False, mixin_files=None, mixin=None, verb_parser=<colcon_mixin.mixin.mixin_argument.MixinArgumentDecorator object at 0x7f2b99ac3d90>, verb_extension=<colcon_core.verb.build.BuildVerb object at 0x7f2b99c08df0>, main=<bound method BuildVerb.main of <colcon_core.verb.build.BuildVerb object at 0x7f2b99c08df0>>, mixin_verb=('build',))
[0.444s] Level 1:colcon.colcon_core.package_discovery:discover_packages(colcon_meta) check parameters
[0.444s] Level 1:colcon.colcon_core.package_discovery:discover_packages(recursive) check parameters
[0.445s] Level 1:colcon.colcon_core.package_discovery:discover_packages(ignore) check parameters
[0.445s] Level 1:colcon.colcon_core.package_discovery:discover_packages(path) check parameters
[0.445s] Level 1:colcon.colcon_core.package_discovery:discover_packages(colcon_meta) discover
[0.445s] Level 1:colcon.colcon_core.package_discovery:discover_packages(recursive) discover
[0.445s] INFO:colcon.colcon_core.package_discovery:Crawling recursively for packages in '/home/tyler/ros_workspaces/drone_simulation'
[0.445s] Level 1:colcon.colcon_core.package_identification:_identify(.) by extensions ['ignore', 'ignore_ament_install']
[0.445s] Level 1:colcon.colcon_core.package_identification:_identify(.) by extension 'ignore'
[0.445s] Level 1:colcon.colcon_core.package_identification:_identify(.) by extension 'ignore_ament_install'
[0.445s] Level 1:colcon.colcon_core.package_identification:_identify(.) by extensions ['colcon_pkg']
[0.445s] Level 1:colcon.colcon_core.package_identification:_identify(.) by extension 'colcon_pkg'
[0.445s] Level 1:colcon.colcon_core.package_identification:_identify(.) by extensions ['colcon_meta']
[0.445s] Level 1:colcon.colcon_core.package_identification:_identify(.) by extension 'colcon_meta'
[0.445s] Level 1:colcon.colcon_core.package_identification:_identify(.) by extensions ['ros']
[0.445s] Level 1:colcon.colcon_core.package_identification:_identify(.) by extension 'ros'
[0.455s] Level 1:colcon.colcon_core.package_identification:_identify(.) by extensions ['cmake', 'python']
[0.455s] Level 1:colcon.colcon_core.package_identification:_identify(.) by extension 'cmake'
[0.455s] Level 1:colcon.colcon_core.package_identification:_identify(.) by extension 'python'
[0.455s] Level 1:colcon.colcon_core.package_identification:_identify(.) by extensions ['python_setup_py']
[0.455s] Level 1:colcon.colcon_core.package_identification:_identify(.) by extension 'python_setup_py'
[0.455s] Level 1:colcon.colcon_core.package_identification:_identify(build) by extensions ['ignore', 'ignore_ament_install']
[0.455s] Level 1:colcon.colcon_core.package_identification:_identify(build) by extension 'ignore'
[0.455s] Level 1:colcon.colcon_core.package_identification:_identify(build) ignored
[0.456s] Level 1:colcon.colcon_core.package_identification:_identify(install) by extensions ['ignore', 'ignore_ament_install']
[0.456s] Level 1:colcon.colcon_core.package_identification:_identify(install) by extension 'ignore'
[0.456s] Level 1:colcon.colcon_core.package_identification:_identify(install) ignored
[0.456s] Level 1:colcon.colcon_core.package_identification:_identify(log) by extensions ['ignore', 'ignore_ament_install']
[0.456s] Level 1:colcon.colcon_core.package_identification:_identify(log) by extension 'ignore'
[0.456s] Level 1:colcon.colcon_core.package_identification:_identify(log) ignored
[0.456s] Level 1:colcon.colcon_core.package_identification:_identify(src) by extensions ['ignore', 'ignore_ament_install']
[0.456s] Level 1:colcon.colcon_core.package_identification:_identify(src) by extension 'ignore'
[0.456s] Level 1:colcon.colcon_core.package_identification:_identify(src) by extension 'ignore_ament_install'
[0.456s] Level 1:colcon.colcon_core.package_identification:_identify(src) by extensions ['colcon_pkg']
[0.456s] Level 1:colcon.colcon_core.package_identification:_identify(src) by extension 'colcon_pkg'
[0.456s] Level 1:colcon.colcon_core.package_identification:_identify(src) by extensions ['colcon_meta']
[0.456s] Level 1:colcon.colcon_core.package_identification:_identify(src) by extension 'colcon_meta'
[0.456s] Level 1:colcon.colcon_core.package_identification:_identify(src) by extensions ['ros']
[0.456s] Level 1:colcon.colcon_core.package_identification:_identify(src) by extension 'ros'
[0.456s] Level 1:colcon.colcon_core.package_identification:_identify(src) by extensions ['cmake', 'python']
[0.456s] Level 1:colcon.colcon_core.package_identification:_identify(src) by extension 'cmake'
[0.456s] Level 1:colcon.colcon_core.package_identification:_identify(src) by extension 'python'
[0.456s] Level 1:colcon.colcon_core.package_identification:_identify(src) by extensions ['python_setup_py']
[0.456s] Level 1:colcon.colcon_core.package_identification:_identify(src) by extension 'python_setup_py'
[0.456s] Level 1:colcon.colcon_core.package_identification:_identify(src/my_drone_vision) by extensions ['ignore', 'ignore_ament_install']
[0.456s] Level 1:colcon.colcon_core.package_identification:_identify(src/my_drone_vision) by extension 'ignore'
[0.456s] Level 1:colcon.colcon_core.package_identification:_identify(src/my_drone_vision) by extension 'ignore_ament_install'
[0.456s] Level 1:colcon.colcon_core.package_identification:_identify(src/my_drone_vision) by extensions ['colcon_pkg']
[0.456s] Level 1:colcon.colcon_core.package_identification:_identify(src/my_drone_vision) by extension 'colcon_pkg'
[0.456s] Level 1:colcon.colcon_core.package_identification:_identify(src/my_drone_vision) by extensions ['colcon_meta']
[0.456s] Level 1:colcon.colcon_core.package_identification:_identify(src/my_drone_vision) by extension 'colcon_meta'
[0.456s] Level 1:colcon.colcon_core.package_identification:_identify(src/my_drone_vision) by extensions ['ros']
[0.456s] Level 1:colcon.colcon_core.package_identification:_identify(src/my_drone_vision) by extension 'ros'
[0.458s] DEBUG:colcon.colcon_core.package_identification:Package 'src/my_drone_vision' with type 'ros.ament_python' and name 'my_drone_vision'
[0.459s] Level 1:colcon.colcon_core.package_identification:_identify(src/ros2_shared) by extensions ['ignore', 'ignore_ament_install']
[0.459s] Level 1:colcon.colcon_core.package_identification:_identify(src/ros2_shared) by extension 'ignore'
[0.459s] Level 1:colcon.colcon_core.package_identification:_identify(src/ros2_shared) by extension 'ignore_ament_install'
[0.459s] Level 1:colcon.colcon_core.package_identification:_identify(src/ros2_shared) by extensions ['colcon_pkg']
[0.459s] Level 1:colcon.colcon_core.package_identification:_identify(src/ros2_shared) by extension 'colcon_pkg'
[0.459s] Level 1:colcon.colcon_core.package_identification:_identify(src/ros2_shared) by extensions ['colcon_meta']
[0.459s] Level 1:colcon.colcon_core.package_identification:_identify(src/ros2_shared) by extension 'colcon_meta'
[0.459s] Level 1:colcon.colcon_core.package_identification:_identify(src/ros2_shared) by extensions ['ros']
[0.459s] Level 1:colcon.colcon_core.package_identification:_identify(src/ros2_shared) by extension 'ros'
[0.459s] DEBUG:colcon.colcon_core.package_identification:Package 'src/ros2_shared' with type 'ros.ament_cmake' and name 'ros2_shared'
[0.460s] Level 1:colcon.colcon_core.package_identification:_identify(src/tello_ros) by extensions ['ignore', 'ignore_ament_install']
[0.460s] Level 1:colcon.colcon_core.package_identification:_identify(src/tello_ros) by extension 'ignore'
[0.460s] Level 1:colcon.colcon_core.package_identification:_identify(src/tello_ros) by extension 'ignore_ament_install'
[0.460s] Level 1:colcon.colcon_core.package_identification:_identify(src/tello_ros) by extensions ['colcon_pkg']
[0.460s] Level 1:colcon.colcon_core.package_identification:_identify(src/tello_ros) by extension 'colcon_pkg'
[0.460s] Level 1:colcon.colcon_core.package_identification:_identify(src/tello_ros) by extensions ['colcon_meta']
[0.460s] Level 1:colcon.colcon_core.package_identification:_identify(src/tello_ros) by extension 'colcon_meta'
[0.460s] Level 1:colcon.colcon_core.package_identification:_identify(src/tello_ros) by extensions ['ros']
[0.460s] Level 1:colcon.colcon_core.package_identification:_identify(src/tello_ros) by extension 'ros'
[0.460s] Level 1:colcon.colcon_core.package_identification:_identify(src/tello_ros) by extensions ['cmake', 'python']
[0.460s] Level 1:colcon.colcon_core.package_identification:_identify(src/tello_ros) by extension 'cmake'
[0.460s] Level 1:colcon.colcon_core.package_identification:_identify(src/tello_ros) by extension 'python'
[0.460s] Level 1:colcon.colcon_core.package_identification:_identify(src/tello_ros) by extensions ['python_setup_py']
[0.460s] Level 1:colcon.colcon_core.package_identification:_identify(src/tello_ros) by extension 'python_setup_py'
[0.460s] Level 1:colcon.colcon_core.package_identification:_identify(src/tello_ros/tello_description) by extensions ['ignore', 'ignore_ament_install']
[0.460s] Level 1:colcon.colcon_core.package_identification:_identify(src/tello_ros/tello_description) by extension 'ignore'
[0.460s] Level 1:colcon.colcon_core.package_identification:_identify(src/tello_ros/tello_description) by extension 'ignore_ament_install'
[0.460s] Level 1:colcon.colcon_core.package_identification:_identify(src/tello_ros/tello_description) by extensions ['colcon_pkg']
[0.460s] Level 1:colcon.colcon_core.package_identification:_identify(src/tello_ros/tello_description) by extension 'colcon_pkg'
[0.460s] Level 1:colcon.colcon_core.package_identification:_identify(src/tello_ros/tello_description) by extensions ['colcon_meta']
[0.460s] Level 1:colcon.colcon_core.package_identification:_identify(src/tello_ros/tello_description) by extension 'colcon_meta'
[0.460s] Level 1:colcon.colcon_core.package_identification:_identify(src/tello_ros/tello_description) by extensions ['ros']
[0.460s] Level 1:colcon.colcon_core.package_identification:_identify(src/tello_ros/tello_description) by extension 'ros'
[0.460s] DEBUG:colcon.colcon_core.package_identification:Package 'src/tello_ros/tello_description' with type 'ros.ament_cmake' and name 'tello_description'
[0.461s] Level 1:colcon.colcon_core.package_identification:_identify(src/tello_ros/tello_driver) by extensions ['ignore', 'ignore_ament_install']
[0.461s] Level 1:colcon.colcon_core.package_identification:_identify(src/tello_ros/tello_driver) by extension 'ignore'
[0.461s] Level 1:colcon.colcon_core.package_identification:_identify(src/tello_ros/tello_driver) by extension 'ignore_ament_install'
[0.461s] Level 1:colcon.colcon_core.package_identification:_identify(src/tello_ros/tello_driver) by extensions ['colcon_pkg']
[0.461s] Level 1:colcon.colcon_core.package_identification:_identify(src/tello_ros/tello_driver) by extension 'colcon_pkg'
[0.461s] Level 1:colcon.colcon_core.package_identification:_identify(src/tello_ros/tello_driver) by extensions ['colcon_meta']
[0.461s] Level 1:colcon.colcon_core.package_identification:_identify(src/tello_ros/tello_driver) by extension 'colcon_meta'
[0.461s] Level 1:colcon.colcon_core.package_identification:_identify(src/tello_ros/tello_driver) by extensions ['ros']
[0.461s] Level 1:colcon.colcon_core.package_identification:_identify(src/tello_ros/tello_driver) by extension 'ros'
[0.462s] DEBUG:colcon.colcon_core.package_identification:Package 'src/tello_ros/tello_driver' with type 'ros.ament_cmake' and name 'tello_driver'
[0.462s] Level 1:colcon.colcon_core.package_identification:_identify(src/tello_ros/tello_gazebo) by extensions ['ignore', 'ignore_ament_install']
[0.462s] Level 1:colcon.colcon_core.package_identification:_identify(src/tello_ros/tello_gazebo) by extension 'ignore'
[0.462s] Level 1:colcon.colcon_core.package_identification:_identify(src/tello_ros/tello_gazebo) by extension 'ignore_ament_install'
[0.462s] Level 1:colcon.colcon_core.package_identification:_identify(src/tello_ros/tello_gazebo) by extensions ['colcon_pkg']
[0.462s] Level 1:colcon.colcon_core.package_identification:_identify(src/tello_ros/tello_gazebo) by extension 'colcon_pkg'
[0.462s] Level 1:colcon.colcon_core.package_identification:_identify(src/tello_ros/tello_gazebo) by extensions ['colcon_meta']
[0.462s] Level 1:colcon.colcon_core.package_identification:_identify(src/tello_ros/tello_gazebo) by extension 'colcon_meta'
[0.462s] Level 1:colcon.colcon_core.package_identification:_identify(src/tello_ros/tello_gazebo) by extensions ['ros']
[0.462s] Level 1:colcon.colcon_core.package_identification:_identify(src/tello_ros/tello_gazebo) by extension 'ros'
[0.463s] DEBUG:colcon.colcon_core.package_identification:Package 'src/tello_ros/tello_gazebo' with type 'ros.ament_cmake' and name 'tello_gazebo'
[0.463s] Level 1:colcon.colcon_core.package_identification:_identify(src/tello_ros/tello_msgs) by extensions ['ignore', 'ignore_ament_install']
[0.463s] Level 1:colcon.colcon_core.package_identification:_identify(src/tello_ros/tello_msgs) by extension 'ignore'
[0.463s] Level 1:colcon.colcon_core.package_identification:_identify(src/tello_ros/tello_msgs) by extension 'ignore_ament_install'
[0.463s] Level 1:colcon.colcon_core.package_identification:_identify(src/tello_ros/tello_msgs) by extensions ['colcon_pkg']
[0.463s] Level 1:colcon.colcon_core.package_identification:_identify(src/tello_ros/tello_msgs) by extension 'colcon_pkg'
[0.463s] Level 1:colcon.colcon_core.package_identification:_identify(src/tello_ros/tello_msgs) by extensions ['colcon_meta']
[0.463s] Level 1:colcon.colcon_core.package_identification:_identify(src/tello_ros/tello_msgs) by extension 'colcon_meta'
[0.463s] Level 1:colcon.colcon_core.package_identification:_identify(src/tello_ros/tello_msgs) by extensions ['ros']
[0.463s] Level 1:colcon.colcon_core.package_identification:_identify(src/tello_ros/tello_msgs) by extension 'ros'
[0.464s] DEBUG:colcon.colcon_core.package_identification:Package 'src/tello_ros/tello_msgs' with type 'ros.ament_cmake' and name 'tello_msgs'
[0.464s] Level 1:colcon.colcon_core.package_discovery:discover_packages(recursive) using defaults
[0.464s] Level 1:colcon.colcon_core.package_discovery:discover_packages(ignore) discover
[0.464s] Level 1:colcon.colcon_core.package_discovery:discover_packages(ignore) using defaults
[0.464s] Level 1:colcon.colcon_core.package_discovery:discover_packages(path) discover
[0.464s] Level 1:colcon.colcon_core.package_discovery:discover_packages(path) using defaults
[0.489s] Level 1:colcon.colcon_core.package_discovery:discover_packages(prefix_path) check parameters
[0.489s] Level 1:colcon.colcon_core.package_discovery:discover_packages(prefix_path) discover
[0.493s] DEBUG:colcon.colcon_installed_package_information.package_discovery:Found 204 installed packages in /opt/ros/humble
[0.493s] Level 1:colcon.colcon_core.package_discovery:discover_packages(prefix_path) using defaults
[0.514s] Level 5:colcon.colcon_core.verb:set package 'my_drone_vision' build argument 'cmake_args' from command line to 'None'
[0.514s] Level 5:colcon.colcon_core.verb:set package 'my_drone_vision' build argument 'cmake_target' from command line to 'None'
[0.514s] Level 5:colcon.colcon_core.verb:set package 'my_drone_vision' build argument 'cmake_target_skip_unavailable' from command line to 'False'
[0.514s] Level 5:colcon.colcon_core.verb:set package 'my_drone_vision' build argument 'cmake_clean_cache' from command line to 'False'
[0.514s] Level 5:colcon.colcon_core.verb:set package 'my_drone_vision' build argument 'cmake_clean_first' from command line to 'False'
[0.514s] Level 5:colcon.colcon_core.verb:set package 'my_drone_vision' build argument 'cmake_force_configure' from command line to 'False'
[0.514s] Level 5:colcon.colcon_core.verb:set package 'my_drone_vision' build argument 'ament_cmake_args' from command line to 'None'
[0.514s] Level 5:colcon.colcon_core.verb:set package 'my_drone_vision' build argument 'catkin_cmake_args' from command line to 'None'
[0.514s] Level 5:colcon.colcon_core.verb:set package 'my_drone_vision' build argument 'catkin_skip_building_tests' from command line to 'False'
[0.514s] DEBUG:colcon.colcon_core.verb:Building package 'my_drone_vision' with the following arguments: {'ament_cmake_args': None, 'build_base': '/home/tyler/ros_workspaces/drone_simulation/build/my_drone_vision', 'catkin_cmake_args': None, 'catkin_skip_building_tests': False, 'cmake_args': None, 'cmake_clean_cache': False, 'cmake_clean_first': False, 'cmake_force_configure': False, 'cmake_target': None, 'cmake_target_skip_unavailable': False, 'install_base': '/home/tyler/ros_workspaces/drone_simulation/install/my_drone_vision', 'merge_install': False, 'path': '/home/tyler/ros_workspaces/drone_simulation/src/my_drone_vision', 'symlink_install': False, 'test_result_base': None}
[0.514s] Level 5:colcon.colcon_core.verb:set package 'ros2_shared' build argument 'cmake_args' from command line to 'None'
[0.514s] Level 5:colcon.colcon_core.verb:set package 'ros2_shared' build argument 'cmake_target' from command line to 'None'
[0.514s] Level 5:colcon.colcon_core.verb:set package 'ros2_shared' build argument 'cmake_target_skip_unavailable' from command line to 'False'
[0.514s] Level 5:colcon.colcon_core.verb:set package 'ros2_shared' build argument 'cmake_clean_cache' from command line to 'False'
[0.514s] Level 5:colcon.colcon_core.verb:set package 'ros2_shared' build argument 'cmake_clean_first' from command line to 'False'
[0.514s] Level 5:colcon.colcon_core.verb:set package 'ros2_shared' build argument 'cmake_force_configure' from command line to 'False'
[0.514s] Level 5:colcon.colcon_core.verb:set package 'ros2_shared' build argument 'ament_cmake_args' from command line to 'None'
[0.514s] Level 5:colcon.colcon_core.verb:set package 'ros2_shared' build argument 'catkin_cmake_args' from command line to 'None'
[0.514s] Level 5:colcon.colcon_core.verb:set package 'ros2_shared' build argument 'catkin_skip_building_tests' from command line to 'False'
[0.514s] DEBUG:colcon.colcon_core.verb:Building package 'ros2_shared' with the following arguments: {'ament_cmake_args': None, 'build_base': '/home/tyler/ros_workspaces/drone_simulation/build/ros2_shared', 'catkin_cmake_args': None, 'catkin_skip_building_tests': False, 'cmake_args': None, 'cmake_clean_cache': False, 'cmake_clean_first': False, 'cmake_force_configure': False, 'cmake_target': None, 'cmake_target_skip_unavailable': False, 'install_base': '/home/tyler/ros_workspaces/drone_simulation/install/ros2_shared', 'merge_install': False, 'path': '/home/tyler/ros_workspaces/drone_simulation/src/ros2_shared', 'symlink_install': False, 'test_result_base': None}
[0.514s] Level 5:colcon.colcon_core.verb:set package 'tello_description' build argument 'cmake_args' from command line to 'None'
[0.514s] Level 5:colcon.colcon_core.verb:set package 'tello_description' build argument 'cmake_target' from command line to 'None'
[0.514s] Level 5:colcon.colcon_core.verb:set package 'tello_description' build argument 'cmake_target_skip_unavailable' from command line to 'False'
[0.515s] Level 5:colcon.colcon_core.verb:set package 'tello_description' build argument 'cmake_clean_cache' from command line to 'False'
[0.515s] Level 5:colcon.colcon_core.verb:set package 'tello_description' build argument 'cmake_clean_first' from command line to 'False'
[0.515s] Level 5:colcon.colcon_core.verb:set package 'tello_description' build argument 'cmake_force_configure' from command line to 'False'
[0.515s] Level 5:colcon.colcon_core.verb:set package 'tello_description' build argument 'ament_cmake_args' from command line to 'None'
[0.515s] Level 5:colcon.colcon_core.verb:set package 'tello_description' build argument 'catkin_cmake_args' from command line to 'None'
[0.515s] Level 5:colcon.colcon_core.verb:set package 'tello_description' build argument 'catkin_skip_building_tests' from command line to 'False'
[0.515s] DEBUG:colcon.colcon_core.verb:Building package 'tello_description' with the following arguments: {'ament_cmake_args': None, 'build_base': '/home/tyler/ros_workspaces/drone_simulation/build/tello_description', 'catkin_cmake_args': None, 'catkin_skip_building_tests': False, 'cmake_args': None, 'cmake_clean_cache': False, 'cmake_clean_first': False, 'cmake_force_configure': False, 'cmake_target': None, 'cmake_target_skip_unavailable': False, 'install_base': '/home/tyler/ros_workspaces/drone_simulation/install/tello_description', 'merge_install': False, 'path': '/home/tyler/ros_workspaces/drone_simulation/src/tello_ros/tello_description', 'symlink_install': False, 'test_result_base': None}
[0.515s] Level 5:colcon.colcon_core.verb:set package 'tello_msgs' build argument 'cmake_args' from command line to 'None'
[0.515s] Level 5:colcon.colcon_core.verb:set package 'tello_msgs' build argument 'cmake_target' from command line to 'None'
[0.515s] Level 5:colcon.colcon_core.verb:set package 'tello_msgs' build argument 'cmake_target_skip_unavailable' from command line to 'False'
[0.515s] Level 5:colcon.colcon_core.verb:set package 'tello_msgs' build argument 'cmake_clean_cache' from command line to 'False'
[0.515s] Level 5:colcon.colcon_core.verb:set package 'tello_msgs' build argument 'cmake_clean_first' from command line to 'False'
[0.515s] Level 5:colcon.colcon_core.verb:set package 'tello_msgs' build argument 'cmake_force_configure' from command line to 'False'
[0.515s] Level 5:colcon.colcon_core.verb:set package 'tello_msgs' build argument 'ament_cmake_args' from command line to 'None'
[0.515s] Level 5:colcon.colcon_core.verb:set package 'tello_msgs' build argument 'catkin_cmake_args' from command line to 'None'
[0.515s] Level 5:colcon.colcon_core.verb:set package 'tello_msgs' build argument 'catkin_skip_building_tests' from command line to 'False'
[0.515s] DEBUG:colcon.colcon_core.verb:Building package 'tello_msgs' with the following arguments: {'ament_cmake_args': None, 'build_base': '/home/tyler/ros_workspaces/drone_simulation/build/tello_msgs', 'catkin_cmake_args': None, 'catkin_skip_building_tests': False, 'cmake_args': None, 'cmake_clean_cache': False, 'cmake_clean_first': False, 'cmake_force_configure': False, 'cmake_target': None, 'cmake_target_skip_unavailable': False, 'install_base': '/home/tyler/ros_workspaces/drone_simulation/install/tello_msgs', 'merge_install': False, 'path': '/home/tyler/ros_workspaces/drone_simulation/src/tello_ros/tello_msgs', 'symlink_install': False, 'test_result_base': None}
[0.515s] Level 5:colcon.colcon_core.verb:set package 'tello_driver' build argument 'cmake_args' from command line to 'None'
[0.515s] Level 5:colcon.colcon_core.verb:set package 'tello_driver' build argument 'cmake_target' from command line to 'None'
[0.515s] Level 5:colcon.colcon_core.verb:set package 'tello_driver' build argument 'cmake_target_skip_unavailable' from command line to 'False'
[0.515s] Level 5:colcon.colcon_core.verb:set package 'tello_driver' build argument 'cmake_clean_cache' from command line to 'False'
[0.515s] Level 5:colcon.colcon_core.verb:set package 'tello_driver' build argument 'cmake_clean_first' from command line to 'False'
[0.515s] Level 5:colcon.colcon_core.verb:set package 'tello_driver' build argument 'cmake_force_configure' from command line to 'False'
[0.515s] Level 5:colcon.colcon_core.verb:set package 'tello_driver' build argument 'ament_cmake_args' from command line to 'None'
[0.515s] Level 5:colcon.colcon_core.verb:set package 'tello_driver' build argument 'catkin_cmake_args' from command line to 'None'
[0.515s] Level 5:colcon.colcon_core.verb:set package 'tello_driver' build argument 'catkin_skip_building_tests' from command line to 'False'
[0.515s] DEBUG:colcon.colcon_core.verb:Building package 'tello_driver' with the following arguments: {'ament_cmake_args': None, 'build_base': '/home/tyler/ros_workspaces/drone_simulation/build/tello_driver', 'catkin_cmake_args': None, 'catkin_skip_building_tests': False, 'cmake_args': None, 'cmake_clean_cache': False, 'cmake_clean_first': False, 'cmake_force_configure': False, 'cmake_target': None, 'cmake_target_skip_unavailable': False, 'install_base': '/home/tyler/ros_workspaces/drone_simulation/install/tello_driver', 'merge_install': False, 'path': '/home/tyler/ros_workspaces/drone_simulation/src/tello_ros/tello_driver', 'symlink_install': False, 'test_result_base': None}
[0.515s] Level 5:colcon.colcon_core.verb:set package 'tello_gazebo' build argument 'cmake_args' from command line to 'None'
[0.515s] Level 5:colcon.colcon_core.verb:set package 'tello_gazebo' build argument 'cmake_target' from command line to 'None'
[0.515s] Level 5:colcon.colcon_core.verb:set package 'tello_gazebo' build argument 'cmake_target_skip_unavailable' from command line to 'False'
[0.515s] Level 5:colcon.colcon_core.verb:set package 'tello_gazebo' build argument 'cmake_clean_cache' from command line to 'False'
[0.515s] Level 5:colcon.colcon_core.verb:set package 'tello_gazebo' build argument 'cmake_clean_first' from command line to 'False'
[0.515s] Level 5:colcon.colcon_core.verb:set package 'tello_gazebo' build argument 'cmake_force_configure' from command line to 'False'
[0.515s] Level 5:colcon.colcon_core.verb:set package 'tello_gazebo' build argument 'ament_cmake_args' from command line to 'None'
[0.515s] Level 5:colcon.colcon_core.verb:set package 'tello_gazebo' build argument 'catkin_cmake_args' from command line to 'None'
[0.515s] Level 5:colcon.colcon_core.verb:set package 'tello_gazebo' build argument 'catkin_skip_building_tests' from command line to 'False'
[0.515s] DEBUG:colcon.colcon_core.verb:Building package 'tello_gazebo' with the following arguments: {'ament_cmake_args': None, 'build_base': '/home/tyler/ros_workspaces/drone_simulation/build/tello_gazebo', 'catkin_cmake_args': None, 'catkin_skip_building_tests': False, 'cmake_args': None, 'cmake_clean_cache': False, 'cmake_clean_first': False, 'cmake_force_configure': False, 'cmake_target': None, 'cmake_target_skip_unavailable': False, 'install_base': '/home/tyler/ros_workspaces/drone_simulation/install/tello_gazebo', 'merge_install': False, 'path': '/home/tyler/ros_workspaces/drone_simulation/src/tello_ros/tello_gazebo', 'symlink_install': False, 'test_result_base': None}
[0.515s] INFO:colcon.colcon_core.executor:Executing jobs using 'parallel' executor
[0.516s] DEBUG:colcon.colcon_parallel_executor.executor.parallel:run_until_complete
[0.516s] INFO:colcon.colcon_ros.task.ament_cmake.build:Building ROS package in '/home/tyler/ros_workspaces/drone_simulation/src/tello_ros/tello_msgs' with build type 'ament_cmake'
[0.516s] INFO:colcon.colcon_cmake.task.cmake.build:Building CMake package in '/home/tyler/ros_workspaces/drone_simulation/src/tello_ros/tello_msgs'
[0.522s] INFO:colcon.colcon_core.plugin_system:Skipping extension 'colcon_core.shell.bat': Not used on non-Windows systems
[0.522s] INFO:colcon.colcon_core.shell:Skip shell extension 'powershell' for command environment: Not usable outside of PowerShell
[0.522s] DEBUG:colcon.colcon_core.shell:Skip shell extension 'dsv' for command environment
[0.524s] INFO:colcon.colcon_ros.task.ament_cmake.build:Building ROS package in '/home/tyler/ros_workspaces/drone_simulation/src/ros2_shared' with build type 'ament_cmake'
[0.524s] INFO:colcon.colcon_cmake.task.cmake.build:Building CMake package in '/home/tyler/ros_workspaces/drone_simulation/src/ros2_shared'
[0.524s] INFO:colcon.colcon_core.shell:Skip shell extension 'powershell' for command environment: Not usable outside of PowerShell
[0.524s] DEBUG:colcon.colcon_core.shell:Skip shell extension 'dsv' for command environment
[0.526s] INFO:colcon.colcon_ros.task.ament_python.build:Building ROS package in '/home/tyler/ros_workspaces/drone_simulation/src/my_drone_vision' with build type 'ament_python'
[0.527s] Level 1:colcon.colcon_core.shell:create_environment_hook('my_drone_vision', 'ament_prefix_path')
[0.527s] INFO:colcon.colcon_core.shell:Creating environment hook '/home/tyler/ros_workspaces/drone_simulation/install/my_drone_vision/share/my_drone_vision/hook/ament_prefix_path.ps1'
[0.529s] INFO:colcon.colcon_core.shell:Creating environment descriptor '/home/tyler/ros_workspaces/drone_simulation/install/my_drone_vision/share/my_drone_vision/hook/ament_prefix_path.dsv'
[0.529s] INFO:colcon.colcon_core.shell:Creating environment hook '/home/tyler/ros_workspaces/drone_simulation/install/my_drone_vision/share/my_drone_vision/hook/ament_prefix_path.sh'
[0.530s] INFO:colcon.colcon_core.shell:Skip shell extension 'powershell' for command environment: Not usable outside of PowerShell
[0.530s] DEBUG:colcon.colcon_core.shell:Skip shell extension 'dsv' for command environment
[0.531s] INFO:colcon.colcon_ros.task.ament_cmake.build:Building ROS package in '/home/tyler/ros_workspaces/drone_simulation/src/tello_ros/tello_description' with build type 'ament_cmake'
[0.531s] INFO:colcon.colcon_cmake.task.cmake.build:Building CMake package in '/home/tyler/ros_workspaces/drone_simulation/src/tello_ros/tello_description'
[0.532s] INFO:colcon.colcon_core.shell:Skip shell extension 'powershell' for command environment: Not usable outside of PowerShell
[0.532s] DEBUG:colcon.colcon_core.shell:Skip shell extension 'dsv' for command environment
[0.536s] DEBUG:colcon.colcon_core.event_handler.log_command:Invoking command in '/home/tyler/ros_workspaces/drone_simulation/build/tello_msgs': CMAKE_PREFIX_PATH=/opt/ros/humble /usr/bin/cmake --build /home/tyler/ros_workspaces/drone_simulation/build/tello_msgs -- -j24 -l24
[0.541s] DEBUG:colcon.colcon_core.event_handler.log_command:Invoking command in '/home/tyler/ros_workspaces/drone_simulation/build/ros2_shared': CMAKE_PREFIX_PATH=/opt/ros/humble /usr/bin/cmake --build /home/tyler/ros_workspaces/drone_simulation/build/ros2_shared -- -j24 -l24
[0.659s] INFO:colcon.colcon_core.task.python.build:Building Python package in '/home/tyler/ros_workspaces/drone_simulation/src/my_drone_vision'
[0.659s] INFO:colcon.colcon_core.shell:Skip shell extension 'powershell' for command environment: Not usable outside of PowerShell
[0.659s] DEBUG:colcon.colcon_core.shell:Skip shell extension 'dsv' for command environment
[0.666s] DEBUG:colcon.colcon_core.event_handler.log_command:Invoking command in '/home/tyler/ros_workspaces/drone_simulation/build/tello_description': CMAKE_PREFIX_PATH=/opt/ros/humble /usr/bin/cmake --build /home/tyler/ros_workspaces/drone_simulation/build/tello_description -- -j24 -l24
[0.667s] DEBUG:colcon.colcon_core.event_handler.log_command:Invoked command in '/home/tyler/ros_workspaces/drone_simulation/build/ros2_shared' returned '0': CMAKE_PREFIX_PATH=/opt/ros/humble /usr/bin/cmake --build /home/tyler/ros_workspaces/drone_simulation/build/ros2_shared -- -j24 -l24
[0.674s] DEBUG:colcon.colcon_core.event_handler.log_command:Invoking command in '/home/tyler/ros_workspaces/drone_simulation/build/ros2_shared': CMAKE_PREFIX_PATH=/opt/ros/humble /usr/bin/cmake --install /home/tyler/ros_workspaces/drone_simulation/build/ros2_shared
[0.687s] Level 1:colcon.colcon_core.environment:create_environment_scripts_only(ros2_shared)
[0.687s] DEBUG:colcon.colcon_core.event_handler.log_command:Invoked command in '/home/tyler/ros_workspaces/drone_simulation/build/ros2_shared' returned '0': CMAKE_PREFIX_PATH=/opt/ros/humble /usr/bin/cmake --install /home/tyler/ros_workspaces/drone_simulation/build/ros2_shared
[0.695s] Level 1:colcon.colcon_core.environment:checking '/home/tyler/ros_workspaces/drone_simulation/install/ros2_shared' for CMake module files
[0.695s] Level 1:colcon.colcon_core.environment:checking '/home/tyler/ros_workspaces/drone_simulation/install/ros2_shared' for CMake config files
[0.696s] Level 1:colcon.colcon_core.shell:create_environment_hook('ros2_shared', 'cmake_prefix_path')
[0.696s] INFO:colcon.colcon_core.shell:Creating environment hook '/home/tyler/ros_workspaces/drone_simulation/install/ros2_shared/share/ros2_shared/hook/cmake_prefix_path.ps1'
[0.697s] INFO:colcon.colcon_core.shell:Creating environment descriptor '/home/tyler/ros_workspaces/drone_simulation/install/ros2_shared/share/ros2_shared/hook/cmake_prefix_path.dsv'
[0.697s] INFO:colcon.colcon_core.shell:Creating environment hook '/home/tyler/ros_workspaces/drone_simulation/install/ros2_shared/share/ros2_shared/hook/cmake_prefix_path.sh'
[0.698s] Level 1:colcon.colcon_core.environment:checking '/home/tyler/ros_workspaces/drone_simulation/install/ros2_shared/bin'
[0.699s] Level 1:colcon.colcon_core.environment:checking '/home/tyler/ros_workspaces/drone_simulation/install/ros2_shared/lib/pkgconfig/ros2_shared.pc'
[0.699s] Level 1:colcon.colcon_core.environment:checking '/home/tyler/ros_workspaces/drone_simulation/install/ros2_shared/lib/python3.10/site-packages'
[0.699s] Level 1:colcon.colcon_core.environment:checking '/home/tyler/ros_workspaces/drone_simulation/install/ros2_shared/bin'
[0.700s] INFO:colcon.colcon_core.shell:Creating package script '/home/tyler/ros_workspaces/drone_simulation/install/ros2_shared/share/ros2_shared/package.ps1'
[0.702s] INFO:colcon.colcon_core.shell:Creating package descriptor '/home/tyler/ros_workspaces/drone_simulation/install/ros2_shared/share/ros2_shared/package.dsv'
[0.702s] INFO:colcon.colcon_core.shell:Creating package script '/home/tyler/ros_workspaces/drone_simulation/install/ros2_shared/share/ros2_shared/package.sh'
[0.703s] INFO:colcon.colcon_core.shell:Creating package script '/home/tyler/ros_workspaces/drone_simulation/install/ros2_shared/share/ros2_shared/package.bash'
[0.704s] INFO:colcon.colcon_core.shell:Creating package script '/home/tyler/ros_workspaces/drone_simulation/install/ros2_shared/share/ros2_shared/package.zsh'
[0.705s] Level 1:colcon.colcon_core.environment:create_file_with_runtime_dependencies(/home/tyler/ros_workspaces/drone_simulation/install/ros2_shared/share/colcon-core/packages/ros2_shared)
[0.705s] Level 1:colcon.colcon_core.environment:create_environment_scripts_only(ros2_shared)
[0.705s] Level 1:colcon.colcon_core.environment:checking '/home/tyler/ros_workspaces/drone_simulation/install/ros2_shared' for CMake module files
[0.705s] Level 1:colcon.colcon_core.environment:checking '/home/tyler/ros_workspaces/drone_simulation/install/ros2_shared' for CMake config files
[0.705s] Level 1:colcon.colcon_core.shell:create_environment_hook('ros2_shared', 'cmake_prefix_path')
[0.705s] INFO:colcon.colcon_core.shell:Creating environment hook '/home/tyler/ros_workspaces/drone_simulation/install/ros2_shared/share/ros2_shared/hook/cmake_prefix_path.ps1'
[0.706s] INFO:colcon.colcon_core.shell:Creating environment descriptor '/home/tyler/ros_workspaces/drone_simulation/install/ros2_shared/share/ros2_shared/hook/cmake_prefix_path.dsv'
[0.706s] INFO:colcon.colcon_core.shell:Creating environment hook '/home/tyler/ros_workspaces/drone_simulation/install/ros2_shared/share/ros2_shared/hook/cmake_prefix_path.sh'
[0.706s] Level 1:colcon.colcon_core.environment:checking '/home/tyler/ros_workspaces/drone_simulation/install/ros2_shared/bin'
[0.706s] Level 1:colcon.colcon_core.environment:checking '/home/tyler/ros_workspaces/drone_simulation/install/ros2_shared/lib/pkgconfig/ros2_shared.pc'
[0.707s] Level 1:colcon.colcon_core.environment:checking '/home/tyler/ros_workspaces/drone_simulation/install/ros2_shared/lib/python3.10/site-packages'
[0.707s] Level 1:colcon.colcon_core.environment:checking '/home/tyler/ros_workspaces/drone_simulation/install/ros2_shared/bin'
[0.707s] INFO:colcon.colcon_core.shell:Creating package script '/home/tyler/ros_workspaces/drone_simulation/install/ros2_shared/share/ros2_shared/package.ps1'
[0.707s] INFO:colcon.colcon_core.shell:Creating package descriptor '/home/tyler/ros_workspaces/drone_simulation/install/ros2_shared/share/ros2_shared/package.dsv'
[0.707s] INFO:colcon.colcon_core.shell:Creating package script '/home/tyler/ros_workspaces/drone_simulation/install/ros2_shared/share/ros2_shared/package.sh'
[0.708s] INFO:colcon.colcon_core.shell:Creating package script '/home/tyler/ros_workspaces/drone_simulation/install/ros2_shared/share/ros2_shared/package.bash'
[0.708s] INFO:colcon.colcon_core.shell:Creating package script '/home/tyler/ros_workspaces/drone_simulation/install/ros2_shared/share/ros2_shared/package.zsh'
[0.708s] Level 1:colcon.colcon_core.environment:create_file_with_runtime_dependencies(/home/tyler/ros_workspaces/drone_simulation/install/ros2_shared/share/colcon-core/packages/ros2_shared)
[0.713s] DEBUG:colcon.colcon_core.event_handler.log_command:Invoked command in '/home/tyler/ros_workspaces/drone_simulation/build/tello_description' returned '0': CMAKE_PREFIX_PATH=/opt/ros/humble /usr/bin/cmake --build /home/tyler/ros_workspaces/drone_simulation/build/tello_description -- -j24 -l24
[0.715s] DEBUG:colcon.colcon_core.event_handler.log_command:Invoking command in '/home/tyler/ros_workspaces/drone_simulation/build/tello_description': CMAKE_PREFIX_PATH=/opt/ros/humble /usr/bin/cmake --install /home/tyler/ros_workspaces/drone_simulation/build/tello_description
[0.724s] Level 1:colcon.colcon_core.environment:create_environment_scripts_only(tello_description)
[0.724s] Level 1:colcon.colcon_core.environment:checking '/home/tyler/ros_workspaces/drone_simulation/install/tello_description' for CMake module files
[0.724s] DEBUG:colcon.colcon_core.event_handler.log_command:Invoked command in '/home/tyler/ros_workspaces/drone_simulation/build/tello_description' returned '0': CMAKE_PREFIX_PATH=/opt/ros/humble /usr/bin/cmake --install /home/tyler/ros_workspaces/drone_simulation/build/tello_description
[0.724s] Level 1:colcon.colcon_core.environment:checking '/home/tyler/ros_workspaces/drone_simulation/install/tello_description' for CMake config files
[0.725s] Level 1:colcon.colcon_core.shell:create_environment_hook('tello_description', 'cmake_prefix_path')
[0.725s] INFO:colcon.colcon_core.shell:Creating environment hook '/home/tyler/ros_workspaces/drone_simulation/install/tello_description/share/tello_description/hook/cmake_prefix_path.ps1'
[0.725s] INFO:colcon.colcon_core.shell:Creating environment descriptor '/home/tyler/ros_workspaces/drone_simulation/install/tello_description/share/tello_description/hook/cmake_prefix_path.dsv'
[0.726s] INFO:colcon.colcon_core.shell:Creating environment hook '/home/tyler/ros_workspaces/drone_simulation/install/tello_description/share/tello_description/hook/cmake_prefix_path.sh'
[0.726s] Level 1:colcon.colcon_core.environment:checking '/home/tyler/ros_workspaces/drone_simulation/install/tello_description/bin'
[0.726s] Level 1:colcon.colcon_core.environment:checking '/home/tyler/ros_workspaces/drone_simulation/install/tello_description/lib/pkgconfig/tello_description.pc'
[0.726s] Level 1:colcon.colcon_core.environment:checking '/home/tyler/ros_workspaces/drone_simulation/install/tello_description/lib/python3.10/site-packages'
[0.726s] Level 1:colcon.colcon_core.environment:checking '/home/tyler/ros_workspaces/drone_simulation/install/tello_description/bin'
[0.726s] INFO:colcon.colcon_core.shell:Creating package script '/home/tyler/ros_workspaces/drone_simulation/install/tello_description/share/tello_description/package.ps1'
[0.727s] INFO:colcon.colcon_core.shell:Creating package descriptor '/home/tyler/ros_workspaces/drone_simulation/install/tello_description/share/tello_description/package.dsv'
[0.727s] INFO:colcon.colcon_core.shell:Creating package script '/home/tyler/ros_workspaces/drone_simulation/install/tello_description/share/tello_description/package.sh'
[0.727s] INFO:colcon.colcon_core.shell:Creating package script '/home/tyler/ros_workspaces/drone_simulation/install/tello_description/share/tello_description/package.bash'
[0.727s] INFO:colcon.colcon_core.shell:Creating package script '/home/tyler/ros_workspaces/drone_simulation/install/tello_description/share/tello_description/package.zsh'
[0.727s] Level 1:colcon.colcon_core.environment:create_file_with_runtime_dependencies(/home/tyler/ros_workspaces/drone_simulation/install/tello_description/share/colcon-core/packages/tello_description)
[0.728s] Level 1:colcon.colcon_core.environment:create_environment_scripts_only(tello_description)
[0.728s] Level 1:colcon.colcon_core.environment:checking '/home/tyler/ros_workspaces/drone_simulation/install/tello_description' for CMake module files
[0.728s] Level 1:colcon.colcon_core.environment:checking '/home/tyler/ros_workspaces/drone_simulation/install/tello_description' for CMake config files
[0.728s] Level 1:colcon.colcon_core.shell:create_environment_hook('tello_description', 'cmake_prefix_path')
[0.728s] INFO:colcon.colcon_core.shell:Creating environment hook '/home/tyler/ros_workspaces/drone_simulation/install/tello_description/share/tello_description/hook/cmake_prefix_path.ps1'
[0.728s] INFO:colcon.colcon_core.shell:Creating environment descriptor '/home/tyler/ros_workspaces/drone_simulation/install/tello_description/share/tello_description/hook/cmake_prefix_path.dsv'
[0.728s] INFO:colcon.colcon_core.shell:Creating environment hook '/home/tyler/ros_workspaces/drone_simulation/install/tello_description/share/tello_description/hook/cmake_prefix_path.sh'
[0.729s] Level 1:colcon.colcon_core.environment:checking '/home/tyler/ros_workspaces/drone_simulation/install/tello_description/bin'
[0.729s] Level 1:colcon.colcon_core.environment:checking '/home/tyler/ros_workspaces/drone_simulation/install/tello_description/lib/pkgconfig/tello_description.pc'
[0.729s] Level 1:colcon.colcon_core.environment:checking '/home/tyler/ros_workspaces/drone_simulation/install/tello_description/lib/python3.10/site-packages'
[0.729s] Level 1:colcon.colcon_core.environment:checking '/home/tyler/ros_workspaces/drone_simulation/install/tello_description/bin'
[0.729s] INFO:colcon.colcon_core.shell:Creating package script '/home/tyler/ros_workspaces/drone_simulation/install/tello_description/share/tello_description/package.ps1'
[0.729s] INFO:colcon.colcon_core.shell:Creating package descriptor '/home/tyler/ros_workspaces/drone_simulation/install/tello_description/share/tello_description/package.dsv'
[0.730s] INFO:colcon.colcon_core.shell:Creating package script '/home/tyler/ros_workspaces/drone_simulation/install/tello_description/share/tello_description/package.sh'
[0.730s] INFO:colcon.colcon_core.shell:Creating package script '/home/tyler/ros_workspaces/drone_simulation/install/tello_description/share/tello_description/package.bash'
[0.730s] INFO:colcon.colcon_core.shell:Creating package script '/home/tyler/ros_workspaces/drone_simulation/install/tello_description/share/tello_description/package.zsh'
[0.731s] Level 1:colcon.colcon_core.environment:create_file_with_runtime_dependencies(/home/tyler/ros_workspaces/drone_simulation/install/tello_description/share/colcon-core/packages/tello_description)
[0.806s] DEBUG:colcon.colcon_core.event_handler.log_command:Invoked command in '/home/tyler/ros_workspaces/drone_simulation/build/tello_msgs' returned '0': CMAKE_PREFIX_PATH=/opt/ros/humble /usr/bin/cmake --build /home/tyler/ros_workspaces/drone_simulation/build/tello_msgs -- -j24 -l24
[0.809s] DEBUG:colcon.colcon_core.event_handler.log_command:Invoking command in '/home/tyler/ros_workspaces/drone_simulation/build/tello_msgs': CMAKE_PREFIX_PATH=/opt/ros/humble /usr/bin/cmake --install /home/tyler/ros_workspaces/drone_simulation/build/tello_msgs
[0.869s] Level 1:colcon.colcon_core.environment:create_environment_scripts_only(tello_msgs)
[0.870s] DEBUG:colcon.colcon_core.event_handler.log_command:Invoked command in '/home/tyler/ros_workspaces/drone_simulation/build/tello_msgs' returned '0': CMAKE_PREFIX_PATH=/opt/ros/humble /usr/bin/cmake --install /home/tyler/ros_workspaces/drone_simulation/build/tello_msgs
[0.870s] Level 1:colcon.colcon_core.environment:checking '/home/tyler/ros_workspaces/drone_simulation/install/tello_msgs' for CMake module files
[0.870s] Level 1:colcon.colcon_core.environment:checking '/home/tyler/ros_workspaces/drone_simulation/install/tello_msgs' for CMake config files
[0.870s] Level 1:colcon.colcon_core.shell:create_environment_hook('tello_msgs', 'cmake_prefix_path')
[0.871s] INFO:colcon.colcon_core.shell:Creating environment hook '/home/tyler/ros_workspaces/drone_simulation/install/tello_msgs/share/tello_msgs/hook/cmake_prefix_path.ps1'
[0.871s] INFO:colcon.colcon_core.shell:Creating environment descriptor '/home/tyler/ros_workspaces/drone_simulation/install/tello_msgs/share/tello_msgs/hook/cmake_prefix_path.dsv'
[0.871s] INFO:colcon.colcon_core.shell:Creating environment hook '/home/tyler/ros_workspaces/drone_simulation/install/tello_msgs/share/tello_msgs/hook/cmake_prefix_path.sh'
[0.872s] Level 1:colcon.colcon_core.environment:checking '/home/tyler/ros_workspaces/drone_simulation/install/tello_msgs/lib'
[0.872s] Level 1:colcon.colcon_core.shell:create_environment_hook('tello_msgs', 'ld_library_path_lib')
[0.872s] INFO:colcon.colcon_core.shell:Creating environment hook '/home/tyler/ros_workspaces/drone_simulation/install/tello_msgs/share/tello_msgs/hook/ld_library_path_lib.ps1'
[0.872s] INFO:colcon.colcon_core.shell:Creating environment descriptor '/home/tyler/ros_workspaces/drone_simulation/install/tello_msgs/share/tello_msgs/hook/ld_library_path_lib.dsv'
[0.872s] INFO:colcon.colcon_core.shell:Creating environment hook '/home/tyler/ros_workspaces/drone_simulation/install/tello_msgs/share/tello_msgs/hook/ld_library_path_lib.sh'
[0.873s] Level 1:colcon.colcon_core.environment:checking '/home/tyler/ros_workspaces/drone_simulation/install/tello_msgs/bin'
[0.873s] Level 1:colcon.colcon_core.environment:checking '/home/tyler/ros_workspaces/drone_simulation/install/tello_msgs/lib/pkgconfig/tello_msgs.pc'
[0.873s] Level 1:colcon.colcon_core.environment:checking '/home/tyler/ros_workspaces/drone_simulation/install/tello_msgs/lib/python3.10/site-packages'
[0.873s] Level 1:colcon.colcon_core.environment:checking '/home/tyler/ros_workspaces/drone_simulation/install/tello_msgs/bin'
[0.873s] INFO:colcon.colcon_core.shell:Creating package script '/home/tyler/ros_workspaces/drone_simulation/install/tello_msgs/share/tello_msgs/package.ps1'
[0.873s] INFO:colcon.colcon_core.shell:Creating package descriptor '/home/tyler/ros_workspaces/drone_simulation/install/tello_msgs/share/tello_msgs/package.dsv'
[0.874s] INFO:colcon.colcon_core.shell:Creating package script '/home/tyler/ros_workspaces/drone_simulation/install/tello_msgs/share/tello_msgs/package.sh'
[0.874s] INFO:colcon.colcon_core.shell:Creating package script '/home/tyler/ros_workspaces/drone_simulation/install/tello_msgs/share/tello_msgs/package.bash'
[0.874s] INFO:colcon.colcon_core.shell:Creating package script '/home/tyler/ros_workspaces/drone_simulation/install/tello_msgs/share/tello_msgs/package.zsh'
[0.874s] Level 1:colcon.colcon_core.environment:create_file_with_runtime_dependencies(/home/tyler/ros_workspaces/drone_simulation/install/tello_msgs/share/colcon-core/packages/tello_msgs)
[0.875s] Level 1:colcon.colcon_core.environment:create_environment_scripts_only(tello_msgs)
[0.875s] Level 1:colcon.colcon_core.environment:checking '/home/tyler/ros_workspaces/drone_simulation/install/tello_msgs' for CMake module files
[0.876s] Level 1:colcon.colcon_core.environment:checking '/home/tyler/ros_workspaces/drone_simulation/install/tello_msgs' for CMake config files
[0.876s] Level 1:colcon.colcon_core.shell:create_environment_hook('tello_msgs', 'cmake_prefix_path')
[0.876s] INFO:colcon.colcon_core.shell:Creating environment hook '/home/tyler/ros_workspaces/drone_simulation/install/tello_msgs/share/tello_msgs/hook/cmake_prefix_path.ps1'
[0.876s] INFO:colcon.colcon_core.shell:Creating environment descriptor '/home/tyler/ros_workspaces/drone_simulation/install/tello_msgs/share/tello_msgs/hook/cmake_prefix_path.dsv'
[0.876s] INFO:colcon.colcon_core.shell:Creating environment hook '/home/tyler/ros_workspaces/drone_simulation/install/tello_msgs/share/tello_msgs/hook/cmake_prefix_path.sh'
[0.877s] Level 1:colcon.colcon_core.environment:checking '/home/tyler/ros_workspaces/drone_simulation/install/tello_msgs/lib'
[0.877s] Level 1:colcon.colcon_core.shell:create_environment_hook('tello_msgs', 'ld_library_path_lib')
[0.877s] INFO:colcon.colcon_core.shell:Creating environment hook '/home/tyler/ros_workspaces/drone_simulation/install/tello_msgs/share/tello_msgs/hook/ld_library_path_lib.ps1'
[0.877s] INFO:colcon.colcon_core.shell:Creating environment descriptor '/home/tyler/ros_workspaces/drone_simulation/install/tello_msgs/share/tello_msgs/hook/ld_library_path_lib.dsv'
[0.877s] INFO:colcon.colcon_core.shell:Creating environment hook '/home/tyler/ros_workspaces/drone_simulation/install/tello_msgs/share/tello_msgs/hook/ld_library_path_lib.sh'
[0.877s] Level 1:colcon.colcon_core.environment:checking '/home/tyler/ros_workspaces/drone_simulation/install/tello_msgs/bin'
[0.877s] Level 1:colcon.colcon_core.environment:checking '/home/tyler/ros_workspaces/drone_simulation/install/tello_msgs/lib/pkgconfig/tello_msgs.pc'
[0.878s] Level 1:colcon.colcon_core.environment:checking '/home/tyler/ros_workspaces/drone_simulation/install/tello_msgs/lib/python3.10/site-packages'
[0.878s] Level 1:colcon.colcon_core.environment:checking '/home/tyler/ros_workspaces/drone_simulation/install/tello_msgs/bin'
[0.878s] INFO:colcon.colcon_core.shell:Creating package script '/home/tyler/ros_workspaces/drone_simulation/install/tello_msgs/share/tello_msgs/package.ps1'
[0.878s] INFO:colcon.colcon_core.shell:Creating package descriptor '/home/tyler/ros_workspaces/drone_simulation/install/tello_msgs/share/tello_msgs/package.dsv'
[0.878s] INFO:colcon.colcon_core.shell:Creating package script '/home/tyler/ros_workspaces/drone_simulation/install/tello_msgs/share/tello_msgs/package.sh'
[0.879s] INFO:colcon.colcon_core.shell:Creating package script '/home/tyler/ros_workspaces/drone_simulation/install/tello_msgs/share/tello_msgs/package.bash'
[0.879s] INFO:colcon.colcon_core.shell:Creating package script '/home/tyler/ros_workspaces/drone_simulation/install/tello_msgs/share/tello_msgs/package.zsh'
[0.879s] Level 1:colcon.colcon_core.environment:create_file_with_runtime_dependencies(/home/tyler/ros_workspaces/drone_simulation/install/tello_msgs/share/colcon-core/packages/tello_msgs)
[0.879s] INFO:colcon.colcon_ros.task.ament_cmake.build:Building ROS package in '/home/tyler/ros_workspaces/drone_simulation/src/tello_ros/tello_driver' with build type 'ament_cmake'
[0.879s] INFO:colcon.colcon_cmake.task.cmake.build:Building CMake package in '/home/tyler/ros_workspaces/drone_simulation/src/tello_ros/tello_driver'
[0.880s] INFO:colcon.colcon_core.shell:Skip shell extension 'powershell' for command environment: Not usable outside of PowerShell
[0.880s] DEBUG:colcon.colcon_core.shell:Skip shell extension 'dsv' for command environment
[0.882s] INFO:colcon.colcon_ros.task.ament_cmake.build:Building ROS package in '/home/tyler/ros_workspaces/drone_simulation/src/tello_ros/tello_gazebo' with build type 'ament_cmake'
[0.882s] INFO:colcon.colcon_cmake.task.cmake.build:Building CMake package in '/home/tyler/ros_workspaces/drone_simulation/src/tello_ros/tello_gazebo'
[0.882s] INFO:colcon.colcon_core.shell:Skip shell extension 'powershell' for command environment: Not usable outside of PowerShell
[0.882s] DEBUG:colcon.colcon_core.shell:Skip shell extension 'dsv' for command environment
[0.918s] DEBUG:colcon.colcon_core.event_handler.log_command:Invoking command in '/home/tyler/ros_workspaces/drone_simulation/build/tello_gazebo': AMENT_PREFIX_PATH=/home/tyler/ros_workspaces/drone_simulation/install/tello_msgs:${AMENT_PREFIX_PATH} CMAKE_PREFIX_PATH=/home/tyler/ros_workspaces/drone_simulation/install/tello_msgs:/opt/ros/humble LD_LIBRARY_PATH=/home/tyler/ros_workspaces/drone_simulation/install/tello_msgs/lib:/usr/lib/x86_64-linux-gnu/gazebo-11/plugins:/opt/ros/humble/lib/x86_64-linux-gnu:/opt/ros/humble/lib:/usr/lib/x86_64-linux-gnu/nvidia:/usr/lib/x86_64-linux-gnu/nvidia PYTHONPATH=/home/tyler/ros_workspaces/drone_simulation/install/tello_msgs/local/lib/python3.10/dist-packages:${PYTHONPATH} /usr/bin/cmake --build /home/tyler/ros_workspaces/drone_simulation/build/tello_gazebo -- -j24 -l24
[0.936s] DEBUG:colcon.colcon_core.event_handler.log_command:Invoking command in '/home/tyler/ros_workspaces/drone_simulation/build/tello_driver': AMENT_PREFIX_PATH=/home/tyler/ros_workspaces/drone_simulation/install/tello_msgs:/home/tyler/ros_workspaces/drone_simulation/install/ros2_shared:${AMENT_PREFIX_PATH} CMAKE_PREFIX_PATH=/home/tyler/ros_workspaces/drone_simulation/install/tello_msgs:/home/tyler/ros_workspaces/drone_simulation/install/ros2_shared:/opt/ros/humble LD_LIBRARY_PATH=/home/tyler/ros_workspaces/drone_simulation/install/tello_msgs/lib:/usr/lib/x86_64-linux-gnu/gazebo-11/plugins:/opt/ros/humble/lib/x86_64-linux-gnu:/opt/ros/humble/lib:/usr/lib/x86_64-linux-gnu/nvidia:/usr/lib/x86_64-linux-gnu/nvidia PYTHONPATH=/home/tyler/ros_workspaces/drone_simulation/install/tello_msgs/local/lib/python3.10/dist-packages:${PYTHONPATH} /usr/bin/cmake --build /home/tyler/ros_workspaces/drone_simulation/build/tello_driver -- -j24 -l24
[1.015s] DEBUG:colcon.colcon_core.event_handler.log_command:Invoked command in '/home/tyler/ros_workspaces/drone_simulation/build/tello_driver' returned '0': AMENT_PREFIX_PATH=/home/tyler/ros_workspaces/drone_simulation/install/tello_msgs:/home/tyler/ros_workspaces/drone_simulation/install/ros2_shared:${AMENT_PREFIX_PATH} CMAKE_PREFIX_PATH=/home/tyler/ros_workspaces/drone_simulation/install/tello_msgs:/home/tyler/ros_workspaces/drone_simulation/install/ros2_shared:/opt/ros/humble LD_LIBRARY_PATH=/home/tyler/ros_workspaces/drone_simulation/install/tello_msgs/lib:/usr/lib/x86_64-linux-gnu/gazebo-11/plugins:/opt/ros/humble/lib/x86_64-linux-gnu:/opt/ros/humble/lib:/usr/lib/x86_64-linux-gnu/nvidia:/usr/lib/x86_64-linux-gnu/nvidia PYTHONPATH=/home/tyler/ros_workspaces/drone_simulation/install/tello_msgs/local/lib/python3.10/dist-packages:${PYTHONPATH} /usr/bin/cmake --build /home/tyler/ros_workspaces/drone_simulation/build/tello_driver -- -j24 -l24
[1.017s] DEBUG:colcon.colcon_core.event_handler.log_command:Invoking command in '/home/tyler/ros_workspaces/drone_simulation/build/tello_driver': AMENT_PREFIX_PATH=/home/tyler/ros_workspaces/drone_simulation/install/tello_msgs:/home/tyler/ros_workspaces/drone_simulation/install/ros2_shared:${AMENT_PREFIX_PATH} CMAKE_PREFIX_PATH=/home/tyler/ros_workspaces/drone_simulation/install/tello_msgs:/home/tyler/ros_workspaces/drone_simulation/install/ros2_shared:/opt/ros/humble LD_LIBRARY_PATH=/home/tyler/ros_workspaces/drone_simulation/install/tello_msgs/lib:/usr/lib/x86_64-linux-gnu/gazebo-11/plugins:/opt/ros/humble/lib/x86_64-linux-gnu:/opt/ros/humble/lib:/usr/lib/x86_64-linux-gnu/nvidia:/usr/lib/x86_64-linux-gnu/nvidia PYTHONPATH=/home/tyler/ros_workspaces/drone_simulation/install/tello_msgs/local/lib/python3.10/dist-packages:${PYTHONPATH} /usr/bin/cmake --install /home/tyler/ros_workspaces/drone_simulation/build/tello_driver
[1.038s] Level 1:colcon.colcon_core.environment:create_environment_scripts_only(tello_driver)
[1.038s] Level 1:colcon.colcon_core.environment:checking '/home/tyler/ros_workspaces/drone_simulation/install/tello_driver' for CMake module files
[1.038s] DEBUG:colcon.colcon_core.event_handler.log_command:Invoking command in '/home/tyler/ros_workspaces/drone_simulation/src/my_drone_vision': PYTHONPATH=/home/tyler/ros_workspaces/drone_simulation/build/my_drone_vision/prefix_override:/usr/lib/python3/dist-packages/colcon_core/task/python/colcon_distutils_commands:/home/tyler/ros_workspaces/drone_simulation/install/my_drone_vision/lib/python3.10/site-packages:${PYTHONPATH} /usr/bin/python3 -W ignore:setup.py install is deprecated -W ignore:easy_install command is deprecated setup.py egg_info --egg-base ../../build/my_drone_vision build --build-base /home/tyler/ros_workspaces/drone_simulation/build/my_drone_vision/build install --record /home/tyler/ros_workspaces/drone_simulation/build/my_drone_vision/install.log --single-version-externally-managed install_data
[1.039s] DEBUG:colcon.colcon_core.event_handler.log_command:Invoked command in '/home/tyler/ros_workspaces/drone_simulation/build/tello_driver' returned '0': AMENT_PREFIX_PATH=/home/tyler/ros_workspaces/drone_simulation/install/tello_msgs:/home/tyler/ros_workspaces/drone_simulation/install/ros2_shared:${AMENT_PREFIX_PATH} CMAKE_PREFIX_PATH=/home/tyler/ros_workspaces/drone_simulation/install/tello_msgs:/home/tyler/ros_workspaces/drone_simulation/install/ros2_shared:/opt/ros/humble LD_LIBRARY_PATH=/home/tyler/ros_workspaces/drone_simulation/install/tello_msgs/lib:/usr/lib/x86_64-linux-gnu/gazebo-11/plugins:/opt/ros/humble/lib/x86_64-linux-gnu:/opt/ros/humble/lib:/usr/lib/x86_64-linux-gnu/nvidia:/usr/lib/x86_64-linux-gnu/nvidia PYTHONPATH=/home/tyler/ros_workspaces/drone_simulation/install/tello_msgs/local/lib/python3.10/dist-packages:${PYTHONPATH} /usr/bin/cmake --install /home/tyler/ros_workspaces/drone_simulation/build/tello_driver
[1.039s] Level 1:colcon.colcon_core.environment:checking '/home/tyler/ros_workspaces/drone_simulation/install/tello_driver' for CMake config files
[1.039s] Level 1:colcon.colcon_core.shell:create_environment_hook('tello_driver', 'cmake_prefix_path')
[1.040s] INFO:colcon.colcon_core.shell:Creating environment hook '/home/tyler/ros_workspaces/drone_simulation/install/tello_driver/share/tello_driver/hook/cmake_prefix_path.ps1'
[1.040s] INFO:colcon.colcon_core.shell:Creating environment descriptor '/home/tyler/ros_workspaces/drone_simulation/install/tello_driver/share/tello_driver/hook/cmake_prefix_path.dsv'
[1.040s] INFO:colcon.colcon_core.shell:Creating environment hook '/home/tyler/ros_workspaces/drone_simulation/install/tello_driver/share/tello_driver/hook/cmake_prefix_path.sh'
[1.041s] Level 1:colcon.colcon_core.environment:checking '/home/tyler/ros_workspaces/drone_simulation/install/tello_driver/lib'
[1.041s] Level 1:colcon.colcon_core.shell:create_environment_hook('tello_driver', 'ld_library_path_lib')
[1.041s] INFO:colcon.colcon_core.shell:Creating environment hook '/home/tyler/ros_workspaces/drone_simulation/install/tello_driver/share/tello_driver/hook/ld_library_path_lib.ps1'
[1.041s] INFO:colcon.colcon_core.shell:Creating environment descriptor '/home/tyler/ros_workspaces/drone_simulation/install/tello_driver/share/tello_driver/hook/ld_library_path_lib.dsv'
[1.041s] INFO:colcon.colcon_core.shell:Creating environment hook '/home/tyler/ros_workspaces/drone_simulation/install/tello_driver/share/tello_driver/hook/ld_library_path_lib.sh'
[1.041s] Level 1:colcon.colcon_core.environment:checking '/home/tyler/ros_workspaces/drone_simulation/install/tello_driver/bin'
[1.041s] Level 1:colcon.colcon_core.environment:checking '/home/tyler/ros_workspaces/drone_simulation/install/tello_driver/lib/pkgconfig/tello_driver.pc'
[1.042s] Level 1:colcon.colcon_core.environment:checking '/home/tyler/ros_workspaces/drone_simulation/install/tello_driver/lib/python3.10/site-packages'
[1.042s] Level 1:colcon.colcon_core.environment:checking '/home/tyler/ros_workspaces/drone_simulation/install/tello_driver/bin'
[1.042s] INFO:colcon.colcon_core.shell:Creating package script '/home/tyler/ros_workspaces/drone_simulation/install/tello_driver/share/tello_driver/package.ps1'
[1.042s] INFO:colcon.colcon_core.shell:Creating package descriptor '/home/tyler/ros_workspaces/drone_simulation/install/tello_driver/share/tello_driver/package.dsv'
[1.043s] INFO:colcon.colcon_core.shell:Creating package script '/home/tyler/ros_workspaces/drone_simulation/install/tello_driver/share/tello_driver/package.sh'
[1.043s] INFO:colcon.colcon_core.shell:Creating package script '/home/tyler/ros_workspaces/drone_simulation/install/tello_driver/share/tello_driver/package.bash'
[1.043s] INFO:colcon.colcon_core.shell:Creating package script '/home/tyler/ros_workspaces/drone_simulation/install/tello_driver/share/tello_driver/package.zsh'
[1.043s] Level 1:colcon.colcon_core.environment:create_file_with_runtime_dependencies(/home/tyler/ros_workspaces/drone_simulation/install/tello_driver/share/colcon-core/packages/tello_driver)
[1.044s] Level 1:colcon.colcon_core.environment:create_environment_scripts_only(tello_driver)
[1.044s] Level 1:colcon.colcon_core.environment:checking '/home/tyler/ros_workspaces/drone_simulation/install/tello_driver' for CMake module files
[1.044s] Level 1:colcon.colcon_core.environment:checking '/home/tyler/ros_workspaces/drone_simulation/install/tello_driver' for CMake config files
[1.044s] Level 1:colcon.colcon_core.shell:create_environment_hook('tello_driver', 'cmake_prefix_path')
[1.044s] INFO:colcon.colcon_core.shell:Creating environment hook '/home/tyler/ros_workspaces/drone_simulation/install/tello_driver/share/tello_driver/hook/cmake_prefix_path.ps1'
[1.045s] INFO:colcon.colcon_core.shell:Creating environment descriptor '/home/tyler/ros_workspaces/drone_simulation/install/tello_driver/share/tello_driver/hook/cmake_prefix_path.dsv'
[1.045s] INFO:colcon.colcon_core.shell:Creating environment hook '/home/tyler/ros_workspaces/drone_simulation/install/tello_driver/share/tello_driver/hook/cmake_prefix_path.sh'
[1.045s] Level 1:colcon.colcon_core.environment:checking '/home/tyler/ros_workspaces/drone_simulation/install/tello_driver/lib'
[1.045s] Level 1:colcon.colcon_core.shell:create_environment_hook('tello_driver', 'ld_library_path_lib')
[1.045s] INFO:colcon.colcon_core.shell:Creating environment hook '/home/tyler/ros_workspaces/drone_simulation/install/tello_driver/share/tello_driver/hook/ld_library_path_lib.ps1'
[1.045s] INFO:colcon.colcon_core.shell:Creating environment descriptor '/home/tyler/ros_workspaces/drone_simulation/install/tello_driver/share/tello_driver/hook/ld_library_path_lib.dsv'
[1.046s] INFO:colcon.colcon_core.shell:Creating environment hook '/home/tyler/ros_workspaces/drone_simulation/install/tello_driver/share/tello_driver/hook/ld_library_path_lib.sh'
[1.046s] Level 1:colcon.colcon_core.environment:checking '/home/tyler/ros_workspaces/drone_simulation/install/tello_driver/bin'
[1.046s] Level 1:colcon.colcon_core.environment:checking '/home/tyler/ros_workspaces/drone_simulation/install/tello_driver/lib/pkgconfig/tello_driver.pc'
[1.046s] Level 1:colcon.colcon_core.environment:checking '/home/tyler/ros_workspaces/drone_simulation/install/tello_driver/lib/python3.10/site-packages'
[1.046s] Level 1:colcon.colcon_core.environment:checking '/home/tyler/ros_workspaces/drone_simulation/install/tello_driver/bin'
[1.046s] INFO:colcon.colcon_core.shell:Creating package script '/home/tyler/ros_workspaces/drone_simulation/install/tello_driver/share/tello_driver/package.ps1'
[1.047s] INFO:colcon.colcon_core.shell:Creating package descriptor '/home/tyler/ros_workspaces/drone_simulation/install/tello_driver/share/tello_driver/package.dsv'
[1.047s] INFO:colcon.colcon_core.shell:Creating package script '/home/tyler/ros_workspaces/drone_simulation/install/tello_driver/share/tello_driver/package.sh'
[1.047s] INFO:colcon.colcon_core.shell:Creating package script '/home/tyler/ros_workspaces/drone_simulation/install/tello_driver/share/tello_driver/package.bash'
[1.047s] INFO:colcon.colcon_core.shell:Creating package script '/home/tyler/ros_workspaces/drone_simulation/install/tello_driver/share/tello_driver/package.zsh'
[1.048s] Level 1:colcon.colcon_core.environment:create_file_with_runtime_dependencies(/home/tyler/ros_workspaces/drone_simulation/install/tello_driver/share/colcon-core/packages/tello_driver)
[1.066s] DEBUG:colcon.colcon_core.event_handler.log_command:Invoked command in '/home/tyler/ros_workspaces/drone_simulation/build/tello_gazebo' returned '0': AMENT_PREFIX_PATH=/home/tyler/ros_workspaces/drone_simulation/install/tello_msgs:${AMENT_PREFIX_PATH} CMAKE_PREFIX_PATH=/home/tyler/ros_workspaces/drone_simulation/install/tello_msgs:/opt/ros/humble LD_LIBRARY_PATH=/home/tyler/ros_workspaces/drone_simulation/install/tello_msgs/lib:/usr/lib/x86_64-linux-gnu/gazebo-11/plugins:/opt/ros/humble/lib/x86_64-linux-gnu:/opt/ros/humble/lib:/usr/lib/x86_64-linux-gnu/nvidia:/usr/lib/x86_64-linux-gnu/nvidia PYTHONPATH=/home/tyler/ros_workspaces/drone_simulation/install/tello_msgs/local/lib/python3.10/dist-packages:${PYTHONPATH} /usr/bin/cmake --build /home/tyler/ros_workspaces/drone_simulation/build/tello_gazebo -- -j24 -l24
[1.069s] DEBUG:colcon.colcon_core.event_handler.log_command:Invoking command in '/home/tyler/ros_workspaces/drone_simulation/build/tello_gazebo': AMENT_PREFIX_PATH=/home/tyler/ros_workspaces/drone_simulation/install/tello_msgs:${AMENT_PREFIX_PATH} CMAKE_PREFIX_PATH=/home/tyler/ros_workspaces/drone_simulation/install/tello_msgs:/opt/ros/humble LD_LIBRARY_PATH=/home/tyler/ros_workspaces/drone_simulation/install/tello_msgs/lib:/usr/lib/x86_64-linux-gnu/gazebo-11/plugins:/opt/ros/humble/lib/x86_64-linux-gnu:/opt/ros/humble/lib:/usr/lib/x86_64-linux-gnu/nvidia:/usr/lib/x86_64-linux-gnu/nvidia PYTHONPATH=/home/tyler/ros_workspaces/drone_simulation/install/tello_msgs/local/lib/python3.10/dist-packages:${PYTHONPATH} /usr/bin/cmake --install /home/tyler/ros_workspaces/drone_simulation/build/tello_gazebo
[1.099s] Level 1:colcon.colcon_core.environment:create_environment_scripts_only(tello_gazebo)
[1.099s] Level 1:colcon.colcon_core.environment:checking '/home/tyler/ros_workspaces/drone_simulation/install/tello_gazebo' for CMake module files
[1.099s] DEBUG:colcon.colcon_core.event_handler.log_command:Invoked command in '/home/tyler/ros_workspaces/drone_simulation/build/tello_gazebo' returned '0': AMENT_PREFIX_PATH=/home/tyler/ros_workspaces/drone_simulation/install/tello_msgs:${AMENT_PREFIX_PATH} CMAKE_PREFIX_PATH=/home/tyler/ros_workspaces/drone_simulation/install/tello_msgs:/opt/ros/humble LD_LIBRARY_PATH=/home/tyler/ros_workspaces/drone_simulation/install/tello_msgs/lib:/usr/lib/x86_64-linux-gnu/gazebo-11/plugins:/opt/ros/humble/lib/x86_64-linux-gnu:/opt/ros/humble/lib:/usr/lib/x86_64-linux-gnu/nvidia:/usr/lib/x86_64-linux-gnu/nvidia PYTHONPATH=/home/tyler/ros_workspaces/drone_simulation/install/tello_msgs/local/lib/python3.10/dist-packages:${PYTHONPATH} /usr/bin/cmake --install /home/tyler/ros_workspaces/drone_simulation/build/tello_gazebo
[1.100s] Level 1:colcon.colcon_core.environment:checking '/home/tyler/ros_workspaces/drone_simulation/install/tello_gazebo' for CMake config files
[1.100s] Level 1:colcon.colcon_core.shell:create_environment_hook('tello_gazebo', 'cmake_prefix_path')
[1.100s] INFO:colcon.colcon_core.shell:Creating environment hook '/home/tyler/ros_workspaces/drone_simulation/install/tello_gazebo/share/tello_gazebo/hook/cmake_prefix_path.ps1'
[1.100s] INFO:colcon.colcon_core.shell:Creating environment descriptor '/home/tyler/ros_workspaces/drone_simulation/install/tello_gazebo/share/tello_gazebo/hook/cmake_prefix_path.dsv'
[1.101s] INFO:colcon.colcon_core.shell:Creating environment hook '/home/tyler/ros_workspaces/drone_simulation/install/tello_gazebo/share/tello_gazebo/hook/cmake_prefix_path.sh'
[1.101s] Level 1:colcon.colcon_core.environment:checking '/home/tyler/ros_workspaces/drone_simulation/install/tello_gazebo/lib'
[1.101s] Level 1:colcon.colcon_core.shell:create_environment_hook('tello_gazebo', 'ld_library_path_lib')
[1.101s] INFO:colcon.colcon_core.shell:Creating environment hook '/home/tyler/ros_workspaces/drone_simulation/install/tello_gazebo/share/tello_gazebo/hook/ld_library_path_lib.ps1'
[1.101s] INFO:colcon.colcon_core.shell:Creating environment descriptor '/home/tyler/ros_workspaces/drone_simulation/install/tello_gazebo/share/tello_gazebo/hook/ld_library_path_lib.dsv'
[1.101s] INFO:colcon.colcon_core.shell:Creating environment hook '/home/tyler/ros_workspaces/drone_simulation/install/tello_gazebo/share/tello_gazebo/hook/ld_library_path_lib.sh'
[1.102s] Level 1:colcon.colcon_core.environment:checking '/home/tyler/ros_workspaces/drone_simulation/install/tello_gazebo/bin'
[1.102s] Level 1:colcon.colcon_core.environment:checking '/home/tyler/ros_workspaces/drone_simulation/install/tello_gazebo/lib/pkgconfig/tello_gazebo.pc'
[1.102s] Level 1:colcon.colcon_core.environment:checking '/home/tyler/ros_workspaces/drone_simulation/install/tello_gazebo/lib/python3.10/site-packages'
[1.102s] Level 1:colcon.colcon_core.environment:checking '/home/tyler/ros_workspaces/drone_simulation/install/tello_gazebo/bin'
[1.102s] INFO:colcon.colcon_core.shell:Creating package script '/home/tyler/ros_workspaces/drone_simulation/install/tello_gazebo/share/tello_gazebo/package.ps1'
[1.102s] INFO:colcon.colcon_core.shell:Creating package descriptor '/home/tyler/ros_workspaces/drone_simulation/install/tello_gazebo/share/tello_gazebo/package.dsv'
[1.103s] INFO:colcon.colcon_core.shell:Creating package script '/home/tyler/ros_workspaces/drone_simulation/install/tello_gazebo/share/tello_gazebo/package.sh'
[1.103s] INFO:colcon.colcon_core.shell:Creating package script '/home/tyler/ros_workspaces/drone_simulation/install/tello_gazebo/share/tello_gazebo/package.bash'
[1.103s] INFO:colcon.colcon_core.shell:Creating package script '/home/tyler/ros_workspaces/drone_simulation/install/tello_gazebo/share/tello_gazebo/package.zsh'
[1.103s] Level 1:colcon.colcon_core.environment:create_file_with_runtime_dependencies(/home/tyler/ros_workspaces/drone_simulation/install/tello_gazebo/share/colcon-core/packages/tello_gazebo)
[1.104s] Level 1:colcon.colcon_core.environment:create_environment_scripts_only(tello_gazebo)
[1.104s] Level 1:colcon.colcon_core.environment:checking '/home/tyler/ros_workspaces/drone_simulation/install/tello_gazebo' for CMake module files
[1.104s] Level 1:colcon.colcon_core.environment:checking '/home/tyler/ros_workspaces/drone_simulation/install/tello_gazebo' for CMake config files
[1.104s] Level 1:colcon.colcon_core.shell:create_environment_hook('tello_gazebo', 'cmake_prefix_path')
[1.105s] INFO:colcon.colcon_core.shell:Creating environment hook '/home/tyler/ros_workspaces/drone_simulation/install/tello_gazebo/share/tello_gazebo/hook/cmake_prefix_path.ps1'
[1.105s] INFO:colcon.colcon_core.shell:Creating environment descriptor '/home/tyler/ros_workspaces/drone_simulation/install/tello_gazebo/share/tello_gazebo/hook/cmake_prefix_path.dsv'
[1.105s] INFO:colcon.colcon_core.shell:Creating environment hook '/home/tyler/ros_workspaces/drone_simulation/install/tello_gazebo/share/tello_gazebo/hook/cmake_prefix_path.sh'
[1.105s] Level 1:colcon.colcon_core.environment:checking '/home/tyler/ros_workspaces/drone_simulation/install/tello_gazebo/lib'
[1.105s] Level 1:colcon.colcon_core.shell:create_environment_hook('tello_gazebo', 'ld_library_path_lib')
[1.105s] INFO:colcon.colcon_core.shell:Creating environment hook '/home/tyler/ros_workspaces/drone_simulation/install/tello_gazebo/share/tello_gazebo/hook/ld_library_path_lib.ps1'
[1.106s] INFO:colcon.colcon_core.shell:Creating environment descriptor '/home/tyler/ros_workspaces/drone_simulation/install/tello_gazebo/share/tello_gazebo/hook/ld_library_path_lib.dsv'
[1.106s] INFO:colcon.colcon_core.shell:Creating environment hook '/home/tyler/ros_workspaces/drone_simulation/install/tello_gazebo/share/tello_gazebo/hook/ld_library_path_lib.sh'
[1.106s] Level 1:colcon.colcon_core.environment:checking '/home/tyler/ros_workspaces/drone_simulation/install/tello_gazebo/bin'
[1.106s] Level 1:colcon.colcon_core.environment:checking '/home/tyler/ros_workspaces/drone_simulation/install/tello_gazebo/lib/pkgconfig/tello_gazebo.pc'
[1.107s] Level 1:colcon.colcon_core.environment:checking '/home/tyler/ros_workspaces/drone_simulation/install/tello_gazebo/lib/python3.10/site-packages'
[1.107s] Level 1:colcon.colcon_core.environment:checking '/home/tyler/ros_workspaces/drone_simulation/install/tello_gazebo/bin'
[1.107s] INFO:colcon.colcon_core.shell:Creating package script '/home/tyler/ros_workspaces/drone_simulation/install/tello_gazebo/share/tello_gazebo/package.ps1'
[1.107s] INFO:colcon.colcon_core.shell:Creating package descriptor '/home/tyler/ros_workspaces/drone_simulation/install/tello_gazebo/share/tello_gazebo/package.dsv'
[1.108s] INFO:colcon.colcon_core.shell:Creating package script '/home/tyler/ros_workspaces/drone_simulation/install/tello_gazebo/share/tello_gazebo/package.sh'
[1.108s] INFO:colcon.colcon_core.shell:Creating package script '/home/tyler/ros_workspaces/drone_simulation/install/tello_gazebo/share/tello_gazebo/package.bash'
[1.108s] INFO:colcon.colcon_core.shell:Creating package script '/home/tyler/ros_workspaces/drone_simulation/install/tello_gazebo/share/tello_gazebo/package.zsh'
[1.108s] Level 1:colcon.colcon_core.environment:create_file_with_runtime_dependencies(/home/tyler/ros_workspaces/drone_simulation/install/tello_gazebo/share/colcon-core/packages/tello_gazebo)
[1.177s] Level 1:colcon.colcon_core.environment:checking '/home/tyler/ros_workspaces/drone_simulation/install/my_drone_vision' for CMake module files
[1.178s] DEBUG:colcon.colcon_core.event_handler.log_command:Invoked command in '/home/tyler/ros_workspaces/drone_simulation/src/my_drone_vision' returned '0': PYTHONPATH=/home/tyler/ros_workspaces/drone_simulation/build/my_drone_vision/prefix_override:/usr/lib/python3/dist-packages/colcon_core/task/python/colcon_distutils_commands:/home/tyler/ros_workspaces/drone_simulation/install/my_drone_vision/lib/python3.10/site-packages:${PYTHONPATH} /usr/bin/python3 -W ignore:setup.py install is deprecated -W ignore:easy_install command is deprecated setup.py egg_info --egg-base ../../build/my_drone_vision build --build-base /home/tyler/ros_workspaces/drone_simulation/build/my_drone_vision/build install --record /home/tyler/ros_workspaces/drone_simulation/build/my_drone_vision/install.log --single-version-externally-managed install_data
[1.178s] Level 1:colcon.colcon_core.environment:checking '/home/tyler/ros_workspaces/drone_simulation/install/my_drone_vision' for CMake config files
[1.179s] Level 1:colcon.colcon_core.environment:checking '/home/tyler/ros_workspaces/drone_simulation/install/my_drone_vision/lib'
[1.179s] Level 1:colcon.colcon_core.environment:checking '/home/tyler/ros_workspaces/drone_simulation/install/my_drone_vision/bin'
[1.179s] Level 1:colcon.colcon_core.environment:checking '/home/tyler/ros_workspaces/drone_simulation/install/my_drone_vision/lib/pkgconfig/my_drone_vision.pc'
[1.179s] Level 1:colcon.colcon_core.environment:checking '/home/tyler/ros_workspaces/drone_simulation/install/my_drone_vision/lib/python3.10/site-packages'
[1.179s] Level 1:colcon.colcon_core.shell:create_environment_hook('my_drone_vision', 'pythonpath')
[1.179s] INFO:colcon.colcon_core.shell:Creating environment hook '/home/tyler/ros_workspaces/drone_simulation/install/my_drone_vision/share/my_drone_vision/hook/pythonpath.ps1'
[1.180s] INFO:colcon.colcon_core.shell:Creating environment descriptor '/home/tyler/ros_workspaces/drone_simulation/install/my_drone_vision/share/my_drone_vision/hook/pythonpath.dsv'
[1.180s] INFO:colcon.colcon_core.shell:Creating environment hook '/home/tyler/ros_workspaces/drone_simulation/install/my_drone_vision/share/my_drone_vision/hook/pythonpath.sh'
[1.180s] Level 1:colcon.colcon_core.environment:checking '/home/tyler/ros_workspaces/drone_simulation/install/my_drone_vision/bin'
[1.180s] Level 1:colcon.colcon_core.environment:create_environment_scripts_only(my_drone_vision)
[1.180s] INFO:colcon.colcon_core.shell:Creating package script '/home/tyler/ros_workspaces/drone_simulation/install/my_drone_vision/share/my_drone_vision/package.ps1'
[1.181s] INFO:colcon.colcon_core.shell:Creating package descriptor '/home/tyler/ros_workspaces/drone_simulation/install/my_drone_vision/share/my_drone_vision/package.dsv'
[1.181s] INFO:colcon.colcon_core.shell:Creating package script '/home/tyler/ros_workspaces/drone_simulation/install/my_drone_vision/share/my_drone_vision/package.sh'
[1.181s] INFO:colcon.colcon_core.shell:Creating package script '/home/tyler/ros_workspaces/drone_simulation/install/my_drone_vision/share/my_drone_vision/package.bash'
[1.181s] INFO:colcon.colcon_core.shell:Creating package script '/home/tyler/ros_workspaces/drone_simulation/install/my_drone_vision/share/my_drone_vision/package.zsh'
[1.181s] Level 1:colcon.colcon_core.environment:create_file_with_runtime_dependencies(/home/tyler/ros_workspaces/drone_simulation/install/my_drone_vision/share/colcon-core/packages/my_drone_vision)
[1.182s] DEBUG:colcon.colcon_parallel_executor.executor.parallel:closing loop
[1.182s] DEBUG:colcon.colcon_parallel_executor.executor.parallel:loop closed
[1.182s] DEBUG:colcon.colcon_parallel_executor.executor.parallel:run_until_complete finished with '0'
[1.182s] DEBUG:colcon.colcon_core.event_reactor:joining thread
[1.206s] INFO:colcon.colcon_core.plugin_system:Skipping extension 'colcon_notification.desktop_notification.notify_send': Could not find 'notify-send'
[1.206s] INFO:colcon.colcon_core.plugin_system:Skipping extension 'colcon_notification.desktop_notification.terminal_notifier': Not used on non-Darwin systems
[1.206s] INFO:colcon.colcon_core.plugin_system:Skipping extension 'colcon_notification.desktop_notification.win32': Not used on non-Windows systems
[1.206s] INFO:colcon.colcon_notification.desktop_notification:Sending desktop notification using 'notify2'
[1.206s] DEBUG:colcon.colcon_notification.desktop_notification.notify2:Failed to initialize notify2: org.freedesktop.DBus.Error.FileNotFound: Failed to connect to socket /run/user/1000/bus: No such file or directory
[1.206s] DEBUG:colcon.colcon_core.event_reactor:joined thread
[1.206s] INFO:colcon.colcon_core.shell:Creating prefix script '/home/tyler/ros_workspaces/drone_simulation/install/local_setup.ps1'
[1.207s] INFO:colcon.colcon_core.shell:Creating prefix util module '/home/tyler/ros_workspaces/drone_simulation/install/_local_setup_util_ps1.py'
[1.208s] INFO:colcon.colcon_core.shell:Creating prefix chain script '/home/tyler/ros_workspaces/drone_simulation/install/setup.ps1'
[1.208s] INFO:colcon.colcon_core.shell:Creating prefix script '/home/tyler/ros_workspaces/drone_simulation/install/local_setup.sh'
[1.209s] INFO:colcon.colcon_core.shell:Creating prefix util module '/home/tyler/ros_workspaces/drone_simulation/install/_local_setup_util_sh.py'
[1.209s] INFO:colcon.colcon_core.shell:Creating prefix chain script '/home/tyler/ros_workspaces/drone_simulation/install/setup.sh'
[1.210s] INFO:colcon.colcon_core.shell:Creating prefix script '/home/tyler/ros_workspaces/drone_simulation/install/local_setup.bash'
[1.210s] INFO:colcon.colcon_core.shell:Creating prefix chain script '/home/tyler/ros_workspaces/drone_simulation/install/setup.bash'
[1.211s] INFO:colcon.colcon_core.shell:Creating prefix script '/home/tyler/ros_workspaces/drone_simulation/install/local_setup.zsh'
[1.211s] INFO:colcon.colcon_core.shell:Creating prefix chain script '/home/tyler/ros_workspaces/drone_simulation/install/setup.zsh'
