[0.092s] DEBUG:colcon:Command line arguments: ['/usr/bin/colcon', 'build']
[0.092s] DEBUG:colcon:Parsed command line arguments: Namespace(log_base=None, log_level=None, verb_name='build', build_base='build', install_base='install', merge_install=False, symlink_install=False, test_result_base=None, continue_on_error=False, executor='parallel', parallel_workers=24, event_handlers=None, ignore_user_meta=False, metas=['./colcon.meta'], base_paths=['.'], packages_ignore=None, packages_ignore_regex=None, paths=None, packages_up_to=None, packages_up_to_regex=None, packages_above=None, packages_above_and_dependencies=None, packages_above_depth=None, packages_select_by_dep=None, packages_skip_by_dep=None, packages_skip_up_to=None, packages_select_build_failed=False, packages_skip_build_finished=False, packages_select_test_failures=False, packages_skip_test_passed=False, packages_select=None, packages_skip=None, packages_select_regex=None, packages_skip_regex=None, packages_start=None, packages_end=None, allow_overriding=[], cmake_args=None, cmake_target=None, cmake_target_skip_unavailable=False, cmake_clean_cache=False, cmake_clean_first=False, cmake_force_configure=False, ament_cmake_args=None, catkin_cmake_args=None, catkin_skip_building_tests=False, mixin_files=None, mixin=None, verb_parser=<colcon_mixin.mixin.mixin_argument.MixinArgumentDecorator object at 0x7a8a20264310>, verb_extension=<colcon_core.verb.build.BuildVerb object at 0x7a8a20369330>, main=<bound method BuildVerb.main of <colcon_core.verb.build.BuildVerb object at 0x7a8a20369330>>, mixin_verb=('build',))
[0.167s] Level 1:colcon.colcon_core.package_discovery:discover_packages(colcon_meta) check parameters
[0.167s] Level 1:colcon.colcon_core.package_discovery:discover_packages(recursive) check parameters
[0.167s] Level 1:colcon.colcon_core.package_discovery:discover_packages(ignore) check parameters
[0.167s] Level 1:colcon.colcon_core.package_discovery:discover_packages(path) check parameters
[0.167s] Level 1:colcon.colcon_core.package_discovery:discover_packages(colcon_meta) discover
[0.167s] Level 1:colcon.colcon_core.package_discovery:discover_packages(recursive) discover
[0.167s] INFO:colcon.colcon_core.package_discovery:Crawling recursively for packages in '/home/tyler/ros_workspaces/drone_simulation'
[0.167s] Level 1:colcon.colcon_core.package_identification:_identify(.) by extensions ['ignore', 'ignore_ament_install']
[0.167s] Level 1:colcon.colcon_core.package_identification:_identify(.) by extension 'ignore'
[0.167s] Level 1:colcon.colcon_core.package_identification:_identify(.) by extension 'ignore_ament_install'
[0.167s] Level 1:colcon.colcon_core.package_identification:_identify(.) by extensions ['colcon_pkg']
[0.167s] Level 1:colcon.colcon_core.package_identification:_identify(.) by extension 'colcon_pkg'
[0.167s] Level 1:colcon.colcon_core.package_identification:_identify(.) by extensions ['colcon_meta']
[0.167s] Level 1:colcon.colcon_core.package_identification:_identify(.) by extension 'colcon_meta'
[0.167s] Level 1:colcon.colcon_core.package_identification:_identify(.) by extensions ['ros']
[0.167s] Level 1:colcon.colcon_core.package_identification:_identify(.) by extension 'ros'
[0.174s] Level 1:colcon.colcon_core.package_identification:_identify(.) by extensions ['cmake', 'python']
[0.174s] Level 1:colcon.colcon_core.package_identification:_identify(.) by extension 'cmake'
[0.174s] Level 1:colcon.colcon_core.package_identification:_identify(.) by extension 'python'
[0.174s] Level 1:colcon.colcon_core.package_identification:_identify(.) by extensions ['python_setup_py']
[0.174s] Level 1:colcon.colcon_core.package_identification:_identify(.) by extension 'python_setup_py'
[0.174s] Level 1:colcon.colcon_core.package_identification:_identify(build) by extensions ['ignore', 'ignore_ament_install']
[0.174s] Level 1:colcon.colcon_core.package_identification:_identify(build) by extension 'ignore'
[0.174s] Level 1:colcon.colcon_core.package_identification:_identify(build) ignored
[0.174s] Level 1:colcon.colcon_core.package_identification:_identify(install) by extensions ['ignore', 'ignore_ament_install']
[0.174s] Level 1:colcon.colcon_core.package_identification:_identify(install) by extension 'ignore'
[0.174s] Level 1:colcon.colcon_core.package_identification:_identify(install) ignored
[0.174s] Level 1:colcon.colcon_core.package_identification:_identify(log) by extensions ['ignore', 'ignore_ament_install']
[0.174s] Level 1:colcon.colcon_core.package_identification:_identify(log) by extension 'ignore'
[0.174s] Level 1:colcon.colcon_core.package_identification:_identify(log) ignored
[0.174s] Level 1:colcon.colcon_core.package_identification:_identify(src) by extensions ['ignore', 'ignore_ament_install']
[0.174s] Level 1:colcon.colcon_core.package_identification:_identify(src) by extension 'ignore'
[0.174s] Level 1:colcon.colcon_core.package_identification:_identify(src) by extension 'ignore_ament_install'
[0.174s] Level 1:colcon.colcon_core.package_identification:_identify(src) by extensions ['colcon_pkg']
[0.174s] Level 1:colcon.colcon_core.package_identification:_identify(src) by extension 'colcon_pkg'
[0.174s] Level 1:colcon.colcon_core.package_identification:_identify(src) by extensions ['colcon_meta']
[0.174s] Level 1:colcon.colcon_core.package_identification:_identify(src) by extension 'colcon_meta'
[0.174s] Level 1:colcon.colcon_core.package_identification:_identify(src) by extensions ['ros']
[0.174s] Level 1:colcon.colcon_core.package_identification:_identify(src) by extension 'ros'
[0.175s] Level 1:colcon.colcon_core.package_identification:_identify(src) by extensions ['cmake', 'python']
[0.175s] Level 1:colcon.colcon_core.package_identification:_identify(src) by extension 'cmake'
[0.175s] Level 1:colcon.colcon_core.package_identification:_identify(src) by extension 'python'
[0.175s] Level 1:colcon.colcon_core.package_identification:_identify(src) by extensions ['python_setup_py']
[0.175s] Level 1:colcon.colcon_core.package_identification:_identify(src) by extension 'python_setup_py'
[0.175s] Level 1:colcon.colcon_core.package_identification:_identify(src/my_drone_vision) by extensions ['ignore', 'ignore_ament_install']
[0.175s] Level 1:colcon.colcon_core.package_identification:_identify(src/my_drone_vision) by extension 'ignore'
[0.175s] Level 1:colcon.colcon_core.package_identification:_identify(src/my_drone_vision) by extension 'ignore_ament_install'
[0.175s] Level 1:colcon.colcon_core.package_identification:_identify(src/my_drone_vision) by extensions ['colcon_pkg']
[0.175s] Level 1:colcon.colcon_core.package_identification:_identify(src/my_drone_vision) by extension 'colcon_pkg'
[0.175s] Level 1:colcon.colcon_core.package_identification:_identify(src/my_drone_vision) by extensions ['colcon_meta']
[0.175s] Level 1:colcon.colcon_core.package_identification:_identify(src/my_drone_vision) by extension 'colcon_meta'
[0.175s] Level 1:colcon.colcon_core.package_identification:_identify(src/my_drone_vision) by extensions ['ros']
[0.175s] Level 1:colcon.colcon_core.package_identification:_identify(src/my_drone_vision) by extension 'ros'
[0.176s] DEBUG:colcon.colcon_core.package_identification:Package 'src/my_drone_vision' with type 'ros.ament_python' and name 'my_drone_vision'
[0.176s] Level 1:colcon.colcon_core.package_identification:_identify(src/ros2_shared) by extensions ['ignore', 'ignore_ament_install']
[0.176s] Level 1:colcon.colcon_core.package_identification:_identify(src/ros2_shared) by extension 'ignore'
[0.176s] Level 1:colcon.colcon_core.package_identification:_identify(src/ros2_shared) by extension 'ignore_ament_install'
[0.176s] Level 1:colcon.colcon_core.package_identification:_identify(src/ros2_shared) by extensions ['colcon_pkg']
[0.176s] Level 1:colcon.colcon_core.package_identification:_identify(src/ros2_shared) by extension 'colcon_pkg'
[0.176s] Level 1:colcon.colcon_core.package_identification:_identify(src/ros2_shared) by extensions ['colcon_meta']
[0.176s] Level 1:colcon.colcon_core.package_identification:_identify(src/ros2_shared) by extension 'colcon_meta'
[0.176s] Level 1:colcon.colcon_core.package_identification:_identify(src/ros2_shared) by extensions ['ros']
[0.176s] Level 1:colcon.colcon_core.package_identification:_identify(src/ros2_shared) by extension 'ros'
[0.177s] DEBUG:colcon.colcon_core.package_identification:Package 'src/ros2_shared' with type 'ros.ament_cmake' and name 'ros2_shared'
[0.177s] Level 1:colcon.colcon_core.package_identification:_identify(src/tello_ros) by extensions ['ignore', 'ignore_ament_install']
[0.177s] Level 1:colcon.colcon_core.package_identification:_identify(src/tello_ros) by extension 'ignore'
[0.177s] Level 1:colcon.colcon_core.package_identification:_identify(src/tello_ros) by extension 'ignore_ament_install'
[0.177s] Level 1:colcon.colcon_core.package_identification:_identify(src/tello_ros) by extensions ['colcon_pkg']
[0.177s] Level 1:colcon.colcon_core.package_identification:_identify(src/tello_ros) by extension 'colcon_pkg'
[0.177s] Level 1:colcon.colcon_core.package_identification:_identify(src/tello_ros) by extensions ['colcon_meta']
[0.177s] Level 1:colcon.colcon_core.package_identification:_identify(src/tello_ros) by extension 'colcon_meta'
[0.177s] Level 1:colcon.colcon_core.package_identification:_identify(src/tello_ros) by extensions ['ros']
[0.177s] Level 1:colcon.colcon_core.package_identification:_identify(src/tello_ros) by extension 'ros'
[0.177s] Level 1:colcon.colcon_core.package_identification:_identify(src/tello_ros) by extensions ['cmake', 'python']
[0.177s] Level 1:colcon.colcon_core.package_identification:_identify(src/tello_ros) by extension 'cmake'
[0.177s] Level 1:colcon.colcon_core.package_identification:_identify(src/tello_ros) by extension 'python'
[0.177s] Level 1:colcon.colcon_core.package_identification:_identify(src/tello_ros) by extensions ['python_setup_py']
[0.177s] Level 1:colcon.colcon_core.package_identification:_identify(src/tello_ros) by extension 'python_setup_py'
[0.177s] Level 1:colcon.colcon_core.package_identification:_identify(src/tello_ros/tello_description) by extensions ['ignore', 'ignore_ament_install']
[0.177s] Level 1:colcon.colcon_core.package_identification:_identify(src/tello_ros/tello_description) by extension 'ignore'
[0.177s] Level 1:colcon.colcon_core.package_identification:_identify(src/tello_ros/tello_description) by extension 'ignore_ament_install'
[0.177s] Level 1:colcon.colcon_core.package_identification:_identify(src/tello_ros/tello_description) by extensions ['colcon_pkg']
[0.177s] Level 1:colcon.colcon_core.package_identification:_identify(src/tello_ros/tello_description) by extension 'colcon_pkg'
[0.177s] Level 1:colcon.colcon_core.package_identification:_identify(src/tello_ros/tello_description) by extensions ['colcon_meta']
[0.177s] Level 1:colcon.colcon_core.package_identification:_identify(src/tello_ros/tello_description) by extension 'colcon_meta'
[0.177s] Level 1:colcon.colcon_core.package_identification:_identify(src/tello_ros/tello_description) by extensions ['ros']
[0.177s] Level 1:colcon.colcon_core.package_identification:_identify(src/tello_ros/tello_description) by extension 'ros'
[0.178s] DEBUG:colcon.colcon_core.package_identification:Package 'src/tello_ros/tello_description' with type 'ros.ament_cmake' and name 'tello_description'
[0.178s] Level 1:colcon.colcon_core.package_identification:_identify(src/tello_ros/tello_driver) by extensions ['ignore', 'ignore_ament_install']
[0.178s] Level 1:colcon.colcon_core.package_identification:_identify(src/tello_ros/tello_driver) by extension 'ignore'
[0.178s] Level 1:colcon.colcon_core.package_identification:_identify(src/tello_ros/tello_driver) by extension 'ignore_ament_install'
[0.178s] Level 1:colcon.colcon_core.package_identification:_identify(src/tello_ros/tello_driver) by extensions ['colcon_pkg']
[0.178s] Level 1:colcon.colcon_core.package_identification:_identify(src/tello_ros/tello_driver) by extension 'colcon_pkg'
[0.178s] Level 1:colcon.colcon_core.package_identification:_identify(src/tello_ros/tello_driver) by extensions ['colcon_meta']
[0.178s] Level 1:colcon.colcon_core.package_identification:_identify(src/tello_ros/tello_driver) by extension 'colcon_meta'
[0.178s] Level 1:colcon.colcon_core.package_identification:_identify(src/tello_ros/tello_driver) by extensions ['ros']
[0.178s] Level 1:colcon.colcon_core.package_identification:_identify(src/tello_ros/tello_driver) by extension 'ros'
[0.178s] DEBUG:colcon.colcon_core.package_identification:Package 'src/tello_ros/tello_driver' with type 'ros.ament_cmake' and name 'tello_driver'
[0.178s] Level 1:colcon.colcon_core.package_identification:_identify(src/tello_ros/tello_gazebo) by extensions ['ignore', 'ignore_ament_install']
[0.179s] Level 1:colcon.colcon_core.package_identification:_identify(src/tello_ros/tello_gazebo) by extension 'ignore'
[0.179s] Level 1:colcon.colcon_core.package_identification:_identify(src/tello_ros/tello_gazebo) by extension 'ignore_ament_install'
[0.179s] Level 1:colcon.colcon_core.package_identification:_identify(src/tello_ros/tello_gazebo) by extensions ['colcon_pkg']
[0.179s] Level 1:colcon.colcon_core.package_identification:_identify(src/tello_ros/tello_gazebo) by extension 'colcon_pkg'
[0.179s] Level 1:colcon.colcon_core.package_identification:_identify(src/tello_ros/tello_gazebo) by extensions ['colcon_meta']
[0.179s] Level 1:colcon.colcon_core.package_identification:_identify(src/tello_ros/tello_gazebo) by extension 'colcon_meta'
[0.179s] Level 1:colcon.colcon_core.package_identification:_identify(src/tello_ros/tello_gazebo) by extensions ['ros']
[0.179s] Level 1:colcon.colcon_core.package_identification:_identify(src/tello_ros/tello_gazebo) by extension 'ros'
[0.179s] DEBUG:colcon.colcon_core.package_identification:Package 'src/tello_ros/tello_gazebo' with type 'ros.ament_cmake' and name 'tello_gazebo'
[0.179s] Level 1:colcon.colcon_core.package_identification:_identify(src/tello_ros/tello_msgs) by extensions ['ignore', 'ignore_ament_install']
[0.179s] Level 1:colcon.colcon_core.package_identification:_identify(src/tello_ros/tello_msgs) by extension 'ignore'
[0.179s] Level 1:colcon.colcon_core.package_identification:_identify(src/tello_ros/tello_msgs) by extension 'ignore_ament_install'
[0.179s] Level 1:colcon.colcon_core.package_identification:_identify(src/tello_ros/tello_msgs) by extensions ['colcon_pkg']
[0.179s] Level 1:colcon.colcon_core.package_identification:_identify(src/tello_ros/tello_msgs) by extension 'colcon_pkg'
[0.179s] Level 1:colcon.colcon_core.package_identification:_identify(src/tello_ros/tello_msgs) by extensions ['colcon_meta']
[0.179s] Level 1:colcon.colcon_core.package_identification:_identify(src/tello_ros/tello_msgs) by extension 'colcon_meta'
[0.179s] Level 1:colcon.colcon_core.package_identification:_identify(src/tello_ros/tello_msgs) by extensions ['ros']
[0.179s] Level 1:colcon.colcon_core.package_identification:_identify(src/tello_ros/tello_msgs) by extension 'ros'
[0.180s] DEBUG:colcon.colcon_core.package_identification:Package 'src/tello_ros/tello_msgs' with type 'ros.ament_cmake' and name 'tello_msgs'
[0.180s] Level 1:colcon.colcon_core.package_discovery:discover_packages(recursive) using defaults
[0.180s] Level 1:colcon.colcon_core.package_discovery:discover_packages(ignore) discover
[0.180s] Level 1:colcon.colcon_core.package_discovery:discover_packages(ignore) using defaults
[0.180s] Level 1:colcon.colcon_core.package_discovery:discover_packages(path) discover
[0.180s] Level 1:colcon.colcon_core.package_discovery:discover_packages(path) using defaults
[0.192s] Level 1:colcon.colcon_core.package_discovery:discover_packages(prefix_path) check parameters
[0.192s] Level 1:colcon.colcon_core.package_discovery:discover_packages(prefix_path) discover
[0.193s] DEBUG:colcon.colcon_installed_package_information.package_discovery:Found 6 installed packages in /home/tyler/ros_workspaces/drone_simulation/install
[0.193s] DEBUG:colcon.colcon_installed_package_information.package_discovery:Found 204 installed packages in /opt/ros/humble
[0.194s] Level 1:colcon.colcon_core.package_discovery:discover_packages(prefix_path) using defaults
[0.213s] Level 5:colcon.colcon_core.verb:set package 'my_drone_vision' build argument 'cmake_args' from command line to 'None'
[0.213s] Level 5:colcon.colcon_core.verb:set package 'my_drone_vision' build argument 'cmake_target' from command line to 'None'
[0.213s] Level 5:colcon.colcon_core.verb:set package 'my_drone_vision' build argument 'cmake_target_skip_unavailable' from command line to 'False'
[0.213s] Level 5:colcon.colcon_core.verb:set package 'my_drone_vision' build argument 'cmake_clean_cache' from command line to 'False'
[0.213s] Level 5:colcon.colcon_core.verb:set package 'my_drone_vision' build argument 'cmake_clean_first' from command line to 'False'
[0.213s] Level 5:colcon.colcon_core.verb:set package 'my_drone_vision' build argument 'cmake_force_configure' from command line to 'False'
[0.213s] Level 5:colcon.colcon_core.verb:set package 'my_drone_vision' build argument 'ament_cmake_args' from command line to 'None'
[0.213s] Level 5:colcon.colcon_core.verb:set package 'my_drone_vision' build argument 'catkin_cmake_args' from command line to 'None'
[0.213s] Level 5:colcon.colcon_core.verb:set package 'my_drone_vision' build argument 'catkin_skip_building_tests' from command line to 'False'
[0.213s] DEBUG:colcon.colcon_core.verb:Building package 'my_drone_vision' with the following arguments: {'ament_cmake_args': None, 'build_base': '/home/tyler/ros_workspaces/drone_simulation/build/my_drone_vision', 'catkin_cmake_args': None, 'catkin_skip_building_tests': False, 'cmake_args': None, 'cmake_clean_cache': False, 'cmake_clean_first': False, 'cmake_force_configure': False, 'cmake_target': None, 'cmake_target_skip_unavailable': False, 'install_base': '/home/tyler/ros_workspaces/drone_simulation/install/my_drone_vision', 'merge_install': False, 'path': '/home/tyler/ros_workspaces/drone_simulation/src/my_drone_vision', 'symlink_install': False, 'test_result_base': None}
[0.213s] Level 5:colcon.colcon_core.verb:set package 'ros2_shared' build argument 'cmake_args' from command line to 'None'
[0.213s] Level 5:colcon.colcon_core.verb:set package 'ros2_shared' build argument 'cmake_target' from command line to 'None'
[0.213s] Level 5:colcon.colcon_core.verb:set package 'ros2_shared' build argument 'cmake_target_skip_unavailable' from command line to 'False'
[0.213s] Level 5:colcon.colcon_core.verb:set package 'ros2_shared' build argument 'cmake_clean_cache' from command line to 'False'
[0.213s] Level 5:colcon.colcon_core.verb:set package 'ros2_shared' build argument 'cmake_clean_first' from command line to 'False'
[0.213s] Level 5:colcon.colcon_core.verb:set package 'ros2_shared' build argument 'cmake_force_configure' from command line to 'False'
[0.214s] Level 5:colcon.colcon_core.verb:set package 'ros2_shared' build argument 'ament_cmake_args' from command line to 'None'
[0.214s] Level 5:colcon.colcon_core.verb:set package 'ros2_shared' build argument 'catkin_cmake_args' from command line to 'None'
[0.214s] Level 5:colcon.colcon_core.verb:set package 'ros2_shared' build argument 'catkin_skip_building_tests' from command line to 'False'
[0.214s] DEBUG:colcon.colcon_core.verb:Building package 'ros2_shared' with the following arguments: {'ament_cmake_args': None, 'build_base': '/home/tyler/ros_workspaces/drone_simulation/build/ros2_shared', 'catkin_cmake_args': None, 'catkin_skip_building_tests': False, 'cmake_args': None, 'cmake_clean_cache': False, 'cmake_clean_first': False, 'cmake_force_configure': False, 'cmake_target': None, 'cmake_target_skip_unavailable': False, 'install_base': '/home/tyler/ros_workspaces/drone_simulation/install/ros2_shared', 'merge_install': False, 'path': '/home/tyler/ros_workspaces/drone_simulation/src/ros2_shared', 'symlink_install': False, 'test_result_base': None}
[0.214s] Level 5:colcon.colcon_core.verb:set package 'tello_description' build argument 'cmake_args' from command line to 'None'
[0.214s] Level 5:colcon.colcon_core.verb:set package 'tello_description' build argument 'cmake_target' from command line to 'None'
[0.214s] Level 5:colcon.colcon_core.verb:set package 'tello_description' build argument 'cmake_target_skip_unavailable' from command line to 'False'
[0.214s] Level 5:colcon.colcon_core.verb:set package 'tello_description' build argument 'cmake_clean_cache' from command line to 'False'
[0.214s] Level 5:colcon.colcon_core.verb:set package 'tello_description' build argument 'cmake_clean_first' from command line to 'False'
[0.214s] Level 5:colcon.colcon_core.verb:set package 'tello_description' build argument 'cmake_force_configure' from command line to 'False'
[0.214s] Level 5:colcon.colcon_core.verb:set package 'tello_description' build argument 'ament_cmake_args' from command line to 'None'
[0.214s] Level 5:colcon.colcon_core.verb:set package 'tello_description' build argument 'catkin_cmake_args' from command line to 'None'
[0.214s] Level 5:colcon.colcon_core.verb:set package 'tello_description' build argument 'catkin_skip_building_tests' from command line to 'False'
[0.214s] DEBUG:colcon.colcon_core.verb:Building package 'tello_description' with the following arguments: {'ament_cmake_args': None, 'build_base': '/home/tyler/ros_workspaces/drone_simulation/build/tello_description', 'catkin_cmake_args': None, 'catkin_skip_building_tests': False, 'cmake_args': None, 'cmake_clean_cache': False, 'cmake_clean_first': False, 'cmake_force_configure': False, 'cmake_target': None, 'cmake_target_skip_unavailable': False, 'install_base': '/home/tyler/ros_workspaces/drone_simulation/install/tello_description', 'merge_install': False, 'path': '/home/tyler/ros_workspaces/drone_simulation/src/tello_ros/tello_description', 'symlink_install': False, 'test_result_base': None}
[0.214s] Level 5:colcon.colcon_core.verb:set package 'tello_msgs' build argument 'cmake_args' from command line to 'None'
[0.214s] Level 5:colcon.colcon_core.verb:set package 'tello_msgs' build argument 'cmake_target' from command line to 'None'
[0.214s] Level 5:colcon.colcon_core.verb:set package 'tello_msgs' build argument 'cmake_target_skip_unavailable' from command line to 'False'
[0.214s] Level 5:colcon.colcon_core.verb:set package 'tello_msgs' build argument 'cmake_clean_cache' from command line to 'False'
[0.214s] Level 5:colcon.colcon_core.verb:set package 'tello_msgs' build argument 'cmake_clean_first' from command line to 'False'
[0.214s] Level 5:colcon.colcon_core.verb:set package 'tello_msgs' build argument 'cmake_force_configure' from command line to 'False'
[0.214s] Level 5:colcon.colcon_core.verb:set package 'tello_msgs' build argument 'ament_cmake_args' from command line to 'None'
[0.214s] Level 5:colcon.colcon_core.verb:set package 'tello_msgs' build argument 'catkin_cmake_args' from command line to 'None'
[0.214s] Level 5:colcon.colcon_core.verb:set package 'tello_msgs' build argument 'catkin_skip_building_tests' from command line to 'False'
[0.214s] DEBUG:colcon.colcon_core.verb:Building package 'tello_msgs' with the following arguments: {'ament_cmake_args': None, 'build_base': '/home/tyler/ros_workspaces/drone_simulation/build/tello_msgs', 'catkin_cmake_args': None, 'catkin_skip_building_tests': False, 'cmake_args': None, 'cmake_clean_cache': False, 'cmake_clean_first': False, 'cmake_force_configure': False, 'cmake_target': None, 'cmake_target_skip_unavailable': False, 'install_base': '/home/tyler/ros_workspaces/drone_simulation/install/tello_msgs', 'merge_install': False, 'path': '/home/tyler/ros_workspaces/drone_simulation/src/tello_ros/tello_msgs', 'symlink_install': False, 'test_result_base': None}
[0.214s] Level 5:colcon.colcon_core.verb:set package 'tello_driver' build argument 'cmake_args' from command line to 'None'
[0.214s] Level 5:colcon.colcon_core.verb:set package 'tello_driver' build argument 'cmake_target' from command line to 'None'
[0.214s] Level 5:colcon.colcon_core.verb:set package 'tello_driver' build argument 'cmake_target_skip_unavailable' from command line to 'False'
[0.214s] Level 5:colcon.colcon_core.verb:set package 'tello_driver' build argument 'cmake_clean_cache' from command line to 'False'
[0.214s] Level 5:colcon.colcon_core.verb:set package 'tello_driver' build argument 'cmake_clean_first' from command line to 'False'
[0.214s] Level 5:colcon.colcon_core.verb:set package 'tello_driver' build argument 'cmake_force_configure' from command line to 'False'
[0.214s] Level 5:colcon.colcon_core.verb:set package 'tello_driver' build argument 'ament_cmake_args' from command line to 'None'
[0.214s] Level 5:colcon.colcon_core.verb:set package 'tello_driver' build argument 'catkin_cmake_args' from command line to 'None'
[0.214s] Level 5:colcon.colcon_core.verb:set package 'tello_driver' build argument 'catkin_skip_building_tests' from command line to 'False'
[0.214s] DEBUG:colcon.colcon_core.verb:Building package 'tello_driver' with the following arguments: {'ament_cmake_args': None, 'build_base': '/home/tyler/ros_workspaces/drone_simulation/build/tello_driver', 'catkin_cmake_args': None, 'catkin_skip_building_tests': False, 'cmake_args': None, 'cmake_clean_cache': False, 'cmake_clean_first': False, 'cmake_force_configure': False, 'cmake_target': None, 'cmake_target_skip_unavailable': False, 'install_base': '/home/tyler/ros_workspaces/drone_simulation/install/tello_driver', 'merge_install': False, 'path': '/home/tyler/ros_workspaces/drone_simulation/src/tello_ros/tello_driver', 'symlink_install': False, 'test_result_base': None}
[0.214s] Level 5:colcon.colcon_core.verb:set package 'tello_gazebo' build argument 'cmake_args' from command line to 'None'
[0.215s] Level 5:colcon.colcon_core.verb:set package 'tello_gazebo' build argument 'cmake_target' from command line to 'None'
[0.215s] Level 5:colcon.colcon_core.verb:set package 'tello_gazebo' build argument 'cmake_target_skip_unavailable' from command line to 'False'
[0.215s] Level 5:colcon.colcon_core.verb:set package 'tello_gazebo' build argument 'cmake_clean_cache' from command line to 'False'
[0.215s] Level 5:colcon.colcon_core.verb:set package 'tello_gazebo' build argument 'cmake_clean_first' from command line to 'False'
[0.215s] Level 5:colcon.colcon_core.verb:set package 'tello_gazebo' build argument 'cmake_force_configure' from command line to 'False'
[0.215s] Level 5:colcon.colcon_core.verb:set package 'tello_gazebo' build argument 'ament_cmake_args' from command line to 'None'
[0.215s] Level 5:colcon.colcon_core.verb:set package 'tello_gazebo' build argument 'catkin_cmake_args' from command line to 'None'
[0.215s] Level 5:colcon.colcon_core.verb:set package 'tello_gazebo' build argument 'catkin_skip_building_tests' from command line to 'False'
[0.215s] DEBUG:colcon.colcon_core.verb:Building package 'tello_gazebo' with the following arguments: {'ament_cmake_args': None, 'build_base': '/home/tyler/ros_workspaces/drone_simulation/build/tello_gazebo', 'catkin_cmake_args': None, 'catkin_skip_building_tests': False, 'cmake_args': None, 'cmake_clean_cache': False, 'cmake_clean_first': False, 'cmake_force_configure': False, 'cmake_target': None, 'cmake_target_skip_unavailable': False, 'install_base': '/home/tyler/ros_workspaces/drone_simulation/install/tello_gazebo', 'merge_install': False, 'path': '/home/tyler/ros_workspaces/drone_simulation/src/tello_ros/tello_gazebo', 'symlink_install': False, 'test_result_base': None}
[0.215s] INFO:colcon.colcon_core.executor:Executing jobs using 'parallel' executor
[0.215s] DEBUG:colcon.colcon_parallel_executor.executor.parallel:run_until_complete
[0.216s] INFO:colcon.colcon_ros.task.ament_cmake.build:Building ROS package in '/home/tyler/ros_workspaces/drone_simulation/src/tello_ros/tello_msgs' with build type 'ament_cmake'
[0.216s] INFO:colcon.colcon_cmake.task.cmake.build:Building CMake package in '/home/tyler/ros_workspaces/drone_simulation/src/tello_ros/tello_msgs'
[0.218s] INFO:colcon.colcon_core.plugin_system:Skipping extension 'colcon_core.shell.bat': Not used on non-Windows systems
[0.218s] INFO:colcon.colcon_core.shell:Skip shell extension 'powershell' for command environment: Not usable outside of PowerShell
[0.218s] DEBUG:colcon.colcon_core.shell:Skip shell extension 'dsv' for command environment
[0.220s] INFO:colcon.colcon_ros.task.ament_cmake.build:Building ROS package in '/home/tyler/ros_workspaces/drone_simulation/src/ros2_shared' with build type 'ament_cmake'
[0.220s] INFO:colcon.colcon_cmake.task.cmake.build:Building CMake package in '/home/tyler/ros_workspaces/drone_simulation/src/ros2_shared'
[0.220s] INFO:colcon.colcon_core.shell:Skip shell extension 'powershell' for command environment: Not usable outside of PowerShell
[0.220s] DEBUG:colcon.colcon_core.shell:Skip shell extension 'dsv' for command environment
[0.222s] INFO:colcon.colcon_ros.task.ament_python.build:Building ROS package in '/home/tyler/ros_workspaces/drone_simulation/src/my_drone_vision' with build type 'ament_python'
[0.222s] Level 1:colcon.colcon_core.shell:create_environment_hook('my_drone_vision', 'ament_prefix_path')
[0.223s] INFO:colcon.colcon_core.shell:Creating environment hook '/home/tyler/ros_workspaces/drone_simulation/install/my_drone_vision/share/my_drone_vision/hook/ament_prefix_path.ps1'
[0.223s] INFO:colcon.colcon_core.shell:Creating environment descriptor '/home/tyler/ros_workspaces/drone_simulation/install/my_drone_vision/share/my_drone_vision/hook/ament_prefix_path.dsv'
[0.223s] INFO:colcon.colcon_core.shell:Creating environment hook '/home/tyler/ros_workspaces/drone_simulation/install/my_drone_vision/share/my_drone_vision/hook/ament_prefix_path.sh'
[0.224s] INFO:colcon.colcon_core.shell:Skip shell extension 'powershell' for command environment: Not usable outside of PowerShell
[0.224s] DEBUG:colcon.colcon_core.shell:Skip shell extension 'dsv' for command environment
[0.225s] INFO:colcon.colcon_ros.task.ament_cmake.build:Building ROS package in '/home/tyler/ros_workspaces/drone_simulation/src/tello_ros/tello_description' with build type 'ament_cmake'
[0.225s] INFO:colcon.colcon_cmake.task.cmake.build:Building CMake package in '/home/tyler/ros_workspaces/drone_simulation/src/tello_ros/tello_description'
[0.225s] INFO:colcon.colcon_core.shell:Skip shell extension 'powershell' for command environment: Not usable outside of PowerShell
[0.225s] DEBUG:colcon.colcon_core.shell:Skip shell extension 'dsv' for command environment
[0.232s] DEBUG:colcon.colcon_core.event_handler.log_command:Invoking command in '/home/tyler/ros_workspaces/drone_simulation/build/tello_msgs': CMAKE_PREFIX_PATH=${CMAKE_PREFIX_PATH}:/home/tyler/ros_workspaces/drone_simulation/install/my_drone_vision:/opt/ros/humble /usr/bin/cmake --build /home/tyler/ros_workspaces/drone_simulation/build/tello_msgs -- -j24 -l24
[0.234s] DEBUG:colcon.colcon_core.event_handler.log_command:Invoking command in '/home/tyler/ros_workspaces/drone_simulation/build/ros2_shared': CMAKE_PREFIX_PATH=${CMAKE_PREFIX_PATH}:/home/tyler/ros_workspaces/drone_simulation/install/my_drone_vision:/opt/ros/humble /usr/bin/cmake --build /home/tyler/ros_workspaces/drone_simulation/build/ros2_shared -- -j24 -l24
[0.357s] INFO:colcon.colcon_core.task.python.build:Building Python package in '/home/tyler/ros_workspaces/drone_simulation/src/my_drone_vision'
[0.357s] INFO:colcon.colcon_core.shell:Skip shell extension 'powershell' for command environment: Not usable outside of PowerShell
[0.357s] DEBUG:colcon.colcon_core.shell:Skip shell extension 'dsv' for command environment
[0.364s] DEBUG:colcon.colcon_core.event_handler.log_command:Invoking command in '/home/tyler/ros_workspaces/drone_simulation/build/tello_description': CMAKE_PREFIX_PATH=${CMAKE_PREFIX_PATH}:/home/tyler/ros_workspaces/drone_simulation/install/my_drone_vision:/opt/ros/humble /usr/bin/cmake --build /home/tyler/ros_workspaces/drone_simulation/build/tello_description -- -j24 -l24
[0.405s] DEBUG:colcon.colcon_core.event_handler.log_command:Invoked command in '/home/tyler/ros_workspaces/drone_simulation/build/tello_description' returned '0': CMAKE_PREFIX_PATH=${CMAKE_PREFIX_PATH}:/home/tyler/ros_workspaces/drone_simulation/install/my_drone_vision:/opt/ros/humble /usr/bin/cmake --build /home/tyler/ros_workspaces/drone_simulation/build/tello_description -- -j24 -l24
[0.412s] DEBUG:colcon.colcon_core.event_handler.log_command:Invoking command in '/home/tyler/ros_workspaces/drone_simulation/build/tello_description': CMAKE_PREFIX_PATH=${CMAKE_PREFIX_PATH}:/home/tyler/ros_workspaces/drone_simulation/install/my_drone_vision:/opt/ros/humble /usr/bin/cmake --install /home/tyler/ros_workspaces/drone_simulation/build/tello_description
[0.419s] Level 1:colcon.colcon_core.environment:create_environment_scripts_only(tello_description)
[0.419s] DEBUG:colcon.colcon_core.event_handler.log_command:Invoked command in '/home/tyler/ros_workspaces/drone_simulation/build/tello_description' returned '0': CMAKE_PREFIX_PATH=${CMAKE_PREFIX_PATH}:/home/tyler/ros_workspaces/drone_simulation/install/my_drone_vision:/opt/ros/humble /usr/bin/cmake --install /home/tyler/ros_workspaces/drone_simulation/build/tello_description
[0.421s] Level 1:colcon.colcon_core.environment:checking '/home/tyler/ros_workspaces/drone_simulation/install/tello_description' for CMake module files
[0.421s] Level 1:colcon.colcon_core.environment:checking '/home/tyler/ros_workspaces/drone_simulation/install/tello_description' for CMake config files
[0.421s] Level 1:colcon.colcon_core.shell:create_environment_hook('tello_description', 'cmake_prefix_path')
[0.421s] INFO:colcon.colcon_core.shell:Creating environment hook '/home/tyler/ros_workspaces/drone_simulation/install/tello_description/share/tello_description/hook/cmake_prefix_path.ps1'
[0.421s] INFO:colcon.colcon_core.shell:Creating environment descriptor '/home/tyler/ros_workspaces/drone_simulation/install/tello_description/share/tello_description/hook/cmake_prefix_path.dsv'
[0.422s] INFO:colcon.colcon_core.shell:Creating environment hook '/home/tyler/ros_workspaces/drone_simulation/install/tello_description/share/tello_description/hook/cmake_prefix_path.sh'
[0.422s] Level 1:colcon.colcon_core.environment:checking '/home/tyler/ros_workspaces/drone_simulation/install/tello_description/bin'
[0.422s] Level 1:colcon.colcon_core.environment:checking '/home/tyler/ros_workspaces/drone_simulation/install/tello_description/lib/pkgconfig/tello_description.pc'
[0.422s] Level 1:colcon.colcon_core.environment:checking '/home/tyler/ros_workspaces/drone_simulation/install/tello_description/lib/python3.10/site-packages'
[0.423s] Level 1:colcon.colcon_core.environment:checking '/home/tyler/ros_workspaces/drone_simulation/install/tello_description/bin'
[0.423s] INFO:colcon.colcon_core.shell:Creating package script '/home/tyler/ros_workspaces/drone_simulation/install/tello_description/share/tello_description/package.ps1'
[0.423s] INFO:colcon.colcon_core.shell:Creating package descriptor '/home/tyler/ros_workspaces/drone_simulation/install/tello_description/share/tello_description/package.dsv'
[0.424s] INFO:colcon.colcon_core.shell:Creating package script '/home/tyler/ros_workspaces/drone_simulation/install/tello_description/share/tello_description/package.sh'
[0.424s] INFO:colcon.colcon_core.shell:Creating package script '/home/tyler/ros_workspaces/drone_simulation/install/tello_description/share/tello_description/package.bash'
[0.424s] INFO:colcon.colcon_core.shell:Creating package script '/home/tyler/ros_workspaces/drone_simulation/install/tello_description/share/tello_description/package.zsh'
[0.425s] Level 1:colcon.colcon_core.environment:create_file_with_runtime_dependencies(/home/tyler/ros_workspaces/drone_simulation/install/tello_description/share/colcon-core/packages/tello_description)
[0.425s] Level 1:colcon.colcon_core.environment:create_environment_scripts_only(tello_description)
[0.425s] Level 1:colcon.colcon_core.environment:checking '/home/tyler/ros_workspaces/drone_simulation/install/tello_description' for CMake module files
[0.425s] Level 1:colcon.colcon_core.environment:checking '/home/tyler/ros_workspaces/drone_simulation/install/tello_description' for CMake config files
[0.425s] Level 1:colcon.colcon_core.shell:create_environment_hook('tello_description', 'cmake_prefix_path')
[0.426s] INFO:colcon.colcon_core.shell:Creating environment hook '/home/tyler/ros_workspaces/drone_simulation/install/tello_description/share/tello_description/hook/cmake_prefix_path.ps1'
[0.426s] INFO:colcon.colcon_core.shell:Creating environment descriptor '/home/tyler/ros_workspaces/drone_simulation/install/tello_description/share/tello_description/hook/cmake_prefix_path.dsv'
[0.426s] INFO:colcon.colcon_core.shell:Creating environment hook '/home/tyler/ros_workspaces/drone_simulation/install/tello_description/share/tello_description/hook/cmake_prefix_path.sh'
[0.429s] Level 1:colcon.colcon_core.environment:checking '/home/tyler/ros_workspaces/drone_simulation/install/tello_description/bin'
[0.429s] Level 1:colcon.colcon_core.environment:checking '/home/tyler/ros_workspaces/drone_simulation/install/tello_description/lib/pkgconfig/tello_description.pc'
[0.429s] Level 1:colcon.colcon_core.environment:checking '/home/tyler/ros_workspaces/drone_simulation/install/tello_description/lib/python3.10/site-packages'
[0.430s] Level 1:colcon.colcon_core.environment:checking '/home/tyler/ros_workspaces/drone_simulation/install/tello_description/bin'
[0.430s] INFO:colcon.colcon_core.shell:Creating package script '/home/tyler/ros_workspaces/drone_simulation/install/tello_description/share/tello_description/package.ps1'
[0.430s] INFO:colcon.colcon_core.shell:Creating package descriptor '/home/tyler/ros_workspaces/drone_simulation/install/tello_description/share/tello_description/package.dsv'
[0.430s] INFO:colcon.colcon_core.shell:Creating package script '/home/tyler/ros_workspaces/drone_simulation/install/tello_description/share/tello_description/package.sh'
[0.431s] INFO:colcon.colcon_core.shell:Creating package script '/home/tyler/ros_workspaces/drone_simulation/install/tello_description/share/tello_description/package.bash'
[0.439s] INFO:colcon.colcon_core.shell:Creating package script '/home/tyler/ros_workspaces/drone_simulation/install/tello_description/share/tello_description/package.zsh'
[0.439s] Level 1:colcon.colcon_core.environment:create_file_with_runtime_dependencies(/home/tyler/ros_workspaces/drone_simulation/install/tello_description/share/colcon-core/packages/tello_description)
[0.552s] DEBUG:colcon.colcon_core.event_handler.log_command:Invoking command in '/home/tyler/ros_workspaces/drone_simulation/src/my_drone_vision': PYTHONPATH=/home/tyler/ros_workspaces/drone_simulation/build/my_drone_vision/prefix_override:/usr/lib/python3/dist-packages/colcon_core/task/python/colcon_distutils_commands:/home/tyler/ros_workspaces/drone_simulation/install/my_drone_vision/lib/python3.10/site-packages:${PYTHONPATH} /usr/bin/python3 -W ignore:setup.py install is deprecated -W ignore:easy_install command is deprecated setup.py egg_info --egg-base ../../build/my_drone_vision build --build-base /home/tyler/ros_workspaces/drone_simulation/build/my_drone_vision/build install --record /home/tyler/ros_workspaces/drone_simulation/build/my_drone_vision/install.log --single-version-externally-managed install_data
[0.696s] Level 1:colcon.colcon_core.environment:checking '/home/tyler/ros_workspaces/drone_simulation/install/my_drone_vision' for CMake module files
[0.697s] DEBUG:colcon.colcon_core.event_handler.log_command:Invoked command in '/home/tyler/ros_workspaces/drone_simulation/src/my_drone_vision' returned '0': PYTHONPATH=/home/tyler/ros_workspaces/drone_simulation/build/my_drone_vision/prefix_override:/usr/lib/python3/dist-packages/colcon_core/task/python/colcon_distutils_commands:/home/tyler/ros_workspaces/drone_simulation/install/my_drone_vision/lib/python3.10/site-packages:${PYTHONPATH} /usr/bin/python3 -W ignore:setup.py install is deprecated -W ignore:easy_install command is deprecated setup.py egg_info --egg-base ../../build/my_drone_vision build --build-base /home/tyler/ros_workspaces/drone_simulation/build/my_drone_vision/build install --record /home/tyler/ros_workspaces/drone_simulation/build/my_drone_vision/install.log --single-version-externally-managed install_data
[0.697s] Level 1:colcon.colcon_core.environment:checking '/home/tyler/ros_workspaces/drone_simulation/install/my_drone_vision' for CMake config files
[0.698s] Level 1:colcon.colcon_core.environment:checking '/home/tyler/ros_workspaces/drone_simulation/install/my_drone_vision/lib'
[0.698s] Level 1:colcon.colcon_core.environment:checking '/home/tyler/ros_workspaces/drone_simulation/install/my_drone_vision/bin'
[0.698s] Level 1:colcon.colcon_core.environment:checking '/home/tyler/ros_workspaces/drone_simulation/install/my_drone_vision/lib/pkgconfig/my_drone_vision.pc'
[0.698s] Level 1:colcon.colcon_core.environment:checking '/home/tyler/ros_workspaces/drone_simulation/install/my_drone_vision/lib/python3.10/site-packages'
[0.698s] Level 1:colcon.colcon_core.shell:create_environment_hook('my_drone_vision', 'pythonpath')
[0.698s] INFO:colcon.colcon_core.shell:Creating environment hook '/home/tyler/ros_workspaces/drone_simulation/install/my_drone_vision/share/my_drone_vision/hook/pythonpath.ps1'
[0.698s] INFO:colcon.colcon_core.shell:Creating environment descriptor '/home/tyler/ros_workspaces/drone_simulation/install/my_drone_vision/share/my_drone_vision/hook/pythonpath.dsv'
[0.699s] INFO:colcon.colcon_core.shell:Creating environment hook '/home/tyler/ros_workspaces/drone_simulation/install/my_drone_vision/share/my_drone_vision/hook/pythonpath.sh'
[0.699s] Level 1:colcon.colcon_core.environment:checking '/home/tyler/ros_workspaces/drone_simulation/install/my_drone_vision/bin'
[0.699s] Level 1:colcon.colcon_core.environment:create_environment_scripts_only(my_drone_vision)
[0.699s] INFO:colcon.colcon_core.shell:Creating package script '/home/tyler/ros_workspaces/drone_simulation/install/my_drone_vision/share/my_drone_vision/package.ps1'
[0.699s] INFO:colcon.colcon_core.shell:Creating package descriptor '/home/tyler/ros_workspaces/drone_simulation/install/my_drone_vision/share/my_drone_vision/package.dsv'
[0.700s] INFO:colcon.colcon_core.shell:Creating package script '/home/tyler/ros_workspaces/drone_simulation/install/my_drone_vision/share/my_drone_vision/package.sh'
[0.700s] INFO:colcon.colcon_core.shell:Creating package script '/home/tyler/ros_workspaces/drone_simulation/install/my_drone_vision/share/my_drone_vision/package.bash'
[0.700s] INFO:colcon.colcon_core.shell:Creating package script '/home/tyler/ros_workspaces/drone_simulation/install/my_drone_vision/share/my_drone_vision/package.zsh'
[0.700s] Level 1:colcon.colcon_core.environment:create_file_with_runtime_dependencies(/home/tyler/ros_workspaces/drone_simulation/install/my_drone_vision/share/colcon-core/packages/my_drone_vision)
[1.166s] DEBUG:colcon.colcon_core.event_handler.log_command:Invoked command in '/home/tyler/ros_workspaces/drone_simulation/build/tello_msgs' returned '0': CMAKE_PREFIX_PATH=${CMAKE_PREFIX_PATH}:/home/tyler/ros_workspaces/drone_simulation/install/my_drone_vision:/opt/ros/humble /usr/bin/cmake --build /home/tyler/ros_workspaces/drone_simulation/build/tello_msgs -- -j24 -l24
[1.167s] DEBUG:colcon.colcon_core.event_handler.log_command:Invoking command in '/home/tyler/ros_workspaces/drone_simulation/build/tello_msgs': CMAKE_PREFIX_PATH=${CMAKE_PREFIX_PATH}:/home/tyler/ros_workspaces/drone_simulation/install/my_drone_vision:/opt/ros/humble /usr/bin/cmake --install /home/tyler/ros_workspaces/drone_simulation/build/tello_msgs
[1.204s] Level 1:colcon.colcon_core.environment:create_environment_scripts_only(tello_msgs)
[1.204s] Level 1:colcon.colcon_core.environment:checking '/home/tyler/ros_workspaces/drone_simulation/install/tello_msgs' for CMake module files
[1.204s] DEBUG:colcon.colcon_core.event_handler.log_command:Invoked command in '/home/tyler/ros_workspaces/drone_simulation/build/tello_msgs' returned '0': CMAKE_PREFIX_PATH=${CMAKE_PREFIX_PATH}:/home/tyler/ros_workspaces/drone_simulation/install/my_drone_vision:/opt/ros/humble /usr/bin/cmake --install /home/tyler/ros_workspaces/drone_simulation/build/tello_msgs
[1.205s] Level 1:colcon.colcon_core.environment:checking '/home/tyler/ros_workspaces/drone_simulation/install/tello_msgs' for CMake config files
[1.205s] Level 1:colcon.colcon_core.shell:create_environment_hook('tello_msgs', 'cmake_prefix_path')
[1.205s] INFO:colcon.colcon_core.shell:Creating environment hook '/home/tyler/ros_workspaces/drone_simulation/install/tello_msgs/share/tello_msgs/hook/cmake_prefix_path.ps1'
[1.205s] INFO:colcon.colcon_core.shell:Creating environment descriptor '/home/tyler/ros_workspaces/drone_simulation/install/tello_msgs/share/tello_msgs/hook/cmake_prefix_path.dsv'
[1.205s] INFO:colcon.colcon_core.shell:Creating environment hook '/home/tyler/ros_workspaces/drone_simulation/install/tello_msgs/share/tello_msgs/hook/cmake_prefix_path.sh'
[1.206s] Level 1:colcon.colcon_core.environment:checking '/home/tyler/ros_workspaces/drone_simulation/install/tello_msgs/lib'
[1.206s] Level 1:colcon.colcon_core.shell:create_environment_hook('tello_msgs', 'ld_library_path_lib')
[1.206s] INFO:colcon.colcon_core.shell:Creating environment hook '/home/tyler/ros_workspaces/drone_simulation/install/tello_msgs/share/tello_msgs/hook/ld_library_path_lib.ps1'
[1.206s] INFO:colcon.colcon_core.shell:Creating environment descriptor '/home/tyler/ros_workspaces/drone_simulation/install/tello_msgs/share/tello_msgs/hook/ld_library_path_lib.dsv'
[1.207s] INFO:colcon.colcon_core.shell:Creating environment hook '/home/tyler/ros_workspaces/drone_simulation/install/tello_msgs/share/tello_msgs/hook/ld_library_path_lib.sh'
[1.207s] Level 1:colcon.colcon_core.environment:checking '/home/tyler/ros_workspaces/drone_simulation/install/tello_msgs/bin'
[1.207s] Level 1:colcon.colcon_core.environment:checking '/home/tyler/ros_workspaces/drone_simulation/install/tello_msgs/lib/pkgconfig/tello_msgs.pc'
[1.207s] Level 1:colcon.colcon_core.environment:checking '/home/tyler/ros_workspaces/drone_simulation/install/tello_msgs/lib/python3.10/site-packages'
[1.207s] Level 1:colcon.colcon_core.environment:checking '/home/tyler/ros_workspaces/drone_simulation/install/tello_msgs/bin'
[1.207s] INFO:colcon.colcon_core.shell:Creating package script '/home/tyler/ros_workspaces/drone_simulation/install/tello_msgs/share/tello_msgs/package.ps1'
[1.208s] INFO:colcon.colcon_core.shell:Creating package descriptor '/home/tyler/ros_workspaces/drone_simulation/install/tello_msgs/share/tello_msgs/package.dsv'
[1.208s] INFO:colcon.colcon_core.shell:Creating package script '/home/tyler/ros_workspaces/drone_simulation/install/tello_msgs/share/tello_msgs/package.sh'
[1.208s] INFO:colcon.colcon_core.shell:Creating package script '/home/tyler/ros_workspaces/drone_simulation/install/tello_msgs/share/tello_msgs/package.bash'
[1.208s] INFO:colcon.colcon_core.shell:Creating package script '/home/tyler/ros_workspaces/drone_simulation/install/tello_msgs/share/tello_msgs/package.zsh'
[1.208s] Level 1:colcon.colcon_core.environment:create_file_with_runtime_dependencies(/home/tyler/ros_workspaces/drone_simulation/install/tello_msgs/share/colcon-core/packages/tello_msgs)
[1.209s] Level 1:colcon.colcon_core.environment:create_environment_scripts_only(tello_msgs)
[1.209s] Level 1:colcon.colcon_core.environment:checking '/home/tyler/ros_workspaces/drone_simulation/install/tello_msgs' for CMake module files
[1.209s] Level 1:colcon.colcon_core.environment:checking '/home/tyler/ros_workspaces/drone_simulation/install/tello_msgs' for CMake config files
[1.209s] Level 1:colcon.colcon_core.shell:create_environment_hook('tello_msgs', 'cmake_prefix_path')
[1.209s] INFO:colcon.colcon_core.shell:Creating environment hook '/home/tyler/ros_workspaces/drone_simulation/install/tello_msgs/share/tello_msgs/hook/cmake_prefix_path.ps1'
[1.210s] INFO:colcon.colcon_core.shell:Creating environment descriptor '/home/tyler/ros_workspaces/drone_simulation/install/tello_msgs/share/tello_msgs/hook/cmake_prefix_path.dsv'
[1.210s] INFO:colcon.colcon_core.shell:Creating environment hook '/home/tyler/ros_workspaces/drone_simulation/install/tello_msgs/share/tello_msgs/hook/cmake_prefix_path.sh'
[1.210s] Level 1:colcon.colcon_core.environment:checking '/home/tyler/ros_workspaces/drone_simulation/install/tello_msgs/lib'
[1.210s] Level 1:colcon.colcon_core.shell:create_environment_hook('tello_msgs', 'ld_library_path_lib')
[1.210s] INFO:colcon.colcon_core.shell:Creating environment hook '/home/tyler/ros_workspaces/drone_simulation/install/tello_msgs/share/tello_msgs/hook/ld_library_path_lib.ps1'
[1.210s] INFO:colcon.colcon_core.shell:Creating environment descriptor '/home/tyler/ros_workspaces/drone_simulation/install/tello_msgs/share/tello_msgs/hook/ld_library_path_lib.dsv'
[1.211s] INFO:colcon.colcon_core.shell:Creating environment hook '/home/tyler/ros_workspaces/drone_simulation/install/tello_msgs/share/tello_msgs/hook/ld_library_path_lib.sh'
[1.211s] Level 1:colcon.colcon_core.environment:checking '/home/tyler/ros_workspaces/drone_simulation/install/tello_msgs/bin'
[1.211s] Level 1:colcon.colcon_core.environment:checking '/home/tyler/ros_workspaces/drone_simulation/install/tello_msgs/lib/pkgconfig/tello_msgs.pc'
[1.211s] Level 1:colcon.colcon_core.environment:checking '/home/tyler/ros_workspaces/drone_simulation/install/tello_msgs/lib/python3.10/site-packages'
[1.211s] Level 1:colcon.colcon_core.environment:checking '/home/tyler/ros_workspaces/drone_simulation/install/tello_msgs/bin'
[1.211s] INFO:colcon.colcon_core.shell:Creating package script '/home/tyler/ros_workspaces/drone_simulation/install/tello_msgs/share/tello_msgs/package.ps1'
[1.212s] INFO:colcon.colcon_core.shell:Creating package descriptor '/home/tyler/ros_workspaces/drone_simulation/install/tello_msgs/share/tello_msgs/package.dsv'
[1.212s] INFO:colcon.colcon_core.shell:Creating package script '/home/tyler/ros_workspaces/drone_simulation/install/tello_msgs/share/tello_msgs/package.sh'
[1.212s] INFO:colcon.colcon_core.shell:Creating package script '/home/tyler/ros_workspaces/drone_simulation/install/tello_msgs/share/tello_msgs/package.bash'
[1.212s] INFO:colcon.colcon_core.shell:Creating package script '/home/tyler/ros_workspaces/drone_simulation/install/tello_msgs/share/tello_msgs/package.zsh'
[1.212s] Level 1:colcon.colcon_core.environment:create_file_with_runtime_dependencies(/home/tyler/ros_workspaces/drone_simulation/install/tello_msgs/share/colcon-core/packages/tello_msgs)
[1.213s] INFO:colcon.colcon_ros.task.ament_cmake.build:Building ROS package in '/home/tyler/ros_workspaces/drone_simulation/src/tello_ros/tello_gazebo' with build type 'ament_cmake'
[1.213s] INFO:colcon.colcon_cmake.task.cmake.build:Building CMake package in '/home/tyler/ros_workspaces/drone_simulation/src/tello_ros/tello_gazebo'
[1.213s] INFO:colcon.colcon_core.shell:Skip shell extension 'powershell' for command environment: Not usable outside of PowerShell
[1.213s] DEBUG:colcon.colcon_core.shell:Skip shell extension 'dsv' for command environment
[1.257s] DEBUG:colcon.colcon_core.event_handler.log_command:Invoking command in '/home/tyler/ros_workspaces/drone_simulation/build/tello_gazebo': CMAKE_PREFIX_PATH=/home/tyler/ros_workspaces/drone_simulation/install/tello_msgs:/home/tyler/ros_workspaces/drone_simulation/install/tello_gazebo:/home/tyler/ros_workspaces/drone_simulation/install/tello_driver:/home/tyler/ros_workspaces/drone_simulation/install/tello_description:/home/tyler/ros_workspaces/drone_simulation/install/ros2_shared:/home/tyler/ros_workspaces/drone_simulation/install/my_drone_vision:/opt/ros/humble LD_LIBRARY_PATH=/home/tyler/ros_workspaces/drone_simulation/install/tello_msgs/lib:/usr/lib/x86_64-linux-gnu/nvidia:/usr/lib/x86_64-linux-gnu/nvidia:/home/tyler/ros_workspaces/drone_simulation/install/tello_gazebo/lib:/home/tyler/ros_workspaces/drone_simulation/install/tello_driver/lib:/usr/lib/x86_64-linux-gnu/gazebo-11/plugins:/opt/ros/humble/lib/x86_64-linux-gnu:/opt/ros/humble/lib:/usr/lib/x86_64-linux-gnu/nvidia:/usr/lib/x86_64-linux-gnu/nvidia /usr/bin/cmake --build /home/tyler/ros_workspaces/drone_simulation/build/tello_gazebo -- -j24 -l24
[1.307s] DEBUG:colcon.colcon_core.event_handler.log_command:Invoked command in '/home/tyler/ros_workspaces/drone_simulation/build/tello_gazebo' returned '0': CMAKE_PREFIX_PATH=/home/tyler/ros_workspaces/drone_simulation/install/tello_msgs:/home/tyler/ros_workspaces/drone_simulation/install/tello_gazebo:/home/tyler/ros_workspaces/drone_simulation/install/tello_driver:/home/tyler/ros_workspaces/drone_simulation/install/tello_description:/home/tyler/ros_workspaces/drone_simulation/install/ros2_shared:/home/tyler/ros_workspaces/drone_simulation/install/my_drone_vision:/opt/ros/humble LD_LIBRARY_PATH=/home/tyler/ros_workspaces/drone_simulation/install/tello_msgs/lib:/usr/lib/x86_64-linux-gnu/nvidia:/usr/lib/x86_64-linux-gnu/nvidia:/home/tyler/ros_workspaces/drone_simulation/install/tello_gazebo/lib:/home/tyler/ros_workspaces/drone_simulation/install/tello_driver/lib:/usr/lib/x86_64-linux-gnu/gazebo-11/plugins:/opt/ros/humble/lib/x86_64-linux-gnu:/opt/ros/humble/lib:/usr/lib/x86_64-linux-gnu/nvidia:/usr/lib/x86_64-linux-gnu/nvidia /usr/bin/cmake --build /home/tyler/ros_workspaces/drone_simulation/build/tello_gazebo -- -j24 -l24
[1.308s] DEBUG:colcon.colcon_core.event_handler.log_command:Invoking command in '/home/tyler/ros_workspaces/drone_simulation/build/tello_gazebo': CMAKE_PREFIX_PATH=/home/tyler/ros_workspaces/drone_simulation/install/tello_msgs:/home/tyler/ros_workspaces/drone_simulation/install/tello_gazebo:/home/tyler/ros_workspaces/drone_simulation/install/tello_driver:/home/tyler/ros_workspaces/drone_simulation/install/tello_description:/home/tyler/ros_workspaces/drone_simulation/install/ros2_shared:/home/tyler/ros_workspaces/drone_simulation/install/my_drone_vision:/opt/ros/humble LD_LIBRARY_PATH=/home/tyler/ros_workspaces/drone_simulation/install/tello_msgs/lib:/usr/lib/x86_64-linux-gnu/nvidia:/usr/lib/x86_64-linux-gnu/nvidia:/home/tyler/ros_workspaces/drone_simulation/install/tello_gazebo/lib:/home/tyler/ros_workspaces/drone_simulation/install/tello_driver/lib:/usr/lib/x86_64-linux-gnu/gazebo-11/plugins:/opt/ros/humble/lib/x86_64-linux-gnu:/opt/ros/humble/lib:/usr/lib/x86_64-linux-gnu/nvidia:/usr/lib/x86_64-linux-gnu/nvidia /usr/bin/cmake --install /home/tyler/ros_workspaces/drone_simulation/build/tello_gazebo
[1.317s] Level 1:colcon.colcon_core.environment:create_environment_scripts_only(tello_gazebo)
[1.318s] Level 1:colcon.colcon_core.environment:checking '/home/tyler/ros_workspaces/drone_simulation/install/tello_gazebo' for CMake module files
[1.323s] DEBUG:colcon.colcon_core.event_handler.log_command:Invoked command in '/home/tyler/ros_workspaces/drone_simulation/build/tello_gazebo' returned '0': CMAKE_PREFIX_PATH=/home/tyler/ros_workspaces/drone_simulation/install/tello_msgs:/home/tyler/ros_workspaces/drone_simulation/install/tello_gazebo:/home/tyler/ros_workspaces/drone_simulation/install/tello_driver:/home/tyler/ros_workspaces/drone_simulation/install/tello_description:/home/tyler/ros_workspaces/drone_simulation/install/ros2_shared:/home/tyler/ros_workspaces/drone_simulation/install/my_drone_vision:/opt/ros/humble LD_LIBRARY_PATH=/home/tyler/ros_workspaces/drone_simulation/install/tello_msgs/lib:/usr/lib/x86_64-linux-gnu/nvidia:/usr/lib/x86_64-linux-gnu/nvidia:/home/tyler/ros_workspaces/drone_simulation/install/tello_gazebo/lib:/home/tyler/ros_workspaces/drone_simulation/install/tello_driver/lib:/usr/lib/x86_64-linux-gnu/gazebo-11/plugins:/opt/ros/humble/lib/x86_64-linux-gnu:/opt/ros/humble/lib:/usr/lib/x86_64-linux-gnu/nvidia:/usr/lib/x86_64-linux-gnu/nvidia /usr/bin/cmake --install /home/tyler/ros_workspaces/drone_simulation/build/tello_gazebo
[1.323s] Level 1:colcon.colcon_core.environment:checking '/home/tyler/ros_workspaces/drone_simulation/install/tello_gazebo' for CMake config files
[1.323s] Level 1:colcon.colcon_core.shell:create_environment_hook('tello_gazebo', 'cmake_prefix_path')
[1.323s] INFO:colcon.colcon_core.shell:Creating environment hook '/home/tyler/ros_workspaces/drone_simulation/install/tello_gazebo/share/tello_gazebo/hook/cmake_prefix_path.ps1'
[1.324s] INFO:colcon.colcon_core.shell:Creating environment descriptor '/home/tyler/ros_workspaces/drone_simulation/install/tello_gazebo/share/tello_gazebo/hook/cmake_prefix_path.dsv'
[1.324s] INFO:colcon.colcon_core.shell:Creating environment hook '/home/tyler/ros_workspaces/drone_simulation/install/tello_gazebo/share/tello_gazebo/hook/cmake_prefix_path.sh'
[1.324s] Level 1:colcon.colcon_core.environment:checking '/home/tyler/ros_workspaces/drone_simulation/install/tello_gazebo/lib'
[1.324s] Level 1:colcon.colcon_core.shell:create_environment_hook('tello_gazebo', 'ld_library_path_lib')
[1.324s] INFO:colcon.colcon_core.shell:Creating environment hook '/home/tyler/ros_workspaces/drone_simulation/install/tello_gazebo/share/tello_gazebo/hook/ld_library_path_lib.ps1'
[1.324s] INFO:colcon.colcon_core.shell:Creating environment descriptor '/home/tyler/ros_workspaces/drone_simulation/install/tello_gazebo/share/tello_gazebo/hook/ld_library_path_lib.dsv'
[1.325s] INFO:colcon.colcon_core.shell:Creating environment hook '/home/tyler/ros_workspaces/drone_simulation/install/tello_gazebo/share/tello_gazebo/hook/ld_library_path_lib.sh'
[1.325s] Level 1:colcon.colcon_core.environment:checking '/home/tyler/ros_workspaces/drone_simulation/install/tello_gazebo/bin'
[1.325s] Level 1:colcon.colcon_core.environment:checking '/home/tyler/ros_workspaces/drone_simulation/install/tello_gazebo/lib/pkgconfig/tello_gazebo.pc'
[1.325s] Level 1:colcon.colcon_core.environment:checking '/home/tyler/ros_workspaces/drone_simulation/install/tello_gazebo/lib/python3.10/site-packages'
[1.325s] Level 1:colcon.colcon_core.environment:checking '/home/tyler/ros_workspaces/drone_simulation/install/tello_gazebo/bin'
[1.325s] INFO:colcon.colcon_core.shell:Creating package script '/home/tyler/ros_workspaces/drone_simulation/install/tello_gazebo/share/tello_gazebo/package.ps1'
[1.325s] INFO:colcon.colcon_core.shell:Creating package descriptor '/home/tyler/ros_workspaces/drone_simulation/install/tello_gazebo/share/tello_gazebo/package.dsv'
[1.326s] INFO:colcon.colcon_core.shell:Creating package script '/home/tyler/ros_workspaces/drone_simulation/install/tello_gazebo/share/tello_gazebo/package.sh'
[1.326s] INFO:colcon.colcon_core.shell:Creating package script '/home/tyler/ros_workspaces/drone_simulation/install/tello_gazebo/share/tello_gazebo/package.bash'
[1.326s] INFO:colcon.colcon_core.shell:Creating package script '/home/tyler/ros_workspaces/drone_simulation/install/tello_gazebo/share/tello_gazebo/package.zsh'
[1.326s] Level 1:colcon.colcon_core.environment:create_file_with_runtime_dependencies(/home/tyler/ros_workspaces/drone_simulation/install/tello_gazebo/share/colcon-core/packages/tello_gazebo)
[1.327s] Level 1:colcon.colcon_core.environment:create_environment_scripts_only(tello_gazebo)
[1.327s] Level 1:colcon.colcon_core.environment:checking '/home/tyler/ros_workspaces/drone_simulation/install/tello_gazebo' for CMake module files
[1.327s] Level 1:colcon.colcon_core.environment:checking '/home/tyler/ros_workspaces/drone_simulation/install/tello_gazebo' for CMake config files
[1.327s] Level 1:colcon.colcon_core.shell:create_environment_hook('tello_gazebo', 'cmake_prefix_path')
[1.327s] INFO:colcon.colcon_core.shell:Creating environment hook '/home/tyler/ros_workspaces/drone_simulation/install/tello_gazebo/share/tello_gazebo/hook/cmake_prefix_path.ps1'
[1.327s] INFO:colcon.colcon_core.shell:Creating environment descriptor '/home/tyler/ros_workspaces/drone_simulation/install/tello_gazebo/share/tello_gazebo/hook/cmake_prefix_path.dsv'
[1.327s] INFO:colcon.colcon_core.shell:Creating environment hook '/home/tyler/ros_workspaces/drone_simulation/install/tello_gazebo/share/tello_gazebo/hook/cmake_prefix_path.sh'
[1.328s] Level 1:colcon.colcon_core.environment:checking '/home/tyler/ros_workspaces/drone_simulation/install/tello_gazebo/lib'
[1.328s] Level 1:colcon.colcon_core.shell:create_environment_hook('tello_gazebo', 'ld_library_path_lib')
[1.328s] INFO:colcon.colcon_core.shell:Creating environment hook '/home/tyler/ros_workspaces/drone_simulation/install/tello_gazebo/share/tello_gazebo/hook/ld_library_path_lib.ps1'
[1.328s] INFO:colcon.colcon_core.shell:Creating environment descriptor '/home/tyler/ros_workspaces/drone_simulation/install/tello_gazebo/share/tello_gazebo/hook/ld_library_path_lib.dsv'
[1.328s] INFO:colcon.colcon_core.shell:Creating environment hook '/home/tyler/ros_workspaces/drone_simulation/install/tello_gazebo/share/tello_gazebo/hook/ld_library_path_lib.sh'
[1.328s] Level 1:colcon.colcon_core.environment:checking '/home/tyler/ros_workspaces/drone_simulation/install/tello_gazebo/bin'
[1.328s] Level 1:colcon.colcon_core.environment:checking '/home/tyler/ros_workspaces/drone_simulation/install/tello_gazebo/lib/pkgconfig/tello_gazebo.pc'
[1.329s] Level 1:colcon.colcon_core.environment:checking '/home/tyler/ros_workspaces/drone_simulation/install/tello_gazebo/lib/python3.10/site-packages'
[1.329s] Level 1:colcon.colcon_core.environment:checking '/home/tyler/ros_workspaces/drone_simulation/install/tello_gazebo/bin'
[1.329s] INFO:colcon.colcon_core.shell:Creating package script '/home/tyler/ros_workspaces/drone_simulation/install/tello_gazebo/share/tello_gazebo/package.ps1'
[1.329s] INFO:colcon.colcon_core.shell:Creating package descriptor '/home/tyler/ros_workspaces/drone_simulation/install/tello_gazebo/share/tello_gazebo/package.dsv'
[1.329s] INFO:colcon.colcon_core.shell:Creating package script '/home/tyler/ros_workspaces/drone_simulation/install/tello_gazebo/share/tello_gazebo/package.sh'
[1.330s] INFO:colcon.colcon_core.shell:Creating package script '/home/tyler/ros_workspaces/drone_simulation/install/tello_gazebo/share/tello_gazebo/package.bash'
[1.330s] INFO:colcon.colcon_core.shell:Creating package script '/home/tyler/ros_workspaces/drone_simulation/install/tello_gazebo/share/tello_gazebo/package.zsh'
[1.330s] Level 1:colcon.colcon_core.environment:create_file_with_runtime_dependencies(/home/tyler/ros_workspaces/drone_simulation/install/tello_gazebo/share/colcon-core/packages/tello_gazebo)
[2.860s] DEBUG:colcon.colcon_core.event_handler.log_command:Invoked command in '/home/tyler/ros_workspaces/drone_simulation/build/ros2_shared' returned '0': CMAKE_PREFIX_PATH=${CMAKE_PREFIX_PATH}:/home/tyler/ros_workspaces/drone_simulation/install/my_drone_vision:/opt/ros/humble /usr/bin/cmake --build /home/tyler/ros_workspaces/drone_simulation/build/ros2_shared -- -j24 -l24
[2.861s] DEBUG:colcon.colcon_core.event_handler.log_command:Invoking command in '/home/tyler/ros_workspaces/drone_simulation/build/ros2_shared': CMAKE_PREFIX_PATH=${CMAKE_PREFIX_PATH}:/home/tyler/ros_workspaces/drone_simulation/install/my_drone_vision:/opt/ros/humble /usr/bin/cmake --install /home/tyler/ros_workspaces/drone_simulation/build/ros2_shared
[2.868s] Level 1:colcon.colcon_core.environment:create_environment_scripts_only(ros2_shared)
[2.868s] Level 1:colcon.colcon_core.environment:checking '/home/tyler/ros_workspaces/drone_simulation/install/ros2_shared' for CMake module files
[2.868s] DEBUG:colcon.colcon_core.event_handler.log_command:Invoked command in '/home/tyler/ros_workspaces/drone_simulation/build/ros2_shared' returned '0': CMAKE_PREFIX_PATH=${CMAKE_PREFIX_PATH}:/home/tyler/ros_workspaces/drone_simulation/install/my_drone_vision:/opt/ros/humble /usr/bin/cmake --install /home/tyler/ros_workspaces/drone_simulation/build/ros2_shared
[2.868s] Level 1:colcon.colcon_core.environment:checking '/home/tyler/ros_workspaces/drone_simulation/install/ros2_shared' for CMake config files
[2.869s] Level 1:colcon.colcon_core.shell:create_environment_hook('ros2_shared', 'cmake_prefix_path')
[2.869s] INFO:colcon.colcon_core.shell:Creating environment hook '/home/tyler/ros_workspaces/drone_simulation/install/ros2_shared/share/ros2_shared/hook/cmake_prefix_path.ps1'
[2.869s] INFO:colcon.colcon_core.shell:Creating environment descriptor '/home/tyler/ros_workspaces/drone_simulation/install/ros2_shared/share/ros2_shared/hook/cmake_prefix_path.dsv'
[2.869s] INFO:colcon.colcon_core.shell:Creating environment hook '/home/tyler/ros_workspaces/drone_simulation/install/ros2_shared/share/ros2_shared/hook/cmake_prefix_path.sh'
[2.870s] Level 1:colcon.colcon_core.environment:checking '/home/tyler/ros_workspaces/drone_simulation/install/ros2_shared/bin'
[2.870s] Level 1:colcon.colcon_core.environment:checking '/home/tyler/ros_workspaces/drone_simulation/install/ros2_shared/lib/pkgconfig/ros2_shared.pc'
[2.870s] Level 1:colcon.colcon_core.environment:checking '/home/tyler/ros_workspaces/drone_simulation/install/ros2_shared/lib/python3.10/site-packages'
[2.870s] Level 1:colcon.colcon_core.environment:checking '/home/tyler/ros_workspaces/drone_simulation/install/ros2_shared/bin'
[2.870s] INFO:colcon.colcon_core.shell:Creating package script '/home/tyler/ros_workspaces/drone_simulation/install/ros2_shared/share/ros2_shared/package.ps1'
[2.871s] INFO:colcon.colcon_core.shell:Creating package descriptor '/home/tyler/ros_workspaces/drone_simulation/install/ros2_shared/share/ros2_shared/package.dsv'
[2.871s] INFO:colcon.colcon_core.shell:Creating package script '/home/tyler/ros_workspaces/drone_simulation/install/ros2_shared/share/ros2_shared/package.sh'
[2.871s] INFO:colcon.colcon_core.shell:Creating package script '/home/tyler/ros_workspaces/drone_simulation/install/ros2_shared/share/ros2_shared/package.bash'
[2.871s] INFO:colcon.colcon_core.shell:Creating package script '/home/tyler/ros_workspaces/drone_simulation/install/ros2_shared/share/ros2_shared/package.zsh'
[2.871s] Level 1:colcon.colcon_core.environment:create_file_with_runtime_dependencies(/home/tyler/ros_workspaces/drone_simulation/install/ros2_shared/share/colcon-core/packages/ros2_shared)
[2.872s] Level 1:colcon.colcon_core.environment:create_environment_scripts_only(ros2_shared)
[2.872s] Level 1:colcon.colcon_core.environment:checking '/home/tyler/ros_workspaces/drone_simulation/install/ros2_shared' for CMake module files
[2.872s] Level 1:colcon.colcon_core.environment:checking '/home/tyler/ros_workspaces/drone_simulation/install/ros2_shared' for CMake config files
[2.872s] Level 1:colcon.colcon_core.shell:create_environment_hook('ros2_shared', 'cmake_prefix_path')
[2.872s] INFO:colcon.colcon_core.shell:Creating environment hook '/home/tyler/ros_workspaces/drone_simulation/install/ros2_shared/share/ros2_shared/hook/cmake_prefix_path.ps1'
[2.872s] INFO:colcon.colcon_core.shell:Creating environment descriptor '/home/tyler/ros_workspaces/drone_simulation/install/ros2_shared/share/ros2_shared/hook/cmake_prefix_path.dsv'
[2.873s] INFO:colcon.colcon_core.shell:Creating environment hook '/home/tyler/ros_workspaces/drone_simulation/install/ros2_shared/share/ros2_shared/hook/cmake_prefix_path.sh'
[2.873s] Level 1:colcon.colcon_core.environment:checking '/home/tyler/ros_workspaces/drone_simulation/install/ros2_shared/bin'
[2.873s] Level 1:colcon.colcon_core.environment:checking '/home/tyler/ros_workspaces/drone_simulation/install/ros2_shared/lib/pkgconfig/ros2_shared.pc'
[2.873s] Level 1:colcon.colcon_core.environment:checking '/home/tyler/ros_workspaces/drone_simulation/install/ros2_shared/lib/python3.10/site-packages'
[2.873s] Level 1:colcon.colcon_core.environment:checking '/home/tyler/ros_workspaces/drone_simulation/install/ros2_shared/bin'
[2.873s] INFO:colcon.colcon_core.shell:Creating package script '/home/tyler/ros_workspaces/drone_simulation/install/ros2_shared/share/ros2_shared/package.ps1'
[2.874s] INFO:colcon.colcon_core.shell:Creating package descriptor '/home/tyler/ros_workspaces/drone_simulation/install/ros2_shared/share/ros2_shared/package.dsv'
[2.874s] INFO:colcon.colcon_core.shell:Creating package script '/home/tyler/ros_workspaces/drone_simulation/install/ros2_shared/share/ros2_shared/package.sh'
[2.874s] INFO:colcon.colcon_core.shell:Creating package script '/home/tyler/ros_workspaces/drone_simulation/install/ros2_shared/share/ros2_shared/package.bash'
[2.874s] INFO:colcon.colcon_core.shell:Creating package script '/home/tyler/ros_workspaces/drone_simulation/install/ros2_shared/share/ros2_shared/package.zsh'
[2.874s] Level 1:colcon.colcon_core.environment:create_file_with_runtime_dependencies(/home/tyler/ros_workspaces/drone_simulation/install/ros2_shared/share/colcon-core/packages/ros2_shared)
[2.875s] INFO:colcon.colcon_ros.task.ament_cmake.build:Building ROS package in '/home/tyler/ros_workspaces/drone_simulation/src/tello_ros/tello_driver' with build type 'ament_cmake'
[2.875s] INFO:colcon.colcon_cmake.task.cmake.build:Building CMake package in '/home/tyler/ros_workspaces/drone_simulation/src/tello_ros/tello_driver'
[2.875s] INFO:colcon.colcon_core.shell:Skip shell extension 'powershell' for command environment: Not usable outside of PowerShell
[2.875s] DEBUG:colcon.colcon_core.shell:Skip shell extension 'dsv' for command environment
[2.932s] DEBUG:colcon.colcon_core.event_handler.log_command:Invoking command in '/home/tyler/ros_workspaces/drone_simulation/build/tello_driver': CMAKE_PREFIX_PATH=/home/tyler/ros_workspaces/drone_simulation/install/tello_msgs:/home/tyler/ros_workspaces/drone_simulation/install/ros2_shared:/home/tyler/ros_workspaces/drone_simulation/install/tello_gazebo:/home/tyler/ros_workspaces/drone_simulation/install/tello_driver:/home/tyler/ros_workspaces/drone_simulation/install/tello_description:/home/tyler/ros_workspaces/drone_simulation/install/my_drone_vision:/opt/ros/humble LD_LIBRARY_PATH=/home/tyler/ros_workspaces/drone_simulation/install/tello_msgs/lib:/usr/lib/x86_64-linux-gnu/nvidia:/usr/lib/x86_64-linux-gnu/nvidia:/home/tyler/ros_workspaces/drone_simulation/install/tello_gazebo/lib:/home/tyler/ros_workspaces/drone_simulation/install/tello_driver/lib:/usr/lib/x86_64-linux-gnu/gazebo-11/plugins:/opt/ros/humble/lib/x86_64-linux-gnu:/opt/ros/humble/lib:/usr/lib/x86_64-linux-gnu/nvidia:/usr/lib/x86_64-linux-gnu/nvidia /usr/bin/cmake --build /home/tyler/ros_workspaces/drone_simulation/build/tello_driver -- -j24 -l24
[3.695s] DEBUG:colcon.colcon_core.event_handler.log_command:Invoked command in '/home/tyler/ros_workspaces/drone_simulation/build/tello_driver' returned '0': CMAKE_PREFIX_PATH=/home/tyler/ros_workspaces/drone_simulation/install/tello_msgs:/home/tyler/ros_workspaces/drone_simulation/install/ros2_shared:/home/tyler/ros_workspaces/drone_simulation/install/tello_gazebo:/home/tyler/ros_workspaces/drone_simulation/install/tello_driver:/home/tyler/ros_workspaces/drone_simulation/install/tello_description:/home/tyler/ros_workspaces/drone_simulation/install/my_drone_vision:/opt/ros/humble LD_LIBRARY_PATH=/home/tyler/ros_workspaces/drone_simulation/install/tello_msgs/lib:/usr/lib/x86_64-linux-gnu/nvidia:/usr/lib/x86_64-linux-gnu/nvidia:/home/tyler/ros_workspaces/drone_simulation/install/tello_gazebo/lib:/home/tyler/ros_workspaces/drone_simulation/install/tello_driver/lib:/usr/lib/x86_64-linux-gnu/gazebo-11/plugins:/opt/ros/humble/lib/x86_64-linux-gnu:/opt/ros/humble/lib:/usr/lib/x86_64-linux-gnu/nvidia:/usr/lib/x86_64-linux-gnu/nvidia /usr/bin/cmake --build /home/tyler/ros_workspaces/drone_simulation/build/tello_driver -- -j24 -l24
[3.696s] DEBUG:colcon.colcon_core.event_handler.log_command:Invoking command in '/home/tyler/ros_workspaces/drone_simulation/build/tello_driver': CMAKE_PREFIX_PATH=/home/tyler/ros_workspaces/drone_simulation/install/tello_msgs:/home/tyler/ros_workspaces/drone_simulation/install/ros2_shared:/home/tyler/ros_workspaces/drone_simulation/install/tello_gazebo:/home/tyler/ros_workspaces/drone_simulation/install/tello_driver:/home/tyler/ros_workspaces/drone_simulation/install/tello_description:/home/tyler/ros_workspaces/drone_simulation/install/my_drone_vision:/opt/ros/humble LD_LIBRARY_PATH=/home/tyler/ros_workspaces/drone_simulation/install/tello_msgs/lib:/usr/lib/x86_64-linux-gnu/nvidia:/usr/lib/x86_64-linux-gnu/nvidia:/home/tyler/ros_workspaces/drone_simulation/install/tello_gazebo/lib:/home/tyler/ros_workspaces/drone_simulation/install/tello_driver/lib:/usr/lib/x86_64-linux-gnu/gazebo-11/plugins:/opt/ros/humble/lib/x86_64-linux-gnu:/opt/ros/humble/lib:/usr/lib/x86_64-linux-gnu/nvidia:/usr/lib/x86_64-linux-gnu/nvidia /usr/bin/cmake --install /home/tyler/ros_workspaces/drone_simulation/build/tello_driver
[3.717s] Level 1:colcon.colcon_core.environment:create_environment_scripts_only(tello_driver)
[3.717s] Level 1:colcon.colcon_core.environment:checking '/home/tyler/ros_workspaces/drone_simulation/install/tello_driver' for CMake module files
[3.717s] DEBUG:colcon.colcon_core.event_handler.log_command:Invoked command in '/home/tyler/ros_workspaces/drone_simulation/build/tello_driver' returned '0': CMAKE_PREFIX_PATH=/home/tyler/ros_workspaces/drone_simulation/install/tello_msgs:/home/tyler/ros_workspaces/drone_simulation/install/ros2_shared:/home/tyler/ros_workspaces/drone_simulation/install/tello_gazebo:/home/tyler/ros_workspaces/drone_simulation/install/tello_driver:/home/tyler/ros_workspaces/drone_simulation/install/tello_description:/home/tyler/ros_workspaces/drone_simulation/install/my_drone_vision:/opt/ros/humble LD_LIBRARY_PATH=/home/tyler/ros_workspaces/drone_simulation/install/tello_msgs/lib:/usr/lib/x86_64-linux-gnu/nvidia:/usr/lib/x86_64-linux-gnu/nvidia:/home/tyler/ros_workspaces/drone_simulation/install/tello_gazebo/lib:/home/tyler/ros_workspaces/drone_simulation/install/tello_driver/lib:/usr/lib/x86_64-linux-gnu/gazebo-11/plugins:/opt/ros/humble/lib/x86_64-linux-gnu:/opt/ros/humble/lib:/usr/lib/x86_64-linux-gnu/nvidia:/usr/lib/x86_64-linux-gnu/nvidia /usr/bin/cmake --install /home/tyler/ros_workspaces/drone_simulation/build/tello_driver
[3.717s] Level 1:colcon.colcon_core.environment:checking '/home/tyler/ros_workspaces/drone_simulation/install/tello_driver' for CMake config files
[3.718s] Level 1:colcon.colcon_core.shell:create_environment_hook('tello_driver', 'cmake_prefix_path')
[3.718s] INFO:colcon.colcon_core.shell:Creating environment hook '/home/tyler/ros_workspaces/drone_simulation/install/tello_driver/share/tello_driver/hook/cmake_prefix_path.ps1'
[3.718s] INFO:colcon.colcon_core.shell:Creating environment descriptor '/home/tyler/ros_workspaces/drone_simulation/install/tello_driver/share/tello_driver/hook/cmake_prefix_path.dsv'
[3.718s] INFO:colcon.colcon_core.shell:Creating environment hook '/home/tyler/ros_workspaces/drone_simulation/install/tello_driver/share/tello_driver/hook/cmake_prefix_path.sh'
[3.719s] Level 1:colcon.colcon_core.environment:checking '/home/tyler/ros_workspaces/drone_simulation/install/tello_driver/lib'
[3.719s] Level 1:colcon.colcon_core.shell:create_environment_hook('tello_driver', 'ld_library_path_lib')
[3.719s] INFO:colcon.colcon_core.shell:Creating environment hook '/home/tyler/ros_workspaces/drone_simulation/install/tello_driver/share/tello_driver/hook/ld_library_path_lib.ps1'
[3.719s] INFO:colcon.colcon_core.shell:Creating environment descriptor '/home/tyler/ros_workspaces/drone_simulation/install/tello_driver/share/tello_driver/hook/ld_library_path_lib.dsv'
[3.719s] INFO:colcon.colcon_core.shell:Creating environment hook '/home/tyler/ros_workspaces/drone_simulation/install/tello_driver/share/tello_driver/hook/ld_library_path_lib.sh'
[3.720s] Level 1:colcon.colcon_core.environment:checking '/home/tyler/ros_workspaces/drone_simulation/install/tello_driver/bin'
[3.720s] Level 1:colcon.colcon_core.environment:checking '/home/tyler/ros_workspaces/drone_simulation/install/tello_driver/lib/pkgconfig/tello_driver.pc'
[3.720s] Level 1:colcon.colcon_core.environment:checking '/home/tyler/ros_workspaces/drone_simulation/install/tello_driver/lib/python3.10/site-packages'
[3.720s] Level 1:colcon.colcon_core.environment:checking '/home/tyler/ros_workspaces/drone_simulation/install/tello_driver/bin'
[3.720s] INFO:colcon.colcon_core.shell:Creating package script '/home/tyler/ros_workspaces/drone_simulation/install/tello_driver/share/tello_driver/package.ps1'
[3.720s] INFO:colcon.colcon_core.shell:Creating package descriptor '/home/tyler/ros_workspaces/drone_simulation/install/tello_driver/share/tello_driver/package.dsv'
[3.721s] INFO:colcon.colcon_core.shell:Creating package script '/home/tyler/ros_workspaces/drone_simulation/install/tello_driver/share/tello_driver/package.sh'
[3.721s] INFO:colcon.colcon_core.shell:Creating package script '/home/tyler/ros_workspaces/drone_simulation/install/tello_driver/share/tello_driver/package.bash'
[3.721s] INFO:colcon.colcon_core.shell:Creating package script '/home/tyler/ros_workspaces/drone_simulation/install/tello_driver/share/tello_driver/package.zsh'
[3.721s] Level 1:colcon.colcon_core.environment:create_file_with_runtime_dependencies(/home/tyler/ros_workspaces/drone_simulation/install/tello_driver/share/colcon-core/packages/tello_driver)
[3.721s] Level 1:colcon.colcon_core.environment:create_environment_scripts_only(tello_driver)
[3.722s] Level 1:colcon.colcon_core.environment:checking '/home/tyler/ros_workspaces/drone_simulation/install/tello_driver' for CMake module files
[3.722s] Level 1:colcon.colcon_core.environment:checking '/home/tyler/ros_workspaces/drone_simulation/install/tello_driver' for CMake config files
[3.722s] Level 1:colcon.colcon_core.shell:create_environment_hook('tello_driver', 'cmake_prefix_path')
[3.722s] INFO:colcon.colcon_core.shell:Creating environment hook '/home/tyler/ros_workspaces/drone_simulation/install/tello_driver/share/tello_driver/hook/cmake_prefix_path.ps1'
[3.723s] INFO:colcon.colcon_core.shell:Creating environment descriptor '/home/tyler/ros_workspaces/drone_simulation/install/tello_driver/share/tello_driver/hook/cmake_prefix_path.dsv'
[3.723s] INFO:colcon.colcon_core.shell:Creating environment hook '/home/tyler/ros_workspaces/drone_simulation/install/tello_driver/share/tello_driver/hook/cmake_prefix_path.sh'
[3.723s] Level 1:colcon.colcon_core.environment:checking '/home/tyler/ros_workspaces/drone_simulation/install/tello_driver/lib'
[3.723s] Level 1:colcon.colcon_core.shell:create_environment_hook('tello_driver', 'ld_library_path_lib')
[3.723s] INFO:colcon.colcon_core.shell:Creating environment hook '/home/tyler/ros_workspaces/drone_simulation/install/tello_driver/share/tello_driver/hook/ld_library_path_lib.ps1'
[3.723s] INFO:colcon.colcon_core.shell:Creating environment descriptor '/home/tyler/ros_workspaces/drone_simulation/install/tello_driver/share/tello_driver/hook/ld_library_path_lib.dsv'
[3.724s] INFO:colcon.colcon_core.shell:Creating environment hook '/home/tyler/ros_workspaces/drone_simulation/install/tello_driver/share/tello_driver/hook/ld_library_path_lib.sh'
[3.724s] Level 1:colcon.colcon_core.environment:checking '/home/tyler/ros_workspaces/drone_simulation/install/tello_driver/bin'
[3.724s] Level 1:colcon.colcon_core.environment:checking '/home/tyler/ros_workspaces/drone_simulation/install/tello_driver/lib/pkgconfig/tello_driver.pc'
[3.724s] Level 1:colcon.colcon_core.environment:checking '/home/tyler/ros_workspaces/drone_simulation/install/tello_driver/lib/python3.10/site-packages'
[3.724s] Level 1:colcon.colcon_core.environment:checking '/home/tyler/ros_workspaces/drone_simulation/install/tello_driver/bin'
[3.724s] INFO:colcon.colcon_core.shell:Creating package script '/home/tyler/ros_workspaces/drone_simulation/install/tello_driver/share/tello_driver/package.ps1'
[3.725s] INFO:colcon.colcon_core.shell:Creating package descriptor '/home/tyler/ros_workspaces/drone_simulation/install/tello_driver/share/tello_driver/package.dsv'
[3.725s] INFO:colcon.colcon_core.shell:Creating package script '/home/tyler/ros_workspaces/drone_simulation/install/tello_driver/share/tello_driver/package.sh'
[3.725s] INFO:colcon.colcon_core.shell:Creating package script '/home/tyler/ros_workspaces/drone_simulation/install/tello_driver/share/tello_driver/package.bash'
[3.725s] INFO:colcon.colcon_core.shell:Creating package script '/home/tyler/ros_workspaces/drone_simulation/install/tello_driver/share/tello_driver/package.zsh'
[3.725s] Level 1:colcon.colcon_core.environment:create_file_with_runtime_dependencies(/home/tyler/ros_workspaces/drone_simulation/install/tello_driver/share/colcon-core/packages/tello_driver)
[3.726s] DEBUG:colcon.colcon_parallel_executor.executor.parallel:closing loop
[3.726s] DEBUG:colcon.colcon_parallel_executor.executor.parallel:loop closed
[3.726s] DEBUG:colcon.colcon_parallel_executor.executor.parallel:run_until_complete finished with '0'
[3.726s] DEBUG:colcon.colcon_core.event_reactor:joining thread
[3.746s] INFO:colcon.colcon_core.plugin_system:Skipping extension 'colcon_notification.desktop_notification.notify_send': Could not find 'notify-send'
[3.746s] INFO:colcon.colcon_core.plugin_system:Skipping extension 'colcon_notification.desktop_notification.terminal_notifier': Not used on non-Darwin systems
[3.747s] INFO:colcon.colcon_core.plugin_system:Skipping extension 'colcon_notification.desktop_notification.win32': Not used on non-Windows systems
[3.747s] INFO:colcon.colcon_notification.desktop_notification:Sending desktop notification using 'notify2'
[3.747s] DEBUG:colcon.colcon_notification.desktop_notification.notify2:Failed to initialize notify2: org.freedesktop.DBus.Error.FileNotFound: Failed to connect to socket /run/user/1000/bus: No such file or directory
[3.747s] DEBUG:colcon.colcon_core.event_reactor:joined thread
[3.747s] INFO:colcon.colcon_core.shell:Creating prefix script '/home/tyler/ros_workspaces/drone_simulation/install/local_setup.ps1'
[3.748s] INFO:colcon.colcon_core.shell:Creating prefix util module '/home/tyler/ros_workspaces/drone_simulation/install/_local_setup_util_ps1.py'
[3.748s] INFO:colcon.colcon_core.shell:Creating prefix chain script '/home/tyler/ros_workspaces/drone_simulation/install/setup.ps1'
[3.749s] INFO:colcon.colcon_core.shell:Creating prefix script '/home/tyler/ros_workspaces/drone_simulation/install/local_setup.sh'
[3.750s] INFO:colcon.colcon_core.shell:Creating prefix util module '/home/tyler/ros_workspaces/drone_simulation/install/_local_setup_util_sh.py'
[3.750s] INFO:colcon.colcon_core.shell:Creating prefix chain script '/home/tyler/ros_workspaces/drone_simulation/install/setup.sh'
[3.751s] INFO:colcon.colcon_core.shell:Creating prefix script '/home/tyler/ros_workspaces/drone_simulation/install/local_setup.bash'
[3.751s] INFO:colcon.colcon_core.shell:Creating prefix chain script '/home/tyler/ros_workspaces/drone_simulation/install/setup.bash'
[3.752s] INFO:colcon.colcon_core.shell:Creating prefix script '/home/tyler/ros_workspaces/drone_simulation/install/local_setup.zsh'
[3.752s] INFO:colcon.colcon_core.shell:Creating prefix chain script '/home/tyler/ros_workspaces/drone_simulation/install/setup.zsh'
