[ 11%] [34m[1mGenerate /home/tyler/ros_workspaces/drone_simulation/build/tello_description/urdf/tello.urdf[0m
[ 22%] [34m[1mGenerate /home/tyler/ros_workspaces/drone_simulation/build/tello_description/urdf/tello_1.urdf[0m
[ 33%] [34m[1mGenerate /home/tyler/ros_workspaces/drone_simulation/build/tello_description/urdf/tello_2.urdf[0m
[ 44%] [34m[1mGenerate /home/tyler/ros_workspaces/drone_simulation/build/tello_description/urdf/tello_3.urdf[0m
[ 55%] [34m[1mGenerate /home/tyler/ros_workspaces/drone_simulation/build/tello_description/urdf/tello_8.urdf[0m
[ 66%] [34m[1mGenerate /home/tyler/ros_workspaces/drone_simulation/build/tello_description/urdf/tello_7.urdf[0m
[ 77%] [34m[1mGenerate /home/tyler/ros_workspaces/drone_simulation/build/tello_description/urdf/tello_4.urdf[0m
[ 88%] [34m[1mGenerate /home/tyler/ros_workspaces/drone_simulation/build/tello_description/urdf/tello_5.urdf[0m
[100%] [34m[1mGenerate /home/tyler/ros_workspaces/drone_simulation/build/tello_description/urdf/tello_6.urdf[0m
[100%] Built target generate_urdf_1
[100%] Built target generate_urdf
[100%] Built target generate_urdf_7
[100%] Built target generate_urdf_2
[100%] Built target generate_urdf_3
[100%] Built target generate_urdf_4
[100%] Built target generate_urdf_6
[100%] Built target generate_urdf_5
[100%] Built target generate_urdf_8
-- Install configuration: ""
-- Up-to-date: /home/tyler/ros_workspaces/drone_simulation/install/tello_description/share/tello_description/urdf
-- Installing: /home/tyler/ros_workspaces/drone_simulation/install/tello_description/share/tello_description/urdf/tello_3.urdf
-- Installing: /home/tyler/ros_workspaces/drone_simulation/install/tello_description/share/tello_description/urdf/tello_4.urdf
-- Installing: /home/tyler/ros_workspaces/drone_simulation/install/tello_description/share/tello_description/urdf/tello.urdf
-- Installing: /home/tyler/ros_workspaces/drone_simulation/install/tello_description/share/tello_description/urdf/tello_5.urdf
-- Installing: /home/tyler/ros_workspaces/drone_simulation/install/tello_description/share/tello_description/urdf/tello_8.urdf
-- Installing: /home/tyler/ros_workspaces/drone_simulation/install/tello_description/share/tello_description/urdf/tello_7.urdf
-- Installing: /home/tyler/ros_workspaces/drone_simulation/install/tello_description/share/tello_description/urdf/tello_1.urdf
-- Installing: /home/tyler/ros_workspaces/drone_simulation/install/tello_description/share/tello_description/urdf/tello_2.urdf
-- Installing: /home/tyler/ros_workspaces/drone_simulation/install/tello_description/share/tello_description/urdf/tello_6.urdf
-- Up-to-date: /home/tyler/ros_workspaces/drone_simulation/install/tello_description/share/ament_index/resource_index/package_run_dependencies/tello_description
-- Up-to-date: /home/tyler/ros_workspaces/drone_simulation/install/tello_description/share/ament_index/resource_index/parent_prefix_path/tello_description
-- Up-to-date: /home/tyler/ros_workspaces/drone_simulation/install/tello_description/share/tello_description/environment/ament_prefix_path.sh
-- Up-to-date: /home/tyler/ros_workspaces/drone_simulation/install/tello_description/share/tello_description/environment/ament_prefix_path.dsv
-- Up-to-date: /home/tyler/ros_workspaces/drone_simulation/install/tello_description/share/tello_description/environment/path.sh
-- Up-to-date: /home/tyler/ros_workspaces/drone_simulation/install/tello_description/share/tello_description/environment/path.dsv
-- Up-to-date: /home/tyler/ros_workspaces/drone_simulation/install/tello_description/share/tello_description/local_setup.bash
-- Up-to-date: /home/tyler/ros_workspaces/drone_simulation/install/tello_description/share/tello_description/local_setup.sh
-- Up-to-date: /home/tyler/ros_workspaces/drone_simulation/install/tello_description/share/tello_description/local_setup.zsh
-- Up-to-date: /home/tyler/ros_workspaces/drone_simulation/install/tello_description/share/tello_description/local_setup.dsv
-- Installing: /home/tyler/ros_workspaces/drone_simulation/install/tello_description/share/tello_description/package.dsv
-- Up-to-date: /home/tyler/ros_workspaces/drone_simulation/install/tello_description/share/ament_index/resource_index/packages/tello_description
-- Up-to-date: /home/tyler/ros_workspaces/drone_simulation/install/tello_description/share/tello_description/cmake/tello_descriptionConfig.cmake
-- Up-to-date: /home/tyler/ros_workspaces/drone_simulation/install/tello_description/share/tello_description/cmake/tello_descriptionConfig-version.cmake
-- Up-to-date: /home/tyler/ros_workspaces/drone_simulation/install/tello_description/share/tello_description/package.xml
