[0.007s] Invoking command in '/home/tyler/ros_workspaces/drone_simulation/build/tello_description': CMAKE_PREFIX_PATH=${CMAKE_PREFIX_PATH}:/home/tyler/ros_workspaces/drone_simulation/install/my_drone_vision:/opt/ros/humble /usr/bin/cmake --build /home/tyler/ros_workspaces/drone_simulation/build/tello_description -- -j24 -l24
[0.036s] [ 11%] [34m[1mGenerate /home/tyler/ros_workspaces/drone_simulation/build/tello_description/urdf/tello.urdf[0m
[0.036s] [ 22%] [34m[1mGenerate /home/tyler/ros_workspaces/drone_simulation/build/tello_description/urdf/tello_1.urdf[0m
[0.037s] [ 33%] [34m[1mGenerate /home/tyler/ros_workspaces/drone_simulation/build/tello_description/urdf/tello_2.urdf[0m
[0.037s] [ 44%] [34m[1mGenerate /home/tyler/ros_workspaces/drone_simulation/build/tello_description/urdf/tello_3.urdf[0m
[0.037s] [ 55%] [34m[1mGenerate /home/tyler/ros_workspaces/drone_simulation/build/tello_description/urdf/tello_8.urdf[0m
[0.037s] [ 66%] [34m[1mGenerate /home/tyler/ros_workspaces/drone_simulation/build/tello_description/urdf/tello_7.urdf[0m
[0.038s] [ 77%] [34m[1mGenerate /home/tyler/ros_workspaces/drone_simulation/build/tello_description/urdf/tello_4.urdf[0m
[0.039s] [ 88%] [34m[1mGenerate /home/tyler/ros_workspaces/drone_simulation/build/tello_description/urdf/tello_5.urdf[0m
[0.039s] [100%] [34m[1mGenerate /home/tyler/ros_workspaces/drone_simulation/build/tello_description/urdf/tello_6.urdf[0m
[0.058s] [100%] Built target generate_urdf_1
[0.058s] [100%] Built target generate_urdf
[0.058s] [100%] Built target generate_urdf_7
[0.059s] [100%] Built target generate_urdf_2
[0.060s] [100%] Built target generate_urdf_3
[0.062s] [100%] Built target generate_urdf_4
[0.063s] [100%] Built target generate_urdf_6
[0.067s] [100%] Built target generate_urdf_5
[0.069s] [100%] Built target generate_urdf_8
[0.076s] Invoked command in '/home/tyler/ros_workspaces/drone_simulation/build/tello_description' returned '0': CMAKE_PREFIX_PATH=${CMAKE_PREFIX_PATH}:/home/tyler/ros_workspaces/drone_simulation/install/my_drone_vision:/opt/ros/humble /usr/bin/cmake --build /home/tyler/ros_workspaces/drone_simulation/build/tello_description -- -j24 -l24
[0.082s] Invoking command in '/home/tyler/ros_workspaces/drone_simulation/build/tello_description': CMAKE_PREFIX_PATH=${CMAKE_PREFIX_PATH}:/home/tyler/ros_workspaces/drone_simulation/install/my_drone_vision:/opt/ros/humble /usr/bin/cmake --install /home/tyler/ros_workspaces/drone_simulation/build/tello_description
[0.086s] -- Install configuration: ""
[0.086s] -- Up-to-date: /home/tyler/ros_workspaces/drone_simulation/install/tello_description/share/tello_description/urdf
[0.086s] -- Installing: /home/tyler/ros_workspaces/drone_simulation/install/tello_description/share/tello_description/urdf/tello_3.urdf
[0.086s] -- Installing: /home/tyler/ros_workspaces/drone_simulation/install/tello_description/share/tello_description/urdf/tello_4.urdf
[0.086s] -- Installing: /home/tyler/ros_workspaces/drone_simulation/install/tello_description/share/tello_description/urdf/tello.urdf
[0.086s] -- Installing: /home/tyler/ros_workspaces/drone_simulation/install/tello_description/share/tello_description/urdf/tello_5.urdf
[0.086s] -- Installing: /home/tyler/ros_workspaces/drone_simulation/install/tello_description/share/tello_description/urdf/tello_8.urdf
[0.087s] -- Installing: /home/tyler/ros_workspaces/drone_simulation/install/tello_description/share/tello_description/urdf/tello_7.urdf
[0.087s] -- Installing: /home/tyler/ros_workspaces/drone_simulation/install/tello_description/share/tello_description/urdf/tello_1.urdf
[0.087s] -- Installing: /home/tyler/ros_workspaces/drone_simulation/install/tello_description/share/tello_description/urdf/tello_2.urdf
[0.087s] -- Installing: /home/tyler/ros_workspaces/drone_simulation/install/tello_description/share/tello_description/urdf/tello_6.urdf
[0.087s] -- Up-to-date: /home/tyler/ros_workspaces/drone_simulation/install/tello_description/share/ament_index/resource_index/package_run_dependencies/tello_description
[0.087s] -- Up-to-date: /home/tyler/ros_workspaces/drone_simulation/install/tello_description/share/ament_index/resource_index/parent_prefix_path/tello_description
[0.087s] -- Up-to-date: /home/tyler/ros_workspaces/drone_simulation/install/tello_description/share/tello_description/environment/ament_prefix_path.sh
[0.087s] -- Up-to-date: /home/tyler/ros_workspaces/drone_simulation/install/tello_description/share/tello_description/environment/ament_prefix_path.dsv
[0.087s] -- Up-to-date: /home/tyler/ros_workspaces/drone_simulation/install/tello_description/share/tello_description/environment/path.sh
[0.087s] -- Up-to-date: /home/tyler/ros_workspaces/drone_simulation/install/tello_description/share/tello_description/environment/path.dsv
[0.087s] -- Up-to-date: /home/tyler/ros_workspaces/drone_simulation/install/tello_description/share/tello_description/local_setup.bash
[0.087s] -- Up-to-date: /home/tyler/ros_workspaces/drone_simulation/install/tello_description/share/tello_description/local_setup.sh
[0.087s] -- Up-to-date: /home/tyler/ros_workspaces/drone_simulation/install/tello_description/share/tello_description/local_setup.zsh
[0.087s] -- Up-to-date: /home/tyler/ros_workspaces/drone_simulation/install/tello_description/share/tello_description/local_setup.dsv
[0.087s] -- Installing: /home/tyler/ros_workspaces/drone_simulation/install/tello_description/share/tello_description/package.dsv
[0.088s] -- Up-to-date: /home/tyler/ros_workspaces/drone_simulation/install/tello_description/share/ament_index/resource_index/packages/tello_description
[0.088s] -- Up-to-date: /home/tyler/ros_workspaces/drone_simulation/install/tello_description/share/tello_description/cmake/tello_descriptionConfig.cmake
[0.088s] -- Up-to-date: /home/tyler/ros_workspaces/drone_simulation/install/tello_description/share/tello_description/cmake/tello_descriptionConfig-version.cmake
[0.088s] -- Up-to-date: /home/tyler/ros_workspaces/drone_simulation/install/tello_description/share/tello_description/package.xml
[0.088s] Invoked command in '/home/tyler/ros_workspaces/drone_simulation/build/tello_description' returned '0': CMAKE_PREFIX_PATH=${CMAKE_PREFIX_PATH}:/home/tyler/ros_workspaces/drone_simulation/install/my_drone_vision:/opt/ros/humble /usr/bin/cmake --install /home/tyler/ros_workspaces/drone_simulation/build/tello_description
