[0.006s] Invoking command in '/home/tyler/ros2_ws/106a_final_project/drone_simulation/build/tello_driver': CMAKE_PREFIX_PATH=/home/tyler/ros2_ws/106a_final_project/drone_simulation/install/tello_msgs:/home/tyler/ros2_ws/106a_final_project/drone_simulation/install/ros2_shared:/home/tyler/ros2_ws/106a_final_project/drone_simulation/install/tello_gazebo:/home/tyler/ros2_ws/106a_final_project/drone_simulation/install/tello_driver:/home/tyler/ros2_ws/106a_final_project/drone_simulation/install/tello_description:/home/tyler/ros2_ws/106a_final_project/drone_simulation/install/fiducial_vlam_msgs:/home/tyler/ros2_ws/106a_final_project/drone_simulation/install/my_drone_vision:/opt/ros/humble LD_LIBRARY_PATH=/home/tyler/ros2_ws/106a_final_project/drone_simulation/install/tello_msgs/lib:/home/tyler/ros2_ws/106a_final_project/drone_simulation/install/tello_gazebo/lib:/home/tyler/ros2_ws/106a_final_project/drone_simulation/install/tello_driver/lib:/home/tyler/ros2_ws/106a_final_project/drone_simulation/install/fiducial_vlam_msgs/lib:/usr/lib/x86_64-linux-gnu/gazebo-11/plugins:/opt/ros/humble/opt/rviz_ogre_vendor/lib:/opt/ros/humble/lib/x86_64-linux-gnu:/opt/ros/humble/lib /usr/bin/cmake --build /home/tyler/ros2_ws/106a_final_project/drone_simulation/build/tello_driver -- -j24 -l24
[0.042s] [  9%] Built target tello_joy_node
[0.043s] [ 22%] Built target tello_joy_main
[0.043s] [ 31%] Built target tello_emulator
[0.046s] [ 63%] Built target tello_driver_node
[0.046s] [100%] Built target tello_driver_main
[0.052s] Invoked command in '/home/tyler/ros2_ws/106a_final_project/drone_simulation/build/tello_driver' returned '0': CMAKE_PREFIX_PATH=/home/tyler/ros2_ws/106a_final_project/drone_simulation/install/tello_msgs:/home/tyler/ros2_ws/106a_final_project/drone_simulation/install/ros2_shared:/home/tyler/ros2_ws/106a_final_project/drone_simulation/install/tello_gazebo:/home/tyler/ros2_ws/106a_final_project/drone_simulation/install/tello_driver:/home/tyler/ros2_ws/106a_final_project/drone_simulation/install/tello_description:/home/tyler/ros2_ws/106a_final_project/drone_simulation/install/fiducial_vlam_msgs:/home/tyler/ros2_ws/106a_final_project/drone_simulation/install/my_drone_vision:/opt/ros/humble LD_LIBRARY_PATH=/home/tyler/ros2_ws/106a_final_project/drone_simulation/install/tello_msgs/lib:/home/tyler/ros2_ws/106a_final_project/drone_simulation/install/tello_gazebo/lib:/home/tyler/ros2_ws/106a_final_project/drone_simulation/install/tello_driver/lib:/home/tyler/ros2_ws/106a_final_project/drone_simulation/install/fiducial_vlam_msgs/lib:/usr/lib/x86_64-linux-gnu/gazebo-11/plugins:/opt/ros/humble/opt/rviz_ogre_vendor/lib:/opt/ros/humble/lib/x86_64-linux-gnu:/opt/ros/humble/lib /usr/bin/cmake --build /home/tyler/ros2_ws/106a_final_project/drone_simulation/build/tello_driver -- -j24 -l24
[0.053s] Invoking command in '/home/tyler/ros2_ws/106a_final_project/drone_simulation/build/tello_driver': CMAKE_PREFIX_PATH=/home/tyler/ros2_ws/106a_final_project/drone_simulation/install/tello_msgs:/home/tyler/ros2_ws/106a_final_project/drone_simulation/install/ros2_shared:/home/tyler/ros2_ws/106a_final_project/drone_simulation/install/tello_gazebo:/home/tyler/ros2_ws/106a_final_project/drone_simulation/install/tello_driver:/home/tyler/ros2_ws/106a_final_project/drone_simulation/install/tello_description:/home/tyler/ros2_ws/106a_final_project/drone_simulation/install/fiducial_vlam_msgs:/home/tyler/ros2_ws/106a_final_project/drone_simulation/install/my_drone_vision:/opt/ros/humble LD_LIBRARY_PATH=/home/tyler/ros2_ws/106a_final_project/drone_simulation/install/tello_msgs/lib:/home/tyler/ros2_ws/106a_final_project/drone_simulation/install/tello_gazebo/lib:/home/tyler/ros2_ws/106a_final_project/drone_simulation/install/tello_driver/lib:/home/tyler/ros2_ws/106a_final_project/drone_simulation/install/fiducial_vlam_msgs/lib:/usr/lib/x86_64-linux-gnu/gazebo-11/plugins:/opt/ros/humble/opt/rviz_ogre_vendor/lib:/opt/ros/humble/lib/x86_64-linux-gnu:/opt/ros/humble/lib /usr/bin/cmake --install /home/tyler/ros2_ws/106a_final_project/drone_simulation/build/tello_driver
[0.058s] -- Install configuration: ""
[0.058s] -- Execute custom install script
[0.058s] -- Up-to-date symlink: /home/tyler/ros2_ws/106a_final_project/drone_simulation/install/tello_driver/share/tello_driver/environment/library_path.sh
[0.058s] -- Up-to-date symlink: /home/tyler/ros2_ws/106a_final_project/drone_simulation/install/tello_driver/share/tello_driver/environment/library_path.dsv
[0.058s] -- Up-to-date symlink: /home/tyler/ros2_ws/106a_final_project/drone_simulation/install/tello_driver/lib/libtello_driver_node.so
[0.059s] -- Up-to-date symlink: /home/tyler/ros2_ws/106a_final_project/drone_simulation/install/tello_driver/lib/libtello_joy_node.so
[0.059s] -- Up-to-date symlink: /home/tyler/ros2_ws/106a_final_project/drone_simulation/install/tello_driver/lib/tello_driver/tello_driver_main
[0.059s] -- Up-to-date symlink: /home/tyler/ros2_ws/106a_final_project/drone_simulation/install/tello_driver/lib/tello_driver/tello_joy_main
[0.059s] -- Up-to-date symlink: /home/tyler/ros2_ws/106a_final_project/drone_simulation/install/tello_driver/lib/tello_driver/tello_emulator
[0.059s] -- Up-to-date symlink: /home/tyler/ros2_ws/106a_final_project/drone_simulation/install/tello_driver/share/tello_driver/cfg/camera_info.yaml
[0.059s] -- Up-to-date symlink: /home/tyler/ros2_ws/106a_final_project/drone_simulation/install/tello_driver/share/tello_driver/launch/emulator_launch.py
[0.059s] -- Up-to-date symlink: /home/tyler/ros2_ws/106a_final_project/drone_simulation/install/tello_driver/share/tello_driver/launch/emulators_launch.py
[0.059s] -- Up-to-date symlink: /home/tyler/ros2_ws/106a_final_project/drone_simulation/install/tello_driver/share/tello_driver/launch/teleop_launch.py
[0.059s] -- Up-to-date symlink: /home/tyler/ros2_ws/106a_final_project/drone_simulation/install/tello_driver/share/ament_index/resource_index/package_run_dependencies/tello_driver
[0.059s] -- Up-to-date symlink: /home/tyler/ros2_ws/106a_final_project/drone_simulation/install/tello_driver/share/ament_index/resource_index/parent_prefix_path/tello_driver
[0.059s] -- Up-to-date symlink: /home/tyler/ros2_ws/106a_final_project/drone_simulation/install/tello_driver/share/tello_driver/environment/ament_prefix_path.sh
[0.059s] -- Up-to-date symlink: /home/tyler/ros2_ws/106a_final_project/drone_simulation/install/tello_driver/share/tello_driver/environment/ament_prefix_path.dsv
[0.059s] -- Up-to-date symlink: /home/tyler/ros2_ws/106a_final_project/drone_simulation/install/tello_driver/share/tello_driver/environment/path.sh
[0.060s] -- Up-to-date symlink: /home/tyler/ros2_ws/106a_final_project/drone_simulation/install/tello_driver/share/tello_driver/environment/path.dsv
[0.060s] -- Up-to-date symlink: /home/tyler/ros2_ws/106a_final_project/drone_simulation/install/tello_driver/share/tello_driver/local_setup.bash
[0.060s] -- Up-to-date symlink: /home/tyler/ros2_ws/106a_final_project/drone_simulation/install/tello_driver/share/tello_driver/local_setup.sh
[0.060s] -- Up-to-date symlink: /home/tyler/ros2_ws/106a_final_project/drone_simulation/install/tello_driver/share/tello_driver/local_setup.zsh
[0.060s] -- Up-to-date symlink: /home/tyler/ros2_ws/106a_final_project/drone_simulation/install/tello_driver/share/tello_driver/local_setup.dsv
[0.060s] -- Symlinking: /home/tyler/ros2_ws/106a_final_project/drone_simulation/install/tello_driver/share/tello_driver/package.dsv
[0.065s] -- Up-to-date symlink: /home/tyler/ros2_ws/106a_final_project/drone_simulation/install/tello_driver/share/ament_index/resource_index/packages/tello_driver
[0.065s] -- Up-to-date symlink: /home/tyler/ros2_ws/106a_final_project/drone_simulation/install/tello_driver/share/ament_index/resource_index/rclcpp_components/tello_driver
[0.065s] -- Up-to-date symlink: /home/tyler/ros2_ws/106a_final_project/drone_simulation/install/tello_driver/share/tello_driver/cmake/tello_driverConfig.cmake
[0.065s] -- Up-to-date symlink: /home/tyler/ros2_ws/106a_final_project/drone_simulation/install/tello_driver/share/tello_driver/cmake/tello_driverConfig-version.cmake
[0.065s] -- Up-to-date symlink: /home/tyler/ros2_ws/106a_final_project/drone_simulation/install/tello_driver/share/tello_driver/package.xml
[0.066s] Invoked command in '/home/tyler/ros2_ws/106a_final_project/drone_simulation/build/tello_driver' returned '0': CMAKE_PREFIX_PATH=/home/tyler/ros2_ws/106a_final_project/drone_simulation/install/tello_msgs:/home/tyler/ros2_ws/106a_final_project/drone_simulation/install/ros2_shared:/home/tyler/ros2_ws/106a_final_project/drone_simulation/install/tello_gazebo:/home/tyler/ros2_ws/106a_final_project/drone_simulation/install/tello_driver:/home/tyler/ros2_ws/106a_final_project/drone_simulation/install/tello_description:/home/tyler/ros2_ws/106a_final_project/drone_simulation/install/fiducial_vlam_msgs:/home/tyler/ros2_ws/106a_final_project/drone_simulation/install/my_drone_vision:/opt/ros/humble LD_LIBRARY_PATH=/home/tyler/ros2_ws/106a_final_project/drone_simulation/install/tello_msgs/lib:/home/tyler/ros2_ws/106a_final_project/drone_simulation/install/tello_gazebo/lib:/home/tyler/ros2_ws/106a_final_project/drone_simulation/install/tello_driver/lib:/home/tyler/ros2_ws/106a_final_project/drone_simulation/install/fiducial_vlam_msgs/lib:/usr/lib/x86_64-linux-gnu/gazebo-11/plugins:/opt/ros/humble/opt/rviz_ogre_vendor/lib:/opt/ros/humble/lib/x86_64-linux-gnu:/opt/ros/humble/lib /usr/bin/cmake --install /home/tyler/ros2_ws/106a_final_project/drone_simulation/build/tello_driver
