[0.011s] Invoking command in '/home/tyler/ros_workspaces/drone_simulation/build/ros2_shared': CMAKE_PREFIX_PATH=${CMAKE_PREFIX_PATH}:/home/tyler/ros_workspaces/drone_simulation/install/my_drone_vision:/opt/ros/humble /usr/bin/cmake /home/tyler/ros_workspaces/drone_simulation/src/ros2_shared -DCMAKE_INSTALL_PREFIX=/home/tyler/ros_workspaces/drone_simulation/install/ros2_shared
[0.190s] -- The C compiler identification is GNU 11.4.0
[0.414s] -- The CXX compiler identification is GNU 11.4.0
[0.577s] -- Detecting C compiler ABI info
[0.646s] -- Detecting C compiler ABI info - done
[0.650s] -- Check for working C compiler: /usr/bin/cc - skipped
[0.650s] -- Detecting C compile features
[0.650s] -- Detecting C compile features - done
[0.652s] -- Detecting CXX compiler ABI info
[0.728s] -- Detecting CXX compiler ABI info - done
[0.732s] -- Check for working CXX compiler: /usr/bin/c++ - skipped
[0.732s] -- Detecting CXX compile features
[0.733s] -- Detecting CXX compile features - done
[0.734s] -- Found ament_cmake: 1.3.14 (/opt/ros/humble/share/ament_cmake/cmake)
[0.818s] -- Found Python3: /usr/bin/python3 (found version "3.10.12") found components: Interpreter 
[0.863s] -- Found rclcpp: 16.0.18 (/opt/ros/humble/share/rclcpp/cmake)
[0.974s] -- Found rosidl_generator_c: 3.1.8 (/opt/ros/humble/share/rosidl_generator_c/cmake)
[0.976s] -- Found rosidl_adapter: 3.1.8 (/opt/ros/humble/share/rosidl_adapter/cmake)
[0.981s] -- Found rosidl_generator_cpp: 3.1.8 (/opt/ros/humble/share/rosidl_generator_cpp/cmake)
[0.992s] -- Using all available rosidl_typesupport_c: rosidl_typesupport_fastrtps_c;rosidl_typesupport_introspection_c
[1.000s] -- Using all available rosidl_typesupport_cpp: rosidl_typesupport_fastrtps_cpp;rosidl_typesupport_introspection_cpp
[1.043s] -- Found rmw_implementation_cmake: 6.1.2 (/opt/ros/humble/share/rmw_implementation_cmake/cmake)
[1.046s] -- Found rmw_fastrtps_cpp: 6.2.10 (/opt/ros/humble/share/rmw_fastrtps_cpp/cmake)
[1.624s] -- Found OpenSSL: /usr/lib/x86_64-linux-gnu/libcrypto.so (found version "3.0.2")  
[2.215s] -- Found FastRTPS: /opt/ros/humble/include  
[3.474s] -- Using RMW implementation 'rmw_fastrtps_cpp' as default
[3.488s] -- Looking for pthread.h
[3.587s] -- Looking for pthread.h - found
[3.587s] -- Performing Test CMAKE_HAVE_LIBC_PTHREAD
[3.669s] -- Performing Test CMAKE_HAVE_LIBC_PTHREAD - Success
[3.670s] -- Found Threads: TRUE  
[3.751s] -- Configuring done
[3.753s] -- Generating done
[3.754s] -- Build files have been written to: /home/tyler/ros_workspaces/drone_simulation/build/ros2_shared
[3.760s] Invoked command in '/home/tyler/ros_workspaces/drone_simulation/build/ros2_shared' returned '0': CMAKE_PREFIX_PATH=${CMAKE_PREFIX_PATH}:/home/tyler/ros_workspaces/drone_simulation/install/my_drone_vision:/opt/ros/humble /usr/bin/cmake /home/tyler/ros_workspaces/drone_simulation/src/ros2_shared -DCMAKE_INSTALL_PREFIX=/home/tyler/ros_workspaces/drone_simulation/install/ros2_shared
[3.760s] Invoking command in '/home/tyler/ros_workspaces/drone_simulation/build/ros2_shared': CMAKE_PREFIX_PATH=${CMAKE_PREFIX_PATH}:/home/tyler/ros_workspaces/drone_simulation/install/my_drone_vision:/opt/ros/humble /usr/bin/cmake --build /home/tyler/ros_workspaces/drone_simulation/build/ros2_shared -- -j24 -l24
[3.773s] -- Found ament_cmake: 1.3.14 (/opt/ros/humble/share/ament_cmake/cmake)
[3.842s] -- Found rclcpp: 16.0.18 (/opt/ros/humble/share/rclcpp/cmake)
[3.906s] -- Found rosidl_generator_c: 3.1.8 (/opt/ros/humble/share/rosidl_generator_c/cmake)
[3.907s] -- Found rosidl_adapter: 3.1.8 (/opt/ros/humble/share/rosidl_adapter/cmake)
[3.911s] -- Found rosidl_generator_cpp: 3.1.8 (/opt/ros/humble/share/rosidl_generator_cpp/cmake)
[3.915s] -- Using all available rosidl_typesupport_c: rosidl_typesupport_fastrtps_c;rosidl_typesupport_introspection_c
[3.922s] -- Using all available rosidl_typesupport_cpp: rosidl_typesupport_fastrtps_cpp;rosidl_typesupport_introspection_cpp
[3.938s] -- Found rmw_implementation_cmake: 6.1.2 (/opt/ros/humble/share/rmw_implementation_cmake/cmake)
[3.939s] -- Found rmw_fastrtps_cpp: 6.2.10 (/opt/ros/humble/share/rmw_fastrtps_cpp/cmake)
[6.193s] -- Using RMW implementation 'rmw_fastrtps_cpp' as default
[6.253s] -- Configuring done
[6.255s] -- Generating done
[6.256s] -- Build files have been written to: /home/tyler/ros_workspaces/drone_simulation/build/ros2_shared
[6.271s] Invoked command in '/home/tyler/ros_workspaces/drone_simulation/build/ros2_shared' returned '0': CMAKE_PREFIX_PATH=${CMAKE_PREFIX_PATH}:/home/tyler/ros_workspaces/drone_simulation/install/my_drone_vision:/opt/ros/humble /usr/bin/cmake --build /home/tyler/ros_workspaces/drone_simulation/build/ros2_shared -- -j24 -l24
[6.272s] Invoking command in '/home/tyler/ros_workspaces/drone_simulation/build/ros2_shared': CMAKE_PREFIX_PATH=${CMAKE_PREFIX_PATH}:/home/tyler/ros_workspaces/drone_simulation/install/my_drone_vision:/opt/ros/humble /usr/bin/cmake --install /home/tyler/ros_workspaces/drone_simulation/build/ros2_shared
[6.276s] -- Install configuration: ""
[6.276s] -- Installing: /home/tyler/ros_workspaces/drone_simulation/install/ros2_shared/include
[6.276s] -- Installing: /home/tyler/ros_workspaces/drone_simulation/install/ros2_shared/include/ros2_shared
[6.276s] -- Installing: /home/tyler/ros_workspaces/drone_simulation/install/ros2_shared/include/ros2_shared/param_macros.hpp
[6.277s] -- Installing: /home/tyler/ros_workspaces/drone_simulation/install/ros2_shared/include/ros2_shared/context_macros.hpp
[6.277s] -- Installing: /home/tyler/ros_workspaces/drone_simulation/install/ros2_shared/include/ros2_shared/string_printf.hpp
[6.277s] -- Installing: /home/tyler/ros_workspaces/drone_simulation/install/ros2_shared/share/ament_index/resource_index/package_run_dependencies/ros2_shared
[6.277s] -- Installing: /home/tyler/ros_workspaces/drone_simulation/install/ros2_shared/share/ament_index/resource_index/parent_prefix_path/ros2_shared
[6.277s] -- Installing: /home/tyler/ros_workspaces/drone_simulation/install/ros2_shared/share/ros2_shared/environment/ament_prefix_path.sh
[6.278s] -- Installing: /home/tyler/ros_workspaces/drone_simulation/install/ros2_shared/share/ros2_shared/environment/ament_prefix_path.dsv
[6.278s] -- Installing: /home/tyler/ros_workspaces/drone_simulation/install/ros2_shared/share/ros2_shared/environment/path.sh
[6.278s] -- Installing: /home/tyler/ros_workspaces/drone_simulation/install/ros2_shared/share/ros2_shared/environment/path.dsv
[6.278s] -- Installing: /home/tyler/ros_workspaces/drone_simulation/install/ros2_shared/share/ros2_shared/local_setup.bash
[6.278s] -- Installing: /home/tyler/ros_workspaces/drone_simulation/install/ros2_shared/share/ros2_shared/local_setup.sh
[6.278s] -- Installing: /home/tyler/ros_workspaces/drone_simulation/install/ros2_shared/share/ros2_shared/local_setup.zsh
[6.278s] -- Installing: /home/tyler/ros_workspaces/drone_simulation/install/ros2_shared/share/ros2_shared/local_setup.dsv
[6.278s] -- Installing: /home/tyler/ros_workspaces/drone_simulation/install/ros2_shared/share/ros2_shared/package.dsv
[6.278s] -- Installing: /home/tyler/ros_workspaces/drone_simulation/install/ros2_shared/share/ament_index/resource_index/packages/ros2_shared
[6.278s] -- Installing: /home/tyler/ros_workspaces/drone_simulation/install/ros2_shared/share/ros2_shared/cmake/ros2_shared_targetsExport.cmake
[6.279s] -- Installing: /home/tyler/ros_workspaces/drone_simulation/install/ros2_shared/share/ros2_shared/cmake/ament_cmake_export_targets-extras.cmake
[6.279s] -- Installing: /home/tyler/ros_workspaces/drone_simulation/install/ros2_shared/share/ros2_shared/cmake/ament_cmake_export_dependencies-extras.cmake
[6.279s] -- Installing: /home/tyler/ros_workspaces/drone_simulation/install/ros2_shared/share/ros2_shared/cmake/ros2_sharedConfig.cmake
[6.279s] -- Installing: /home/tyler/ros_workspaces/drone_simulation/install/ros2_shared/share/ros2_shared/cmake/ros2_sharedConfig-version.cmake
[6.279s] -- Installing: /home/tyler/ros_workspaces/drone_simulation/install/ros2_shared/share/ros2_shared/package.xml
[6.280s] Invoked command in '/home/tyler/ros_workspaces/drone_simulation/build/ros2_shared' returned '0': CMAKE_PREFIX_PATH=${CMAKE_PREFIX_PATH}:/home/tyler/ros_workspaces/drone_simulation/install/my_drone_vision:/opt/ros/humble /usr/bin/cmake --install /home/tyler/ros_workspaces/drone_simulation/build/ros2_shared
