[0.047s] Invoking command in '/home/tyler/ros_workspaces/drone_simulation/build/tello_driver': CMAKE_PREFIX_PATH=/home/tyler/ros_workspaces/drone_simulation/install/tello_msgs:/home/tyler/ros_workspaces/drone_simulation/install/ros2_shared:/home/tyler/ros_workspaces/drone_simulation/install/tello_gazebo:/home/tyler/ros_workspaces/drone_simulation/install/tello_driver:/home/tyler/ros_workspaces/drone_simulation/install/tello_description:/home/tyler/ros_workspaces/drone_simulation/install/my_drone_vision:/opt/ros/humble LD_LIBRARY_PATH=/home/tyler/ros_workspaces/drone_simulation/install/tello_msgs/lib:/usr/lib/x86_64-linux-gnu/nvidia:/usr/lib/x86_64-linux-gnu/nvidia:/home/tyler/ros_workspaces/drone_simulation/install/tello_gazebo/lib:/home/tyler/ros_workspaces/drone_simulation/install/tello_driver/lib:/usr/lib/x86_64-linux-gnu/gazebo-11/plugins:/opt/ros/humble/lib/x86_64-linux-gnu:/opt/ros/humble/lib:/usr/lib/x86_64-linux-gnu/nvidia:/usr/lib/x86_64-linux-gnu/nvidia /usr/bin/cmake --build /home/tyler/ros_workspaces/drone_simulation/build/tello_driver -- -j24 -l24
[0.077s] [  9%] Built target tello_emulator
[0.077s] [ 18%] Built target tello_joy_node
[0.081s] [ 31%] Built target tello_joy_main
[0.092s] [ 63%] Built target tello_driver_node
[0.094s] [100%] Built target tello_driver_main
[0.106s] Invoked command in '/home/tyler/ros_workspaces/drone_simulation/build/tello_driver' returned '0': CMAKE_PREFIX_PATH=/home/tyler/ros_workspaces/drone_simulation/install/tello_msgs:/home/tyler/ros_workspaces/drone_simulation/install/ros2_shared:/home/tyler/ros_workspaces/drone_simulation/install/tello_gazebo:/home/tyler/ros_workspaces/drone_simulation/install/tello_driver:/home/tyler/ros_workspaces/drone_simulation/install/tello_description:/home/tyler/ros_workspaces/drone_simulation/install/my_drone_vision:/opt/ros/humble LD_LIBRARY_PATH=/home/tyler/ros_workspaces/drone_simulation/install/tello_msgs/lib:/usr/lib/x86_64-linux-gnu/nvidia:/usr/lib/x86_64-linux-gnu/nvidia:/home/tyler/ros_workspaces/drone_simulation/install/tello_gazebo/lib:/home/tyler/ros_workspaces/drone_simulation/install/tello_driver/lib:/usr/lib/x86_64-linux-gnu/gazebo-11/plugins:/opt/ros/humble/lib/x86_64-linux-gnu:/opt/ros/humble/lib:/usr/lib/x86_64-linux-gnu/nvidia:/usr/lib/x86_64-linux-gnu/nvidia /usr/bin/cmake --build /home/tyler/ros_workspaces/drone_simulation/build/tello_driver -- -j24 -l24
[0.107s] Invoking command in '/home/tyler/ros_workspaces/drone_simulation/build/tello_driver': CMAKE_PREFIX_PATH=/home/tyler/ros_workspaces/drone_simulation/install/tello_msgs:/home/tyler/ros_workspaces/drone_simulation/install/ros2_shared:/home/tyler/ros_workspaces/drone_simulation/install/tello_gazebo:/home/tyler/ros_workspaces/drone_simulation/install/tello_driver:/home/tyler/ros_workspaces/drone_simulation/install/tello_description:/home/tyler/ros_workspaces/drone_simulation/install/my_drone_vision:/opt/ros/humble LD_LIBRARY_PATH=/home/tyler/ros_workspaces/drone_simulation/install/tello_msgs/lib:/usr/lib/x86_64-linux-gnu/nvidia:/usr/lib/x86_64-linux-gnu/nvidia:/home/tyler/ros_workspaces/drone_simulation/install/tello_gazebo/lib:/home/tyler/ros_workspaces/drone_simulation/install/tello_driver/lib:/usr/lib/x86_64-linux-gnu/gazebo-11/plugins:/opt/ros/humble/lib/x86_64-linux-gnu:/opt/ros/humble/lib:/usr/lib/x86_64-linux-gnu/nvidia:/usr/lib/x86_64-linux-gnu/nvidia /usr/bin/cmake --install /home/tyler/ros_workspaces/drone_simulation/build/tello_driver
[0.111s] -- Install configuration: ""
[0.111s] -- Up-to-date: /home/tyler/ros_workspaces/drone_simulation/install/tello_driver/share/tello_driver/environment/library_path.sh
[0.111s] -- Up-to-date: /home/tyler/ros_workspaces/drone_simulation/install/tello_driver/share/tello_driver/environment/library_path.dsv
[0.111s] -- Up-to-date: /home/tyler/ros_workspaces/drone_simulation/install/tello_driver/lib/libtello_driver_node.so
[0.111s] -- Up-to-date: /home/tyler/ros_workspaces/drone_simulation/install/tello_driver/lib/libtello_joy_node.so
[0.112s] -- Up-to-date: /home/tyler/ros_workspaces/drone_simulation/install/tello_driver/lib/tello_driver/tello_driver_main
[0.112s] -- Up-to-date: /home/tyler/ros_workspaces/drone_simulation/install/tello_driver/lib/tello_driver/tello_joy_main
[0.112s] -- Up-to-date: /home/tyler/ros_workspaces/drone_simulation/install/tello_driver/lib/tello_driver/tello_emulator
[0.112s] -- Up-to-date: /home/tyler/ros_workspaces/drone_simulation/install/tello_driver/share/tello_driver/cfg
[0.112s] -- Up-to-date: /home/tyler/ros_workspaces/drone_simulation/install/tello_driver/share/tello_driver/cfg/camera_info.yaml
[0.112s] -- Up-to-date: /home/tyler/ros_workspaces/drone_simulation/install/tello_driver/share/tello_driver/launch
[0.112s] -- Up-to-date: /home/tyler/ros_workspaces/drone_simulation/install/tello_driver/share/tello_driver/launch/emulators_launch.py
[0.112s] -- Up-to-date: /home/tyler/ros_workspaces/drone_simulation/install/tello_driver/share/tello_driver/launch/teleop_launch.py
[0.112s] -- Up-to-date: /home/tyler/ros_workspaces/drone_simulation/install/tello_driver/share/tello_driver/launch/emulator_launch.py
[0.113s] -- Up-to-date: /home/tyler/ros_workspaces/drone_simulation/install/tello_driver/share/ament_index/resource_index/package_run_dependencies/tello_driver
[0.113s] -- Up-to-date: /home/tyler/ros_workspaces/drone_simulation/install/tello_driver/share/ament_index/resource_index/parent_prefix_path/tello_driver
[0.113s] -- Up-to-date: /home/tyler/ros_workspaces/drone_simulation/install/tello_driver/share/tello_driver/environment/ament_prefix_path.sh
[0.113s] -- Up-to-date: /home/tyler/ros_workspaces/drone_simulation/install/tello_driver/share/tello_driver/environment/ament_prefix_path.dsv
[0.113s] -- Up-to-date: /home/tyler/ros_workspaces/drone_simulation/install/tello_driver/share/tello_driver/environment/path.sh
[0.113s] -- Up-to-date: /home/tyler/ros_workspaces/drone_simulation/install/tello_driver/share/tello_driver/environment/path.dsv
[0.113s] -- Up-to-date: /home/tyler/ros_workspaces/drone_simulation/install/tello_driver/share/tello_driver/local_setup.bash
[0.113s] -- Up-to-date: /home/tyler/ros_workspaces/drone_simulation/install/tello_driver/share/tello_driver/local_setup.sh
[0.113s] -- Up-to-date: /home/tyler/ros_workspaces/drone_simulation/install/tello_driver/share/tello_driver/local_setup.zsh
[0.113s] -- Up-to-date: /home/tyler/ros_workspaces/drone_simulation/install/tello_driver/share/tello_driver/local_setup.dsv
[0.113s] -- Installing: /home/tyler/ros_workspaces/drone_simulation/install/tello_driver/share/tello_driver/package.dsv
[0.113s] -- Up-to-date: /home/tyler/ros_workspaces/drone_simulation/install/tello_driver/share/ament_index/resource_index/packages/tello_driver
[0.113s] -- Up-to-date: /home/tyler/ros_workspaces/drone_simulation/install/tello_driver/share/ament_index/resource_index/rclcpp_components/tello_driver
[0.113s] -- Up-to-date: /home/tyler/ros_workspaces/drone_simulation/install/tello_driver/share/tello_driver/cmake/tello_driverConfig.cmake
[0.113s] -- Up-to-date: /home/tyler/ros_workspaces/drone_simulation/install/tello_driver/share/tello_driver/cmake/tello_driverConfig-version.cmake
[0.113s] -- Up-to-date: /home/tyler/ros_workspaces/drone_simulation/install/tello_driver/share/tello_driver/package.xml
[0.114s] Invoked command in '/home/tyler/ros_workspaces/drone_simulation/build/tello_driver' returned '0': CMAKE_PREFIX_PATH=/home/tyler/ros_workspaces/drone_simulation/install/tello_msgs:/home/tyler/ros_workspaces/drone_simulation/install/ros2_shared:/home/tyler/ros_workspaces/drone_simulation/install/tello_gazebo:/home/tyler/ros_workspaces/drone_simulation/install/tello_driver:/home/tyler/ros_workspaces/drone_simulation/install/tello_description:/home/tyler/ros_workspaces/drone_simulation/install/my_drone_vision:/opt/ros/humble LD_LIBRARY_PATH=/home/tyler/ros_workspaces/drone_simulation/install/tello_msgs/lib:/usr/lib/x86_64-linux-gnu/nvidia:/usr/lib/x86_64-linux-gnu/nvidia:/home/tyler/ros_workspaces/drone_simulation/install/tello_gazebo/lib:/home/tyler/ros_workspaces/drone_simulation/install/tello_driver/lib:/usr/lib/x86_64-linux-gnu/gazebo-11/plugins:/opt/ros/humble/lib/x86_64-linux-gnu:/opt/ros/humble/lib:/usr/lib/x86_64-linux-gnu/nvidia:/usr/lib/x86_64-linux-gnu/nvidia /usr/bin/cmake --install /home/tyler/ros_workspaces/drone_simulation/build/tello_driver
