[0.339s] Invoking command in '/home/tyler/ros_workspaces/drone_simulation/src/my_drone_vision': PYTHONPATH=/home/tyler/ros_workspaces/drone_simulation/build/my_drone_vision/prefix_override:/usr/lib/python3/dist-packages/colcon_core/task/python/colcon_distutils_commands:/home/tyler/ros_workspaces/drone_simulation/install/my_drone_vision/lib/python3.10/site-packages:${PYTHONPATH} /usr/bin/python3 -W ignore:setup.py install is deprecated -W ignore:easy_install command is deprecated setup.py egg_info --egg-base ../../build/my_drone_vision build --build-base /home/tyler/ros_workspaces/drone_simulation/build/my_drone_vision/build install --record /home/tyler/ros_workspaces/drone_simulation/build/my_drone_vision/install.log --single-version-externally-managed install_data
[0.443s] running egg_info
[0.444s] writing ../../build/my_drone_vision/my_drone_vision.egg-info/PKG-INFO
[0.444s] writing dependency_links to ../../build/my_drone_vision/my_drone_vision.egg-info/dependency_links.txt
[0.444s] writing entry points to ../../build/my_drone_vision/my_drone_vision.egg-info/entry_points.txt
[0.444s] writing requirements to ../../build/my_drone_vision/my_drone_vision.egg-info/requires.txt
[0.444s] writing top-level names to ../../build/my_drone_vision/my_drone_vision.egg-info/top_level.txt
[0.445s] reading manifest file '../../build/my_drone_vision/my_drone_vision.egg-info/SOURCES.txt'
[0.445s] writing manifest file '../../build/my_drone_vision/my_drone_vision.egg-info/SOURCES.txt'
[0.445s] running build
[0.445s] running build_py
[0.445s] copying my_drone_vision/aruco_detector.py -> /home/tyler/ros_workspaces/drone_simulation/build/my_drone_vision/build/lib/my_drone_vision
[0.446s] running install
[0.446s] running install_lib
[0.446s] copying /home/tyler/ros_workspaces/drone_simulation/build/my_drone_vision/build/lib/my_drone_vision/aruco_detector.py -> /home/tyler/ros_workspaces/drone_simulation/install/my_drone_vision/lib/python3.10/site-packages/my_drone_vision
[0.446s] byte-compiling /home/tyler/ros_workspaces/drone_simulation/install/my_drone_vision/lib/python3.10/site-packages/my_drone_vision/aruco_detector.py to aruco_detector.cpython-310.pyc
[0.447s] running install_data
[0.447s] running install_egg_info
[0.448s] removing '/home/tyler/ros_workspaces/drone_simulation/install/my_drone_vision/lib/python3.10/site-packages/my_drone_vision-0.0.0-py3.10.egg-info' (and everything under it)
[0.448s] Copying ../../build/my_drone_vision/my_drone_vision.egg-info to /home/tyler/ros_workspaces/drone_simulation/install/my_drone_vision/lib/python3.10/site-packages/my_drone_vision-0.0.0-py3.10.egg-info
[0.448s] running install_scripts
[0.460s] Installing aruco_control script to /home/tyler/ros_workspaces/drone_simulation/install/my_drone_vision/lib/my_drone_vision
[0.460s] writing list of installed files to '/home/tyler/ros_workspaces/drone_simulation/build/my_drone_vision/install.log'
[0.473s] Invoked command in '/home/tyler/ros_workspaces/drone_simulation/src/my_drone_vision' returned '0': PYTHONPATH=/home/tyler/ros_workspaces/drone_simulation/build/my_drone_vision/prefix_override:/usr/lib/python3/dist-packages/colcon_core/task/python/colcon_distutils_commands:/home/tyler/ros_workspaces/drone_simulation/install/my_drone_vision/lib/python3.10/site-packages:${PYTHONPATH} /usr/bin/python3 -W ignore:setup.py install is deprecated -W ignore:easy_install command is deprecated setup.py egg_info --egg-base ../../build/my_drone_vision build --build-base /home/tyler/ros_workspaces/drone_simulation/build/my_drone_vision/build install --record /home/tyler/ros_workspaces/drone_simulation/build/my_drone_vision/install.log --single-version-externally-managed install_data
