[0.082s] DEBUG:colcon:Command line arguments: ['/usr/bin/colcon', 'build']
[0.082s] DEBUG:colcon:Parsed command line arguments: Namespace(log_base=None, log_level=None, verb_name='build', build_base='build', install_base='install', merge_install=False, symlink_install=False, test_result_base=None, continue_on_error=False, executor='parallel', parallel_workers=24, event_handlers=None, ignore_user_meta=False, metas=['./colcon.meta'], base_paths=['.'], packages_ignore=None, packages_ignore_regex=None, paths=None, packages_up_to=None, packages_up_to_regex=None, packages_above=None, packages_above_and_dependencies=None, packages_above_depth=None, packages_select_by_dep=None, packages_skip_by_dep=None, packages_skip_up_to=None, packages_select_build_failed=False, packages_skip_build_finished=False, packages_select_test_failures=False, packages_skip_test_passed=False, packages_select=None, packages_skip=None, packages_select_regex=None, packages_skip_regex=None, packages_start=None, packages_end=None, allow_overriding=[], cmake_args=None, cmake_target=None, cmake_target_skip_unavailable=False, cmake_clean_cache=False, cmake_clean_first=False, cmake_force_configure=False, ament_cmake_args=None, catkin_cmake_args=None, catkin_skip_building_tests=False, mixin_files=None, mixin=None, verb_parser=<colcon_mixin.mixin.mixin_argument.MixinArgumentDecorator object at 0x77685f624370>, verb_extension=<colcon_core.verb.build.BuildVerb object at 0x77685f731270>, main=<bound method BuildVerb.main of <colcon_core.verb.build.BuildVerb object at 0x77685f731270>>, mixin_verb=('build',))
[-69.571s] Level 1:colcon.colcon_core.package_discovery:discover_packages(colcon_meta) check parameters
[-69.571s] Level 1:colcon.colcon_core.package_discovery:discover_packages(recursive) check parameters
[-69.571s] Level 1:colcon.colcon_core.package_discovery:discover_packages(ignore) check parameters
[-69.571s] Level 1:colcon.colcon_core.package_discovery:discover_packages(path) check parameters
[-69.571s] Level 1:colcon.colcon_core.package_discovery:discover_packages(colcon_meta) discover
[-69.571s] Level 1:colcon.colcon_core.package_discovery:discover_packages(recursive) discover
[-69.571s] INFO:colcon.colcon_core.package_discovery:Crawling recursively for packages in '/home/tyler/ros_workspaces/drone_simulation'
[-69.571s] Level 1:colcon.colcon_core.package_identification:_identify(.) by extensions ['ignore', 'ignore_ament_install']
[-69.571s] Level 1:colcon.colcon_core.package_identification:_identify(.) by extension 'ignore'
[-69.571s] Level 1:colcon.colcon_core.package_identification:_identify(.) by extension 'ignore_ament_install'
[-69.571s] Level 1:colcon.colcon_core.package_identification:_identify(.) by extensions ['colcon_pkg']
[-69.571s] Level 1:colcon.colcon_core.package_identification:_identify(.) by extension 'colcon_pkg'
[-69.571s] Level 1:colcon.colcon_core.package_identification:_identify(.) by extensions ['colcon_meta']
[-69.571s] Level 1:colcon.colcon_core.package_identification:_identify(.) by extension 'colcon_meta'
[-69.571s] Level 1:colcon.colcon_core.package_identification:_identify(.) by extensions ['ros']
[-69.571s] Level 1:colcon.colcon_core.package_identification:_identify(.) by extension 'ros'
[-69.564s] Level 1:colcon.colcon_core.package_identification:_identify(.) by extensions ['cmake', 'python']
[-69.564s] Level 1:colcon.colcon_core.package_identification:_identify(.) by extension 'cmake'
[-69.564s] Level 1:colcon.colcon_core.package_identification:_identify(.) by extension 'python'
[-69.564s] Level 1:colcon.colcon_core.package_identification:_identify(.) by extensions ['python_setup_py']
[-69.564s] Level 1:colcon.colcon_core.package_identification:_identify(.) by extension 'python_setup_py'
[-69.564s] Level 1:colcon.colcon_core.package_identification:_identify(build) by extensions ['ignore', 'ignore_ament_install']
[-69.564s] Level 1:colcon.colcon_core.package_identification:_identify(build) by extension 'ignore'
[-69.564s] Level 1:colcon.colcon_core.package_identification:_identify(build) ignored
[-69.564s] Level 1:colcon.colcon_core.package_identification:_identify(install) by extensions ['ignore', 'ignore_ament_install']
[-69.564s] Level 1:colcon.colcon_core.package_identification:_identify(install) by extension 'ignore'
[-69.564s] Level 1:colcon.colcon_core.package_identification:_identify(install) ignored
[-69.564s] Level 1:colcon.colcon_core.package_identification:_identify(log) by extensions ['ignore', 'ignore_ament_install']
[-69.564s] Level 1:colcon.colcon_core.package_identification:_identify(log) by extension 'ignore'
[-69.564s] Level 1:colcon.colcon_core.package_identification:_identify(log) ignored
[-69.564s] Level 1:colcon.colcon_core.package_identification:_identify(src) by extensions ['ignore', 'ignore_ament_install']
[-69.564s] Level 1:colcon.colcon_core.package_identification:_identify(src) by extension 'ignore'
[-69.564s] Level 1:colcon.colcon_core.package_identification:_identify(src) by extension 'ignore_ament_install'
[-69.564s] Level 1:colcon.colcon_core.package_identification:_identify(src) by extensions ['colcon_pkg']
[-69.564s] Level 1:colcon.colcon_core.package_identification:_identify(src) by extension 'colcon_pkg'
[-69.564s] Level 1:colcon.colcon_core.package_identification:_identify(src) by extensions ['colcon_meta']
[-69.564s] Level 1:colcon.colcon_core.package_identification:_identify(src) by extension 'colcon_meta'
[-69.564s] Level 1:colcon.colcon_core.package_identification:_identify(src) by extensions ['ros']
[-69.564s] Level 1:colcon.colcon_core.package_identification:_identify(src) by extension 'ros'
[-69.564s] Level 1:colcon.colcon_core.package_identification:_identify(src) by extensions ['cmake', 'python']
[-69.564s] Level 1:colcon.colcon_core.package_identification:_identify(src) by extension 'cmake'
[-69.564s] Level 1:colcon.colcon_core.package_identification:_identify(src) by extension 'python'
[-69.564s] Level 1:colcon.colcon_core.package_identification:_identify(src) by extensions ['python_setup_py']
[-69.564s] Level 1:colcon.colcon_core.package_identification:_identify(src) by extension 'python_setup_py'
[-69.564s] Level 1:colcon.colcon_core.package_identification:_identify(src/my_drone_vision) by extensions ['ignore', 'ignore_ament_install']
[-69.563s] Level 1:colcon.colcon_core.package_identification:_identify(src/my_drone_vision) by extension 'ignore'
[-69.563s] Level 1:colcon.colcon_core.package_identification:_identify(src/my_drone_vision) by extension 'ignore_ament_install'
[-69.563s] Level 1:colcon.colcon_core.package_identification:_identify(src/my_drone_vision) by extensions ['colcon_pkg']
[-69.563s] Level 1:colcon.colcon_core.package_identification:_identify(src/my_drone_vision) by extension 'colcon_pkg'
[-69.563s] Level 1:colcon.colcon_core.package_identification:_identify(src/my_drone_vision) by extensions ['colcon_meta']
[-69.563s] Level 1:colcon.colcon_core.package_identification:_identify(src/my_drone_vision) by extension 'colcon_meta'
[-69.563s] Level 1:colcon.colcon_core.package_identification:_identify(src/my_drone_vision) by extensions ['ros']
[-69.563s] Level 1:colcon.colcon_core.package_identification:_identify(src/my_drone_vision) by extension 'ros'
[-69.562s] DEBUG:colcon.colcon_core.package_identification:Package 'src/my_drone_vision' with type 'ros.ament_python' and name 'my_drone_vision'
[-69.562s] Level 1:colcon.colcon_core.package_identification:_identify(src/ros2_shared) by extensions ['ignore', 'ignore_ament_install']
[-69.562s] Level 1:colcon.colcon_core.package_identification:_identify(src/ros2_shared) by extension 'ignore'
[-69.562s] Level 1:colcon.colcon_core.package_identification:_identify(src/ros2_shared) by extension 'ignore_ament_install'
[-69.562s] Level 1:colcon.colcon_core.package_identification:_identify(src/ros2_shared) by extensions ['colcon_pkg']
[-69.562s] Level 1:colcon.colcon_core.package_identification:_identify(src/ros2_shared) by extension 'colcon_pkg'
[-69.562s] Level 1:colcon.colcon_core.package_identification:_identify(src/ros2_shared) by extensions ['colcon_meta']
[-69.562s] Level 1:colcon.colcon_core.package_identification:_identify(src/ros2_shared) by extension 'colcon_meta'
[-69.562s] Level 1:colcon.colcon_core.package_identification:_identify(src/ros2_shared) by extensions ['ros']
[-69.562s] Level 1:colcon.colcon_core.package_identification:_identify(src/ros2_shared) by extension 'ros'
[-69.562s] DEBUG:colcon.colcon_core.package_identification:Package 'src/ros2_shared' with type 'ros.ament_cmake' and name 'ros2_shared'
[-69.561s] Level 1:colcon.colcon_core.package_identification:_identify(src/tello_ros) by extensions ['ignore', 'ignore_ament_install']
[-69.561s] Level 1:colcon.colcon_core.package_identification:_identify(src/tello_ros) by extension 'ignore'
[-69.561s] Level 1:colcon.colcon_core.package_identification:_identify(src/tello_ros) by extension 'ignore_ament_install'
[-69.561s] Level 1:colcon.colcon_core.package_identification:_identify(src/tello_ros) by extensions ['colcon_pkg']
[-69.561s] Level 1:colcon.colcon_core.package_identification:_identify(src/tello_ros) by extension 'colcon_pkg'
[-69.561s] Level 1:colcon.colcon_core.package_identification:_identify(src/tello_ros) by extensions ['colcon_meta']
[-69.561s] Level 1:colcon.colcon_core.package_identification:_identify(src/tello_ros) by extension 'colcon_meta'
[-69.561s] Level 1:colcon.colcon_core.package_identification:_identify(src/tello_ros) by extensions ['ros']
[-69.561s] Level 1:colcon.colcon_core.package_identification:_identify(src/tello_ros) by extension 'ros'
[-69.561s] Level 1:colcon.colcon_core.package_identification:_identify(src/tello_ros) by extensions ['cmake', 'python']
[-69.561s] Level 1:colcon.colcon_core.package_identification:_identify(src/tello_ros) by extension 'cmake'
[-69.561s] Level 1:colcon.colcon_core.package_identification:_identify(src/tello_ros) by extension 'python'
[-69.561s] Level 1:colcon.colcon_core.package_identification:_identify(src/tello_ros) by extensions ['python_setup_py']
[-69.561s] Level 1:colcon.colcon_core.package_identification:_identify(src/tello_ros) by extension 'python_setup_py'
[-69.561s] Level 1:colcon.colcon_core.package_identification:_identify(src/tello_ros/tello_description) by extensions ['ignore', 'ignore_ament_install']
[-69.561s] Level 1:colcon.colcon_core.package_identification:_identify(src/tello_ros/tello_description) by extension 'ignore'
[-69.561s] Level 1:colcon.colcon_core.package_identification:_identify(src/tello_ros/tello_description) by extension 'ignore_ament_install'
[-69.561s] Level 1:colcon.colcon_core.package_identification:_identify(src/tello_ros/tello_description) by extensions ['colcon_pkg']
[-69.561s] Level 1:colcon.colcon_core.package_identification:_identify(src/tello_ros/tello_description) by extension 'colcon_pkg'
[-69.561s] Level 1:colcon.colcon_core.package_identification:_identify(src/tello_ros/tello_description) by extensions ['colcon_meta']
[-69.561s] Level 1:colcon.colcon_core.package_identification:_identify(src/tello_ros/tello_description) by extension 'colcon_meta'
[-69.561s] Level 1:colcon.colcon_core.package_identification:_identify(src/tello_ros/tello_description) by extensions ['ros']
[-69.561s] Level 1:colcon.colcon_core.package_identification:_identify(src/tello_ros/tello_description) by extension 'ros'
[-69.561s] DEBUG:colcon.colcon_core.package_identification:Package 'src/tello_ros/tello_description' with type 'ros.ament_cmake' and name 'tello_description'
[-69.561s] Level 1:colcon.colcon_core.package_identification:_identify(src/tello_ros/tello_driver) by extensions ['ignore', 'ignore_ament_install']
[-69.561s] Level 1:colcon.colcon_core.package_identification:_identify(src/tello_ros/tello_driver) by extension 'ignore'
[-69.561s] Level 1:colcon.colcon_core.package_identification:_identify(src/tello_ros/tello_driver) by extension 'ignore_ament_install'
[-69.561s] Level 1:colcon.colcon_core.package_identification:_identify(src/tello_ros/tello_driver) by extensions ['colcon_pkg']
[-69.560s] Level 1:colcon.colcon_core.package_identification:_identify(src/tello_ros/tello_driver) by extension 'colcon_pkg'
[-69.560s] Level 1:colcon.colcon_core.package_identification:_identify(src/tello_ros/tello_driver) by extensions ['colcon_meta']
[-69.560s] Level 1:colcon.colcon_core.package_identification:_identify(src/tello_ros/tello_driver) by extension 'colcon_meta'
[-69.560s] Level 1:colcon.colcon_core.package_identification:_identify(src/tello_ros/tello_driver) by extensions ['ros']
[-69.560s] Level 1:colcon.colcon_core.package_identification:_identify(src/tello_ros/tello_driver) by extension 'ros'
[-69.560s] DEBUG:colcon.colcon_core.package_identification:Package 'src/tello_ros/tello_driver' with type 'ros.ament_cmake' and name 'tello_driver'
[-69.560s] Level 1:colcon.colcon_core.package_identification:_identify(src/tello_ros/tello_gazebo) by extensions ['ignore', 'ignore_ament_install']
[-69.560s] Level 1:colcon.colcon_core.package_identification:_identify(src/tello_ros/tello_gazebo) by extension 'ignore'
[-69.560s] Level 1:colcon.colcon_core.package_identification:_identify(src/tello_ros/tello_gazebo) by extension 'ignore_ament_install'
[-69.560s] Level 1:colcon.colcon_core.package_identification:_identify(src/tello_ros/tello_gazebo) by extensions ['colcon_pkg']
[-69.560s] Level 1:colcon.colcon_core.package_identification:_identify(src/tello_ros/tello_gazebo) by extension 'colcon_pkg'
[-69.560s] Level 1:colcon.colcon_core.package_identification:_identify(src/tello_ros/tello_gazebo) by extensions ['colcon_meta']
[-69.560s] Level 1:colcon.colcon_core.package_identification:_identify(src/tello_ros/tello_gazebo) by extension 'colcon_meta'
[-69.560s] Level 1:colcon.colcon_core.package_identification:_identify(src/tello_ros/tello_gazebo) by extensions ['ros']
[-69.560s] Level 1:colcon.colcon_core.package_identification:_identify(src/tello_ros/tello_gazebo) by extension 'ros'
[-69.559s] DEBUG:colcon.colcon_core.package_identification:Package 'src/tello_ros/tello_gazebo' with type 'ros.ament_cmake' and name 'tello_gazebo'
[-69.559s] Level 1:colcon.colcon_core.package_identification:_identify(src/tello_ros/tello_msgs) by extensions ['ignore', 'ignore_ament_install']
[-69.559s] Level 1:colcon.colcon_core.package_identification:_identify(src/tello_ros/tello_msgs) by extension 'ignore'
[-69.559s] Level 1:colcon.colcon_core.package_identification:_identify(src/tello_ros/tello_msgs) by extension 'ignore_ament_install'
[-69.559s] Level 1:colcon.colcon_core.package_identification:_identify(src/tello_ros/tello_msgs) by extensions ['colcon_pkg']
[-69.559s] Level 1:colcon.colcon_core.package_identification:_identify(src/tello_ros/tello_msgs) by extension 'colcon_pkg'
[-69.559s] Level 1:colcon.colcon_core.package_identification:_identify(src/tello_ros/tello_msgs) by extensions ['colcon_meta']
[-69.559s] Level 1:colcon.colcon_core.package_identification:_identify(src/tello_ros/tello_msgs) by extension 'colcon_meta'
[-69.559s] Level 1:colcon.colcon_core.package_identification:_identify(src/tello_ros/tello_msgs) by extensions ['ros']
[-69.559s] Level 1:colcon.colcon_core.package_identification:_identify(src/tello_ros/tello_msgs) by extension 'ros'
[-69.559s] DEBUG:colcon.colcon_core.package_identification:Package 'src/tello_ros/tello_msgs' with type 'ros.ament_cmake' and name 'tello_msgs'
[-69.559s] Level 1:colcon.colcon_core.package_discovery:discover_packages(recursive) using defaults
[-69.559s] Level 1:colcon.colcon_core.package_discovery:discover_packages(ignore) discover
[-69.559s] Level 1:colcon.colcon_core.package_discovery:discover_packages(ignore) using defaults
[-69.559s] Level 1:colcon.colcon_core.package_discovery:discover_packages(path) discover
[-69.559s] Level 1:colcon.colcon_core.package_discovery:discover_packages(path) using defaults
[-69.548s] Level 1:colcon.colcon_core.package_discovery:discover_packages(prefix_path) check parameters
[-69.548s] Level 1:colcon.colcon_core.package_discovery:discover_packages(prefix_path) discover
[-69.547s] DEBUG:colcon.colcon_installed_package_information.package_discovery:Found 6 installed packages in /home/tyler/ros_workspaces/drone_simulation/install
[-69.546s] DEBUG:colcon.colcon_installed_package_information.package_discovery:Found 204 installed packages in /opt/ros/humble
[-69.546s] Level 1:colcon.colcon_core.package_discovery:discover_packages(prefix_path) using defaults
[-69.529s] Level 5:colcon.colcon_core.verb:set package 'my_drone_vision' build argument 'cmake_args' from command line to 'None'
[-69.529s] Level 5:colcon.colcon_core.verb:set package 'my_drone_vision' build argument 'cmake_target' from command line to 'None'
[-69.529s] Level 5:colcon.colcon_core.verb:set package 'my_drone_vision' build argument 'cmake_target_skip_unavailable' from command line to 'False'
[-69.529s] Level 5:colcon.colcon_core.verb:set package 'my_drone_vision' build argument 'cmake_clean_cache' from command line to 'False'
[-69.529s] Level 5:colcon.colcon_core.verb:set package 'my_drone_vision' build argument 'cmake_clean_first' from command line to 'False'
[-69.529s] Level 5:colcon.colcon_core.verb:set package 'my_drone_vision' build argument 'cmake_force_configure' from command line to 'False'
[-69.529s] Level 5:colcon.colcon_core.verb:set package 'my_drone_vision' build argument 'ament_cmake_args' from command line to 'None'
[-69.529s] Level 5:colcon.colcon_core.verb:set package 'my_drone_vision' build argument 'catkin_cmake_args' from command line to 'None'
[-69.529s] Level 5:colcon.colcon_core.verb:set package 'my_drone_vision' build argument 'catkin_skip_building_tests' from command line to 'False'
[-69.529s] DEBUG:colcon.colcon_core.verb:Building package 'my_drone_vision' with the following arguments: {'ament_cmake_args': None, 'build_base': '/home/tyler/ros_workspaces/drone_simulation/build/my_drone_vision', 'catkin_cmake_args': None, 'catkin_skip_building_tests': False, 'cmake_args': None, 'cmake_clean_cache': False, 'cmake_clean_first': False, 'cmake_force_configure': False, 'cmake_target': None, 'cmake_target_skip_unavailable': False, 'install_base': '/home/tyler/ros_workspaces/drone_simulation/install/my_drone_vision', 'merge_install': False, 'path': '/home/tyler/ros_workspaces/drone_simulation/src/my_drone_vision', 'symlink_install': False, 'test_result_base': None}
[-69.529s] Level 5:colcon.colcon_core.verb:set package 'ros2_shared' build argument 'cmake_args' from command line to 'None'
[-69.529s] Level 5:colcon.colcon_core.verb:set package 'ros2_shared' build argument 'cmake_target' from command line to 'None'
[-69.529s] Level 5:colcon.colcon_core.verb:set package 'ros2_shared' build argument 'cmake_target_skip_unavailable' from command line to 'False'
[-69.529s] Level 5:colcon.colcon_core.verb:set package 'ros2_shared' build argument 'cmake_clean_cache' from command line to 'False'
[-69.529s] Level 5:colcon.colcon_core.verb:set package 'ros2_shared' build argument 'cmake_clean_first' from command line to 'False'
[-69.529s] Level 5:colcon.colcon_core.verb:set package 'ros2_shared' build argument 'cmake_force_configure' from command line to 'False'
[-69.529s] Level 5:colcon.colcon_core.verb:set package 'ros2_shared' build argument 'ament_cmake_args' from command line to 'None'
[-69.529s] Level 5:colcon.colcon_core.verb:set package 'ros2_shared' build argument 'catkin_cmake_args' from command line to 'None'
[-69.528s] Level 5:colcon.colcon_core.verb:set package 'ros2_shared' build argument 'catkin_skip_building_tests' from command line to 'False'
[-69.528s] DEBUG:colcon.colcon_core.verb:Building package 'ros2_shared' with the following arguments: {'ament_cmake_args': None, 'build_base': '/home/tyler/ros_workspaces/drone_simulation/build/ros2_shared', 'catkin_cmake_args': None, 'catkin_skip_building_tests': False, 'cmake_args': None, 'cmake_clean_cache': False, 'cmake_clean_first': False, 'cmake_force_configure': False, 'cmake_target': None, 'cmake_target_skip_unavailable': False, 'install_base': '/home/tyler/ros_workspaces/drone_simulation/install/ros2_shared', 'merge_install': False, 'path': '/home/tyler/ros_workspaces/drone_simulation/src/ros2_shared', 'symlink_install': False, 'test_result_base': None}
[-69.528s] Level 5:colcon.colcon_core.verb:set package 'tello_description' build argument 'cmake_args' from command line to 'None'
[-69.528s] Level 5:colcon.colcon_core.verb:set package 'tello_description' build argument 'cmake_target' from command line to 'None'
[-69.528s] Level 5:colcon.colcon_core.verb:set package 'tello_description' build argument 'cmake_target_skip_unavailable' from command line to 'False'
[-69.528s] Level 5:colcon.colcon_core.verb:set package 'tello_description' build argument 'cmake_clean_cache' from command line to 'False'
[-69.528s] Level 5:colcon.colcon_core.verb:set package 'tello_description' build argument 'cmake_clean_first' from command line to 'False'
[-69.528s] Level 5:colcon.colcon_core.verb:set package 'tello_description' build argument 'cmake_force_configure' from command line to 'False'
[-69.528s] Level 5:colcon.colcon_core.verb:set package 'tello_description' build argument 'ament_cmake_args' from command line to 'None'
[-69.528s] Level 5:colcon.colcon_core.verb:set package 'tello_description' build argument 'catkin_cmake_args' from command line to 'None'
[-69.528s] Level 5:colcon.colcon_core.verb:set package 'tello_description' build argument 'catkin_skip_building_tests' from command line to 'False'
[-69.528s] DEBUG:colcon.colcon_core.verb:Building package 'tello_description' with the following arguments: {'ament_cmake_args': None, 'build_base': '/home/tyler/ros_workspaces/drone_simulation/build/tello_description', 'catkin_cmake_args': None, 'catkin_skip_building_tests': False, 'cmake_args': None, 'cmake_clean_cache': False, 'cmake_clean_first': False, 'cmake_force_configure': False, 'cmake_target': None, 'cmake_target_skip_unavailable': False, 'install_base': '/home/tyler/ros_workspaces/drone_simulation/install/tello_description', 'merge_install': False, 'path': '/home/tyler/ros_workspaces/drone_simulation/src/tello_ros/tello_description', 'symlink_install': False, 'test_result_base': None}
[-69.528s] Level 5:colcon.colcon_core.verb:set package 'tello_msgs' build argument 'cmake_args' from command line to 'None'
[-69.528s] Level 5:colcon.colcon_core.verb:set package 'tello_msgs' build argument 'cmake_target' from command line to 'None'
[-69.528s] Level 5:colcon.colcon_core.verb:set package 'tello_msgs' build argument 'cmake_target_skip_unavailable' from command line to 'False'
[-69.528s] Level 5:colcon.colcon_core.verb:set package 'tello_msgs' build argument 'cmake_clean_cache' from command line to 'False'
[-69.528s] Level 5:colcon.colcon_core.verb:set package 'tello_msgs' build argument 'cmake_clean_first' from command line to 'False'
[-69.528s] Level 5:colcon.colcon_core.verb:set package 'tello_msgs' build argument 'cmake_force_configure' from command line to 'False'
[-69.528s] Level 5:colcon.colcon_core.verb:set package 'tello_msgs' build argument 'ament_cmake_args' from command line to 'None'
[-69.528s] Level 5:colcon.colcon_core.verb:set package 'tello_msgs' build argument 'catkin_cmake_args' from command line to 'None'
[-69.528s] Level 5:colcon.colcon_core.verb:set package 'tello_msgs' build argument 'catkin_skip_building_tests' from command line to 'False'
[-69.528s] DEBUG:colcon.colcon_core.verb:Building package 'tello_msgs' with the following arguments: {'ament_cmake_args': None, 'build_base': '/home/tyler/ros_workspaces/drone_simulation/build/tello_msgs', 'catkin_cmake_args': None, 'catkin_skip_building_tests': False, 'cmake_args': None, 'cmake_clean_cache': False, 'cmake_clean_first': False, 'cmake_force_configure': False, 'cmake_target': None, 'cmake_target_skip_unavailable': False, 'install_base': '/home/tyler/ros_workspaces/drone_simulation/install/tello_msgs', 'merge_install': False, 'path': '/home/tyler/ros_workspaces/drone_simulation/src/tello_ros/tello_msgs', 'symlink_install': False, 'test_result_base': None}
[-69.528s] Level 5:colcon.colcon_core.verb:set package 'tello_driver' build argument 'cmake_args' from command line to 'None'
[-69.528s] Level 5:colcon.colcon_core.verb:set package 'tello_driver' build argument 'cmake_target' from command line to 'None'
[-69.528s] Level 5:colcon.colcon_core.verb:set package 'tello_driver' build argument 'cmake_target_skip_unavailable' from command line to 'False'
[-69.528s] Level 5:colcon.colcon_core.verb:set package 'tello_driver' build argument 'cmake_clean_cache' from command line to 'False'
[-69.528s] Level 5:colcon.colcon_core.verb:set package 'tello_driver' build argument 'cmake_clean_first' from command line to 'False'
[-69.528s] Level 5:colcon.colcon_core.verb:set package 'tello_driver' build argument 'cmake_force_configure' from command line to 'False'
[-69.528s] Level 5:colcon.colcon_core.verb:set package 'tello_driver' build argument 'ament_cmake_args' from command line to 'None'
[-69.528s] Level 5:colcon.colcon_core.verb:set package 'tello_driver' build argument 'catkin_cmake_args' from command line to 'None'
[-69.528s] Level 5:colcon.colcon_core.verb:set package 'tello_driver' build argument 'catkin_skip_building_tests' from command line to 'False'
[-69.528s] DEBUG:colcon.colcon_core.verb:Building package 'tello_driver' with the following arguments: {'ament_cmake_args': None, 'build_base': '/home/tyler/ros_workspaces/drone_simulation/build/tello_driver', 'catkin_cmake_args': None, 'catkin_skip_building_tests': False, 'cmake_args': None, 'cmake_clean_cache': False, 'cmake_clean_first': False, 'cmake_force_configure': False, 'cmake_target': None, 'cmake_target_skip_unavailable': False, 'install_base': '/home/tyler/ros_workspaces/drone_simulation/install/tello_driver', 'merge_install': False, 'path': '/home/tyler/ros_workspaces/drone_simulation/src/tello_ros/tello_driver', 'symlink_install': False, 'test_result_base': None}
[-69.528s] Level 5:colcon.colcon_core.verb:set package 'tello_gazebo' build argument 'cmake_args' from command line to 'None'
[-69.528s] Level 5:colcon.colcon_core.verb:set package 'tello_gazebo' build argument 'cmake_target' from command line to 'None'
[-69.528s] Level 5:colcon.colcon_core.verb:set package 'tello_gazebo' build argument 'cmake_target_skip_unavailable' from command line to 'False'
[-69.528s] Level 5:colcon.colcon_core.verb:set package 'tello_gazebo' build argument 'cmake_clean_cache' from command line to 'False'
[-69.528s] Level 5:colcon.colcon_core.verb:set package 'tello_gazebo' build argument 'cmake_clean_first' from command line to 'False'
[-69.528s] Level 5:colcon.colcon_core.verb:set package 'tello_gazebo' build argument 'cmake_force_configure' from command line to 'False'
[-69.528s] Level 5:colcon.colcon_core.verb:set package 'tello_gazebo' build argument 'ament_cmake_args' from command line to 'None'
[-69.527s] Level 5:colcon.colcon_core.verb:set package 'tello_gazebo' build argument 'catkin_cmake_args' from command line to 'None'
[-69.527s] Level 5:colcon.colcon_core.verb:set package 'tello_gazebo' build argument 'catkin_skip_building_tests' from command line to 'False'
[-69.527s] DEBUG:colcon.colcon_core.verb:Building package 'tello_gazebo' with the following arguments: {'ament_cmake_args': None, 'build_base': '/home/tyler/ros_workspaces/drone_simulation/build/tello_gazebo', 'catkin_cmake_args': None, 'catkin_skip_building_tests': False, 'cmake_args': None, 'cmake_clean_cache': False, 'cmake_clean_first': False, 'cmake_force_configure': False, 'cmake_target': None, 'cmake_target_skip_unavailable': False, 'install_base': '/home/tyler/ros_workspaces/drone_simulation/install/tello_gazebo', 'merge_install': False, 'path': '/home/tyler/ros_workspaces/drone_simulation/src/tello_ros/tello_gazebo', 'symlink_install': False, 'test_result_base': None}
[-69.527s] INFO:colcon.colcon_core.executor:Executing jobs using 'parallel' executor
[-69.527s] DEBUG:colcon.colcon_parallel_executor.executor.parallel:run_until_complete
[-69.527s] INFO:colcon.colcon_ros.task.ament_cmake.build:Building ROS package in '/home/tyler/ros_workspaces/drone_simulation/src/tello_ros/tello_msgs' with build type 'ament_cmake'
[-69.527s] INFO:colcon.colcon_cmake.task.cmake.build:Building CMake package in '/home/tyler/ros_workspaces/drone_simulation/src/tello_ros/tello_msgs'
[-69.525s] INFO:colcon.colcon_core.plugin_system:Skipping extension 'colcon_core.shell.bat': Not used on non-Windows systems
[-69.525s] INFO:colcon.colcon_core.shell:Skip shell extension 'powershell' for command environment: Not usable outside of PowerShell
[-69.525s] DEBUG:colcon.colcon_core.shell:Skip shell extension 'dsv' for command environment
[-69.523s] INFO:colcon.colcon_ros.task.ament_cmake.build:Building ROS package in '/home/tyler/ros_workspaces/drone_simulation/src/ros2_shared' with build type 'ament_cmake'
[-69.523s] INFO:colcon.colcon_cmake.task.cmake.build:Building CMake package in '/home/tyler/ros_workspaces/drone_simulation/src/ros2_shared'
[-69.523s] INFO:colcon.colcon_core.shell:Skip shell extension 'powershell' for command environment: Not usable outside of PowerShell
[-69.523s] DEBUG:colcon.colcon_core.shell:Skip shell extension 'dsv' for command environment
[-69.521s] INFO:colcon.colcon_ros.task.ament_python.build:Building ROS package in '/home/tyler/ros_workspaces/drone_simulation/src/my_drone_vision' with build type 'ament_python'
[-69.521s] Level 1:colcon.colcon_core.shell:create_environment_hook('my_drone_vision', 'ament_prefix_path')
[-69.521s] INFO:colcon.colcon_core.shell:Creating environment hook '/home/tyler/ros_workspaces/drone_simulation/install/my_drone_vision/share/my_drone_vision/hook/ament_prefix_path.ps1'
[-69.521s] INFO:colcon.colcon_core.shell:Creating environment descriptor '/home/tyler/ros_workspaces/drone_simulation/install/my_drone_vision/share/my_drone_vision/hook/ament_prefix_path.dsv'
[-69.520s] INFO:colcon.colcon_core.shell:Creating environment hook '/home/tyler/ros_workspaces/drone_simulation/install/my_drone_vision/share/my_drone_vision/hook/ament_prefix_path.sh'
[-69.520s] INFO:colcon.colcon_core.shell:Skip shell extension 'powershell' for command environment: Not usable outside of PowerShell
[-69.520s] DEBUG:colcon.colcon_core.shell:Skip shell extension 'dsv' for command environment
[-69.518s] INFO:colcon.colcon_ros.task.ament_cmake.build:Building ROS package in '/home/tyler/ros_workspaces/drone_simulation/src/tello_ros/tello_description' with build type 'ament_cmake'
[-69.518s] INFO:colcon.colcon_cmake.task.cmake.build:Building CMake package in '/home/tyler/ros_workspaces/drone_simulation/src/tello_ros/tello_description'
[-69.518s] INFO:colcon.colcon_core.shell:Skip shell extension 'powershell' for command environment: Not usable outside of PowerShell
[-69.518s] DEBUG:colcon.colcon_core.shell:Skip shell extension 'dsv' for command environment
[-69.513s] DEBUG:colcon.colcon_core.event_handler.log_command:Invoking command in '/home/tyler/ros_workspaces/drone_simulation/build/tello_msgs': CMAKE_PREFIX_PATH=${CMAKE_PREFIX_PATH}:/home/tyler/ros_workspaces/drone_simulation/install/my_drone_vision:/opt/ros/humble /usr/bin/cmake --build /home/tyler/ros_workspaces/drone_simulation/build/tello_msgs -- -j24 -l24
[-69.511s] DEBUG:colcon.colcon_core.event_handler.log_command:Invoking command in '/home/tyler/ros_workspaces/drone_simulation/build/ros2_shared': CMAKE_PREFIX_PATH=${CMAKE_PREFIX_PATH}:/home/tyler/ros_workspaces/drone_simulation/install/my_drone_vision:/opt/ros/humble /usr/bin/cmake --build /home/tyler/ros_workspaces/drone_simulation/build/ros2_shared -- -j24 -l24
[-69.394s] INFO:colcon.colcon_core.task.python.build:Building Python package in '/home/tyler/ros_workspaces/drone_simulation/src/my_drone_vision'
[-69.394s] INFO:colcon.colcon_core.shell:Skip shell extension 'powershell' for command environment: Not usable outside of PowerShell
[-69.394s] DEBUG:colcon.colcon_core.shell:Skip shell extension 'dsv' for command environment
[-69.387s] DEBUG:colcon.colcon_core.event_handler.log_command:Invoking command in '/home/tyler/ros_workspaces/drone_simulation/build/tello_description': CMAKE_PREFIX_PATH=${CMAKE_PREFIX_PATH}:/home/tyler/ros_workspaces/drone_simulation/install/my_drone_vision:/opt/ros/humble /usr/bin/cmake --build /home/tyler/ros_workspaces/drone_simulation/build/tello_description -- -j24 -l24
[-69.387s] DEBUG:colcon.colcon_core.event_handler.log_command:Invoked command in '/home/tyler/ros_workspaces/drone_simulation/build/ros2_shared' returned '0': CMAKE_PREFIX_PATH=${CMAKE_PREFIX_PATH}:/home/tyler/ros_workspaces/drone_simulation/install/my_drone_vision:/opt/ros/humble /usr/bin/cmake --build /home/tyler/ros_workspaces/drone_simulation/build/ros2_shared -- -j24 -l24
[-69.382s] DEBUG:colcon.colcon_core.event_handler.log_command:Invoking command in '/home/tyler/ros_workspaces/drone_simulation/build/ros2_shared': CMAKE_PREFIX_PATH=${CMAKE_PREFIX_PATH}:/home/tyler/ros_workspaces/drone_simulation/install/my_drone_vision:/opt/ros/humble /usr/bin/cmake --install /home/tyler/ros_workspaces/drone_simulation/build/ros2_shared
[-69.376s] Level 1:colcon.colcon_core.environment:create_environment_scripts_only(ros2_shared)
[-69.375s] DEBUG:colcon.colcon_core.event_handler.log_command:Invoked command in '/home/tyler/ros_workspaces/drone_simulation/build/ros2_shared' returned '0': CMAKE_PREFIX_PATH=${CMAKE_PREFIX_PATH}:/home/tyler/ros_workspaces/drone_simulation/install/my_drone_vision:/opt/ros/humble /usr/bin/cmake --install /home/tyler/ros_workspaces/drone_simulation/build/ros2_shared
[-69.374s] Level 1:colcon.colcon_core.environment:checking '/home/tyler/ros_workspaces/drone_simulation/install/ros2_shared' for CMake module files
[-69.374s] Level 1:colcon.colcon_core.environment:checking '/home/tyler/ros_workspaces/drone_simulation/install/ros2_shared' for CMake config files
[-69.374s] Level 1:colcon.colcon_core.shell:create_environment_hook('ros2_shared', 'cmake_prefix_path')
[-69.374s] INFO:colcon.colcon_core.shell:Creating environment hook '/home/tyler/ros_workspaces/drone_simulation/install/ros2_shared/share/ros2_shared/hook/cmake_prefix_path.ps1'
[-69.374s] INFO:colcon.colcon_core.shell:Creating environment descriptor '/home/tyler/ros_workspaces/drone_simulation/install/ros2_shared/share/ros2_shared/hook/cmake_prefix_path.dsv'
[-69.373s] INFO:colcon.colcon_core.shell:Creating environment hook '/home/tyler/ros_workspaces/drone_simulation/install/ros2_shared/share/ros2_shared/hook/cmake_prefix_path.sh'
[-69.373s] Level 1:colcon.colcon_core.environment:checking '/home/tyler/ros_workspaces/drone_simulation/install/ros2_shared/bin'
[-69.373s] Level 1:colcon.colcon_core.environment:checking '/home/tyler/ros_workspaces/drone_simulation/install/ros2_shared/lib/pkgconfig/ros2_shared.pc'
[-69.373s] Level 1:colcon.colcon_core.environment:checking '/home/tyler/ros_workspaces/drone_simulation/install/ros2_shared/lib/python3.10/site-packages'
[-69.373s] Level 1:colcon.colcon_core.environment:checking '/home/tyler/ros_workspaces/drone_simulation/install/ros2_shared/bin'
[-69.372s] INFO:colcon.colcon_core.shell:Creating package script '/home/tyler/ros_workspaces/drone_simulation/install/ros2_shared/share/ros2_shared/package.ps1'
[-69.372s] INFO:colcon.colcon_core.shell:Creating package descriptor '/home/tyler/ros_workspaces/drone_simulation/install/ros2_shared/share/ros2_shared/package.dsv'
[-69.372s] INFO:colcon.colcon_core.shell:Creating package script '/home/tyler/ros_workspaces/drone_simulation/install/ros2_shared/share/ros2_shared/package.sh'
[-69.371s] INFO:colcon.colcon_core.shell:Creating package script '/home/tyler/ros_workspaces/drone_simulation/install/ros2_shared/share/ros2_shared/package.bash'
[-69.371s] INFO:colcon.colcon_core.shell:Creating package script '/home/tyler/ros_workspaces/drone_simulation/install/ros2_shared/share/ros2_shared/package.zsh'
[-69.370s] Level 1:colcon.colcon_core.environment:create_file_with_runtime_dependencies(/home/tyler/ros_workspaces/drone_simulation/install/ros2_shared/share/colcon-core/packages/ros2_shared)
[-69.370s] Level 1:colcon.colcon_core.environment:create_environment_scripts_only(ros2_shared)
[-69.369s] Level 1:colcon.colcon_core.environment:checking '/home/tyler/ros_workspaces/drone_simulation/install/ros2_shared' for CMake module files
[-69.368s] Level 1:colcon.colcon_core.environment:checking '/home/tyler/ros_workspaces/drone_simulation/install/ros2_shared' for CMake config files
[-69.368s] Level 1:colcon.colcon_core.shell:create_environment_hook('ros2_shared', 'cmake_prefix_path')
[-69.368s] INFO:colcon.colcon_core.shell:Creating environment hook '/home/tyler/ros_workspaces/drone_simulation/install/ros2_shared/share/ros2_shared/hook/cmake_prefix_path.ps1'
[-69.367s] INFO:colcon.colcon_core.shell:Creating environment descriptor '/home/tyler/ros_workspaces/drone_simulation/install/ros2_shared/share/ros2_shared/hook/cmake_prefix_path.dsv'
[-69.366s] INFO:colcon.colcon_core.shell:Creating environment hook '/home/tyler/ros_workspaces/drone_simulation/install/ros2_shared/share/ros2_shared/hook/cmake_prefix_path.sh'
[-69.366s] Level 1:colcon.colcon_core.environment:checking '/home/tyler/ros_workspaces/drone_simulation/install/ros2_shared/bin'
[-69.366s] Level 1:colcon.colcon_core.environment:checking '/home/tyler/ros_workspaces/drone_simulation/install/ros2_shared/lib/pkgconfig/ros2_shared.pc'
[-69.366s] Level 1:colcon.colcon_core.environment:checking '/home/tyler/ros_workspaces/drone_simulation/install/ros2_shared/lib/python3.10/site-packages'
[-69.366s] Level 1:colcon.colcon_core.environment:checking '/home/tyler/ros_workspaces/drone_simulation/install/ros2_shared/bin'
[-69.366s] INFO:colcon.colcon_core.shell:Creating package script '/home/tyler/ros_workspaces/drone_simulation/install/ros2_shared/share/ros2_shared/package.ps1'
[-69.365s] INFO:colcon.colcon_core.shell:Creating package descriptor '/home/tyler/ros_workspaces/drone_simulation/install/ros2_shared/share/ros2_shared/package.dsv'
[-69.365s] INFO:colcon.colcon_core.shell:Creating package script '/home/tyler/ros_workspaces/drone_simulation/install/ros2_shared/share/ros2_shared/package.sh'
[-69.365s] INFO:colcon.colcon_core.shell:Creating package script '/home/tyler/ros_workspaces/drone_simulation/install/ros2_shared/share/ros2_shared/package.bash'
[-69.364s] INFO:colcon.colcon_core.shell:Creating package script '/home/tyler/ros_workspaces/drone_simulation/install/ros2_shared/share/ros2_shared/package.zsh'
[-69.364s] Level 1:colcon.colcon_core.environment:create_file_with_runtime_dependencies(/home/tyler/ros_workspaces/drone_simulation/install/ros2_shared/share/colcon-core/packages/ros2_shared)
[-69.350s] DEBUG:colcon.colcon_core.event_handler.log_command:Invoked command in '/home/tyler/ros_workspaces/drone_simulation/build/tello_description' returned '0': CMAKE_PREFIX_PATH=${CMAKE_PREFIX_PATH}:/home/tyler/ros_workspaces/drone_simulation/install/my_drone_vision:/opt/ros/humble /usr/bin/cmake --build /home/tyler/ros_workspaces/drone_simulation/build/tello_description -- -j24 -l24
[-69.349s] DEBUG:colcon.colcon_core.event_handler.log_command:Invoking command in '/home/tyler/ros_workspaces/drone_simulation/build/tello_description': CMAKE_PREFIX_PATH=${CMAKE_PREFIX_PATH}:/home/tyler/ros_workspaces/drone_simulation/install/my_drone_vision:/opt/ros/humble /usr/bin/cmake --install /home/tyler/ros_workspaces/drone_simulation/build/tello_description
[-69.341s] DEBUG:colcon.colcon_core.event_handler.log_command:Invoked command in '/home/tyler/ros_workspaces/drone_simulation/build/tello_msgs' returned '0': CMAKE_PREFIX_PATH=${CMAKE_PREFIX_PATH}:/home/tyler/ros_workspaces/drone_simulation/install/my_drone_vision:/opt/ros/humble /usr/bin/cmake --build /home/tyler/ros_workspaces/drone_simulation/build/tello_msgs -- -j24 -l24
[-69.340s] DEBUG:colcon.colcon_core.event_handler.log_command:Invoking command in '/home/tyler/ros_workspaces/drone_simulation/build/tello_msgs': CMAKE_PREFIX_PATH=${CMAKE_PREFIX_PATH}:/home/tyler/ros_workspaces/drone_simulation/install/my_drone_vision:/opt/ros/humble /usr/bin/cmake --install /home/tyler/ros_workspaces/drone_simulation/build/tello_msgs
[-69.340s] Level 1:colcon.colcon_core.environment:create_environment_scripts_only(tello_description)
[-69.340s] Level 1:colcon.colcon_core.environment:checking '/home/tyler/ros_workspaces/drone_simulation/install/tello_description' for CMake module files
[-69.340s] DEBUG:colcon.colcon_core.event_handler.log_command:Invoked command in '/home/tyler/ros_workspaces/drone_simulation/build/tello_description' returned '0': CMAKE_PREFIX_PATH=${CMAKE_PREFIX_PATH}:/home/tyler/ros_workspaces/drone_simulation/install/my_drone_vision:/opt/ros/humble /usr/bin/cmake --install /home/tyler/ros_workspaces/drone_simulation/build/tello_description
[-69.340s] Level 1:colcon.colcon_core.environment:checking '/home/tyler/ros_workspaces/drone_simulation/install/tello_description' for CMake config files
[-69.340s] Level 1:colcon.colcon_core.shell:create_environment_hook('tello_description', 'cmake_prefix_path')
[-69.339s] INFO:colcon.colcon_core.shell:Creating environment hook '/home/tyler/ros_workspaces/drone_simulation/install/tello_description/share/tello_description/hook/cmake_prefix_path.ps1'
[-69.339s] INFO:colcon.colcon_core.shell:Creating environment descriptor '/home/tyler/ros_workspaces/drone_simulation/install/tello_description/share/tello_description/hook/cmake_prefix_path.dsv'
[-69.339s] INFO:colcon.colcon_core.shell:Creating environment hook '/home/tyler/ros_workspaces/drone_simulation/install/tello_description/share/tello_description/hook/cmake_prefix_path.sh'
[-69.339s] Level 1:colcon.colcon_core.environment:checking '/home/tyler/ros_workspaces/drone_simulation/install/tello_description/bin'
[-69.339s] Level 1:colcon.colcon_core.environment:checking '/home/tyler/ros_workspaces/drone_simulation/install/tello_description/lib/pkgconfig/tello_description.pc'
[-69.338s] Level 1:colcon.colcon_core.environment:checking '/home/tyler/ros_workspaces/drone_simulation/install/tello_description/lib/python3.10/site-packages'
[-69.338s] Level 1:colcon.colcon_core.environment:checking '/home/tyler/ros_workspaces/drone_simulation/install/tello_description/bin'
[-69.338s] INFO:colcon.colcon_core.shell:Creating package script '/home/tyler/ros_workspaces/drone_simulation/install/tello_description/share/tello_description/package.ps1'
[-69.338s] INFO:colcon.colcon_core.shell:Creating package descriptor '/home/tyler/ros_workspaces/drone_simulation/install/tello_description/share/tello_description/package.dsv'
[-69.338s] INFO:colcon.colcon_core.shell:Creating package script '/home/tyler/ros_workspaces/drone_simulation/install/tello_description/share/tello_description/package.sh'
[-69.338s] INFO:colcon.colcon_core.shell:Creating package script '/home/tyler/ros_workspaces/drone_simulation/install/tello_description/share/tello_description/package.bash'
[-69.337s] INFO:colcon.colcon_core.shell:Creating package script '/home/tyler/ros_workspaces/drone_simulation/install/tello_description/share/tello_description/package.zsh'
[-69.337s] Level 1:colcon.colcon_core.environment:create_file_with_runtime_dependencies(/home/tyler/ros_workspaces/drone_simulation/install/tello_description/share/colcon-core/packages/tello_description)
[-69.337s] Level 1:colcon.colcon_core.environment:create_environment_scripts_only(tello_description)
[-69.337s] Level 1:colcon.colcon_core.environment:checking '/home/tyler/ros_workspaces/drone_simulation/install/tello_description' for CMake module files
[-69.337s] Level 1:colcon.colcon_core.environment:checking '/home/tyler/ros_workspaces/drone_simulation/install/tello_description' for CMake config files
[-69.337s] Level 1:colcon.colcon_core.shell:create_environment_hook('tello_description', 'cmake_prefix_path')
[-69.337s] INFO:colcon.colcon_core.shell:Creating environment hook '/home/tyler/ros_workspaces/drone_simulation/install/tello_description/share/tello_description/hook/cmake_prefix_path.ps1'
[-69.336s] INFO:colcon.colcon_core.shell:Creating environment descriptor '/home/tyler/ros_workspaces/drone_simulation/install/tello_description/share/tello_description/hook/cmake_prefix_path.dsv'
[-69.336s] INFO:colcon.colcon_core.shell:Creating environment hook '/home/tyler/ros_workspaces/drone_simulation/install/tello_description/share/tello_description/hook/cmake_prefix_path.sh'
[-69.336s] Level 1:colcon.colcon_core.environment:checking '/home/tyler/ros_workspaces/drone_simulation/install/tello_description/bin'
[-69.336s] Level 1:colcon.colcon_core.environment:checking '/home/tyler/ros_workspaces/drone_simulation/install/tello_description/lib/pkgconfig/tello_description.pc'
[-69.336s] Level 1:colcon.colcon_core.environment:checking '/home/tyler/ros_workspaces/drone_simulation/install/tello_description/lib/python3.10/site-packages'
[-69.336s] Level 1:colcon.colcon_core.environment:checking '/home/tyler/ros_workspaces/drone_simulation/install/tello_description/bin'
[-69.335s] INFO:colcon.colcon_core.shell:Creating package script '/home/tyler/ros_workspaces/drone_simulation/install/tello_description/share/tello_description/package.ps1'
[-69.335s] INFO:colcon.colcon_core.shell:Creating package descriptor '/home/tyler/ros_workspaces/drone_simulation/install/tello_description/share/tello_description/package.dsv'
[-69.335s] INFO:colcon.colcon_core.shell:Creating package script '/home/tyler/ros_workspaces/drone_simulation/install/tello_description/share/tello_description/package.sh'
[-69.335s] INFO:colcon.colcon_core.shell:Creating package script '/home/tyler/ros_workspaces/drone_simulation/install/tello_description/share/tello_description/package.bash'
[-69.334s] INFO:colcon.colcon_core.shell:Creating package script '/home/tyler/ros_workspaces/drone_simulation/install/tello_description/share/tello_description/package.zsh'
[-69.334s] Level 1:colcon.colcon_core.environment:create_file_with_runtime_dependencies(/home/tyler/ros_workspaces/drone_simulation/install/tello_description/share/colcon-core/packages/tello_description)
[-69.305s] Level 1:colcon.colcon_core.environment:create_environment_scripts_only(tello_msgs)
[-69.305s] Level 1:colcon.colcon_core.environment:checking '/home/tyler/ros_workspaces/drone_simulation/install/tello_msgs' for CMake module files
[-69.305s] DEBUG:colcon.colcon_core.event_handler.log_command:Invoked command in '/home/tyler/ros_workspaces/drone_simulation/build/tello_msgs' returned '0': CMAKE_PREFIX_PATH=${CMAKE_PREFIX_PATH}:/home/tyler/ros_workspaces/drone_simulation/install/my_drone_vision:/opt/ros/humble /usr/bin/cmake --install /home/tyler/ros_workspaces/drone_simulation/build/tello_msgs
[-69.304s] Level 1:colcon.colcon_core.environment:checking '/home/tyler/ros_workspaces/drone_simulation/install/tello_msgs' for CMake config files
[-69.304s] Level 1:colcon.colcon_core.shell:create_environment_hook('tello_msgs', 'cmake_prefix_path')
[-69.304s] INFO:colcon.colcon_core.shell:Creating environment hook '/home/tyler/ros_workspaces/drone_simulation/install/tello_msgs/share/tello_msgs/hook/cmake_prefix_path.ps1'
[-69.304s] INFO:colcon.colcon_core.shell:Creating environment descriptor '/home/tyler/ros_workspaces/drone_simulation/install/tello_msgs/share/tello_msgs/hook/cmake_prefix_path.dsv'
[-69.304s] INFO:colcon.colcon_core.shell:Creating environment hook '/home/tyler/ros_workspaces/drone_simulation/install/tello_msgs/share/tello_msgs/hook/cmake_prefix_path.sh'
[-69.303s] Level 1:colcon.colcon_core.environment:checking '/home/tyler/ros_workspaces/drone_simulation/install/tello_msgs/lib'
[-69.303s] Level 1:colcon.colcon_core.shell:create_environment_hook('tello_msgs', 'ld_library_path_lib')
[-69.303s] INFO:colcon.colcon_core.shell:Creating environment hook '/home/tyler/ros_workspaces/drone_simulation/install/tello_msgs/share/tello_msgs/hook/ld_library_path_lib.ps1'
[-69.303s] INFO:colcon.colcon_core.shell:Creating environment descriptor '/home/tyler/ros_workspaces/drone_simulation/install/tello_msgs/share/tello_msgs/hook/ld_library_path_lib.dsv'
[-69.303s] INFO:colcon.colcon_core.shell:Creating environment hook '/home/tyler/ros_workspaces/drone_simulation/install/tello_msgs/share/tello_msgs/hook/ld_library_path_lib.sh'
[-69.302s] Level 1:colcon.colcon_core.environment:checking '/home/tyler/ros_workspaces/drone_simulation/install/tello_msgs/bin'
[-69.302s] Level 1:colcon.colcon_core.environment:checking '/home/tyler/ros_workspaces/drone_simulation/install/tello_msgs/lib/pkgconfig/tello_msgs.pc'
[-69.302s] Level 1:colcon.colcon_core.environment:checking '/home/tyler/ros_workspaces/drone_simulation/install/tello_msgs/lib/python3.10/site-packages'
[-69.302s] Level 1:colcon.colcon_core.environment:checking '/home/tyler/ros_workspaces/drone_simulation/install/tello_msgs/bin'
[-69.302s] INFO:colcon.colcon_core.shell:Creating package script '/home/tyler/ros_workspaces/drone_simulation/install/tello_msgs/share/tello_msgs/package.ps1'
[-69.302s] INFO:colcon.colcon_core.shell:Creating package descriptor '/home/tyler/ros_workspaces/drone_simulation/install/tello_msgs/share/tello_msgs/package.dsv'
[-69.301s] INFO:colcon.colcon_core.shell:Creating package script '/home/tyler/ros_workspaces/drone_simulation/install/tello_msgs/share/tello_msgs/package.sh'
[-69.301s] INFO:colcon.colcon_core.shell:Creating package script '/home/tyler/ros_workspaces/drone_simulation/install/tello_msgs/share/tello_msgs/package.bash'
[-69.301s] INFO:colcon.colcon_core.shell:Creating package script '/home/tyler/ros_workspaces/drone_simulation/install/tello_msgs/share/tello_msgs/package.zsh'
[-69.301s] Level 1:colcon.colcon_core.environment:create_file_with_runtime_dependencies(/home/tyler/ros_workspaces/drone_simulation/install/tello_msgs/share/colcon-core/packages/tello_msgs)
[-69.301s] Level 1:colcon.colcon_core.environment:create_environment_scripts_only(tello_msgs)
[-69.301s] Level 1:colcon.colcon_core.environment:checking '/home/tyler/ros_workspaces/drone_simulation/install/tello_msgs' for CMake module files
[-69.300s] Level 1:colcon.colcon_core.environment:checking '/home/tyler/ros_workspaces/drone_simulation/install/tello_msgs' for CMake config files
[-69.300s] Level 1:colcon.colcon_core.shell:create_environment_hook('tello_msgs', 'cmake_prefix_path')
[-69.300s] INFO:colcon.colcon_core.shell:Creating environment hook '/home/tyler/ros_workspaces/drone_simulation/install/tello_msgs/share/tello_msgs/hook/cmake_prefix_path.ps1'
[-69.300s] INFO:colcon.colcon_core.shell:Creating environment descriptor '/home/tyler/ros_workspaces/drone_simulation/install/tello_msgs/share/tello_msgs/hook/cmake_prefix_path.dsv'
[-69.300s] INFO:colcon.colcon_core.shell:Creating environment hook '/home/tyler/ros_workspaces/drone_simulation/install/tello_msgs/share/tello_msgs/hook/cmake_prefix_path.sh'
[-69.299s] Level 1:colcon.colcon_core.environment:checking '/home/tyler/ros_workspaces/drone_simulation/install/tello_msgs/lib'
[-69.299s] Level 1:colcon.colcon_core.shell:create_environment_hook('tello_msgs', 'ld_library_path_lib')
[-69.299s] INFO:colcon.colcon_core.shell:Creating environment hook '/home/tyler/ros_workspaces/drone_simulation/install/tello_msgs/share/tello_msgs/hook/ld_library_path_lib.ps1'
[-69.299s] INFO:colcon.colcon_core.shell:Creating environment descriptor '/home/tyler/ros_workspaces/drone_simulation/install/tello_msgs/share/tello_msgs/hook/ld_library_path_lib.dsv'
[-69.299s] INFO:colcon.colcon_core.shell:Creating environment hook '/home/tyler/ros_workspaces/drone_simulation/install/tello_msgs/share/tello_msgs/hook/ld_library_path_lib.sh'
[-69.299s] Level 1:colcon.colcon_core.environment:checking '/home/tyler/ros_workspaces/drone_simulation/install/tello_msgs/bin'
[-69.299s] Level 1:colcon.colcon_core.environment:checking '/home/tyler/ros_workspaces/drone_simulation/install/tello_msgs/lib/pkgconfig/tello_msgs.pc'
[-69.298s] Level 1:colcon.colcon_core.environment:checking '/home/tyler/ros_workspaces/drone_simulation/install/tello_msgs/lib/python3.10/site-packages'
[-69.298s] Level 1:colcon.colcon_core.environment:checking '/home/tyler/ros_workspaces/drone_simulation/install/tello_msgs/bin'
[-69.298s] INFO:colcon.colcon_core.shell:Creating package script '/home/tyler/ros_workspaces/drone_simulation/install/tello_msgs/share/tello_msgs/package.ps1'
[-69.298s] INFO:colcon.colcon_core.shell:Creating package descriptor '/home/tyler/ros_workspaces/drone_simulation/install/tello_msgs/share/tello_msgs/package.dsv'
[-69.298s] INFO:colcon.colcon_core.shell:Creating package script '/home/tyler/ros_workspaces/drone_simulation/install/tello_msgs/share/tello_msgs/package.sh'
[-69.297s] INFO:colcon.colcon_core.shell:Creating package script '/home/tyler/ros_workspaces/drone_simulation/install/tello_msgs/share/tello_msgs/package.bash'
[-69.297s] INFO:colcon.colcon_core.shell:Creating package script '/home/tyler/ros_workspaces/drone_simulation/install/tello_msgs/share/tello_msgs/package.zsh'
[-69.297s] Level 1:colcon.colcon_core.environment:create_file_with_runtime_dependencies(/home/tyler/ros_workspaces/drone_simulation/install/tello_msgs/share/colcon-core/packages/tello_msgs)
[-69.297s] INFO:colcon.colcon_ros.task.ament_cmake.build:Building ROS package in '/home/tyler/ros_workspaces/drone_simulation/src/tello_ros/tello_driver' with build type 'ament_cmake'
[-69.296s] INFO:colcon.colcon_cmake.task.cmake.build:Building CMake package in '/home/tyler/ros_workspaces/drone_simulation/src/tello_ros/tello_driver'
[-69.296s] INFO:colcon.colcon_core.shell:Skip shell extension 'powershell' for command environment: Not usable outside of PowerShell
[-69.296s] DEBUG:colcon.colcon_core.shell:Skip shell extension 'dsv' for command environment
[-69.294s] INFO:colcon.colcon_ros.task.ament_cmake.build:Building ROS package in '/home/tyler/ros_workspaces/drone_simulation/src/tello_ros/tello_gazebo' with build type 'ament_cmake'
[-69.294s] INFO:colcon.colcon_cmake.task.cmake.build:Building CMake package in '/home/tyler/ros_workspaces/drone_simulation/src/tello_ros/tello_gazebo'
[-69.294s] INFO:colcon.colcon_core.shell:Skip shell extension 'powershell' for command environment: Not usable outside of PowerShell
[-69.294s] DEBUG:colcon.colcon_core.shell:Skip shell extension 'dsv' for command environment
[-69.265s] DEBUG:colcon.colcon_core.event_handler.log_command:Invoking command in '/home/tyler/ros_workspaces/drone_simulation/build/tello_gazebo': CMAKE_PREFIX_PATH=/home/tyler/ros_workspaces/drone_simulation/install/tello_msgs:/home/tyler/ros_workspaces/drone_simulation/install/tello_gazebo:/home/tyler/ros_workspaces/drone_simulation/install/tello_driver:/home/tyler/ros_workspaces/drone_simulation/install/tello_description:/home/tyler/ros_workspaces/drone_simulation/install/ros2_shared:/home/tyler/ros_workspaces/drone_simulation/install/my_drone_vision:/opt/ros/humble LD_LIBRARY_PATH=/home/tyler/ros_workspaces/drone_simulation/install/tello_msgs/lib:/home/tyler/ros_workspaces/drone_simulation/install/tello_gazebo/lib:/home/tyler/ros_workspaces/drone_simulation/install/tello_driver/lib:/usr/lib/x86_64-linux-gnu/gazebo-11/plugins:/opt/ros/humble/lib/x86_64-linux-gnu:/opt/ros/humble/lib:/usr/lib/x86_64-linux-gnu/nvidia:/usr/lib/x86_64-linux-gnu/nvidia /usr/bin/cmake --build /home/tyler/ros_workspaces/drone_simulation/build/tello_gazebo -- -j24 -l24
[-69.250s] DEBUG:colcon.colcon_core.event_handler.log_command:Invoking command in '/home/tyler/ros_workspaces/drone_simulation/build/tello_driver': CMAKE_PREFIX_PATH=/home/tyler/ros_workspaces/drone_simulation/install/tello_msgs:/home/tyler/ros_workspaces/drone_simulation/install/ros2_shared:/home/tyler/ros_workspaces/drone_simulation/install/tello_gazebo:/home/tyler/ros_workspaces/drone_simulation/install/tello_driver:/home/tyler/ros_workspaces/drone_simulation/install/tello_description:/home/tyler/ros_workspaces/drone_simulation/install/my_drone_vision:/opt/ros/humble LD_LIBRARY_PATH=/home/tyler/ros_workspaces/drone_simulation/install/tello_msgs/lib:/home/tyler/ros_workspaces/drone_simulation/install/tello_gazebo/lib:/home/tyler/ros_workspaces/drone_simulation/install/tello_driver/lib:/usr/lib/x86_64-linux-gnu/gazebo-11/plugins:/opt/ros/humble/lib/x86_64-linux-gnu:/opt/ros/humble/lib:/usr/lib/x86_64-linux-gnu/nvidia:/usr/lib/x86_64-linux-gnu/nvidia /usr/bin/cmake --build /home/tyler/ros_workspaces/drone_simulation/build/tello_driver -- -j24 -l24
[-69.221s] DEBUG:colcon.colcon_core.event_handler.log_command:Invoked command in '/home/tyler/ros_workspaces/drone_simulation/build/tello_gazebo' returned '0': CMAKE_PREFIX_PATH=/home/tyler/ros_workspaces/drone_simulation/install/tello_msgs:/home/tyler/ros_workspaces/drone_simulation/install/tello_gazebo:/home/tyler/ros_workspaces/drone_simulation/install/tello_driver:/home/tyler/ros_workspaces/drone_simulation/install/tello_description:/home/tyler/ros_workspaces/drone_simulation/install/ros2_shared:/home/tyler/ros_workspaces/drone_simulation/install/my_drone_vision:/opt/ros/humble LD_LIBRARY_PATH=/home/tyler/ros_workspaces/drone_simulation/install/tello_msgs/lib:/home/tyler/ros_workspaces/drone_simulation/install/tello_gazebo/lib:/home/tyler/ros_workspaces/drone_simulation/install/tello_driver/lib:/usr/lib/x86_64-linux-gnu/gazebo-11/plugins:/opt/ros/humble/lib/x86_64-linux-gnu:/opt/ros/humble/lib:/usr/lib/x86_64-linux-gnu/nvidia:/usr/lib/x86_64-linux-gnu/nvidia /usr/bin/cmake --build /home/tyler/ros_workspaces/drone_simulation/build/tello_gazebo -- -j24 -l24
[-69.220s] DEBUG:colcon.colcon_core.event_handler.log_command:Invoking command in '/home/tyler/ros_workspaces/drone_simulation/build/tello_gazebo': CMAKE_PREFIX_PATH=/home/tyler/ros_workspaces/drone_simulation/install/tello_msgs:/home/tyler/ros_workspaces/drone_simulation/install/tello_gazebo:/home/tyler/ros_workspaces/drone_simulation/install/tello_driver:/home/tyler/ros_workspaces/drone_simulation/install/tello_description:/home/tyler/ros_workspaces/drone_simulation/install/ros2_shared:/home/tyler/ros_workspaces/drone_simulation/install/my_drone_vision:/opt/ros/humble LD_LIBRARY_PATH=/home/tyler/ros_workspaces/drone_simulation/install/tello_msgs/lib:/home/tyler/ros_workspaces/drone_simulation/install/tello_gazebo/lib:/home/tyler/ros_workspaces/drone_simulation/install/tello_driver/lib:/usr/lib/x86_64-linux-gnu/gazebo-11/plugins:/opt/ros/humble/lib/x86_64-linux-gnu:/opt/ros/humble/lib:/usr/lib/x86_64-linux-gnu/nvidia:/usr/lib/x86_64-linux-gnu/nvidia /usr/bin/cmake --install /home/tyler/ros_workspaces/drone_simulation/build/tello_gazebo
[-69.207s] Level 1:colcon.colcon_core.environment:create_environment_scripts_only(tello_gazebo)
[-69.207s] DEBUG:colcon.colcon_core.event_handler.log_command:Invoked command in '/home/tyler/ros_workspaces/drone_simulation/build/tello_gazebo' returned '0': CMAKE_PREFIX_PATH=/home/tyler/ros_workspaces/drone_simulation/install/tello_msgs:/home/tyler/ros_workspaces/drone_simulation/install/tello_gazebo:/home/tyler/ros_workspaces/drone_simulation/install/tello_driver:/home/tyler/ros_workspaces/drone_simulation/install/tello_description:/home/tyler/ros_workspaces/drone_simulation/install/ros2_shared:/home/tyler/ros_workspaces/drone_simulation/install/my_drone_vision:/opt/ros/humble LD_LIBRARY_PATH=/home/tyler/ros_workspaces/drone_simulation/install/tello_msgs/lib:/home/tyler/ros_workspaces/drone_simulation/install/tello_gazebo/lib:/home/tyler/ros_workspaces/drone_simulation/install/tello_driver/lib:/usr/lib/x86_64-linux-gnu/gazebo-11/plugins:/opt/ros/humble/lib/x86_64-linux-gnu:/opt/ros/humble/lib:/usr/lib/x86_64-linux-gnu/nvidia:/usr/lib/x86_64-linux-gnu/nvidia /usr/bin/cmake --install /home/tyler/ros_workspaces/drone_simulation/build/tello_gazebo
[-69.206s] Level 1:colcon.colcon_core.environment:checking '/home/tyler/ros_workspaces/drone_simulation/install/tello_gazebo' for CMake module files
[-69.206s] Level 1:colcon.colcon_core.environment:checking '/home/tyler/ros_workspaces/drone_simulation/install/tello_gazebo' for CMake config files
[-69.206s] Level 1:colcon.colcon_core.shell:create_environment_hook('tello_gazebo', 'cmake_prefix_path')
[-69.206s] INFO:colcon.colcon_core.shell:Creating environment hook '/home/tyler/ros_workspaces/drone_simulation/install/tello_gazebo/share/tello_gazebo/hook/cmake_prefix_path.ps1'
[-69.206s] INFO:colcon.colcon_core.shell:Creating environment descriptor '/home/tyler/ros_workspaces/drone_simulation/install/tello_gazebo/share/tello_gazebo/hook/cmake_prefix_path.dsv'
[-69.205s] INFO:colcon.colcon_core.shell:Creating environment hook '/home/tyler/ros_workspaces/drone_simulation/install/tello_gazebo/share/tello_gazebo/hook/cmake_prefix_path.sh'
[-69.205s] Level 1:colcon.colcon_core.environment:checking '/home/tyler/ros_workspaces/drone_simulation/install/tello_gazebo/lib'
[-69.205s] Level 1:colcon.colcon_core.shell:create_environment_hook('tello_gazebo', 'ld_library_path_lib')
[-69.205s] INFO:colcon.colcon_core.shell:Creating environment hook '/home/tyler/ros_workspaces/drone_simulation/install/tello_gazebo/share/tello_gazebo/hook/ld_library_path_lib.ps1'
[-69.205s] INFO:colcon.colcon_core.shell:Creating environment descriptor '/home/tyler/ros_workspaces/drone_simulation/install/tello_gazebo/share/tello_gazebo/hook/ld_library_path_lib.dsv'
[-69.205s] INFO:colcon.colcon_core.shell:Creating environment hook '/home/tyler/ros_workspaces/drone_simulation/install/tello_gazebo/share/tello_gazebo/hook/ld_library_path_lib.sh'
[-69.204s] Level 1:colcon.colcon_core.environment:checking '/home/tyler/ros_workspaces/drone_simulation/install/tello_gazebo/bin'
[-69.204s] Level 1:colcon.colcon_core.environment:checking '/home/tyler/ros_workspaces/drone_simulation/install/tello_gazebo/lib/pkgconfig/tello_gazebo.pc'
[-69.204s] Level 1:colcon.colcon_core.environment:checking '/home/tyler/ros_workspaces/drone_simulation/install/tello_gazebo/lib/python3.10/site-packages'
[-69.204s] Level 1:colcon.colcon_core.environment:checking '/home/tyler/ros_workspaces/drone_simulation/install/tello_gazebo/bin'
[-69.204s] INFO:colcon.colcon_core.shell:Creating package script '/home/tyler/ros_workspaces/drone_simulation/install/tello_gazebo/share/tello_gazebo/package.ps1'
[-69.204s] INFO:colcon.colcon_core.shell:Creating package descriptor '/home/tyler/ros_workspaces/drone_simulation/install/tello_gazebo/share/tello_gazebo/package.dsv'
[-69.203s] INFO:colcon.colcon_core.shell:Creating package script '/home/tyler/ros_workspaces/drone_simulation/install/tello_gazebo/share/tello_gazebo/package.sh'
[-69.203s] INFO:colcon.colcon_core.shell:Creating package script '/home/tyler/ros_workspaces/drone_simulation/install/tello_gazebo/share/tello_gazebo/package.bash'
[-69.203s] INFO:colcon.colcon_core.shell:Creating package script '/home/tyler/ros_workspaces/drone_simulation/install/tello_gazebo/share/tello_gazebo/package.zsh'
[-69.203s] Level 1:colcon.colcon_core.environment:create_file_with_runtime_dependencies(/home/tyler/ros_workspaces/drone_simulation/install/tello_gazebo/share/colcon-core/packages/tello_gazebo)
[-69.203s] Level 1:colcon.colcon_core.environment:create_environment_scripts_only(tello_gazebo)
[-69.203s] Level 1:colcon.colcon_core.environment:checking '/home/tyler/ros_workspaces/drone_simulation/install/tello_gazebo' for CMake module files
[-69.202s] Level 1:colcon.colcon_core.environment:checking '/home/tyler/ros_workspaces/drone_simulation/install/tello_gazebo' for CMake config files
[-69.202s] Level 1:colcon.colcon_core.shell:create_environment_hook('tello_gazebo', 'cmake_prefix_path')
[-69.202s] INFO:colcon.colcon_core.shell:Creating environment hook '/home/tyler/ros_workspaces/drone_simulation/install/tello_gazebo/share/tello_gazebo/hook/cmake_prefix_path.ps1'
[-69.202s] INFO:colcon.colcon_core.shell:Creating environment descriptor '/home/tyler/ros_workspaces/drone_simulation/install/tello_gazebo/share/tello_gazebo/hook/cmake_prefix_path.dsv'
[-69.202s] INFO:colcon.colcon_core.shell:Creating environment hook '/home/tyler/ros_workspaces/drone_simulation/install/tello_gazebo/share/tello_gazebo/hook/cmake_prefix_path.sh'
[-69.201s] Level 1:colcon.colcon_core.environment:checking '/home/tyler/ros_workspaces/drone_simulation/install/tello_gazebo/lib'
[-69.201s] Level 1:colcon.colcon_core.shell:create_environment_hook('tello_gazebo', 'ld_library_path_lib')
[-69.201s] INFO:colcon.colcon_core.shell:Creating environment hook '/home/tyler/ros_workspaces/drone_simulation/install/tello_gazebo/share/tello_gazebo/hook/ld_library_path_lib.ps1'
[-69.201s] INFO:colcon.colcon_core.shell:Creating environment descriptor '/home/tyler/ros_workspaces/drone_simulation/install/tello_gazebo/share/tello_gazebo/hook/ld_library_path_lib.dsv'
[-69.201s] INFO:colcon.colcon_core.shell:Creating environment hook '/home/tyler/ros_workspaces/drone_simulation/install/tello_gazebo/share/tello_gazebo/hook/ld_library_path_lib.sh'
[-69.201s] Level 1:colcon.colcon_core.environment:checking '/home/tyler/ros_workspaces/drone_simulation/install/tello_gazebo/bin'
[-69.201s] Level 1:colcon.colcon_core.environment:checking '/home/tyler/ros_workspaces/drone_simulation/install/tello_gazebo/lib/pkgconfig/tello_gazebo.pc'
[-69.201s] Level 1:colcon.colcon_core.environment:checking '/home/tyler/ros_workspaces/drone_simulation/install/tello_gazebo/lib/python3.10/site-packages'
[-69.200s] Level 1:colcon.colcon_core.environment:checking '/home/tyler/ros_workspaces/drone_simulation/install/tello_gazebo/bin'
[-69.200s] INFO:colcon.colcon_core.shell:Creating package script '/home/tyler/ros_workspaces/drone_simulation/install/tello_gazebo/share/tello_gazebo/package.ps1'
[-69.200s] INFO:colcon.colcon_core.shell:Creating package descriptor '/home/tyler/ros_workspaces/drone_simulation/install/tello_gazebo/share/tello_gazebo/package.dsv'
[-69.200s] INFO:colcon.colcon_core.shell:Creating package script '/home/tyler/ros_workspaces/drone_simulation/install/tello_gazebo/share/tello_gazebo/package.sh'
[-69.200s] INFO:colcon.colcon_core.shell:Creating package script '/home/tyler/ros_workspaces/drone_simulation/install/tello_gazebo/share/tello_gazebo/package.bash'
[-69.199s] INFO:colcon.colcon_core.shell:Creating package script '/home/tyler/ros_workspaces/drone_simulation/install/tello_gazebo/share/tello_gazebo/package.zsh'
[-69.199s] Level 1:colcon.colcon_core.environment:create_file_with_runtime_dependencies(/home/tyler/ros_workspaces/drone_simulation/install/tello_gazebo/share/colcon-core/packages/tello_gazebo)
[-69.198s] DEBUG:colcon.colcon_core.event_handler.log_command:Invoked command in '/home/tyler/ros_workspaces/drone_simulation/build/tello_driver' returned '0': CMAKE_PREFIX_PATH=/home/tyler/ros_workspaces/drone_simulation/install/tello_msgs:/home/tyler/ros_workspaces/drone_simulation/install/ros2_shared:/home/tyler/ros_workspaces/drone_simulation/install/tello_gazebo:/home/tyler/ros_workspaces/drone_simulation/install/tello_driver:/home/tyler/ros_workspaces/drone_simulation/install/tello_description:/home/tyler/ros_workspaces/drone_simulation/install/my_drone_vision:/opt/ros/humble LD_LIBRARY_PATH=/home/tyler/ros_workspaces/drone_simulation/install/tello_msgs/lib:/home/tyler/ros_workspaces/drone_simulation/install/tello_gazebo/lib:/home/tyler/ros_workspaces/drone_simulation/install/tello_driver/lib:/usr/lib/x86_64-linux-gnu/gazebo-11/plugins:/opt/ros/humble/lib/x86_64-linux-gnu:/opt/ros/humble/lib:/usr/lib/x86_64-linux-gnu/nvidia:/usr/lib/x86_64-linux-gnu/nvidia /usr/bin/cmake --build /home/tyler/ros_workspaces/drone_simulation/build/tello_driver -- -j24 -l24
[-69.196s] DEBUG:colcon.colcon_core.event_handler.log_command:Invoking command in '/home/tyler/ros_workspaces/drone_simulation/build/tello_driver': CMAKE_PREFIX_PATH=/home/tyler/ros_workspaces/drone_simulation/install/tello_msgs:/home/tyler/ros_workspaces/drone_simulation/install/ros2_shared:/home/tyler/ros_workspaces/drone_simulation/install/tello_gazebo:/home/tyler/ros_workspaces/drone_simulation/install/tello_driver:/home/tyler/ros_workspaces/drone_simulation/install/tello_description:/home/tyler/ros_workspaces/drone_simulation/install/my_drone_vision:/opt/ros/humble LD_LIBRARY_PATH=/home/tyler/ros_workspaces/drone_simulation/install/tello_msgs/lib:/home/tyler/ros_workspaces/drone_simulation/install/tello_gazebo/lib:/home/tyler/ros_workspaces/drone_simulation/install/tello_driver/lib:/usr/lib/x86_64-linux-gnu/gazebo-11/plugins:/opt/ros/humble/lib/x86_64-linux-gnu:/opt/ros/humble/lib:/usr/lib/x86_64-linux-gnu/nvidia:/usr/lib/x86_64-linux-gnu/nvidia /usr/bin/cmake --install /home/tyler/ros_workspaces/drone_simulation/build/tello_driver
[-69.194s] DEBUG:colcon.colcon_core.event_handler.log_command:Invoking command in '/home/tyler/ros_workspaces/drone_simulation/src/my_drone_vision': PYTHONPATH=/home/tyler/ros_workspaces/drone_simulation/build/my_drone_vision/prefix_override:/usr/lib/python3/dist-packages/colcon_core/task/python/colcon_distutils_commands:/home/tyler/ros_workspaces/drone_simulation/install/my_drone_vision/lib/python3.10/site-packages:${PYTHONPATH} /usr/bin/python3 -W ignore:setup.py install is deprecated -W ignore:easy_install command is deprecated setup.py egg_info --egg-base ../../build/my_drone_vision build --build-base /home/tyler/ros_workspaces/drone_simulation/build/my_drone_vision/build install --record /home/tyler/ros_workspaces/drone_simulation/build/my_drone_vision/install.log --single-version-externally-managed install_data
[-69.189s] Level 1:colcon.colcon_core.environment:create_environment_scripts_only(tello_driver)
[-69.189s] Level 1:colcon.colcon_core.environment:checking '/home/tyler/ros_workspaces/drone_simulation/install/tello_driver' for CMake module files
[-69.189s] DEBUG:colcon.colcon_core.event_handler.log_command:Invoked command in '/home/tyler/ros_workspaces/drone_simulation/build/tello_driver' returned '0': CMAKE_PREFIX_PATH=/home/tyler/ros_workspaces/drone_simulation/install/tello_msgs:/home/tyler/ros_workspaces/drone_simulation/install/ros2_shared:/home/tyler/ros_workspaces/drone_simulation/install/tello_gazebo:/home/tyler/ros_workspaces/drone_simulation/install/tello_driver:/home/tyler/ros_workspaces/drone_simulation/install/tello_description:/home/tyler/ros_workspaces/drone_simulation/install/my_drone_vision:/opt/ros/humble LD_LIBRARY_PATH=/home/tyler/ros_workspaces/drone_simulation/install/tello_msgs/lib:/home/tyler/ros_workspaces/drone_simulation/install/tello_gazebo/lib:/home/tyler/ros_workspaces/drone_simulation/install/tello_driver/lib:/usr/lib/x86_64-linux-gnu/gazebo-11/plugins:/opt/ros/humble/lib/x86_64-linux-gnu:/opt/ros/humble/lib:/usr/lib/x86_64-linux-gnu/nvidia:/usr/lib/x86_64-linux-gnu/nvidia /usr/bin/cmake --install /home/tyler/ros_workspaces/drone_simulation/build/tello_driver
[-69.189s] Level 1:colcon.colcon_core.environment:checking '/home/tyler/ros_workspaces/drone_simulation/install/tello_driver' for CMake config files
[-69.189s] Level 1:colcon.colcon_core.shell:create_environment_hook('tello_driver', 'cmake_prefix_path')
[-69.188s] INFO:colcon.colcon_core.shell:Creating environment hook '/home/tyler/ros_workspaces/drone_simulation/install/tello_driver/share/tello_driver/hook/cmake_prefix_path.ps1'
[-69.188s] INFO:colcon.colcon_core.shell:Creating environment descriptor '/home/tyler/ros_workspaces/drone_simulation/install/tello_driver/share/tello_driver/hook/cmake_prefix_path.dsv'
[-69.188s] INFO:colcon.colcon_core.shell:Creating environment hook '/home/tyler/ros_workspaces/drone_simulation/install/tello_driver/share/tello_driver/hook/cmake_prefix_path.sh'
[-69.188s] Level 1:colcon.colcon_core.environment:checking '/home/tyler/ros_workspaces/drone_simulation/install/tello_driver/lib'
[-69.188s] Level 1:colcon.colcon_core.shell:create_environment_hook('tello_driver', 'ld_library_path_lib')
[-69.188s] INFO:colcon.colcon_core.shell:Creating environment hook '/home/tyler/ros_workspaces/drone_simulation/install/tello_driver/share/tello_driver/hook/ld_library_path_lib.ps1'
[-69.187s] INFO:colcon.colcon_core.shell:Creating environment descriptor '/home/tyler/ros_workspaces/drone_simulation/install/tello_driver/share/tello_driver/hook/ld_library_path_lib.dsv'
[-69.187s] INFO:colcon.colcon_core.shell:Creating environment hook '/home/tyler/ros_workspaces/drone_simulation/install/tello_driver/share/tello_driver/hook/ld_library_path_lib.sh'
[-69.187s] Level 1:colcon.colcon_core.environment:checking '/home/tyler/ros_workspaces/drone_simulation/install/tello_driver/bin'
[-69.187s] Level 1:colcon.colcon_core.environment:checking '/home/tyler/ros_workspaces/drone_simulation/install/tello_driver/lib/pkgconfig/tello_driver.pc'
[-69.187s] Level 1:colcon.colcon_core.environment:checking '/home/tyler/ros_workspaces/drone_simulation/install/tello_driver/lib/python3.10/site-packages'
[-69.186s] Level 1:colcon.colcon_core.environment:checking '/home/tyler/ros_workspaces/drone_simulation/install/tello_driver/bin'
[-69.186s] INFO:colcon.colcon_core.shell:Creating package script '/home/tyler/ros_workspaces/drone_simulation/install/tello_driver/share/tello_driver/package.ps1'
[-69.186s] INFO:colcon.colcon_core.shell:Creating package descriptor '/home/tyler/ros_workspaces/drone_simulation/install/tello_driver/share/tello_driver/package.dsv'
[-69.186s] INFO:colcon.colcon_core.shell:Creating package script '/home/tyler/ros_workspaces/drone_simulation/install/tello_driver/share/tello_driver/package.sh'
[-69.185s] INFO:colcon.colcon_core.shell:Creating package script '/home/tyler/ros_workspaces/drone_simulation/install/tello_driver/share/tello_driver/package.bash'
[-69.185s] INFO:colcon.colcon_core.shell:Creating package script '/home/tyler/ros_workspaces/drone_simulation/install/tello_driver/share/tello_driver/package.zsh'
[-69.185s] Level 1:colcon.colcon_core.environment:create_file_with_runtime_dependencies(/home/tyler/ros_workspaces/drone_simulation/install/tello_driver/share/colcon-core/packages/tello_driver)
[-69.185s] Level 1:colcon.colcon_core.environment:create_environment_scripts_only(tello_driver)
[-69.185s] Level 1:colcon.colcon_core.environment:checking '/home/tyler/ros_workspaces/drone_simulation/install/tello_driver' for CMake module files
[-69.184s] Level 1:colcon.colcon_core.environment:checking '/home/tyler/ros_workspaces/drone_simulation/install/tello_driver' for CMake config files
[-69.184s] Level 1:colcon.colcon_core.shell:create_environment_hook('tello_driver', 'cmake_prefix_path')
[-69.184s] INFO:colcon.colcon_core.shell:Creating environment hook '/home/tyler/ros_workspaces/drone_simulation/install/tello_driver/share/tello_driver/hook/cmake_prefix_path.ps1'
[-69.184s] INFO:colcon.colcon_core.shell:Creating environment descriptor '/home/tyler/ros_workspaces/drone_simulation/install/tello_driver/share/tello_driver/hook/cmake_prefix_path.dsv'
[-69.184s] INFO:colcon.colcon_core.shell:Creating environment hook '/home/tyler/ros_workspaces/drone_simulation/install/tello_driver/share/tello_driver/hook/cmake_prefix_path.sh'
[-69.184s] Level 1:colcon.colcon_core.environment:checking '/home/tyler/ros_workspaces/drone_simulation/install/tello_driver/lib'
[-69.184s] Level 1:colcon.colcon_core.shell:create_environment_hook('tello_driver', 'ld_library_path_lib')
[-69.184s] INFO:colcon.colcon_core.shell:Creating environment hook '/home/tyler/ros_workspaces/drone_simulation/install/tello_driver/share/tello_driver/hook/ld_library_path_lib.ps1'
[-69.183s] INFO:colcon.colcon_core.shell:Creating environment descriptor '/home/tyler/ros_workspaces/drone_simulation/install/tello_driver/share/tello_driver/hook/ld_library_path_lib.dsv'
[-69.183s] INFO:colcon.colcon_core.shell:Creating environment hook '/home/tyler/ros_workspaces/drone_simulation/install/tello_driver/share/tello_driver/hook/ld_library_path_lib.sh'
[-69.183s] Level 1:colcon.colcon_core.environment:checking '/home/tyler/ros_workspaces/drone_simulation/install/tello_driver/bin'
[-69.183s] Level 1:colcon.colcon_core.environment:checking '/home/tyler/ros_workspaces/drone_simulation/install/tello_driver/lib/pkgconfig/tello_driver.pc'
[-69.183s] Level 1:colcon.colcon_core.environment:checking '/home/tyler/ros_workspaces/drone_simulation/install/tello_driver/lib/python3.10/site-packages'
[-69.183s] Level 1:colcon.colcon_core.environment:checking '/home/tyler/ros_workspaces/drone_simulation/install/tello_driver/bin'
[-69.183s] INFO:colcon.colcon_core.shell:Creating package script '/home/tyler/ros_workspaces/drone_simulation/install/tello_driver/share/tello_driver/package.ps1'
[-69.182s] INFO:colcon.colcon_core.shell:Creating package descriptor '/home/tyler/ros_workspaces/drone_simulation/install/tello_driver/share/tello_driver/package.dsv'
[-69.182s] INFO:colcon.colcon_core.shell:Creating package script '/home/tyler/ros_workspaces/drone_simulation/install/tello_driver/share/tello_driver/package.sh'
[-69.182s] INFO:colcon.colcon_core.shell:Creating package script '/home/tyler/ros_workspaces/drone_simulation/install/tello_driver/share/tello_driver/package.bash'
[-69.182s] INFO:colcon.colcon_core.shell:Creating package script '/home/tyler/ros_workspaces/drone_simulation/install/tello_driver/share/tello_driver/package.zsh'
[-69.181s] Level 1:colcon.colcon_core.environment:create_file_with_runtime_dependencies(/home/tyler/ros_workspaces/drone_simulation/install/tello_driver/share/colcon-core/packages/tello_driver)
[-69.064s] Level 1:colcon.colcon_core.environment:checking '/home/tyler/ros_workspaces/drone_simulation/install/my_drone_vision' for CMake module files
[-69.064s] DEBUG:colcon.colcon_core.event_handler.log_command:Invoked command in '/home/tyler/ros_workspaces/drone_simulation/src/my_drone_vision' returned '0': PYTHONPATH=/home/tyler/ros_workspaces/drone_simulation/build/my_drone_vision/prefix_override:/usr/lib/python3/dist-packages/colcon_core/task/python/colcon_distutils_commands:/home/tyler/ros_workspaces/drone_simulation/install/my_drone_vision/lib/python3.10/site-packages:${PYTHONPATH} /usr/bin/python3 -W ignore:setup.py install is deprecated -W ignore:easy_install command is deprecated setup.py egg_info --egg-base ../../build/my_drone_vision build --build-base /home/tyler/ros_workspaces/drone_simulation/build/my_drone_vision/build install --record /home/tyler/ros_workspaces/drone_simulation/build/my_drone_vision/install.log --single-version-externally-managed install_data
[-69.064s] Level 1:colcon.colcon_core.environment:checking '/home/tyler/ros_workspaces/drone_simulation/install/my_drone_vision' for CMake config files
[-69.063s] Level 1:colcon.colcon_core.environment:checking '/home/tyler/ros_workspaces/drone_simulation/install/my_drone_vision/lib'
[-69.063s] Level 1:colcon.colcon_core.environment:checking '/home/tyler/ros_workspaces/drone_simulation/install/my_drone_vision/bin'
[-69.063s] Level 1:colcon.colcon_core.environment:checking '/home/tyler/ros_workspaces/drone_simulation/install/my_drone_vision/lib/pkgconfig/my_drone_vision.pc'
[-69.063s] Level 1:colcon.colcon_core.environment:checking '/home/tyler/ros_workspaces/drone_simulation/install/my_drone_vision/lib/python3.10/site-packages'
[-69.063s] Level 1:colcon.colcon_core.shell:create_environment_hook('my_drone_vision', 'pythonpath')
[-69.063s] INFO:colcon.colcon_core.shell:Creating environment hook '/home/tyler/ros_workspaces/drone_simulation/install/my_drone_vision/share/my_drone_vision/hook/pythonpath.ps1'
[-69.063s] INFO:colcon.colcon_core.shell:Creating environment descriptor '/home/tyler/ros_workspaces/drone_simulation/install/my_drone_vision/share/my_drone_vision/hook/pythonpath.dsv'
[-69.062s] INFO:colcon.colcon_core.shell:Creating environment hook '/home/tyler/ros_workspaces/drone_simulation/install/my_drone_vision/share/my_drone_vision/hook/pythonpath.sh'
[-69.062s] Level 1:colcon.colcon_core.environment:checking '/home/tyler/ros_workspaces/drone_simulation/install/my_drone_vision/bin'
[-69.062s] Level 1:colcon.colcon_core.environment:create_environment_scripts_only(my_drone_vision)
[-69.062s] INFO:colcon.colcon_core.shell:Creating package script '/home/tyler/ros_workspaces/drone_simulation/install/my_drone_vision/share/my_drone_vision/package.ps1'
[-69.062s] INFO:colcon.colcon_core.shell:Creating package descriptor '/home/tyler/ros_workspaces/drone_simulation/install/my_drone_vision/share/my_drone_vision/package.dsv'
[-69.061s] INFO:colcon.colcon_core.shell:Creating package script '/home/tyler/ros_workspaces/drone_simulation/install/my_drone_vision/share/my_drone_vision/package.sh'
[-69.061s] INFO:colcon.colcon_core.shell:Creating package script '/home/tyler/ros_workspaces/drone_simulation/install/my_drone_vision/share/my_drone_vision/package.bash'
[-69.061s] INFO:colcon.colcon_core.shell:Creating package script '/home/tyler/ros_workspaces/drone_simulation/install/my_drone_vision/share/my_drone_vision/package.zsh'
[-69.061s] Level 1:colcon.colcon_core.environment:create_file_with_runtime_dependencies(/home/tyler/ros_workspaces/drone_simulation/install/my_drone_vision/share/colcon-core/packages/my_drone_vision)
[-69.061s] DEBUG:colcon.colcon_parallel_executor.executor.parallel:closing loop
[-69.060s] DEBUG:colcon.colcon_parallel_executor.executor.parallel:loop closed
[-69.060s] DEBUG:colcon.colcon_parallel_executor.executor.parallel:run_until_complete finished with '0'
[-69.060s] DEBUG:colcon.colcon_core.event_reactor:joining thread
[-69.040s] INFO:colcon.colcon_core.plugin_system:Skipping extension 'colcon_notification.desktop_notification.notify_send': Could not find 'notify-send'
[-69.040s] INFO:colcon.colcon_core.plugin_system:Skipping extension 'colcon_notification.desktop_notification.terminal_notifier': Not used on non-Darwin systems
[-69.040s] INFO:colcon.colcon_core.plugin_system:Skipping extension 'colcon_notification.desktop_notification.win32': Not used on non-Windows systems
[-69.040s] INFO:colcon.colcon_notification.desktop_notification:Sending desktop notification using 'notify2'
[-69.040s] DEBUG:colcon.colcon_notification.desktop_notification.notify2:Failed to initialize notify2: org.freedesktop.DBus.Error.FileNotFound: Failed to connect to socket /run/user/1000/bus: No such file or directory
[-69.040s] DEBUG:colcon.colcon_core.event_reactor:joined thread
[-69.040s] INFO:colcon.colcon_core.shell:Creating prefix script '/home/tyler/ros_workspaces/drone_simulation/install/local_setup.ps1'
[-69.039s] INFO:colcon.colcon_core.shell:Creating prefix util module '/home/tyler/ros_workspaces/drone_simulation/install/_local_setup_util_ps1.py'
[-69.038s] INFO:colcon.colcon_core.shell:Creating prefix chain script '/home/tyler/ros_workspaces/drone_simulation/install/setup.ps1'
[-69.038s] INFO:colcon.colcon_core.shell:Creating prefix script '/home/tyler/ros_workspaces/drone_simulation/install/local_setup.sh'
[-69.037s] INFO:colcon.colcon_core.shell:Creating prefix util module '/home/tyler/ros_workspaces/drone_simulation/install/_local_setup_util_sh.py'
[-69.037s] INFO:colcon.colcon_core.shell:Creating prefix chain script '/home/tyler/ros_workspaces/drone_simulation/install/setup.sh'
[-69.037s] INFO:colcon.colcon_core.shell:Creating prefix script '/home/tyler/ros_workspaces/drone_simulation/install/local_setup.bash'
[-69.036s] INFO:colcon.colcon_core.shell:Creating prefix chain script '/home/tyler/ros_workspaces/drone_simulation/install/setup.bash'
[-69.036s] INFO:colcon.colcon_core.shell:Creating prefix script '/home/tyler/ros_workspaces/drone_simulation/install/local_setup.zsh'
[-69.036s] INFO:colcon.colcon_core.shell:Creating prefix chain script '/home/tyler/ros_workspaces/drone_simulation/install/setup.zsh'
