-- The C compiler identification is GNU 11.4.0
-- The CXX compiler identification is GNU 11.4.0
-- Detecting C compiler ABI info
-- Detecting C compiler ABI info - done
-- Check for working C compiler: /usr/bin/cc - skipped
-- Detecting C compile features
-- Detecting C compile features - done
-- Detecting CXX compiler ABI info
-- Detecting CXX compiler ABI info - done
-- Check for working CXX compiler: /usr/bin/c++ - skipped
-- Detecting CXX compile features
-- Detecting CXX compile features - done
-- Found ament_cmake: 1.3.14 (/opt/ros/humble/share/ament_cmake/cmake)
-- Found Python3: /usr/bin/python3 (found version "3.10.12") found components: Interpreter 
-- Override CMake install command with custom implementation using symlinks instead of copying resources
-- Found camera_calibration_parsers: 3.1.12 (/opt/ros/humble/share/camera_calibration_parsers/cmake)
-- Found rosidl_generator_c: 3.1.8 (/opt/ros/humble/share/rosidl_generator_c/cmake)
-- Found rosidl_adapter: 3.1.8 (/opt/ros/humble/share/rosidl_adapter/cmake)
-- Found rosidl_generator_cpp: 3.1.8 (/opt/ros/humble/share/rosidl_generator_cpp/cmake)
-- Using all available rosidl_typesupport_c: rosidl_typesupport_fastrtps_c;rosidl_typesupport_introspection_c
-- Using all available rosidl_typesupport_cpp: rosidl_typesupport_fastrtps_cpp;rosidl_typesupport_introspection_cpp
-- Found rmw_implementation_cmake: 6.1.2 (/opt/ros/humble/share/rmw_implementation_cmake/cmake)
-- Found rmw_fastrtps_cpp: 6.2.10 (/opt/ros/humble/share/rmw_fastrtps_cpp/cmake)
-- Found OpenSSL: /usr/lib/x86_64-linux-gnu/libcrypto.so (found version "3.0.2")  
-- Found FastRTPS: /opt/ros/humble/include  
-- Using RMW implementation 'rmw_fastrtps_cpp' as default
-- Looking for pthread.h
-- Looking for pthread.h - found
-- Performing Test CMAKE_HAVE_LIBC_PTHREAD
-- Performing Test CMAKE_HAVE_LIBC_PTHREAD - Success
-- Found Threads: TRUE  
-- Found class_loader: 2.2.0 (/opt/ros/humble/share/class_loader/cmake)
-- Found cv_bridge: 3.2.1 (/opt/ros/humble/share/cv_bridge/cmake)
-- Found OpenCV: /usr (found version "4.5.4") 
-- Found rclcpp_components: 16.0.18 (/opt/ros/humble/share/rclcpp_components/cmake)
-- Found ros2_shared: 0.1.0 (/home/tyler/ros2_ws/106a_final_project/drone_simulation/install/ros2_shared/share/ros2_shared/cmake)
-- Found tello_msgs: 0.1.0 (/home/tyler/ros2_ws/106a_final_project/drone_simulation/install/tello_msgs/share/tello_msgs/cmake)
-- Configuring done
-- Generating done
-- Build files have been written to: /home/tyler/ros2_ws/106a_final_project/drone_simulation/build/tello_driver
[ 13%] [32mBuilding CXX object CMakeFiles/tello_driver_main.dir/src/tello_driver_main.cpp.o[0m
[ 13%] [32mBuilding CXX object CMakeFiles/tello_joy_main.dir/src/tello_joy_node.cpp.o[0m
[ 13%] [32mBuilding CXX object CMakeFiles/tello_driver_main.dir/src/tello_driver_node.cpp.o[0m
[ 18%] [32mBuilding CXX object CMakeFiles/tello_driver_main.dir/src/command_socket.cpp.o[0m
[ 27%] [32mBuilding CXX object CMakeFiles/tello_driver_main.dir/src/state_socket.cpp.o[0m
[ 27%] [32mBuilding CXX object CMakeFiles/tello_driver_main.dir/src/video_socket.cpp.o[0m
[ 31%] [32mBuilding CXX object CMakeFiles/tello_driver_main.dir/h264decoder/h264decoder.cpp.o[0m
[ 36%] [32mBuilding CXX object CMakeFiles/tello_joy_main.dir/src/tello_joy_main.cpp.o[0m
[ 40%] [32mBuilding CXX object CMakeFiles/tello_driver_main.dir/src/tello_socket.cpp.o[0m
[ 45%] [32mBuilding CXX object CMakeFiles/tello_emulator.dir/src/tello_emulator.cpp.o[0m
[ 54%] [32mBuilding CXX object CMakeFiles/tello_driver_node.dir/src/command_socket.cpp.o[0m
[ 54%] [32mBuilding CXX object CMakeFiles/tello_driver_node.dir/src/tello_driver_node.cpp.o[0m
[ 59%] [32mBuilding CXX object CMakeFiles/tello_driver_node.dir/src/tello_socket.cpp.o[0m
[ 63%] [32mBuilding CXX object CMakeFiles/tello_driver_node.dir/src/state_socket.cpp.o[0m
[ 68%] [32mBuilding CXX object CMakeFiles/tello_joy_node.dir/src/tello_joy_node.cpp.o[0m
In file included from [01m[K/home/tyler/ros2_ws/106a_final_project/drone_simulation/src/tello_ros/tello_driver/src/command_socket.cpp:1[m[K:
[01m[K/home/tyler/ros2_ws/106a_final_project/drone_simulation/src/tello_ros/tello_driver/include/tello_driver_node.hpp:1:10:[m[K [01;31m[Kfatal error: [m[Kasio.hpp: 没有那个文件或目录
    1 | #include [01;31m[K<asio.hpp>[m[K
      |          [01;31m[K^~~~~~~~~~[m[K
compilation terminated.
In file included from [01m[K/home/tyler/ros2_ws/106a_final_project/drone_simulation/src/tello_ros/tello_driver/src/video_socket.cpp:1[m[K:
[01m[K/home/tyler/ros2_ws/106a_final_project/drone_simulation/src/tello_ros/tello_driver/include/tello_driver_node.hpp:1:10:[m[K [01;31m[Kfatal error: [m[Kasio.hpp: 没有那个文件或目录
    1 | #include [01;31m[K<asio.hpp>[m[K
      |          [01;31m[K^~~~~~~~~~[m[K
compilation terminated.
gmake[2]: *** [CMakeFiles/tello_driver_main.dir/build.make:118：CMakeFiles/tello_driver_main.dir/src/command_socket.cpp.o] 错误 1
gmake[2]: *** 正在等待未完成的任务....
gmake[2]: *** [CMakeFiles/tello_driver_main.dir/build.make:146：CMakeFiles/tello_driver_main.dir/src/video_socket.cpp.o] 错误 1
In file included from [01m[K/home/tyler/ros2_ws/106a_final_project/drone_simulation/src/tello_ros/tello_driver/src/tello_driver_node.cpp:1[m[K:
[01m[K/home/tyler/ros2_ws/106a_final_project/drone_simulation/src/tello_ros/tello_driver/include/tello_driver_node.hpp:1:10:[m[K [01;31m[Kfatal error: [m[Kasio.hpp: 没有那个文件或目录
    1 | #include [01;31m[K<asio.hpp>[m[K
      |          [01;31m[K^~~~~~~~~~[m[K
compilation terminated.
[ 77%] [32mBuilding CXX object CMakeFiles/tello_driver_node.dir/h264decoder/h264decoder.cpp.o[0m
[ 77%] [32mBuilding CXX object CMakeFiles/tello_driver_node.dir/src/video_socket.cpp.o[0m
In file included from [01m[K/home/tyler/ros2_ws/106a_final_project/drone_simulation/src/tello_ros/tello_driver/src/state_socket.cpp:1[m[K:
[01m[K/home/tyler/ros2_ws/106a_final_project/drone_simulation/src/tello_ros/tello_driver/include/tello_driver_node.hpp:1:10:[m[K [01;31m[Kfatal error: [m[Kasio.hpp: 没有那个文件或目录
    1 | #include [01;31m[K<asio.hpp>[m[K
      |          [01;31m[K^~~~~~~~~~[m[K
compilation terminated.
In file included from [01m[K/home/tyler/ros2_ws/106a_final_project/drone_simulation/src/tello_ros/tello_driver/src/tello_driver_main.cpp:1[m[K:
[01m[K/home/tyler/ros2_ws/106a_final_project/drone_simulation/src/tello_ros/tello_driver/include/tello_driver_node.hpp:1:10:[m[K [01;31m[Kfatal error: [m[Kasio.hpp: 没有那个文件或目录
    1 | #include [01;31m[K<asio.hpp>[m[K
      |          [01;31m[K^~~~~~~~~~[m[K
gmake[2]: *** [CMakeFiles/tello_driver_main.dir/build.make:90：CMakeFiles/tello_driver_main.dir/src/tello_driver_node.cpp.o] 错误 1
compilation terminated.
gmake[2]: *** [CMakeFiles/tello_driver_main.dir/build.make:132：CMakeFiles/tello_driver_main.dir/src/state_socket.cpp.o] 错误 1
gmake[2]: *** [CMakeFiles/tello_driver_main.dir/build.make:76：CMakeFiles/tello_driver_main.dir/src/tello_driver_main.cpp.o] 错误 1
In file included from [01m[K/home/tyler/ros2_ws/106a_final_project/drone_simulation/src/tello_ros/tello_driver/src/tello_socket.cpp:1[m[K:
[01m[K/home/tyler/ros2_ws/106a_final_project/drone_simulation/src/tello_ros/tello_driver/include/tello_driver_node.hpp:1:10:[m[K [01;31m[Kfatal error: [m[Kasio.hpp: 没有那个文件或目录
    1 | #include [01;31m[K<asio.hpp>[m[K
      |          [01;31m[K^~~~~~~~~~[m[K
compilation terminated.
gmake[2]: *** [CMakeFiles/tello_driver_main.dir/build.make:104：CMakeFiles/tello_driver_main.dir/src/tello_socket.cpp.o] 错误 1
In file included from [01m[K/home/tyler/ros2_ws/106a_final_project/drone_simulation/src/tello_ros/tello_driver/src/tello_driver_node.cpp:1[m[K:
[01m[K/home/tyler/ros2_ws/106a_final_project/drone_simulation/src/tello_ros/tello_driver/include/tello_driver_node.hpp:1:10:[m[K [01;31m[Kfatal error: [m[Kasio.hpp: 没有那个文件或目录
    1 | #include [01;31m[K<asio.hpp>[m[K
      |          [01;31m[K^~~~~~~~~~[m[K
compilation terminated.
gmake[2]: *** [CMakeFiles/tello_driver_node.dir/build.make:76：CMakeFiles/tello_driver_node.dir/src/tello_driver_node.cpp.o] 错误 1
gmake[2]: *** 正在等待未完成的任务....
In file included from [01m[K/home/tyler/ros2_ws/106a_final_project/drone_simulation/src/tello_ros/tello_driver/src/state_socket.cpp:1[m[K:
[01m[K/home/tyler/ros2_ws/106a_final_project/drone_simulation/src/tello_ros/tello_driver/include/tello_driver_node.hpp:1:10:[m[K [01;31m[Kfatal error: [m[Kasio.hpp: 没有那个文件或目录
    1 | #include [01;31m[K<asio.hpp>[m[K
      |          [01;31m[K^~~~~~~~~~[m[K
compilation terminated.
In file included from [01m[K/home/tyler/ros2_ws/106a_final_project/drone_simulation/src/tello_ros/tello_driver/src/command_socket.cpp:1[m[K:
[01m[K/home/tyler/ros2_ws/106a_final_project/drone_simulation/src/tello_ros/tello_driver/include/tello_driver_node.hpp:1:10:[m[K [01;31m[Kfatal error: [m[Kasio.hpp: 没有那个文件或目录
    1 | #include [01;31m[K<asio.hpp>[m[K
      |          [01;31m[K^~~~~~~~~~[m[K
compilation terminated.
gmake[2]: *** [CMakeFiles/tello_driver_node.dir/build.make:118：CMakeFiles/tello_driver_node.dir/src/state_socket.cpp.o] 错误 1
gmake[2]: *** [CMakeFiles/tello_driver_node.dir/build.make:104：CMakeFiles/tello_driver_node.dir/src/command_socket.cpp.o] 错误 1
In file included from [01m[K/home/tyler/ros2_ws/106a_final_project/drone_simulation/src/tello_ros/tello_driver/src/video_socket.cpp:1[m[K:
[01m[K/home/tyler/ros2_ws/106a_final_project/drone_simulation/src/tello_ros/tello_driver/include/tello_driver_node.hpp:1:10:[m[K [01;31m[Kfatal error: [m[Kasio.hpp: 没有那个文件或目录
    1 | #include [01;31m[K<asio.hpp>[m[K
      |          [01;31m[K^~~~~~~~~~[m[K
compilation terminated.
In file included from [01m[K/home/tyler/ros2_ws/106a_final_project/drone_simulation/src/tello_ros/tello_driver/src/tello_socket.cpp:1[m[K:
[01m[K/home/tyler/ros2_ws/106a_final_project/drone_simulation/src/tello_ros/tello_driver/include/tello_driver_node.hpp:1:10:[m[K [01;31m[Kfatal error: [m[Kasio.hpp: 没有那个文件或目录
    1 | #include [01;31m[K<asio.hpp>[m[K
      |          [01;31m[K^~~~~~~~~~[m[K
compilation terminated.
gmake[2]: *** [CMakeFiles/tello_driver_node.dir/build.make:132：CMakeFiles/tello_driver_node.dir/src/video_socket.cpp.o] 错误 1
gmake[2]: *** [CMakeFiles/tello_driver_node.dir/build.make:90：CMakeFiles/tello_driver_node.dir/src/tello_socket.cpp.o] 错误 1
[01m[K/home/tyler/ros2_ws/106a_final_project/drone_simulation/src/tello_ros/tello_driver/src/tello_emulator.cpp:5:10:[m[K [01;31m[Kfatal error: [m[Kasio.hpp: 没有那个文件或目录
    5 | #include [01;31m[K<asio.hpp>[m[K
      |          [01;31m[K^~~~~~~~~~[m[K
compilation terminated.
gmake[2]: *** [CMakeFiles/tello_emulator.dir/build.make:76：CMakeFiles/tello_emulator.dir/src/tello_emulator.cpp.o] 错误 1
gmake[1]: *** [CMakeFiles/Makefile2:171：CMakeFiles/tello_emulator.dir/all] 错误 2
gmake[1]: *** 正在等待未完成的任务....
[01m[K/home/tyler/ros2_ws/106a_final_project/drone_simulation/src/tello_ros/tello_driver/src/tello_joy_node.cpp:49:10:[m[K [01;31m[Kfatal error: [m[Krclcpp_components/register_node_macro.hpp: 没有那个文件或目录
   49 | #include [01;31m[K"rclcpp_components/register_node_macro.hpp"[m[K
      |          [01;31m[K^~~~~~~~~~~~~~~~~~~~~~~~~~~~~~~~~~~~~~~~~~~[m[K
compilation terminated.
gmake[2]: *** [CMakeFiles/tello_joy_main.dir/build.make:90：CMakeFiles/tello_joy_main.dir/src/tello_joy_node.cpp.o] 错误 1
gmake[2]: *** 正在等待未完成的任务....
[01m[K/home/tyler/ros2_ws/106a_final_project/drone_simulation/src/tello_ros/tello_driver/src/tello_joy_node.cpp:49:10:[m[K [01;31m[Kfatal error: [m[Krclcpp_components/register_node_macro.hpp: 没有那个文件或目录
   49 | #include [01;31m[K"rclcpp_components/register_node_macro.hpp"[m[K
      |          [01;31m[K^~~~~~~~~~~~~~~~~~~~~~~~~~~~~~~~~~~~~~~~~~~[m[K
compilation terminated.
gmake[2]: *** [CMakeFiles/tello_joy_node.dir/build.make:76：CMakeFiles/tello_joy_node.dir/src/tello_joy_node.cpp.o] 错误 1
gmake[1]: *** [CMakeFiles/Makefile2:197：CMakeFiles/tello_joy_node.dir/all] 错误 2
gmake[1]: *** [CMakeFiles/Makefile2:145：CMakeFiles/tello_driver_node.dir/all] 错误 2
gmake[1]: *** [CMakeFiles/Makefile2:223：CMakeFiles/tello_driver_main.dir/all] 错误 2
gmake[1]: *** [CMakeFiles/Makefile2:249：CMakeFiles/tello_joy_main.dir/all] 错误 2
gmake: *** [Makefile:146：all] 错误 2
