[0.005s] Invoking command in '/home/tyler/ros2_ws/106a_final_project/drone_simulation/build/tello_driver': AMENT_PREFIX_PATH=/home/tyler/ros2_ws/106a_final_project/drone_simulation/install/tello_msgs:/home/tyler/ros2_ws/106a_final_project/drone_simulation/install/ros2_shared:${AMENT_PREFIX_PATH} CMAKE_PREFIX_PATH=/home/tyler/ros2_ws/106a_final_project/drone_simulation/install/tello_msgs:/home/tyler/ros2_ws/106a_final_project/drone_simulation/install/ros2_shared:/opt/ros/humble LD_LIBRARY_PATH=/home/tyler/ros2_ws/106a_final_project/drone_simulation/install/tello_msgs/lib:${LD_LIBRARY_PATH} PYTHONPATH=/home/tyler/ros2_ws/106a_final_project/drone_simulation/install/tello_msgs/local/lib/python3.10/dist-packages:${PYTHONPATH} /usr/bin/cmake /home/tyler/ros2_ws/106a_final_project/drone_simulation/src/tello_ros/tello_driver -DAMENT_CMAKE_SYMLINK_INSTALL=1 -DCMAKE_INSTALL_PREFIX=/home/tyler/ros2_ws/106a_final_project/drone_simulation/install/tello_driver
[0.039s] -- The C compiler identification is GNU 11.4.0
[0.070s] -- The CXX compiler identification is GNU 11.4.0
[0.074s] -- Detecting C compiler ABI info
[0.113s] -- Detecting C compiler ABI info - done
[0.117s] -- Check for working C compiler: /usr/bin/cc - skipped
[0.117s] -- Detecting C compile features
[0.117s] -- Detecting C compile features - done
[0.119s] -- Detecting CXX compiler ABI info
[0.165s] -- Detecting CXX compiler ABI info - done
[0.169s] -- Check for working CXX compiler: /usr/bin/c++ - skipped
[0.169s] -- Detecting CXX compile features
[0.169s] -- Detecting CXX compile features - done
[0.170s] -- Found ament_cmake: 1.3.14 (/opt/ros/humble/share/ament_cmake/cmake)
[0.255s] -- Found Python3: /usr/bin/python3 (found version "3.10.12") found components: Interpreter 
[0.288s] -- Override CMake install command with custom implementation using symlinks instead of copying resources
[0.299s] -- Found camera_calibration_parsers: 3.1.12 (/opt/ros/humble/share/camera_calibration_parsers/cmake)
[0.319s] -- Found rosidl_generator_c: 3.1.8 (/opt/ros/humble/share/rosidl_generator_c/cmake)
[0.321s] -- Found rosidl_adapter: 3.1.8 (/opt/ros/humble/share/rosidl_adapter/cmake)
[0.325s] -- Found rosidl_generator_cpp: 3.1.8 (/opt/ros/humble/share/rosidl_generator_cpp/cmake)
[0.330s] -- Using all available rosidl_typesupport_c: rosidl_typesupport_fastrtps_c;rosidl_typesupport_introspection_c
[0.338s] -- Using all available rosidl_typesupport_cpp: rosidl_typesupport_fastrtps_cpp;rosidl_typesupport_introspection_cpp
[0.358s] -- Found rmw_implementation_cmake: 6.1.2 (/opt/ros/humble/share/rmw_implementation_cmake/cmake)
[0.359s] -- Found rmw_fastrtps_cpp: 6.2.10 (/opt/ros/humble/share/rmw_fastrtps_cpp/cmake)
[0.407s] -- Found OpenSSL: /usr/lib/x86_64-linux-gnu/libcrypto.so (found version "3.0.2")  
[0.422s] -- Found FastRTPS: /opt/ros/humble/include  
[0.444s] -- Using RMW implementation 'rmw_fastrtps_cpp' as default
[0.448s] -- Looking for pthread.h
[0.486s] -- Looking for pthread.h - found
[0.486s] -- Performing Test CMAKE_HAVE_LIBC_PTHREAD
[0.529s] -- Performing Test CMAKE_HAVE_LIBC_PTHREAD - Success
[0.530s] -- Found Threads: TRUE  
[0.572s] -- Found class_loader: 2.2.0 (/opt/ros/humble/share/class_loader/cmake)
[0.576s] -- Found cv_bridge: 3.2.1 (/opt/ros/humble/share/cv_bridge/cmake)
[0.583s] -- Found OpenCV: /usr (found version "4.5.4") 
[0.584s] -- Found rclcpp_components: 16.0.18 (/opt/ros/humble/share/rclcpp_components/cmake)
[0.592s] -- Found ros2_shared: 0.1.0 (/home/tyler/ros2_ws/106a_final_project/drone_simulation/install/ros2_shared/share/ros2_shared/cmake)
[0.593s] -- Found tello_msgs: 0.1.0 (/home/tyler/ros2_ws/106a_final_project/drone_simulation/install/tello_msgs/share/tello_msgs/cmake)
[0.642s] -- Configuring done
[0.656s] -- Generating done
[0.661s] -- Build files have been written to: /home/tyler/ros2_ws/106a_final_project/drone_simulation/build/tello_driver
[0.667s] Invoked command in '/home/tyler/ros2_ws/106a_final_project/drone_simulation/build/tello_driver' returned '0': AMENT_PREFIX_PATH=/home/tyler/ros2_ws/106a_final_project/drone_simulation/install/tello_msgs:/home/tyler/ros2_ws/106a_final_project/drone_simulation/install/ros2_shared:${AMENT_PREFIX_PATH} CMAKE_PREFIX_PATH=/home/tyler/ros2_ws/106a_final_project/drone_simulation/install/tello_msgs:/home/tyler/ros2_ws/106a_final_project/drone_simulation/install/ros2_shared:/opt/ros/humble LD_LIBRARY_PATH=/home/tyler/ros2_ws/106a_final_project/drone_simulation/install/tello_msgs/lib:${LD_LIBRARY_PATH} PYTHONPATH=/home/tyler/ros2_ws/106a_final_project/drone_simulation/install/tello_msgs/local/lib/python3.10/dist-packages:${PYTHONPATH} /usr/bin/cmake /home/tyler/ros2_ws/106a_final_project/drone_simulation/src/tello_ros/tello_driver -DAMENT_CMAKE_SYMLINK_INSTALL=1 -DCMAKE_INSTALL_PREFIX=/home/tyler/ros2_ws/106a_final_project/drone_simulation/install/tello_driver
[0.668s] Invoking command in '/home/tyler/ros2_ws/106a_final_project/drone_simulation/build/tello_driver': AMENT_PREFIX_PATH=/home/tyler/ros2_ws/106a_final_project/drone_simulation/install/tello_msgs:/home/tyler/ros2_ws/106a_final_project/drone_simulation/install/ros2_shared:${AMENT_PREFIX_PATH} CMAKE_PREFIX_PATH=/home/tyler/ros2_ws/106a_final_project/drone_simulation/install/tello_msgs:/home/tyler/ros2_ws/106a_final_project/drone_simulation/install/ros2_shared:/opt/ros/humble LD_LIBRARY_PATH=/home/tyler/ros2_ws/106a_final_project/drone_simulation/install/tello_msgs/lib:${LD_LIBRARY_PATH} PYTHONPATH=/home/tyler/ros2_ws/106a_final_project/drone_simulation/install/tello_msgs/local/lib/python3.10/dist-packages:${PYTHONPATH} /usr/bin/cmake --build /home/tyler/ros2_ws/106a_final_project/drone_simulation/build/tello_driver -- -j24 -l24
[0.696s] [ 13%] [32mBuilding CXX object CMakeFiles/tello_driver_main.dir/src/tello_driver_main.cpp.o[0m
[0.696s] [ 13%] [32mBuilding CXX object CMakeFiles/tello_joy_main.dir/src/tello_joy_node.cpp.o[0m
[0.696s] [ 13%] [32mBuilding CXX object CMakeFiles/tello_driver_main.dir/src/tello_driver_node.cpp.o[0m
[0.696s] [ 18%] [32mBuilding CXX object CMakeFiles/tello_driver_main.dir/src/command_socket.cpp.o[0m
[0.696s] [ 27%] [32mBuilding CXX object CMakeFiles/tello_driver_main.dir/src/state_socket.cpp.o[0m
[0.696s] [ 27%] [32mBuilding CXX object CMakeFiles/tello_driver_main.dir/src/video_socket.cpp.o[0m
[0.696s] [ 31%] [32mBuilding CXX object CMakeFiles/tello_driver_main.dir/h264decoder/h264decoder.cpp.o[0m
[0.698s] [ 36%] [32mBuilding CXX object CMakeFiles/tello_joy_main.dir/src/tello_joy_main.cpp.o[0m
[0.698s] [ 40%] [32mBuilding CXX object CMakeFiles/tello_driver_main.dir/src/tello_socket.cpp.o[0m
[0.698s] [ 45%] [32mBuilding CXX object CMakeFiles/tello_emulator.dir/src/tello_emulator.cpp.o[0m
[0.699s] [ 54%] [32mBuilding CXX object CMakeFiles/tello_driver_node.dir/src/command_socket.cpp.o[0m
[0.699s] [ 54%] [32mBuilding CXX object CMakeFiles/tello_driver_node.dir/src/tello_driver_node.cpp.o[0m
[0.699s] [ 59%] [32mBuilding CXX object CMakeFiles/tello_driver_node.dir/src/tello_socket.cpp.o[0m
[0.700s] [ 63%] [32mBuilding CXX object CMakeFiles/tello_driver_node.dir/src/state_socket.cpp.o[0m
[0.700s] [ 68%] [32mBuilding CXX object CMakeFiles/tello_joy_node.dir/src/tello_joy_node.cpp.o[0m
[0.701s] In file included from [01m[K/home/tyler/ros2_ws/106a_final_project/drone_simulation/src/tello_ros/tello_driver/src/command_socket.cpp:1[m[K:
[0.701s] [01m[K/home/tyler/ros2_ws/106a_final_project/drone_simulation/src/tello_ros/tello_driver/include/tello_driver_node.hpp:1:10:[m[K [01;31m[Kfatal error: [m[Kasio.hpp: 没有那个文件或目录
[0.701s]     1 | #include [01;31m[K<asio.hpp>[m[K
[0.701s]       |          [01;31m[K^~~~~~~~~~[m[K
[0.701s] compilation terminated.
[0.701s] In file included from [01m[K/home/tyler/ros2_ws/106a_final_project/drone_simulation/src/tello_ros/tello_driver/src/video_socket.cpp:1[m[K:
[0.701s] [01m[K/home/tyler/ros2_ws/106a_final_project/drone_simulation/src/tello_ros/tello_driver/include/tello_driver_node.hpp:1:10:[m[K [01;31m[Kfatal error: [m[Kasio.hpp: 没有那个文件或目录
[0.701s]     1 | #include [01;31m[K<asio.hpp>[m[K
[0.701s]       |          [01;31m[K^~~~~~~~~~[m[K
[0.701s] compilation terminated.
[0.701s] gmake[2]: *** [CMakeFiles/tello_driver_main.dir/build.make:118：CMakeFiles/tello_driver_main.dir/src/command_socket.cpp.o] 错误 1
[0.702s] gmake[2]: *** 正在等待未完成的任务....
[0.702s] gmake[2]: *** [CMakeFiles/tello_driver_main.dir/build.make:146：CMakeFiles/tello_driver_main.dir/src/video_socket.cpp.o] 错误 1
[0.702s] In file included from [01m[K/home/tyler/ros2_ws/106a_final_project/drone_simulation/src/tello_ros/tello_driver/src/tello_driver_node.cpp:1[m[K:
[0.702s] [01m[K/home/tyler/ros2_ws/106a_final_project/drone_simulation/src/tello_ros/tello_driver/include/tello_driver_node.hpp:1:10:[m[K [01;31m[Kfatal error: [m[Kasio.hpp: 没有那个文件或目录
[0.702s]     1 | #include [01;31m[K<asio.hpp>[m[K
[0.702s]       |          [01;31m[K^~~~~~~~~~[m[K
[0.702s] compilation terminated.
[0.702s] [ 77%] [32mBuilding CXX object CMakeFiles/tello_driver_node.dir/h264decoder/h264decoder.cpp.o[0m
[0.702s] [ 77%] [32mBuilding CXX object CMakeFiles/tello_driver_node.dir/src/video_socket.cpp.o[0m
[0.702s] In file included from [01m[K/home/tyler/ros2_ws/106a_final_project/drone_simulation/src/tello_ros/tello_driver/src/state_socket.cpp:1[m[K:
[0.702s] [01m[K/home/tyler/ros2_ws/106a_final_project/drone_simulation/src/tello_ros/tello_driver/include/tello_driver_node.hpp:1:10:[m[K [01;31m[Kfatal error: [m[Kasio.hpp: 没有那个文件或目录
[0.702s]     1 | #include [01;31m[K<asio.hpp>[m[K
[0.702s]       |          [01;31m[K^~~~~~~~~~[m[K
[0.702s] compilation terminated.
[0.702s] In file included from [01m[K/home/tyler/ros2_ws/106a_final_project/drone_simulation/src/tello_ros/tello_driver/src/tello_driver_main.cpp:1[m[K:
[0.702s] [01m[K/home/tyler/ros2_ws/106a_final_project/drone_simulation/src/tello_ros/tello_driver/include/tello_driver_node.hpp:1:10:[m[K [01;31m[Kfatal error: [m[Kasio.hpp: 没有那个文件或目录
[0.702s]     1 | #include [01;31m[K<asio.hpp>[m[K
[0.702s]       |          [01;31m[K^~~~~~~~~~[m[K
[0.702s] gmake[2]: *** [CMakeFiles/tello_driver_main.dir/build.make:90：CMakeFiles/tello_driver_main.dir/src/tello_driver_node.cpp.o] 错误 1
[0.702s] compilation terminated.
[0.702s] gmake[2]: *** [CMakeFiles/tello_driver_main.dir/build.make:132：CMakeFiles/tello_driver_main.dir/src/state_socket.cpp.o] 错误 1
[0.703s] gmake[2]: *** [CMakeFiles/tello_driver_main.dir/build.make:76：CMakeFiles/tello_driver_main.dir/src/tello_driver_main.cpp.o] 错误 1
[0.703s] In file included from [01m[K/home/tyler/ros2_ws/106a_final_project/drone_simulation/src/tello_ros/tello_driver/src/tello_socket.cpp:1[m[K:
[0.703s] [01m[K/home/tyler/ros2_ws/106a_final_project/drone_simulation/src/tello_ros/tello_driver/include/tello_driver_node.hpp:1:10:[m[K [01;31m[Kfatal error: [m[Kasio.hpp: 没有那个文件或目录
[0.703s]     1 | #include [01;31m[K<asio.hpp>[m[K
[0.703s]       |          [01;31m[K^~~~~~~~~~[m[K
[0.703s] compilation terminated.
[0.703s] gmake[2]: *** [CMakeFiles/tello_driver_main.dir/build.make:104：CMakeFiles/tello_driver_main.dir/src/tello_socket.cpp.o] 错误 1
[0.704s] In file included from [01m[K/home/tyler/ros2_ws/106a_final_project/drone_simulation/src/tello_ros/tello_driver/src/tello_driver_node.cpp:1[m[K:
[0.704s] [01m[K/home/tyler/ros2_ws/106a_final_project/drone_simulation/src/tello_ros/tello_driver/include/tello_driver_node.hpp:1:10:[m[K [01;31m[Kfatal error: [m[Kasio.hpp: 没有那个文件或目录
[0.704s]     1 | #include [01;31m[K<asio.hpp>[m[K
[0.704s]       |          [01;31m[K^~~~~~~~~~[m[K
[0.704s] compilation terminated.
[0.704s] gmake[2]: *** [CMakeFiles/tello_driver_node.dir/build.make:76：CMakeFiles/tello_driver_node.dir/src/tello_driver_node.cpp.o] 错误 1
[0.704s] gmake[2]: *** 正在等待未完成的任务....
[0.704s] In file included from [01m[K/home/tyler/ros2_ws/106a_final_project/drone_simulation/src/tello_ros/tello_driver/src/state_socket.cpp:1[m[K:
[0.704s] [01m[K/home/tyler/ros2_ws/106a_final_project/drone_simulation/src/tello_ros/tello_driver/include/tello_driver_node.hpp:1:10:[m[K [01;31m[Kfatal error: [m[Kasio.hpp: 没有那个文件或目录
[0.704s]     1 | #include [01;31m[K<asio.hpp>[m[K
[0.705s]       |          [01;31m[K^~~~~~~~~~[m[K
[0.705s] compilation terminated.
[0.705s] In file included from [01m[K/home/tyler/ros2_ws/106a_final_project/drone_simulation/src/tello_ros/tello_driver/src/command_socket.cpp:1[m[K:
[0.705s] [01m[K/home/tyler/ros2_ws/106a_final_project/drone_simulation/src/tello_ros/tello_driver/include/tello_driver_node.hpp:1:10:[m[K [01;31m[Kfatal error: [m[Kasio.hpp: 没有那个文件或目录
[0.705s]     1 | #include [01;31m[K<asio.hpp>[m[K
[0.705s]       |          [01;31m[K^~~~~~~~~~[m[K
[0.705s] compilation terminated.
[0.705s] gmake[2]: *** [CMakeFiles/tello_driver_node.dir/build.make:118：CMakeFiles/tello_driver_node.dir/src/state_socket.cpp.o] 错误 1
[0.705s] gmake[2]: *** [CMakeFiles/tello_driver_node.dir/build.make:104：CMakeFiles/tello_driver_node.dir/src/command_socket.cpp.o] 错误 1
[0.706s] In file included from [01m[K/home/tyler/ros2_ws/106a_final_project/drone_simulation/src/tello_ros/tello_driver/src/video_socket.cpp:1[m[K:
[0.706s] [01m[K/home/tyler/ros2_ws/106a_final_project/drone_simulation/src/tello_ros/tello_driver/include/tello_driver_node.hpp:1:10:[m[K [01;31m[Kfatal error: [m[Kasio.hpp: 没有那个文件或目录
[0.706s]     1 | #include [01;31m[K<asio.hpp>[m[K
[0.706s]       |          [01;31m[K^~~~~~~~~~[m[K
[0.706s] compilation terminated.
[0.706s] In file included from [01m[K/home/tyler/ros2_ws/106a_final_project/drone_simulation/src/tello_ros/tello_driver/src/tello_socket.cpp:1[m[K:
[0.706s] [01m[K/home/tyler/ros2_ws/106a_final_project/drone_simulation/src/tello_ros/tello_driver/include/tello_driver_node.hpp:1:10:[m[K [01;31m[Kfatal error: [m[Kasio.hpp: 没有那个文件或目录
[0.706s]     1 | #include [01;31m[K<asio.hpp>[m[K
[0.706s]       |          [01;31m[K^~~~~~~~~~[m[K
[0.706s] compilation terminated.
[0.707s] gmake[2]: *** [CMakeFiles/tello_driver_node.dir/build.make:132：CMakeFiles/tello_driver_node.dir/src/video_socket.cpp.o] 错误 1
[0.707s] gmake[2]: *** [CMakeFiles/tello_driver_node.dir/build.make:90：CMakeFiles/tello_driver_node.dir/src/tello_socket.cpp.o] 错误 1
[0.722s] [01m[K/home/tyler/ros2_ws/106a_final_project/drone_simulation/src/tello_ros/tello_driver/src/tello_emulator.cpp:5:10:[m[K [01;31m[Kfatal error: [m[Kasio.hpp: 没有那个文件或目录
[0.722s]     5 | #include [01;31m[K<asio.hpp>[m[K
[0.722s]       |          [01;31m[K^~~~~~~~~~[m[K
[0.722s] compilation terminated.
[0.722s] gmake[2]: *** [CMakeFiles/tello_emulator.dir/build.make:76：CMakeFiles/tello_emulator.dir/src/tello_emulator.cpp.o] 错误 1
[0.722s] gmake[1]: *** [CMakeFiles/Makefile2:171：CMakeFiles/tello_emulator.dir/all] 错误 2
[0.723s] gmake[1]: *** 正在等待未完成的任务....
[0.803s] [01m[K/home/tyler/ros2_ws/106a_final_project/drone_simulation/src/tello_ros/tello_driver/src/tello_joy_node.cpp:49:10:[m[K [01;31m[Kfatal error: [m[Krclcpp_components/register_node_macro.hpp: 没有那个文件或目录
[0.803s]    49 | #include [01;31m[K"rclcpp_components/register_node_macro.hpp"[m[K
[0.803s]       |          [01;31m[K^~~~~~~~~~~~~~~~~~~~~~~~~~~~~~~~~~~~~~~~~~~[m[K
[0.803s] compilation terminated.
[0.805s] gmake[2]: *** [CMakeFiles/tello_joy_main.dir/build.make:90：CMakeFiles/tello_joy_main.dir/src/tello_joy_node.cpp.o] 错误 1
[0.805s] gmake[2]: *** 正在等待未完成的任务....
[0.808s] [01m[K/home/tyler/ros2_ws/106a_final_project/drone_simulation/src/tello_ros/tello_driver/src/tello_joy_node.cpp:49:10:[m[K [01;31m[Kfatal error: [m[Krclcpp_components/register_node_macro.hpp: 没有那个文件或目录
[0.808s]    49 | #include [01;31m[K"rclcpp_components/register_node_macro.hpp"[m[K
[0.808s]       |          [01;31m[K^~~~~~~~~~~~~~~~~~~~~~~~~~~~~~~~~~~~~~~~~~~[m[K
[0.808s] compilation terminated.
[0.809s] gmake[2]: *** [CMakeFiles/tello_joy_node.dir/build.make:76：CMakeFiles/tello_joy_node.dir/src/tello_joy_node.cpp.o] 错误 1
[0.809s] gmake[1]: *** [CMakeFiles/Makefile2:197：CMakeFiles/tello_joy_node.dir/all] 错误 2
[0.854s] gmake[1]: *** [CMakeFiles/Makefile2:145：CMakeFiles/tello_driver_node.dir/all] 错误 2
[0.855s] gmake[1]: *** [CMakeFiles/Makefile2:223：CMakeFiles/tello_driver_main.dir/all] 错误 2
[2.048s] gmake[1]: *** [CMakeFiles/Makefile2:249：CMakeFiles/tello_joy_main.dir/all] 错误 2
[2.048s] gmake: *** [Makefile:146：all] 错误 2
[2.049s] Invoked command in '/home/tyler/ros2_ws/106a_final_project/drone_simulation/build/tello_driver' returned '2': AMENT_PREFIX_PATH=/home/tyler/ros2_ws/106a_final_project/drone_simulation/install/tello_msgs:/home/tyler/ros2_ws/106a_final_project/drone_simulation/install/ros2_shared:${AMENT_PREFIX_PATH} CMAKE_PREFIX_PATH=/home/tyler/ros2_ws/106a_final_project/drone_simulation/install/tello_msgs:/home/tyler/ros2_ws/106a_final_project/drone_simulation/install/ros2_shared:/opt/ros/humble LD_LIBRARY_PATH=/home/tyler/ros2_ws/106a_final_project/drone_simulation/install/tello_msgs/lib:${LD_LIBRARY_PATH} PYTHONPATH=/home/tyler/ros2_ws/106a_final_project/drone_simulation/install/tello_msgs/local/lib/python3.10/dist-packages:${PYTHONPATH} /usr/bin/cmake --build /home/tyler/ros2_ws/106a_final_project/drone_simulation/build/tello_driver -- -j24 -l24
