[0.833s] Invoking command in '/mnt/g/My Drive/Primary/skl-Course/SP26/EECS 206A - Introduction to Robotics/106a_final_project/drone_simulation/build/tello_description': /usr/bin/cmake --build /mnt/g/My Drive/Primary/skl-Course/SP26/EECS 206A - Introduction to Robotics/106a_final_project/drone_simulation/build/tello_description -- -j16 -l16
[2.237s] [100%] Built target generate_urdf_4
[2.244s] [100%] Built target generate_urdf_8
[2.249s] [100%] Built target generate_urdf
[2.254s] [100%] Built target generate_urdf_2
[2.259s] [100%] Built target generate_urdf_3
[2.263s] [100%] Built target generate_urdf_7
[2.267s] [100%] Built target generate_urdf_5
[2.272s] [100%] Built target generate_urdf_1
[2.279s] [100%] Built target generate_urdf_6
[2.909s] Invoked command in '/mnt/g/My Drive/Primary/skl-Course/SP26/EECS 206A - Introduction to Robotics/106a_final_project/drone_simulation/build/tello_description' returned '0': /usr/bin/cmake --build /mnt/g/My Drive/Primary/skl-Course/SP26/EECS 206A - Introduction to Robotics/106a_final_project/drone_simulation/build/tello_description -- -j16 -l16
[3.136s] Invoking command in '/mnt/g/My Drive/Primary/skl-Course/SP26/EECS 206A - Introduction to Robotics/106a_final_project/drone_simulation/build/tello_description': /usr/bin/cmake --install /mnt/g/My Drive/Primary/skl-Course/SP26/EECS 206A - Introduction to Robotics/106a_final_project/drone_simulation/build/tello_description
[3.194s] -- Install configuration: ""
[3.267s] -- Up-to-date: /mnt/g/My Drive/Primary/skl-Course/SP26/EECS 206A - Introduction to Robotics/106a_final_project/drone_simulation/install/tello_description/share/tello_description/urdf
[3.525s] -- Up-to-date: /mnt/g/My Drive/Primary/skl-Course/SP26/EECS 206A - Introduction to Robotics/106a_final_project/drone_simulation/install/tello_description/share/tello_description/urdf/tello_6.urdf
[3.692s] -- Up-to-date: /mnt/g/My Drive/Primary/skl-Course/SP26/EECS 206A - Introduction to Robotics/106a_final_project/drone_simulation/install/tello_description/share/tello_description/urdf/tello_5.urdf
[3.890s] -- Up-to-date: /mnt/g/My Drive/Primary/skl-Course/SP26/EECS 206A - Introduction to Robotics/106a_final_project/drone_simulation/install/tello_description/share/tello_description/urdf/tello_3.urdf
[4.109s] -- Up-to-date: /mnt/g/My Drive/Primary/skl-Course/SP26/EECS 206A - Introduction to Robotics/106a_final_project/drone_simulation/install/tello_description/share/tello_description/urdf/tello_1.urdf
[4.327s] -- Up-to-date: /mnt/g/My Drive/Primary/skl-Course/SP26/EECS 206A - Introduction to Robotics/106a_final_project/drone_simulation/install/tello_description/share/tello_description/urdf/tello_4.urdf
[4.527s] -- Up-to-date: /mnt/g/My Drive/Primary/skl-Course/SP26/EECS 206A - Introduction to Robotics/106a_final_project/drone_simulation/install/tello_description/share/tello_description/urdf/tello_8.urdf
[4.746s] -- Up-to-date: /mnt/g/My Drive/Primary/skl-Course/SP26/EECS 206A - Introduction to Robotics/106a_final_project/drone_simulation/install/tello_description/share/tello_description/urdf/tello.urdf
[4.980s] -- Up-to-date: /mnt/g/My Drive/Primary/skl-Course/SP26/EECS 206A - Introduction to Robotics/106a_final_project/drone_simulation/install/tello_description/share/tello_description/urdf/tello_2.urdf
[5.248s] -- Up-to-date: /mnt/g/My Drive/Primary/skl-Course/SP26/EECS 206A - Introduction to Robotics/106a_final_project/drone_simulation/install/tello_description/share/tello_description/urdf/tello_7.urdf
[5.808s] -- Up-to-date: /mnt/g/My Drive/Primary/skl-Course/SP26/EECS 206A - Introduction to Robotics/106a_final_project/drone_simulation/install/tello_description/share/ament_index/resource_index/package_run_dependencies/tello_description
[6.348s] -- Up-to-date: /mnt/g/My Drive/Primary/skl-Course/SP26/EECS 206A - Introduction to Robotics/106a_final_project/drone_simulation/install/tello_description/share/ament_index/resource_index/parent_prefix_path/tello_description
[6.572s] -- Up-to-date: /mnt/g/My Drive/Primary/skl-Course/SP26/EECS 206A - Introduction to Robotics/106a_final_project/drone_simulation/install/tello_description/share/tello_description/environment/ament_prefix_path.sh
[6.981s] -- Up-to-date: /mnt/g/My Drive/Primary/skl-Course/SP26/EECS 206A - Introduction to Robotics/106a_final_project/drone_simulation/install/tello_description/share/tello_description/environment/ament_prefix_path.dsv
[7.149s] -- Up-to-date: /mnt/g/My Drive/Primary/skl-Course/SP26/EECS 206A - Introduction to Robotics/106a_final_project/drone_simulation/install/tello_description/share/tello_description/environment/path.sh
[7.383s] -- Up-to-date: /mnt/g/My Drive/Primary/skl-Course/SP26/EECS 206A - Introduction to Robotics/106a_final_project/drone_simulation/install/tello_description/share/tello_description/environment/path.dsv
[7.617s] -- Up-to-date: /mnt/g/My Drive/Primary/skl-Course/SP26/EECS 206A - Introduction to Robotics/106a_final_project/drone_simulation/install/tello_description/share/tello_description/local_setup.bash
[7.808s] -- Up-to-date: /mnt/g/My Drive/Primary/skl-Course/SP26/EECS 206A - Introduction to Robotics/106a_final_project/drone_simulation/install/tello_description/share/tello_description/local_setup.sh
[8.109s] -- Up-to-date: /mnt/g/My Drive/Primary/skl-Course/SP26/EECS 206A - Introduction to Robotics/106a_final_project/drone_simulation/install/tello_description/share/tello_description/local_setup.zsh
[8.209s] -- Up-to-date: /mnt/g/My Drive/Primary/skl-Course/SP26/EECS 206A - Introduction to Robotics/106a_final_project/drone_simulation/install/tello_description/share/tello_description/local_setup.dsv
[8.335s] -- Installing: /mnt/g/My Drive/Primary/skl-Course/SP26/EECS 206A - Introduction to Robotics/106a_final_project/drone_simulation/install/tello_description/share/tello_description/package.dsv
[9.032s] -- Up-to-date: /mnt/g/My Drive/Primary/skl-Course/SP26/EECS 206A - Introduction to Robotics/106a_final_project/drone_simulation/install/tello_description/share/ament_index/resource_index/packages/tello_description
[9.213s] -- Up-to-date: /mnt/g/My Drive/Primary/skl-Course/SP26/EECS 206A - Introduction to Robotics/106a_final_project/drone_simulation/install/tello_description/share/tello_description/cmake/tello_descriptionConfig.cmake
[9.342s] -- Up-to-date: /mnt/g/My Drive/Primary/skl-Course/SP26/EECS 206A - Introduction to Robotics/106a_final_project/drone_simulation/install/tello_description/share/tello_description/cmake/tello_descriptionConfig-version.cmake
[9.517s] -- Up-to-date: /mnt/g/My Drive/Primary/skl-Course/SP26/EECS 206A - Introduction to Robotics/106a_final_project/drone_simulation/install/tello_description/share/tello_description/package.xml
[12.822s] Invoked command in '/mnt/g/My Drive/Primary/skl-Course/SP26/EECS 206A - Introduction to Robotics/106a_final_project/drone_simulation/build/tello_description' returned '0': /usr/bin/cmake --install /mnt/g/My Drive/Primary/skl-Course/SP26/EECS 206A - Introduction to Robotics/106a_final_project/drone_simulation/build/tello_description
