[1.645s] DEBUG:colcon:Command line arguments: ['/usr/bin/colcon', 'build', '--packages-select', 'my_drone_vision']
[1.647s] DEBUG:colcon:Parsed command line arguments: Namespace(log_base=None, log_level=None, verb_name='build', build_base='build', install_base='install', merge_install=False, symlink_install=False, test_result_base=None, continue_on_error=False, executor='parallel', parallel_workers=16, event_handlers=None, ignore_user_meta=False, metas=['./colcon.meta'], base_paths=['.'], packages_ignore=None, packages_ignore_regex=None, paths=None, packages_up_to=None, packages_up_to_regex=None, packages_above=None, packages_above_and_dependencies=None, packages_above_depth=None, packages_select_by_dep=None, packages_skip_by_dep=None, packages_skip_up_to=None, packages_select_build_failed=False, packages_skip_build_finished=False, packages_select_test_failures=False, packages_skip_test_passed=False, packages_select=['my_drone_vision'], packages_skip=None, packages_select_regex=None, packages_skip_regex=None, packages_start=None, packages_end=None, allow_overriding=[], cmake_args=None, cmake_target=None, cmake_target_skip_unavailable=False, cmake_clean_cache=False, cmake_clean_first=False, cmake_force_configure=False, ament_cmake_args=None, catkin_cmake_args=None, catkin_skip_building_tests=False, verb_parser=<colcon_defaults.argument_parser.defaults.DefaultArgumentsDecorator object at 0x770f2e41fc10>, verb_extension=<colcon_core.verb.build.BuildVerb object at 0x770f2e41f670>, main=<bound method BuildVerb.main of <colcon_core.verb.build.BuildVerb object at 0x770f2e41f670>>)
[2.950s] Level 1:colcon.colcon_core.package_discovery:discover_packages(colcon_meta) check parameters
[2.952s] Level 1:colcon.colcon_core.package_discovery:discover_packages(recursive) check parameters
[2.953s] Level 1:colcon.colcon_core.package_discovery:discover_packages(ignore) check parameters
[2.953s] Level 1:colcon.colcon_core.package_discovery:discover_packages(path) check parameters
[2.954s] Level 1:colcon.colcon_core.package_discovery:discover_packages(colcon_meta) discover
[2.954s] Level 1:colcon.colcon_core.package_discovery:discover_packages(recursive) discover
[2.955s] INFO:colcon.colcon_core.package_discovery:Crawling recursively for packages in '/mnt/g/My Drive/Primary/skl-Course/SP26/EECS 206A - Introduction to Robotics/106a_final_project/drone_simulation'
[2.960s] Level 1:colcon.colcon_core.package_identification:_identify(.) by extensions ['ignore', 'ignore_ament_install']
[2.960s] Level 1:colcon.colcon_core.package_identification:_identify(.) by extension 'ignore'
[2.961s] Level 1:colcon.colcon_core.package_identification:_identify(.) by extension 'ignore_ament_install'
[2.963s] Level 1:colcon.colcon_core.package_identification:_identify(.) by extensions ['colcon_pkg']
[2.964s] Level 1:colcon.colcon_core.package_identification:_identify(.) by extension 'colcon_pkg'
[2.964s] Level 1:colcon.colcon_core.package_identification:_identify(.) by extensions ['colcon_meta']
[2.965s] Level 1:colcon.colcon_core.package_identification:_identify(.) by extension 'colcon_meta'
[2.965s] Level 1:colcon.colcon_core.package_identification:_identify(.) by extensions ['ros']
[2.965s] Level 1:colcon.colcon_core.package_identification:_identify(.) by extension 'ros'
[3.007s] Level 1:colcon.colcon_core.package_identification:_identify(.) by extensions ['cmake', 'python']
[3.008s] Level 1:colcon.colcon_core.package_identification:_identify(.) by extension 'cmake'
[3.009s] Level 1:colcon.colcon_core.package_identification:_identify(.) by extension 'python'
[3.010s] Level 1:colcon.colcon_core.package_identification:_identify(.) by extensions ['python_setup_py']
[3.010s] Level 1:colcon.colcon_core.package_identification:_identify(.) by extension 'python_setup_py'
[3.018s] Level 1:colcon.colcon_core.package_identification:_identify(build) by extensions ['ignore', 'ignore_ament_install']
[3.019s] Level 1:colcon.colcon_core.package_identification:_identify(build) by extension 'ignore'
[3.023s] Level 1:colcon.colcon_core.package_identification:_identify(build) ignored
[3.032s] Level 1:colcon.colcon_core.package_identification:_identify(install) by extensions ['ignore', 'ignore_ament_install']
[3.032s] Level 1:colcon.colcon_core.package_identification:_identify(install) by extension 'ignore'
[3.036s] Level 1:colcon.colcon_core.package_identification:_identify(install) ignored
[3.041s] Level 1:colcon.colcon_core.package_identification:_identify(log) by extensions ['ignore', 'ignore_ament_install']
[3.041s] Level 1:colcon.colcon_core.package_identification:_identify(log) by extension 'ignore'
[3.044s] Level 1:colcon.colcon_core.package_identification:_identify(log) ignored
[3.051s] Level 1:colcon.colcon_core.package_identification:_identify(src) by extensions ['ignore', 'ignore_ament_install']
[3.052s] Level 1:colcon.colcon_core.package_identification:_identify(src) by extension 'ignore'
[3.054s] Level 1:colcon.colcon_core.package_identification:_identify(src) by extension 'ignore_ament_install'
[3.059s] Level 1:colcon.colcon_core.package_identification:_identify(src) by extensions ['colcon_pkg']
[3.059s] Level 1:colcon.colcon_core.package_identification:_identify(src) by extension 'colcon_pkg'
[3.062s] Level 1:colcon.colcon_core.package_identification:_identify(src) by extensions ['colcon_meta']
[3.062s] Level 1:colcon.colcon_core.package_identification:_identify(src) by extension 'colcon_meta'
[3.065s] Level 1:colcon.colcon_core.package_identification:_identify(src) by extensions ['ros']
[3.066s] Level 1:colcon.colcon_core.package_identification:_identify(src) by extension 'ros'
[3.076s] Level 1:colcon.colcon_core.package_identification:_identify(src) by extensions ['cmake', 'python']
[3.076s] Level 1:colcon.colcon_core.package_identification:_identify(src) by extension 'cmake'
[3.079s] Level 1:colcon.colcon_core.package_identification:_identify(src) by extension 'python'
[3.081s] Level 1:colcon.colcon_core.package_identification:_identify(src) by extensions ['python_setup_py']
[3.082s] Level 1:colcon.colcon_core.package_identification:_identify(src) by extension 'python_setup_py'
[3.097s] Level 1:colcon.colcon_core.package_identification:_identify(src/my_drone_vision) by extensions ['ignore', 'ignore_ament_install']
[3.098s] Level 1:colcon.colcon_core.package_identification:_identify(src/my_drone_vision) by extension 'ignore'
[3.102s] Level 1:colcon.colcon_core.package_identification:_identify(src/my_drone_vision) by extension 'ignore_ament_install'
[3.110s] Level 1:colcon.colcon_core.package_identification:_identify(src/my_drone_vision) by extensions ['colcon_pkg']
[3.110s] Level 1:colcon.colcon_core.package_identification:_identify(src/my_drone_vision) by extension 'colcon_pkg'
[3.114s] Level 1:colcon.colcon_core.package_identification:_identify(src/my_drone_vision) by extensions ['colcon_meta']
[3.114s] Level 1:colcon.colcon_core.package_identification:_identify(src/my_drone_vision) by extension 'colcon_meta'
[3.121s] Level 1:colcon.colcon_core.package_identification:_identify(src/my_drone_vision) by extensions ['ros']
[3.121s] Level 1:colcon.colcon_core.package_identification:_identify(src/my_drone_vision) by extension 'ros'
[3.188s] DEBUG:colcon.colcon_core.package_identification:Package 'src/my_drone_vision' with type 'ros.ament_python' and name 'my_drone_vision'
[3.203s] Level 1:colcon.colcon_core.package_identification:_identify(src/ros2_shared) by extensions ['ignore', 'ignore_ament_install']
[3.204s] Level 1:colcon.colcon_core.package_identification:_identify(src/ros2_shared) by extension 'ignore'
[3.208s] Level 1:colcon.colcon_core.package_identification:_identify(src/ros2_shared) by extension 'ignore_ament_install'
[3.216s] Level 1:colcon.colcon_core.package_identification:_identify(src/ros2_shared) by extensions ['colcon_pkg']
[3.217s] Level 1:colcon.colcon_core.package_identification:_identify(src/ros2_shared) by extension 'colcon_pkg'
[3.220s] Level 1:colcon.colcon_core.package_identification:_identify(src/ros2_shared) by extensions ['colcon_meta']
[3.221s] Level 1:colcon.colcon_core.package_identification:_identify(src/ros2_shared) by extension 'colcon_meta'
[3.228s] Level 1:colcon.colcon_core.package_identification:_identify(src/ros2_shared) by extensions ['ros']
[3.229s] Level 1:colcon.colcon_core.package_identification:_identify(src/ros2_shared) by extension 'ros'
[3.280s] DEBUG:colcon.colcon_core.package_identification:Package 'src/ros2_shared' with type 'ros.ament_cmake' and name 'ros2_shared'
[3.295s] Level 1:colcon.colcon_core.package_identification:_identify(src/tello_ros) by extensions ['ignore', 'ignore_ament_install']
[3.296s] Level 1:colcon.colcon_core.package_identification:_identify(src/tello_ros) by extension 'ignore'
[3.300s] Level 1:colcon.colcon_core.package_identification:_identify(src/tello_ros) by extension 'ignore_ament_install'
[3.307s] Level 1:colcon.colcon_core.package_identification:_identify(src/tello_ros) by extensions ['colcon_pkg']
[3.308s] Level 1:colcon.colcon_core.package_identification:_identify(src/tello_ros) by extension 'colcon_pkg'
[3.311s] Level 1:colcon.colcon_core.package_identification:_identify(src/tello_ros) by extensions ['colcon_meta']
[3.312s] Level 1:colcon.colcon_core.package_identification:_identify(src/tello_ros) by extension 'colcon_meta'
[3.318s] Level 1:colcon.colcon_core.package_identification:_identify(src/tello_ros) by extensions ['ros']
[3.318s] Level 1:colcon.colcon_core.package_identification:_identify(src/tello_ros) by extension 'ros'
[3.336s] Level 1:colcon.colcon_core.package_identification:_identify(src/tello_ros) by extensions ['cmake', 'python']
[3.336s] Level 1:colcon.colcon_core.package_identification:_identify(src/tello_ros) by extension 'cmake'
[3.340s] Level 1:colcon.colcon_core.package_identification:_identify(src/tello_ros) by extension 'python'
[3.345s] Level 1:colcon.colcon_core.package_identification:_identify(src/tello_ros) by extensions ['python_setup_py']
[3.345s] Level 1:colcon.colcon_core.package_identification:_identify(src/tello_ros) by extension 'python_setup_py'
[3.368s] Level 1:colcon.colcon_core.package_identification:_identify(src/tello_ros/tello_description) by extensions ['ignore', 'ignore_ament_install']
[3.369s] Level 1:colcon.colcon_core.package_identification:_identify(src/tello_ros/tello_description) by extension 'ignore'
[3.375s] Level 1:colcon.colcon_core.package_identification:_identify(src/tello_ros/tello_description) by extension 'ignore_ament_install'
[3.386s] Level 1:colcon.colcon_core.package_identification:_identify(src/tello_ros/tello_description) by extensions ['colcon_pkg']
[3.386s] Level 1:colcon.colcon_core.package_identification:_identify(src/tello_ros/tello_description) by extension 'colcon_pkg'
[3.392s] Level 1:colcon.colcon_core.package_identification:_identify(src/tello_ros/tello_description) by extensions ['colcon_meta']
[3.392s] Level 1:colcon.colcon_core.package_identification:_identify(src/tello_ros/tello_description) by extension 'colcon_meta'
[3.404s] Level 1:colcon.colcon_core.package_identification:_identify(src/tello_ros/tello_description) by extensions ['ros']
[3.404s] Level 1:colcon.colcon_core.package_identification:_identify(src/tello_ros/tello_description) by extension 'ros'
[3.466s] DEBUG:colcon.colcon_core.package_identification:Package 'src/tello_ros/tello_description' with type 'ros.ament_cmake' and name 'tello_description'
[3.486s] Level 1:colcon.colcon_core.package_identification:_identify(src/tello_ros/tello_driver) by extensions ['ignore', 'ignore_ament_install']
[3.486s] Level 1:colcon.colcon_core.package_identification:_identify(src/tello_ros/tello_driver) by extension 'ignore'
[3.492s] Level 1:colcon.colcon_core.package_identification:_identify(src/tello_ros/tello_driver) by extension 'ignore_ament_install'
[3.503s] Level 1:colcon.colcon_core.package_identification:_identify(src/tello_ros/tello_driver) by extensions ['colcon_pkg']
[3.503s] Level 1:colcon.colcon_core.package_identification:_identify(src/tello_ros/tello_driver) by extension 'colcon_pkg'
[3.509s] Level 1:colcon.colcon_core.package_identification:_identify(src/tello_ros/tello_driver) by extensions ['colcon_meta']
[3.510s] Level 1:colcon.colcon_core.package_identification:_identify(src/tello_ros/tello_driver) by extension 'colcon_meta'
[3.521s] Level 1:colcon.colcon_core.package_identification:_identify(src/tello_ros/tello_driver) by extensions ['ros']
[3.521s] Level 1:colcon.colcon_core.package_identification:_identify(src/tello_ros/tello_driver) by extension 'ros'
[3.582s] DEBUG:colcon.colcon_core.package_identification:Package 'src/tello_ros/tello_driver' with type 'ros.ament_cmake' and name 'tello_driver'
[3.602s] Level 1:colcon.colcon_core.package_identification:_identify(src/tello_ros/tello_gazebo) by extensions ['ignore', 'ignore_ament_install']
[3.603s] Level 1:colcon.colcon_core.package_identification:_identify(src/tello_ros/tello_gazebo) by extension 'ignore'
[3.609s] Level 1:colcon.colcon_core.package_identification:_identify(src/tello_ros/tello_gazebo) by extension 'ignore_ament_install'
[3.620s] Level 1:colcon.colcon_core.package_identification:_identify(src/tello_ros/tello_gazebo) by extensions ['colcon_pkg']
[3.620s] Level 1:colcon.colcon_core.package_identification:_identify(src/tello_ros/tello_gazebo) by extension 'colcon_pkg'
[3.626s] Level 1:colcon.colcon_core.package_identification:_identify(src/tello_ros/tello_gazebo) by extensions ['colcon_meta']
[3.627s] Level 1:colcon.colcon_core.package_identification:_identify(src/tello_ros/tello_gazebo) by extension 'colcon_meta'
[3.639s] Level 1:colcon.colcon_core.package_identification:_identify(src/tello_ros/tello_gazebo) by extensions ['ros']
[3.640s] Level 1:colcon.colcon_core.package_identification:_identify(src/tello_ros/tello_gazebo) by extension 'ros'
[3.702s] DEBUG:colcon.colcon_core.package_identification:Package 'src/tello_ros/tello_gazebo' with type 'ros.ament_cmake' and name 'tello_gazebo'
[3.722s] Level 1:colcon.colcon_core.package_identification:_identify(src/tello_ros/tello_msgs) by extensions ['ignore', 'ignore_ament_install']
[3.723s] Level 1:colcon.colcon_core.package_identification:_identify(src/tello_ros/tello_msgs) by extension 'ignore'
[3.729s] Level 1:colcon.colcon_core.package_identification:_identify(src/tello_ros/tello_msgs) by extension 'ignore_ament_install'
[3.739s] Level 1:colcon.colcon_core.package_identification:_identify(src/tello_ros/tello_msgs) by extensions ['colcon_pkg']
[3.739s] Level 1:colcon.colcon_core.package_identification:_identify(src/tello_ros/tello_msgs) by extension 'colcon_pkg'
[3.745s] Level 1:colcon.colcon_core.package_identification:_identify(src/tello_ros/tello_msgs) by extensions ['colcon_meta']
[3.745s] Level 1:colcon.colcon_core.package_identification:_identify(src/tello_ros/tello_msgs) by extension 'colcon_meta'
[3.756s] Level 1:colcon.colcon_core.package_identification:_identify(src/tello_ros/tello_msgs) by extensions ['ros']
[3.757s] Level 1:colcon.colcon_core.package_identification:_identify(src/tello_ros/tello_msgs) by extension 'ros'
[3.824s] DEBUG:colcon.colcon_core.package_identification:Package 'src/tello_ros/tello_msgs' with type 'ros.ament_cmake' and name 'tello_msgs'
[3.824s] Level 1:colcon.colcon_core.package_discovery:discover_packages(recursive) using defaults
[3.825s] Level 1:colcon.colcon_core.package_discovery:discover_packages(ignore) discover
[3.825s] Level 1:colcon.colcon_core.package_discovery:discover_packages(ignore) using defaults
[3.825s] Level 1:colcon.colcon_core.package_discovery:discover_packages(path) discover
[3.826s] Level 1:colcon.colcon_core.package_discovery:discover_packages(path) using defaults
[4.257s] INFO:colcon.colcon_core.package_selection:Skipping not selected package 'ros2_shared' in 'src/ros2_shared'
[4.258s] INFO:colcon.colcon_core.package_selection:Skipping not selected package 'tello_description' in 'src/tello_ros/tello_description'
[4.258s] INFO:colcon.colcon_core.package_selection:Skipping not selected package 'tello_msgs' in 'src/tello_ros/tello_msgs'
[4.258s] INFO:colcon.colcon_core.package_selection:Skipping not selected package 'tello_driver' in 'src/tello_ros/tello_driver'
[4.259s] INFO:colcon.colcon_core.package_selection:Skipping not selected package 'tello_gazebo' in 'src/tello_ros/tello_gazebo'
[4.261s] Level 1:colcon.colcon_core.package_discovery:discover_packages(prefix_path) check parameters
[4.261s] Level 1:colcon.colcon_core.package_discovery:discover_packages(prefix_path) discover
[4.635s] DEBUG:colcon.colcon_installed_package_information.package_discovery:Found 6 installed packages in /home/happygaj/my_project/drone_simulation/install
[4.638s] DEBUG:colcon.colcon_installed_package_information.package_discovery:Found 280 installed packages in /opt/ros/humble
[4.652s] Level 1:colcon.colcon_core.package_discovery:discover_packages(prefix_path) using defaults
[4.979s] Level 5:colcon.colcon_core.verb:set package 'my_drone_vision' build argument 'cmake_args' from command line to 'None'
[4.980s] Level 5:colcon.colcon_core.verb:set package 'my_drone_vision' build argument 'cmake_target' from command line to 'None'
[4.980s] Level 5:colcon.colcon_core.verb:set package 'my_drone_vision' build argument 'cmake_target_skip_unavailable' from command line to 'False'
[4.981s] Level 5:colcon.colcon_core.verb:set package 'my_drone_vision' build argument 'cmake_clean_cache' from command line to 'False'
[4.981s] Level 5:colcon.colcon_core.verb:set package 'my_drone_vision' build argument 'cmake_clean_first' from command line to 'False'
[4.982s] Level 5:colcon.colcon_core.verb:set package 'my_drone_vision' build argument 'cmake_force_configure' from command line to 'False'
[4.982s] Level 5:colcon.colcon_core.verb:set package 'my_drone_vision' build argument 'ament_cmake_args' from command line to 'None'
[4.983s] Level 5:colcon.colcon_core.verb:set package 'my_drone_vision' build argument 'catkin_cmake_args' from command line to 'None'
[4.983s] Level 5:colcon.colcon_core.verb:set package 'my_drone_vision' build argument 'catkin_skip_building_tests' from command line to 'False'
[4.983s] DEBUG:colcon.colcon_core.verb:Building package 'my_drone_vision' with the following arguments: {'ament_cmake_args': None, 'build_base': '/mnt/g/My Drive/Primary/skl-Course/SP26/EECS 206A - Introduction to Robotics/106a_final_project/drone_simulation/build/my_drone_vision', 'catkin_cmake_args': None, 'catkin_skip_building_tests': False, 'cmake_args': None, 'cmake_clean_cache': False, 'cmake_clean_first': False, 'cmake_force_configure': False, 'cmake_target': None, 'cmake_target_skip_unavailable': False, 'install_base': '/mnt/g/My Drive/Primary/skl-Course/SP26/EECS 206A - Introduction to Robotics/106a_final_project/drone_simulation/install/my_drone_vision', 'merge_install': False, 'path': '/mnt/g/My Drive/Primary/skl-Course/SP26/EECS 206A - Introduction to Robotics/106a_final_project/drone_simulation/src/my_drone_vision', 'symlink_install': False, 'test_result_base': None}
[4.984s] INFO:colcon.colcon_core.executor:Executing jobs using 'parallel' executor
[4.986s] DEBUG:colcon.colcon_parallel_executor.executor.parallel:run_until_complete
[4.987s] INFO:colcon.colcon_ros.task.ament_python.build:Building ROS package in '/mnt/g/My Drive/Primary/skl-Course/SP26/EECS 206A - Introduction to Robotics/106a_final_project/drone_simulation/src/my_drone_vision' with build type 'ament_python'
[4.988s] Level 1:colcon.colcon_core.shell:create_environment_hook('my_drone_vision', 'ament_prefix_path')
[5.050s] INFO:colcon.colcon_core.plugin_system:Skipping extension 'colcon_core.shell.bat': Not used on non-Windows systems
[5.051s] INFO:colcon.colcon_core.shell:Creating environment hook '/mnt/g/My Drive/Primary/skl-Course/SP26/EECS 206A - Introduction to Robotics/106a_final_project/drone_simulation/install/my_drone_vision/share/my_drone_vision/hook/ament_prefix_path.ps1'
[5.118s] INFO:colcon.colcon_core.shell:Creating environment descriptor '/mnt/g/My Drive/Primary/skl-Course/SP26/EECS 206A - Introduction to Robotics/106a_final_project/drone_simulation/install/my_drone_vision/share/my_drone_vision/hook/ament_prefix_path.dsv'
[5.184s] INFO:colcon.colcon_core.shell:Creating environment hook '/mnt/g/My Drive/Primary/skl-Course/SP26/EECS 206A - Introduction to Robotics/106a_final_project/drone_simulation/install/my_drone_vision/share/my_drone_vision/hook/ament_prefix_path.sh'
[5.250s] INFO:colcon.colcon_core.shell:Skip shell extension 'powershell' for command environment: Not usable outside of PowerShell
[5.251s] DEBUG:colcon.colcon_core.shell:Skip shell extension 'dsv' for command environment
[12.426s] INFO:colcon.colcon_core.task.python.build:Building Python package in '/mnt/g/My Drive/Primary/skl-Course/SP26/EECS 206A - Introduction to Robotics/106a_final_project/drone_simulation/src/my_drone_vision'
[12.427s] INFO:colcon.colcon_core.shell:Skip shell extension 'powershell' for command environment: Not usable outside of PowerShell
[12.427s] DEBUG:colcon.colcon_core.shell:Skip shell extension 'dsv' for command environment
[24.174s] DEBUG:colcon.colcon_core.event_handler.log_command:Invoking command in '/mnt/g/My Drive/Primary/skl-Course/SP26/EECS 206A - Introduction to Robotics/106a_final_project/drone_simulation/src/my_drone_vision': AMENT_PREFIX_PATH=/mnt/g/My Drive/Primary/skl-Course/SP26/EECS 206A - Introduction to Robotics/106a_final_project/drone_simulation/install/tello_msgs:${AMENT_PREFIX_PATH} CMAKE_PREFIX_PATH=/mnt/g/My Drive/Primary/skl-Course/SP26/EECS 206A - Introduction to Robotics/106a_final_project/drone_simulation/install/tello_msgs:${CMAKE_PREFIX_PATH} LD_LIBRARY_PATH=/mnt/g/My Drive/Primary/skl-Course/SP26/EECS 206A - Introduction to Robotics/106a_final_project/drone_simulation/install/tello_msgs/lib:${LD_LIBRARY_PATH} PYTHONPATH=/mnt/g/My Drive/Primary/skl-Course/SP26/EECS 206A - Introduction to Robotics/106a_final_project/drone_simulation/build/my_drone_vision/prefix_override:/usr/lib/python3/dist-packages/colcon_core/task/python/colcon_distutils_commands:/mnt/g/My Drive/Primary/skl-Course/SP26/EECS 206A - Introduction to Robotics/106a_final_project/drone_simulation/install/my_drone_vision/lib/python3.10/site-packages:/mnt/g/My Drive/Primary/skl-Course/SP26/EECS 206A - Introduction to Robotics/106a_final_project/drone_simulation/install/tello_msgs/local/lib/python3.10/dist-packages:${PYTHONPATH} /usr/bin/python3 -W ignore:setup.py install is deprecated -W ignore:easy_install command is deprecated setup.py egg_info --egg-base ../../build/my_drone_vision build --build-base /mnt/g/My Drive/Primary/skl-Course/SP26/EECS 206A - Introduction to Robotics/106a_final_project/drone_simulation/build/my_drone_vision/build install --record /mnt/g/My Drive/Primary/skl-Course/SP26/EECS 206A - Introduction to Robotics/106a_final_project/drone_simulation/build/my_drone_vision/install.log --single-version-externally-managed install_data
[36.686s] DEBUG:colcon.colcon_core.event_handler.log_command:Invoked command in '/mnt/g/My Drive/Primary/skl-Course/SP26/EECS 206A - Introduction to Robotics/106a_final_project/drone_simulation/src/my_drone_vision' returned '0': AMENT_PREFIX_PATH=/mnt/g/My Drive/Primary/skl-Course/SP26/EECS 206A - Introduction to Robotics/106a_final_project/drone_simulation/install/tello_msgs:${AMENT_PREFIX_PATH} CMAKE_PREFIX_PATH=/mnt/g/My Drive/Primary/skl-Course/SP26/EECS 206A - Introduction to Robotics/106a_final_project/drone_simulation/install/tello_msgs:${CMAKE_PREFIX_PATH} LD_LIBRARY_PATH=/mnt/g/My Drive/Primary/skl-Course/SP26/EECS 206A - Introduction to Robotics/106a_final_project/drone_simulation/install/tello_msgs/lib:${LD_LIBRARY_PATH} PYTHONPATH=/mnt/g/My Drive/Primary/skl-Course/SP26/EECS 206A - Introduction to Robotics/106a_final_project/drone_simulation/build/my_drone_vision/prefix_override:/usr/lib/python3/dist-packages/colcon_core/task/python/colcon_distutils_commands:/mnt/g/My Drive/Primary/skl-Course/SP26/EECS 206A - Introduction to Robotics/106a_final_project/drone_simulation/install/my_drone_vision/lib/python3.10/site-packages:/mnt/g/My Drive/Primary/skl-Course/SP26/EECS 206A - Introduction to Robotics/106a_final_project/drone_simulation/install/tello_msgs/local/lib/python3.10/dist-packages:${PYTHONPATH} /usr/bin/python3 -W ignore:setup.py install is deprecated -W ignore:easy_install command is deprecated setup.py egg_info --egg-base ../../build/my_drone_vision build --build-base /mnt/g/My Drive/Primary/skl-Course/SP26/EECS 206A - Introduction to Robotics/106a_final_project/drone_simulation/build/my_drone_vision/build install --record /mnt/g/My Drive/Primary/skl-Course/SP26/EECS 206A - Introduction to Robotics/106a_final_project/drone_simulation/build/my_drone_vision/install.log --single-version-externally-managed install_data
[36.748s] Level 1:colcon.colcon_core.environment:checking '/mnt/g/My Drive/Primary/skl-Course/SP26/EECS 206A - Introduction to Robotics/106a_final_project/drone_simulation/install/my_drone_vision' for CMake module files
[37.009s] Level 1:colcon.colcon_core.environment:checking '/mnt/g/My Drive/Primary/skl-Course/SP26/EECS 206A - Introduction to Robotics/106a_final_project/drone_simulation/install/my_drone_vision' for CMake config files
[37.487s] Level 1:colcon.colcon_core.environment:checking '/mnt/g/My Drive/Primary/skl-Course/SP26/EECS 206A - Introduction to Robotics/106a_final_project/drone_simulation/install/my_drone_vision/lib'
[37.502s] Level 1:colcon.colcon_core.environment:checking '/mnt/g/My Drive/Primary/skl-Course/SP26/EECS 206A - Introduction to Robotics/106a_final_project/drone_simulation/install/my_drone_vision/bin'
[37.507s] Level 1:colcon.colcon_core.environment:checking '/mnt/g/My Drive/Primary/skl-Course/SP26/EECS 206A - Introduction to Robotics/106a_final_project/drone_simulation/install/my_drone_vision/lib/pkgconfig/my_drone_vision.pc'
[37.514s] Level 1:colcon.colcon_core.environment:checking '/mnt/g/My Drive/Primary/skl-Course/SP26/EECS 206A - Introduction to Robotics/106a_final_project/drone_simulation/install/my_drone_vision/lib/python3.10/site-packages'
[37.524s] Level 1:colcon.colcon_core.shell:create_environment_hook('my_drone_vision', 'pythonpath')
[37.525s] INFO:colcon.colcon_core.shell:Creating environment hook '/mnt/g/My Drive/Primary/skl-Course/SP26/EECS 206A - Introduction to Robotics/106a_final_project/drone_simulation/install/my_drone_vision/share/my_drone_vision/hook/pythonpath.ps1'
[37.588s] INFO:colcon.colcon_core.shell:Creating environment descriptor '/mnt/g/My Drive/Primary/skl-Course/SP26/EECS 206A - Introduction to Robotics/106a_final_project/drone_simulation/install/my_drone_vision/share/my_drone_vision/hook/pythonpath.dsv'
[37.651s] INFO:colcon.colcon_core.shell:Creating environment hook '/mnt/g/My Drive/Primary/skl-Course/SP26/EECS 206A - Introduction to Robotics/106a_final_project/drone_simulation/install/my_drone_vision/share/my_drone_vision/hook/pythonpath.sh'
[37.723s] Level 1:colcon.colcon_core.environment:checking '/mnt/g/My Drive/Primary/skl-Course/SP26/EECS 206A - Introduction to Robotics/106a_final_project/drone_simulation/install/my_drone_vision/bin'
[37.731s] Level 1:colcon.colcon_core.environment:create_environment_scripts_only(my_drone_vision)
[37.735s] INFO:colcon.colcon_core.shell:Creating package script '/mnt/g/My Drive/Primary/skl-Course/SP26/EECS 206A - Introduction to Robotics/106a_final_project/drone_simulation/install/my_drone_vision/share/my_drone_vision/package.ps1'
[37.791s] INFO:colcon.colcon_core.shell:Creating package descriptor '/mnt/g/My Drive/Primary/skl-Course/SP26/EECS 206A - Introduction to Robotics/106a_final_project/drone_simulation/install/my_drone_vision/share/my_drone_vision/package.dsv'
[37.847s] INFO:colcon.colcon_core.shell:Creating package script '/mnt/g/My Drive/Primary/skl-Course/SP26/EECS 206A - Introduction to Robotics/106a_final_project/drone_simulation/install/my_drone_vision/share/my_drone_vision/package.sh'
[37.898s] INFO:colcon.colcon_core.shell:Creating package script '/mnt/g/My Drive/Primary/skl-Course/SP26/EECS 206A - Introduction to Robotics/106a_final_project/drone_simulation/install/my_drone_vision/share/my_drone_vision/package.bash'
[37.959s] INFO:colcon.colcon_core.shell:Creating package script '/mnt/g/My Drive/Primary/skl-Course/SP26/EECS 206A - Introduction to Robotics/106a_final_project/drone_simulation/install/my_drone_vision/share/my_drone_vision/package.zsh'
[38.010s] Level 1:colcon.colcon_core.environment:create_file_with_runtime_dependencies(/mnt/g/My Drive/Primary/skl-Course/SP26/EECS 206A - Introduction to Robotics/106a_final_project/drone_simulation/install/my_drone_vision/share/colcon-core/packages/my_drone_vision)
[38.058s] DEBUG:colcon.colcon_parallel_executor.executor.parallel:closing loop
[38.059s] DEBUG:colcon.colcon_parallel_executor.executor.parallel:loop closed
[38.060s] DEBUG:colcon.colcon_parallel_executor.executor.parallel:run_until_complete finished with '0'
[38.061s] DEBUG:colcon.colcon_core.event_reactor:joining thread
[38.346s] INFO:colcon.colcon_core.plugin_system:Skipping extension 'colcon_notification.desktop_notification.notify_send': Could not find 'notify-send'
[38.348s] INFO:colcon.colcon_core.plugin_system:Skipping extension 'colcon_notification.desktop_notification.terminal_notifier': Not used on non-Darwin systems
[38.348s] INFO:colcon.colcon_core.plugin_system:Skipping extension 'colcon_notification.desktop_notification.win32': Not used on non-Windows systems
[38.348s] INFO:colcon.colcon_notification.desktop_notification:Sending desktop notification using 'notify2'
[38.349s] DEBUG:colcon.colcon_notification.desktop_notification.notify2:Failed to initialize notify2: org.freedesktop.DBus.Error.FileNotFound: Failed to connect to socket /run/user/1000/bus: No such file or directory
[38.350s] DEBUG:colcon.colcon_core.event_reactor:joined thread
[38.351s] INFO:colcon.colcon_core.shell:Creating prefix script '/mnt/g/My Drive/Primary/skl-Course/SP26/EECS 206A - Introduction to Robotics/106a_final_project/drone_simulation/install/local_setup.ps1'
[38.379s] INFO:colcon.colcon_core.shell:Creating prefix util module '/mnt/g/My Drive/Primary/skl-Course/SP26/EECS 206A - Introduction to Robotics/106a_final_project/drone_simulation/install/_local_setup_util_ps1.py'
[38.431s] INFO:colcon.colcon_core.shell:Creating prefix chain script '/mnt/g/My Drive/Primary/skl-Course/SP26/EECS 206A - Introduction to Robotics/106a_final_project/drone_simulation/install/setup.ps1'
[38.662s] INFO:colcon.colcon_core.shell:Creating prefix script '/mnt/g/My Drive/Primary/skl-Course/SP26/EECS 206A - Introduction to Robotics/106a_final_project/drone_simulation/install/local_setup.sh'
[38.689s] INFO:colcon.colcon_core.shell:Creating prefix util module '/mnt/g/My Drive/Primary/skl-Course/SP26/EECS 206A - Introduction to Robotics/106a_final_project/drone_simulation/install/_local_setup_util_sh.py'
[38.727s] INFO:colcon.colcon_core.shell:Creating prefix chain script '/mnt/g/My Drive/Primary/skl-Course/SP26/EECS 206A - Introduction to Robotics/106a_final_project/drone_simulation/install/setup.sh'
[38.948s] INFO:colcon.colcon_core.shell:Creating prefix script '/mnt/g/My Drive/Primary/skl-Course/SP26/EECS 206A - Introduction to Robotics/106a_final_project/drone_simulation/install/local_setup.bash'
[38.974s] INFO:colcon.colcon_core.shell:Creating prefix chain script '/mnt/g/My Drive/Primary/skl-Course/SP26/EECS 206A - Introduction to Robotics/106a_final_project/drone_simulation/install/setup.bash'
[39.168s] INFO:colcon.colcon_core.shell:Creating prefix script '/mnt/g/My Drive/Primary/skl-Course/SP26/EECS 206A - Introduction to Robotics/106a_final_project/drone_simulation/install/local_setup.zsh'
[39.195s] INFO:colcon.colcon_core.shell:Creating prefix chain script '/mnt/g/My Drive/Primary/skl-Course/SP26/EECS 206A - Introduction to Robotics/106a_final_project/drone_simulation/install/setup.zsh'
