[35m[1mConsolidate compiler generated dependencies of target tello_driver_main[0m
[35m[1mConsolidate compiler generated dependencies of target tello_joy_main[0m
[35m[1mConsolidate compiler generated dependencies of target tello_driver_node[0m
[ 13%] [32mBuilding CXX object CMakeFiles/tello_driver_main.dir/src/tello_socket.cpp.o[0m
[ 13%] [32mBuilding CXX object CMakeFiles/tello_driver_node.dir/src/tello_socket.cpp.o[0m
[ 13%] [32mBuilding CXX object CMakeFiles/tello_driver_node.dir/src/command_socket.cpp.o[0m
[ 18%] [32mBuilding CXX object CMakeFiles/tello_joy_node.dir/src/tello_joy_node.cpp.o[0m
[ 22%] [32mBuilding CXX object CMakeFiles/tello_driver_main.dir/src/tello_driver_main.cpp.o[0m
[ 27%] [32mBuilding CXX object CMakeFiles/tello_driver_node.dir/src/video_socket.cpp.o[0m
[ 31%] [32mBuilding CXX object CMakeFiles/tello_driver_main.dir/src/command_socket.cpp.o[0m
[ 36%] [32mBuilding CXX object CMakeFiles/tello_driver_main.dir/src/tello_driver_node.cpp.o[0m
[ 40%] [32mBuilding CXX object CMakeFiles/tello_driver_node.dir/src/tello_driver_node.cpp.o[0m
[ 50%] [32mBuilding CXX object CMakeFiles/tello_driver_node.dir/src/state_socket.cpp.o[0m
[ 50%] [32mBuilding CXX object CMakeFiles/tello_driver_main.dir/src/state_socket.cpp.o[0m
[ 54%] [32mBuilding CXX object CMakeFiles/tello_joy_main.dir/src/tello_joy_node.cpp.o[0m
[ 63%] [32mBuilding CXX object CMakeFiles/tello_driver_main.dir/src/video_socket.cpp.o[0m
[ 63%] [32mBuilding CXX object CMakeFiles/tello_emulator.dir/src/tello_emulator.cpp.o[0m
[01m[K/home/tyler/ros2_ws/106a_final_project/drone_simulation/src/tello_ros/tello_driver/src/tello_joy_node.cpp:49:10:[m[K [01;31m[Kfatal error: [m[Krclcpp_components/register_node_macro.hpp: 没有那个文件或目录
   49 | #include [01;31m[K"rclcpp_components/register_node_macro.hpp"[m[K
      |          [01;31m[K^~~~~~~~~~~~~~~~~~~~~~~~~~~~~~~~~~~~~~~~~~~[m[K
compilation terminated.
gmake[2]: *** [CMakeFiles/tello_joy_node.dir/build.make:76：CMakeFiles/tello_joy_node.dir/src/tello_joy_node.cpp.o] 错误 1
gmake[1]: *** [CMakeFiles/Makefile2:197：CMakeFiles/tello_joy_node.dir/all] 错误 2
gmake[1]: *** 正在等待未完成的任务....
[01m[K/home/tyler/ros2_ws/106a_final_project/drone_simulation/src/tello_ros/tello_driver/src/tello_joy_node.cpp:49:10:[m[K [01;31m[Kfatal error: [m[Krclcpp_components/register_node_macro.hpp: 没有那个文件或目录
   49 | #include [01;31m[K"rclcpp_components/register_node_macro.hpp"[m[K
      |          [01;31m[K^~~~~~~~~~~~~~~~~~~~~~~~~~~~~~~~~~~~~~~~~~~[m[K
compilation terminated.
gmake[2]: *** [CMakeFiles/tello_joy_main.dir/build.make:90：CMakeFiles/tello_joy_main.dir/src/tello_joy_node.cpp.o] 错误 1
gmake[1]: *** [CMakeFiles/Makefile2:249：CMakeFiles/tello_joy_main.dir/all] 错误 2
[01m[K/home/tyler/ros2_ws/106a_final_project/drone_simulation/src/tello_ros/tello_driver/src/tello_driver_node.cpp:180:10:[m[K [01;31m[Kfatal error: [m[Krclcpp_components/register_node_macro.hpp: 没有那个文件或目录
  180 | #include [01;31m[K"rclcpp_components/register_node_macro.hpp"[m[K
      |          [01;31m[K^~~~~~~~~~~~~~~~~~~~~~~~~~~~~~~~~~~~~~~~~~~[m[K
compilation terminated.
gmake[2]: *** [CMakeFiles/tello_driver_main.dir/build.make:90：CMakeFiles/tello_driver_main.dir/src/tello_driver_node.cpp.o] 错误 1
gmake[2]: *** 正在等待未完成的任务....
[01m[K/home/tyler/ros2_ws/106a_final_project/drone_simulation/src/tello_ros/tello_driver/src/tello_driver_node.cpp:180:10:[m[K [01;31m[Kfatal error: [m[Krclcpp_components/register_node_macro.hpp: 没有那个文件或目录
  180 | #include [01;31m[K"rclcpp_components/register_node_macro.hpp"[m[K
      |          [01;31m[K^~~~~~~~~~~~~~~~~~~~~~~~~~~~~~~~~~~~~~~~~~~[m[K
compilation terminated.
gmake[2]: *** [CMakeFiles/tello_driver_node.dir/build.make:76：CMakeFiles/tello_driver_node.dir/src/tello_driver_node.cpp.o] 错误 1
gmake[2]: *** 正在等待未完成的任务....
[ 68%] [32m[1mLinking CXX executable tello_emulator[0m
[ 68%] Built target tello_emulator
gmake[1]: *** [CMakeFiles/Makefile2:223：CMakeFiles/tello_driver_main.dir/all] 错误 2
gmake[1]: *** [CMakeFiles/Makefile2:145：CMakeFiles/tello_driver_node.dir/all] 错误 2
gmake: *** [Makefile:146：all] 错误 2
