[0.276s] Invoking command in '/home/tyler/ros2_ws/106a_final_project/drone_simulation/build/my_drone_vision': PYTHONPATH=/home/tyler/ros2_ws/106a_final_project/drone_simulation/build/my_drone_vision/prefix_override:/usr/lib/python3/dist-packages/colcon_core/task/python/colcon_distutils_commands:/home/tyler/ros2_ws/106a_final_project/drone_simulation/install/my_drone_vision/lib/python3.10/site-packages:${PYTHONPATH} /usr/bin/python3 -W ignore:setup.py install is deprecated -W ignore:easy_install command is deprecated setup.py develop --editable --build-directory /home/tyler/ros2_ws/106a_final_project/drone_simulation/build/my_drone_vision/build --no-deps symlink_data --force
[0.395s] running develop
[0.457s] running egg_info
[0.457s] writing my_drone_vision.egg-info/PKG-INFO
[0.458s] writing dependency_links to my_drone_vision.egg-info/dependency_links.txt
[0.458s] writing entry points to my_drone_vision.egg-info/entry_points.txt
[0.458s] writing requirements to my_drone_vision.egg-info/requires.txt
[0.458s] writing top-level names to my_drone_vision.egg-info/top_level.txt
[0.458s] reading manifest file 'my_drone_vision.egg-info/SOURCES.txt'
[0.459s] writing manifest file 'my_drone_vision.egg-info/SOURCES.txt'
[0.459s] running build_ext
[0.459s] Creating /home/tyler/ros2_ws/106a_final_project/drone_simulation/install/my_drone_vision/lib/python3.10/site-packages/my-drone-vision.egg-link (link to .)
[0.460s] Installing aruco_controller script to /home/tyler/ros2_ws/106a_final_project/drone_simulation/install/my_drone_vision/lib/my_drone_vision
[0.460s] Installing aruco_detector script to /home/tyler/ros2_ws/106a_final_project/drone_simulation/install/my_drone_vision/lib/my_drone_vision
[0.460s] 
[0.460s] Installed /home/tyler/ros2_ws/106a_final_project/drone_simulation/build/my_drone_vision
[0.460s] running symlink_data
[0.460s] symbolically linking /home/tyler/ros2_ws/106a_final_project/drone_simulation/build/my_drone_vision/resource/my_drone_vision -> /home/tyler/ros2_ws/106a_final_project/drone_simulation/install/my_drone_vision/share/ament_index/resource_index/packages
[0.460s] symbolically linking /home/tyler/ros2_ws/106a_final_project/drone_simulation/build/my_drone_vision/package.xml -> /home/tyler/ros2_ws/106a_final_project/drone_simulation/install/my_drone_vision/share/my_drone_vision
[0.460s] symbolically linking /home/tyler/ros2_ws/106a_final_project/drone_simulation/build/my_drone_vision/models/aruco_marker/materials/textures/marker0.png -> /home/tyler/ros2_ws/106a_final_project/drone_simulation/install/my_drone_vision/share/my_drone_vision/models/aruco_marker/materials/textures
[0.460s] symbolically linking /home/tyler/ros2_ws/106a_final_project/drone_simulation/build/my_drone_vision/launch/vision_control.launch.py -> /home/tyler/ros2_ws/106a_final_project/drone_simulation/install/my_drone_vision/share/my_drone_vision/launch
[0.473s] Invoked command in '/home/tyler/ros2_ws/106a_final_project/drone_simulation/build/my_drone_vision' returned '0': PYTHONPATH=/home/tyler/ros2_ws/106a_final_project/drone_simulation/build/my_drone_vision/prefix_override:/usr/lib/python3/dist-packages/colcon_core/task/python/colcon_distutils_commands:/home/tyler/ros2_ws/106a_final_project/drone_simulation/install/my_drone_vision/lib/python3.10/site-packages:${PYTHONPATH} /usr/bin/python3 -W ignore:setup.py install is deprecated -W ignore:easy_install command is deprecated setup.py develop --editable --build-directory /home/tyler/ros2_ws/106a_final_project/drone_simulation/build/my_drone_vision/build --no-deps symlink_data --force
