[0.007s] Invoking command in '/home/tyler/ros2_ws/106a_final_project/drone_simulation/build/tello_gazebo': AMENT_PREFIX_PATH=/home/tyler/ros2_ws/106a_final_project/drone_simulation/install/tello_msgs:${AMENT_PREFIX_PATH} CMAKE_PREFIX_PATH=/home/tyler/ros2_ws/106a_final_project/drone_simulation/install/tello_msgs:/opt/ros/humble LD_LIBRARY_PATH=/home/tyler/ros2_ws/106a_final_project/drone_simulation/install/tello_msgs/lib:${LD_LIBRARY_PATH} PYTHONPATH=/home/tyler/ros2_ws/106a_final_project/drone_simulation/install/tello_msgs/local/lib/python3.10/dist-packages:${PYTHONPATH} /usr/bin/cmake /home/tyler/ros2_ws/106a_final_project/drone_simulation/src/tello_ros/tello_gazebo -DCMAKE_INSTALL_PREFIX=/home/tyler/ros2_ws/106a_final_project/drone_simulation/install/tello_gazebo
[0.016s] -- Found ament_cmake: 1.3.14 (/opt/ros/humble/share/ament_cmake/cmake)
[0.080s] -- Override CMake install command with custom implementation using symlinks instead of copying resources
[0.086s] [33mCMake Warning (dev) at /usr/share/cmake-3.22/Modules/FindPackageHandleStandardArgs.cmake:438 (message):
[0.086s]   The package name passed to `find_package_handle_standard_args` (PkgConfig)
[0.086s]   does not match the name of the calling package (gazebo).  This can lead to
[0.086s]   problems in calling code that expects `find_package` result variables
[0.086s]   (e.g., `_FOUND`) to follow a certain pattern.
[0.086s] Call Stack (most recent call first):
[0.086s]   /usr/share/cmake-3.22/Modules/FindPkgConfig.cmake:99 (find_package_handle_standard_args)
[0.086s]   /usr/lib/x86_64-linux-gnu/cmake/gazebo/gazebo-config.cmake:72 (include)
[0.086s]   CMakeLists.txt:27 (find_package)
[0.086s] This warning is for project developers.  Use -Wno-dev to suppress it.
[0.087s] [0m
[0.100s] -- Found DART: /usr/include (Required is at least version "6.6") found components: dart 
[0.117s] -- Found Protobuf: /usr/lib/x86_64-linux-gnu/libprotobuf.so (found version "3.12.4") 
[0.118s] -- Looking for ignition-math6 -- found version 6.15.1
[0.120s] -- Searching for dependencies of ignition-math6
[0.121s] -- Looking for OGRE...
[0.124s] -- Found Ogre Ghadamon (1.9.0)
[0.124s] -- Found OGRE: optimized;/usr/lib/x86_64-linux-gnu/libOgreMain.so;debug;/usr/lib/x86_64-linux-gnu/libOgreMain.so
[0.129s] -- Looking for OGRE_Paging...
[0.129s] -- Found OGRE_Paging: optimized;/usr/lib/x86_64-linux-gnu/libOgrePaging.so;debug;/usr/lib/x86_64-linux-gnu/libOgrePaging.so
[0.129s] -- Looking for OGRE_Terrain...
[0.129s] -- Found OGRE_Terrain: optimized;/usr/lib/x86_64-linux-gnu/libOgreTerrain.so;debug;/usr/lib/x86_64-linux-gnu/libOgreTerrain.so
[0.129s] -- Looking for OGRE_Property...
[0.130s] -- Found OGRE_Property: optimized;/usr/lib/x86_64-linux-gnu/libOgreProperty.so;debug;/usr/lib/x86_64-linux-gnu/libOgreProperty.so
[0.130s] -- Looking for OGRE_RTShaderSystem...
[0.130s] -- Found OGRE_RTShaderSystem: optimized;/usr/lib/x86_64-linux-gnu/libOgreRTShaderSystem.so;debug;/usr/lib/x86_64-linux-gnu/libOgreRTShaderSystem.so
[0.130s] -- Looking for OGRE_Volume...
[0.130s] -- Found OGRE_Volume: optimized;/usr/lib/x86_64-linux-gnu/libOgreVolume.so;debug;/usr/lib/x86_64-linux-gnu/libOgreVolume.so
[0.130s] -- Looking for OGRE_Overlay...
[0.130s] -- Found OGRE_Overlay: optimized;/usr/lib/x86_64-linux-gnu/libOgreOverlay.so;debug;/usr/lib/x86_64-linux-gnu/libOgreOverlay.so
[0.180s] -- Looking for ignition-math6 -- found version 6.15.1
[0.180s] -- Looking for ignition-transport8 -- found version 8.2.1
[0.180s] -- Searching for dependencies of ignition-transport8
[0.189s] -- Found Protobuf: /usr/lib/x86_64-linux-gnu/libprotobuf.so (found suitable version "3.12.4", minimum required is "3") 
[0.194s] -- Config-file not installed for ZeroMQ -- checking for pkg-config
[0.197s] -- Checking for module 'libzmq >= 4'
[0.205s] --   Found libzmq , version 4.3.4
[0.232s] -- Checking for module 'uuid'
[0.239s] --   Found uuid, version 2.37.2
[0.260s] -- Looking for ignition-msgs5 -- found version 5.8.1
[0.261s] -- Searching for dependencies of ignition-msgs5
[0.270s] -- Looking for ignition-math6 -- found version 6.15.1
[0.273s] -- Checking for module 'tinyxml2'
[0.281s] --   Found tinyxml2, version 9.0.0
[0.301s] -- Looking for ignition-msgs5 -- found version 5.8.1
[0.301s] -- Looking for ignition-common3 -- found version 3.14.0
[0.301s] -- Searching for dependencies of ignition-common3
[0.302s] -- Looking for dlfcn.h - found
[0.302s] -- Looking for libdl - found
[0.309s] -- Searching for <ignition-common3> component [graphics]
[0.310s] -- Looking for ignition-common3-graphics -- found version 3.14.0
[0.310s] -- Searching for dependencies of ignition-common3-graphics
[0.310s] -- Looking for ignition-math6 -- found version 6.15.1
[0.311s] -- Looking for ignition-fuel_tools4 -- found version 4.4.0
[0.311s] -- Searching for dependencies of ignition-fuel_tools4
[0.334s] -- Checking for module 'jsoncpp'
[0.343s] --   Found jsoncpp, version 1.9.5
[0.365s] -- Checking for module 'libzip'
[0.372s] --   Found libzip, version 1.7.3
[0.392s] -- Looking for ignition-common3 -- found version 3.14.0
[0.392s] -- Looking for ignition-math6 -- found version 6.15.1
[0.393s] -- Looking for ignition-msgs5 -- found version 5.8.1
[0.394s] -- Found gazebo_dev: 3.9.0 (/opt/ros/humble/share/gazebo_dev/cmake)
[0.394s] -- Gazebo version: 11.10
[0.395s] -- Found gazebo_ros: 3.9.0 (/opt/ros/humble/share/gazebo_ros/cmake)
[0.407s] -- Found rosidl_generator_c: 3.1.8 (/opt/ros/humble/share/rosidl_generator_c/cmake)
[0.408s] -- Found rosidl_adapter: 3.1.8 (/opt/ros/humble/share/rosidl_adapter/cmake)
[0.411s] -- Found rosidl_generator_cpp: 3.1.8 (/opt/ros/humble/share/rosidl_generator_cpp/cmake)
[0.416s] -- Using all available rosidl_typesupport_c: rosidl_typesupport_fastrtps_c;rosidl_typesupport_introspection_c
[0.422s] -- Using all available rosidl_typesupport_cpp: rosidl_typesupport_fastrtps_cpp;rosidl_typesupport_introspection_cpp
[0.438s] -- Found rmw_implementation_cmake: 6.1.2 (/opt/ros/humble/share/rmw_implementation_cmake/cmake)
[0.438s] -- Found rmw_fastrtps_cpp: 6.2.10 (/opt/ros/humble/share/rmw_fastrtps_cpp/cmake)
[0.492s] -- Using RMW implementation 'rmw_fastrtps_cpp' as default
[0.516s] -- Found geometry_msgs: 4.9.1 (/opt/ros/humble/share/geometry_msgs/cmake)
[0.522s] -- Found sensor_msgs: 4.9.1 (/opt/ros/humble/share/sensor_msgs/cmake)
[0.529s] -- Found tello_msgs: 0.1.0 (/home/tyler/ros2_ws/106a_final_project/drone_simulation/install/tello_msgs/share/tello_msgs/cmake)
[0.570s] -- Configuring done
[0.580s] -- Generating done
[0.582s] -- Build files have been written to: /home/tyler/ros2_ws/106a_final_project/drone_simulation/build/tello_gazebo
[0.587s] Invoked command in '/home/tyler/ros2_ws/106a_final_project/drone_simulation/build/tello_gazebo' returned '0': AMENT_PREFIX_PATH=/home/tyler/ros2_ws/106a_final_project/drone_simulation/install/tello_msgs:${AMENT_PREFIX_PATH} CMAKE_PREFIX_PATH=/home/tyler/ros2_ws/106a_final_project/drone_simulation/install/tello_msgs:/opt/ros/humble LD_LIBRARY_PATH=/home/tyler/ros2_ws/106a_final_project/drone_simulation/install/tello_msgs/lib:${LD_LIBRARY_PATH} PYTHONPATH=/home/tyler/ros2_ws/106a_final_project/drone_simulation/install/tello_msgs/local/lib/python3.10/dist-packages:${PYTHONPATH} /usr/bin/cmake /home/tyler/ros2_ws/106a_final_project/drone_simulation/src/tello_ros/tello_gazebo -DCMAKE_INSTALL_PREFIX=/home/tyler/ros2_ws/106a_final_project/drone_simulation/install/tello_gazebo
[0.589s] Invoking command in '/home/tyler/ros2_ws/106a_final_project/drone_simulation/build/tello_gazebo': AMENT_PREFIX_PATH=/home/tyler/ros2_ws/106a_final_project/drone_simulation/install/tello_msgs:${AMENT_PREFIX_PATH} CMAKE_PREFIX_PATH=/home/tyler/ros2_ws/106a_final_project/drone_simulation/install/tello_msgs:/opt/ros/humble LD_LIBRARY_PATH=/home/tyler/ros2_ws/106a_final_project/drone_simulation/install/tello_msgs/lib:${LD_LIBRARY_PATH} PYTHONPATH=/home/tyler/ros2_ws/106a_final_project/drone_simulation/install/tello_msgs/local/lib/python3.10/dist-packages:${PYTHONPATH} /usr/bin/cmake --build /home/tyler/ros2_ws/106a_final_project/drone_simulation/build/tello_gazebo -- -j24 -l24
[0.615s] [35m[1mConsolidate compiler generated dependencies of target TelloPlugin[0m
[0.633s] [100%] Built target TelloPlugin
[0.639s] Invoked command in '/home/tyler/ros2_ws/106a_final_project/drone_simulation/build/tello_gazebo' returned '0': AMENT_PREFIX_PATH=/home/tyler/ros2_ws/106a_final_project/drone_simulation/install/tello_msgs:${AMENT_PREFIX_PATH} CMAKE_PREFIX_PATH=/home/tyler/ros2_ws/106a_final_project/drone_simulation/install/tello_msgs:/opt/ros/humble LD_LIBRARY_PATH=/home/tyler/ros2_ws/106a_final_project/drone_simulation/install/tello_msgs/lib:${LD_LIBRARY_PATH} PYTHONPATH=/home/tyler/ros2_ws/106a_final_project/drone_simulation/install/tello_msgs/local/lib/python3.10/dist-packages:${PYTHONPATH} /usr/bin/cmake --build /home/tyler/ros2_ws/106a_final_project/drone_simulation/build/tello_gazebo -- -j24 -l24
[0.641s] Invoking command in '/home/tyler/ros2_ws/106a_final_project/drone_simulation/build/tello_gazebo': AMENT_PREFIX_PATH=/home/tyler/ros2_ws/106a_final_project/drone_simulation/install/tello_msgs:${AMENT_PREFIX_PATH} CMAKE_PREFIX_PATH=/home/tyler/ros2_ws/106a_final_project/drone_simulation/install/tello_msgs:/opt/ros/humble LD_LIBRARY_PATH=/home/tyler/ros2_ws/106a_final_project/drone_simulation/install/tello_msgs/lib:${LD_LIBRARY_PATH} PYTHONPATH=/home/tyler/ros2_ws/106a_final_project/drone_simulation/install/tello_msgs/local/lib/python3.10/dist-packages:${PYTHONPATH} /usr/bin/cmake --install /home/tyler/ros2_ws/106a_final_project/drone_simulation/build/tello_gazebo
[0.644s] -- Install configuration: ""
[0.644s] -- Execute custom install script
[0.644s] -- Up-to-date symlink: /home/tyler/ros2_ws/106a_final_project/drone_simulation/install/tello_gazebo/lib/libTelloPlugin.so
[0.645s] -- Up-to-date symlink: /home/tyler/ros2_ws/106a_final_project/drone_simulation/install/tello_gazebo/share/tello_gazebo/models/marker_0/materials/scripts/marker_0.material
[0.645s] -- Up-to-date symlink: /home/tyler/ros2_ws/106a_final_project/drone_simulation/install/tello_gazebo/share/tello_gazebo/models/marker_0/materials/textures/aruco_mark_0.png
[0.645s] -- Up-to-date symlink: /home/tyler/ros2_ws/106a_final_project/drone_simulation/install/tello_gazebo/share/tello_gazebo/models/marker_0/materials/textures/aruco_mark_0.svg
[0.645s] -- Up-to-date symlink: /home/tyler/ros2_ws/106a_final_project/drone_simulation/install/tello_gazebo/share/tello_gazebo/models/marker_0/model.config
[0.645s] -- Up-to-date symlink: /home/tyler/ros2_ws/106a_final_project/drone_simulation/install/tello_gazebo/share/tello_gazebo/models/marker_0/model.sdf
[0.645s] -- Up-to-date symlink: /home/tyler/ros2_ws/106a_final_project/drone_simulation/install/tello_gazebo/share/tello_gazebo/models/marker_1/materials/scripts/marker_1.material
[0.645s] -- Up-to-date symlink: /home/tyler/ros2_ws/106a_final_project/drone_simulation/install/tello_gazebo/share/tello_gazebo/models/marker_1/materials/textures/aruco_mark_1.png
[0.645s] -- Up-to-date symlink: /home/tyler/ros2_ws/106a_final_project/drone_simulation/install/tello_gazebo/share/tello_gazebo/models/marker_1/materials/textures/aruco_mark_1.svg
[0.645s] -- Up-to-date symlink: /home/tyler/ros2_ws/106a_final_project/drone_simulation/install/tello_gazebo/share/tello_gazebo/models/marker_1/model.config
[0.645s] -- Up-to-date symlink: /home/tyler/ros2_ws/106a_final_project/drone_simulation/install/tello_gazebo/share/tello_gazebo/models/marker_1/model.sdf
[0.645s] -- Up-to-date symlink: /home/tyler/ros2_ws/106a_final_project/drone_simulation/install/tello_gazebo/share/tello_gazebo/models/marker_2/materials/scripts/marker_2.material
[0.645s] -- Up-to-date symlink: /home/tyler/ros2_ws/106a_final_project/drone_simulation/install/tello_gazebo/share/tello_gazebo/models/marker_2/materials/textures/aruco_mark_2.png
[0.645s] -- Up-to-date symlink: /home/tyler/ros2_ws/106a_final_project/drone_simulation/install/tello_gazebo/share/tello_gazebo/models/marker_2/materials/textures/aruco_mark_2.svg
[0.645s] -- Up-to-date symlink: /home/tyler/ros2_ws/106a_final_project/drone_simulation/install/tello_gazebo/share/tello_gazebo/models/marker_2/model.config
[0.645s] -- Up-to-date symlink: /home/tyler/ros2_ws/106a_final_project/drone_simulation/install/tello_gazebo/share/tello_gazebo/models/marker_2/model.sdf
[0.645s] -- Up-to-date symlink: /home/tyler/ros2_ws/106a_final_project/drone_simulation/install/tello_gazebo/share/tello_gazebo/models/marker_3/materials/scripts/marker_3.material
[0.645s] -- Up-to-date symlink: /home/tyler/ros2_ws/106a_final_project/drone_simulation/install/tello_gazebo/share/tello_gazebo/models/marker_3/materials/textures/aruco_mark_3.png
[0.645s] -- Up-to-date symlink: /home/tyler/ros2_ws/106a_final_project/drone_simulation/install/tello_gazebo/share/tello_gazebo/models/marker_3/materials/textures/aruco_mark_3.svg
[0.645s] -- Up-to-date symlink: /home/tyler/ros2_ws/106a_final_project/drone_simulation/install/tello_gazebo/share/tello_gazebo/models/marker_3/model.config
[0.645s] -- Up-to-date symlink: /home/tyler/ros2_ws/106a_final_project/drone_simulation/install/tello_gazebo/share/tello_gazebo/models/marker_3/model.sdf
[0.645s] -- Up-to-date symlink: /home/tyler/ros2_ws/106a_final_project/drone_simulation/install/tello_gazebo/share/tello_gazebo/models/marker_4/materials/scripts/marker_4.material
[0.645s] -- Up-to-date symlink: /home/tyler/ros2_ws/106a_final_project/drone_simulation/install/tello_gazebo/share/tello_gazebo/models/marker_4/materials/textures/aruco_mark_4.png
[0.645s] -- Up-to-date symlink: /home/tyler/ros2_ws/106a_final_project/drone_simulation/install/tello_gazebo/share/tello_gazebo/models/marker_4/materials/textures/aruco_mark_4.svg
[0.645s] -- Up-to-date symlink: /home/tyler/ros2_ws/106a_final_project/drone_simulation/install/tello_gazebo/share/tello_gazebo/models/marker_4/model.config
[0.646s] -- Up-to-date symlink: /home/tyler/ros2_ws/106a_final_project/drone_simulation/install/tello_gazebo/share/tello_gazebo/models/marker_4/model.sdf
[0.646s] -- Up-to-date symlink: /home/tyler/ros2_ws/106a_final_project/drone_simulation/install/tello_gazebo/share/tello_gazebo/models/marker_5/materials/scripts/marker_5.material
[0.646s] -- Up-to-date symlink: /home/tyler/ros2_ws/106a_final_project/drone_simulation/install/tello_gazebo/share/tello_gazebo/models/marker_5/materials/textures/aruco_mark_5.png
[0.646s] -- Up-to-date symlink: /home/tyler/ros2_ws/106a_final_project/drone_simulation/install/tello_gazebo/share/tello_gazebo/models/marker_5/materials/textures/aruco_mark_5.svg
[0.646s] -- Up-to-date symlink: /home/tyler/ros2_ws/106a_final_project/drone_simulation/install/tello_gazebo/share/tello_gazebo/models/marker_5/model.config
[0.646s] -- Up-to-date symlink: /home/tyler/ros2_ws/106a_final_project/drone_simulation/install/tello_gazebo/share/tello_gazebo/models/marker_5/model.sdf
[0.646s] -- Up-to-date symlink: /home/tyler/ros2_ws/106a_final_project/drone_simulation/install/tello_gazebo/share/tello_gazebo/models/marker_6/materials/scripts/marker_6.material
[0.646s] -- Up-to-date symlink: /home/tyler/ros2_ws/106a_final_project/drone_simulation/install/tello_gazebo/share/tello_gazebo/models/marker_6/materials/textures/aruco_mark_6.png
[0.646s] -- Up-to-date symlink: /home/tyler/ros2_ws/106a_final_project/drone_simulation/install/tello_gazebo/share/tello_gazebo/models/marker_6/materials/textures/aruco_mark_6.svg
[0.646s] -- Up-to-date symlink: /home/tyler/ros2_ws/106a_final_project/drone_simulation/install/tello_gazebo/share/tello_gazebo/models/marker_6/model.config
[0.646s] -- Up-to-date symlink: /home/tyler/ros2_ws/106a_final_project/drone_simulation/install/tello_gazebo/share/tello_gazebo/models/marker_6/model.sdf
[0.646s] -- Up-to-date symlink: /home/tyler/ros2_ws/106a_final_project/drone_simulation/install/tello_gazebo/share/tello_gazebo/models/marker_7/materials/scripts/marker_7.material
[0.646s] -- Up-to-date symlink: /home/tyler/ros2_ws/106a_final_project/drone_simulation/install/tello_gazebo/share/tello_gazebo/models/marker_7/materials/textures/aruco_mark_7.png
[0.646s] -- Up-to-date symlink: /home/tyler/ros2_ws/106a_final_project/drone_simulation/install/tello_gazebo/share/tello_gazebo/models/marker_7/materials/textures/aruco_mark_7.svg
[0.646s] -- Up-to-date symlink: /home/tyler/ros2_ws/106a_final_project/drone_simulation/install/tello_gazebo/share/tello_gazebo/models/marker_7/model.config
[0.646s] -- Up-to-date symlink: /home/tyler/ros2_ws/106a_final_project/drone_simulation/install/tello_gazebo/share/tello_gazebo/models/marker_7/model.sdf
[0.646s] -- Up-to-date symlink: /home/tyler/ros2_ws/106a_final_project/drone_simulation/install/tello_gazebo/share/tello_gazebo/worlds/build_world.py
[0.646s] -- Up-to-date symlink: /home/tyler/ros2_ws/106a_final_project/drone_simulation/install/tello_gazebo/share/tello_gazebo/worlds/f2.world
[0.646s] -- Up-to-date symlink: /home/tyler/ros2_ws/106a_final_project/drone_simulation/install/tello_gazebo/share/tello_gazebo/worlds/f2_map.yaml
[0.646s] -- Up-to-date symlink: /home/tyler/ros2_ws/106a_final_project/drone_simulation/install/tello_gazebo/share/tello_gazebo/worlds/fiducial.world
[0.646s] -- Up-to-date symlink: /home/tyler/ros2_ws/106a_final_project/drone_simulation/install/tello_gazebo/share/tello_gazebo/worlds/fiducial_map.yaml
[0.646s] -- Up-to-date symlink: /home/tyler/ros2_ws/106a_final_project/drone_simulation/install/tello_gazebo/share/tello_gazebo/worlds/simple.world
[0.647s] -- Up-to-date symlink: /home/tyler/ros2_ws/106a_final_project/drone_simulation/install/tello_gazebo/share/tello_gazebo/launch/simple_launch.py
[0.647s] -- Up-to-date symlink: /home/tyler/ros2_ws/106a_final_project/drone_simulation/install/tello_gazebo/share/tello_gazebo/launch/vlam_launch.py
[0.647s] -- Up-to-date symlink: /home/tyler/ros2_ws/106a_final_project/drone_simulation/install/tello_gazebo/lib/tello_gazebo/inject_entity.py
[0.647s] -- Up-to-date symlink: /home/tyler/ros2_ws/106a_final_project/drone_simulation/install/tello_gazebo/share/ament_index/resource_index/package_run_dependencies/tello_gazebo
[0.647s] -- Up-to-date symlink: /home/tyler/ros2_ws/106a_final_project/drone_simulation/install/tello_gazebo/share/ament_index/resource_index/parent_prefix_path/tello_gazebo
[0.647s] -- Up-to-date symlink: /home/tyler/ros2_ws/106a_final_project/drone_simulation/install/tello_gazebo/share/tello_gazebo/environment/ament_prefix_path.sh
[0.647s] -- Up-to-date symlink: /home/tyler/ros2_ws/106a_final_project/drone_simulation/install/tello_gazebo/share/tello_gazebo/environment/ament_prefix_path.dsv
[0.647s] -- Up-to-date symlink: /home/tyler/ros2_ws/106a_final_project/drone_simulation/install/tello_gazebo/share/tello_gazebo/environment/path.sh
[0.647s] -- Up-to-date symlink: /home/tyler/ros2_ws/106a_final_project/drone_simulation/install/tello_gazebo/share/tello_gazebo/environment/path.dsv
[0.647s] -- Up-to-date symlink: /home/tyler/ros2_ws/106a_final_project/drone_simulation/install/tello_gazebo/share/tello_gazebo/local_setup.bash
[0.647s] -- Up-to-date symlink: /home/tyler/ros2_ws/106a_final_project/drone_simulation/install/tello_gazebo/share/tello_gazebo/local_setup.sh
[0.647s] -- Up-to-date symlink: /home/tyler/ros2_ws/106a_final_project/drone_simulation/install/tello_gazebo/share/tello_gazebo/local_setup.zsh
[0.647s] -- Up-to-date symlink: /home/tyler/ros2_ws/106a_final_project/drone_simulation/install/tello_gazebo/share/tello_gazebo/local_setup.dsv
[0.647s] -- Symlinking: /home/tyler/ros2_ws/106a_final_project/drone_simulation/install/tello_gazebo/share/tello_gazebo/package.dsv
[0.652s] -- Up-to-date symlink: /home/tyler/ros2_ws/106a_final_project/drone_simulation/install/tello_gazebo/share/ament_index/resource_index/packages/tello_gazebo
[0.652s] -- Up-to-date symlink: /home/tyler/ros2_ws/106a_final_project/drone_simulation/install/tello_gazebo/share/tello_gazebo/cmake/tello_gazeboConfig.cmake
[0.652s] -- Up-to-date symlink: /home/tyler/ros2_ws/106a_final_project/drone_simulation/install/tello_gazebo/share/tello_gazebo/cmake/tello_gazeboConfig-version.cmake
[0.652s] -- Up-to-date symlink: /home/tyler/ros2_ws/106a_final_project/drone_simulation/install/tello_gazebo/share/tello_gazebo/package.xml
[0.653s] Invoked command in '/home/tyler/ros2_ws/106a_final_project/drone_simulation/build/tello_gazebo' returned '0': AMENT_PREFIX_PATH=/home/tyler/ros2_ws/106a_final_project/drone_simulation/install/tello_msgs:${AMENT_PREFIX_PATH} CMAKE_PREFIX_PATH=/home/tyler/ros2_ws/106a_final_project/drone_simulation/install/tello_msgs:/opt/ros/humble LD_LIBRARY_PATH=/home/tyler/ros2_ws/106a_final_project/drone_simulation/install/tello_msgs/lib:${LD_LIBRARY_PATH} PYTHONPATH=/home/tyler/ros2_ws/106a_final_project/drone_simulation/install/tello_msgs/local/lib/python3.10/dist-packages:${PYTHONPATH} /usr/bin/cmake --install /home/tyler/ros2_ws/106a_final_project/drone_simulation/build/tello_gazebo
