[35m[1mConsolidate compiler generated dependencies of target TelloPlugin[0m
[100%] Built target TelloPlugin
-- Install configuration: ""
-- Execute custom install script
-- Symlinking: /home/tyler/ros2_ws/106a_final_project/drone_simulation/install/tello_gazebo/lib/libTelloPlugin.so
-- Symlinking: /home/tyler/ros2_ws/106a_final_project/drone_simulation/install/tello_gazebo/share/tello_gazebo/models/marker_0/materials/scripts/marker_0.material
-- Symlinking: /home/tyler/ros2_ws/106a_final_project/drone_simulation/install/tello_gazebo/share/tello_gazebo/models/marker_0/materials/textures/aruco_mark_0.png
-- Symlinking: /home/tyler/ros2_ws/106a_final_project/drone_simulation/install/tello_gazebo/share/tello_gazebo/models/marker_0/materials/textures/aruco_mark_0.svg
-- Symlinking: /home/tyler/ros2_ws/106a_final_project/drone_simulation/install/tello_gazebo/share/tello_gazebo/models/marker_0/model.config
-- Symlinking: /home/tyler/ros2_ws/106a_final_project/drone_simulation/install/tello_gazebo/share/tello_gazebo/models/marker_0/model.sdf
-- Symlinking: /home/tyler/ros2_ws/106a_final_project/drone_simulation/install/tello_gazebo/share/tello_gazebo/models/marker_1/materials/scripts/marker_1.material
-- Symlinking: /home/tyler/ros2_ws/106a_final_project/drone_simulation/install/tello_gazebo/share/tello_gazebo/models/marker_1/materials/textures/aruco_mark_1.png
-- Symlinking: /home/tyler/ros2_ws/106a_final_project/drone_simulation/install/tello_gazebo/share/tello_gazebo/models/marker_1/materials/textures/aruco_mark_1.svg
-- Symlinking: /home/tyler/ros2_ws/106a_final_project/drone_simulation/install/tello_gazebo/share/tello_gazebo/models/marker_1/model.config
-- Symlinking: /home/tyler/ros2_ws/106a_final_project/drone_simulation/install/tello_gazebo/share/tello_gazebo/models/marker_1/model.sdf
-- Symlinking: /home/tyler/ros2_ws/106a_final_project/drone_simulation/install/tello_gazebo/share/tello_gazebo/models/marker_2/materials/scripts/marker_2.material
-- Symlinking: /home/tyler/ros2_ws/106a_final_project/drone_simulation/install/tello_gazebo/share/tello_gazebo/models/marker_2/materials/textures/aruco_mark_2.png
-- Symlinking: /home/tyler/ros2_ws/106a_final_project/drone_simulation/install/tello_gazebo/share/tello_gazebo/models/marker_2/materials/textures/aruco_mark_2.svg
-- Symlinking: /home/tyler/ros2_ws/106a_final_project/drone_simulation/install/tello_gazebo/share/tello_gazebo/models/marker_2/model.config
-- Symlinking: /home/tyler/ros2_ws/106a_final_project/drone_simulation/install/tello_gazebo/share/tello_gazebo/models/marker_2/model.sdf
-- Symlinking: /home/tyler/ros2_ws/106a_final_project/drone_simulation/install/tello_gazebo/share/tello_gazebo/models/marker_3/materials/scripts/marker_3.material
-- Symlinking: /home/tyler/ros2_ws/106a_final_project/drone_simulation/install/tello_gazebo/share/tello_gazebo/models/marker_3/materials/textures/aruco_mark_3.png
-- Symlinking: /home/tyler/ros2_ws/106a_final_project/drone_simulation/install/tello_gazebo/share/tello_gazebo/models/marker_3/materials/textures/aruco_mark_3.svg
-- Symlinking: /home/tyler/ros2_ws/106a_final_project/drone_simulation/install/tello_gazebo/share/tello_gazebo/models/marker_3/model.config
-- Symlinking: /home/tyler/ros2_ws/106a_final_project/drone_simulation/install/tello_gazebo/share/tello_gazebo/models/marker_3/model.sdf
-- Symlinking: /home/tyler/ros2_ws/106a_final_project/drone_simulation/install/tello_gazebo/share/tello_gazebo/models/marker_4/materials/scripts/marker_4.material
-- Symlinking: /home/tyler/ros2_ws/106a_final_project/drone_simulation/install/tello_gazebo/share/tello_gazebo/models/marker_4/materials/textures/aruco_mark_4.png
-- Symlinking: /home/tyler/ros2_ws/106a_final_project/drone_simulation/install/tello_gazebo/share/tello_gazebo/models/marker_4/materials/textures/aruco_mark_4.svg
-- Symlinking: /home/tyler/ros2_ws/106a_final_project/drone_simulation/install/tello_gazebo/share/tello_gazebo/models/marker_4/model.config
-- Symlinking: /home/tyler/ros2_ws/106a_final_project/drone_simulation/install/tello_gazebo/share/tello_gazebo/models/marker_4/model.sdf
-- Symlinking: /home/tyler/ros2_ws/106a_final_project/drone_simulation/install/tello_gazebo/share/tello_gazebo/models/marker_5/materials/scripts/marker_5.material
-- Symlinking: /home/tyler/ros2_ws/106a_final_project/drone_simulation/install/tello_gazebo/share/tello_gazebo/models/marker_5/materials/textures/aruco_mark_5.png
-- Symlinking: /home/tyler/ros2_ws/106a_final_project/drone_simulation/install/tello_gazebo/share/tello_gazebo/models/marker_5/materials/textures/aruco_mark_5.svg
-- Symlinking: /home/tyler/ros2_ws/106a_final_project/drone_simulation/install/tello_gazebo/share/tello_gazebo/models/marker_5/model.config
-- Symlinking: /home/tyler/ros2_ws/106a_final_project/drone_simulation/install/tello_gazebo/share/tello_gazebo/models/marker_5/model.sdf
-- Symlinking: /home/tyler/ros2_ws/106a_final_project/drone_simulation/install/tello_gazebo/share/tello_gazebo/models/marker_6/materials/scripts/marker_6.material
-- Symlinking: /home/tyler/ros2_ws/106a_final_project/drone_simulation/install/tello_gazebo/share/tello_gazebo/models/marker_6/materials/textures/aruco_mark_6.png
-- Symlinking: /home/tyler/ros2_ws/106a_final_project/drone_simulation/install/tello_gazebo/share/tello_gazebo/models/marker_6/materials/textures/aruco_mark_6.svg
-- Symlinking: /home/tyler/ros2_ws/106a_final_project/drone_simulation/install/tello_gazebo/share/tello_gazebo/models/marker_6/model.config
-- Symlinking: /home/tyler/ros2_ws/106a_final_project/drone_simulation/install/tello_gazebo/share/tello_gazebo/models/marker_6/model.sdf
-- Symlinking: /home/tyler/ros2_ws/106a_final_project/drone_simulation/install/tello_gazebo/share/tello_gazebo/models/marker_7/materials/scripts/marker_7.material
-- Symlinking: /home/tyler/ros2_ws/106a_final_project/drone_simulation/install/tello_gazebo/share/tello_gazebo/models/marker_7/materials/textures/aruco_mark_7.png
-- Symlinking: /home/tyler/ros2_ws/106a_final_project/drone_simulation/install/tello_gazebo/share/tello_gazebo/models/marker_7/materials/textures/aruco_mark_7.svg
-- Symlinking: /home/tyler/ros2_ws/106a_final_project/drone_simulation/install/tello_gazebo/share/tello_gazebo/models/marker_7/model.config
-- Symlinking: /home/tyler/ros2_ws/106a_final_project/drone_simulation/install/tello_gazebo/share/tello_gazebo/models/marker_7/model.sdf
-- Symlinking: /home/tyler/ros2_ws/106a_final_project/drone_simulation/install/tello_gazebo/share/tello_gazebo/worlds/build_world.py
-- Symlinking: /home/tyler/ros2_ws/106a_final_project/drone_simulation/install/tello_gazebo/share/tello_gazebo/worlds/f2.world
-- Symlinking: /home/tyler/ros2_ws/106a_final_project/drone_simulation/install/tello_gazebo/share/tello_gazebo/worlds/f2_map.yaml
-- Symlinking: /home/tyler/ros2_ws/106a_final_project/drone_simulation/install/tello_gazebo/share/tello_gazebo/worlds/fiducial.world
-- Symlinking: /home/tyler/ros2_ws/106a_final_project/drone_simulation/install/tello_gazebo/share/tello_gazebo/worlds/fiducial_map.yaml
-- Symlinking: /home/tyler/ros2_ws/106a_final_project/drone_simulation/install/tello_gazebo/share/tello_gazebo/worlds/simple.world
-- Symlinking: /home/tyler/ros2_ws/106a_final_project/drone_simulation/install/tello_gazebo/share/tello_gazebo/launch/simple_launch.py
-- Symlinking: /home/tyler/ros2_ws/106a_final_project/drone_simulation/install/tello_gazebo/share/tello_gazebo/launch/vlam_launch.py
-- Symlinking: /home/tyler/ros2_ws/106a_final_project/drone_simulation/install/tello_gazebo/lib/tello_gazebo/inject_entity.py
-- Symlinking: /home/tyler/ros2_ws/106a_final_project/drone_simulation/install/tello_gazebo/share/ament_index/resource_index/package_run_dependencies/tello_gazebo
-- Symlinking: /home/tyler/ros2_ws/106a_final_project/drone_simulation/install/tello_gazebo/share/ament_index/resource_index/parent_prefix_path/tello_gazebo
-- Symlinking: /home/tyler/ros2_ws/106a_final_project/drone_simulation/install/tello_gazebo/share/tello_gazebo/environment/ament_prefix_path.sh
-- Symlinking: /home/tyler/ros2_ws/106a_final_project/drone_simulation/install/tello_gazebo/share/tello_gazebo/environment/ament_prefix_path.dsv
-- Symlinking: /home/tyler/ros2_ws/106a_final_project/drone_simulation/install/tello_gazebo/share/tello_gazebo/environment/path.sh
-- Symlinking: /home/tyler/ros2_ws/106a_final_project/drone_simulation/install/tello_gazebo/share/tello_gazebo/environment/path.dsv
-- Symlinking: /home/tyler/ros2_ws/106a_final_project/drone_simulation/install/tello_gazebo/share/tello_gazebo/local_setup.bash
-- Symlinking: /home/tyler/ros2_ws/106a_final_project/drone_simulation/install/tello_gazebo/share/tello_gazebo/local_setup.sh
-- Symlinking: /home/tyler/ros2_ws/106a_final_project/drone_simulation/install/tello_gazebo/share/tello_gazebo/local_setup.zsh
-- Symlinking: /home/tyler/ros2_ws/106a_final_project/drone_simulation/install/tello_gazebo/share/tello_gazebo/local_setup.dsv
-- Symlinking: /home/tyler/ros2_ws/106a_final_project/drone_simulation/install/tello_gazebo/share/tello_gazebo/package.dsv
-- Symlinking: /home/tyler/ros2_ws/106a_final_project/drone_simulation/install/tello_gazebo/share/ament_index/resource_index/packages/tello_gazebo
-- Symlinking: /home/tyler/ros2_ws/106a_final_project/drone_simulation/install/tello_gazebo/share/tello_gazebo/cmake/tello_gazeboConfig.cmake
-- Symlinking: /home/tyler/ros2_ws/106a_final_project/drone_simulation/install/tello_gazebo/share/tello_gazebo/cmake/tello_gazeboConfig-version.cmake
-- Symlinking: /home/tyler/ros2_ws/106a_final_project/drone_simulation/install/tello_gazebo/share/tello_gazebo/package.xml
