[0.046s] DEBUG:colcon:Command line arguments: ['/usr/bin/colcon', 'build', '--symlink-install', '--packages-select', 'tello_driver']
[0.046s] DEBUG:colcon:Parsed command line arguments: Namespace(log_base=None, log_level=None, verb_name='build', build_base='build', install_base='install', merge_install=False, symlink_install=True, test_result_base=None, continue_on_error=False, executor='parallel', parallel_workers=24, event_handlers=None, ignore_user_meta=False, metas=['./colcon.meta'], base_paths=['.'], packages_ignore=None, packages_ignore_regex=None, paths=None, packages_up_to=None, packages_up_to_regex=None, packages_above=None, packages_above_and_dependencies=None, packages_above_depth=None, packages_select_by_dep=None, packages_skip_by_dep=None, packages_skip_up_to=None, packages_select_build_failed=False, packages_skip_build_finished=False, packages_select_test_failures=False, packages_skip_test_passed=False, packages_select=['tello_driver'], packages_skip=None, packages_select_regex=None, packages_skip_regex=None, packages_start=None, packages_end=None, allow_overriding=[], cmake_args=None, cmake_target=None, cmake_target_skip_unavailable=False, cmake_clean_cache=False, cmake_clean_first=False, cmake_force_configure=False, ament_cmake_args=None, catkin_cmake_args=None, catkin_skip_building_tests=False, verb_parser=<colcon_defaults.argument_parser.defaults.DefaultArgumentsDecorator object at 0x7a091dc335b0>, verb_extension=<colcon_core.verb.build.BuildVerb object at 0x7a091dc330a0>, main=<bound method BuildVerb.main of <colcon_core.verb.build.BuildVerb object at 0x7a091dc330a0>>)
[0.111s] Level 1:colcon.colcon_core.package_discovery:discover_packages(colcon_meta) check parameters
[0.112s] Level 1:colcon.colcon_core.package_discovery:discover_packages(recursive) check parameters
[0.112s] Level 1:colcon.colcon_core.package_discovery:discover_packages(ignore) check parameters
[0.112s] Level 1:colcon.colcon_core.package_discovery:discover_packages(path) check parameters
[0.112s] Level 1:colcon.colcon_core.package_discovery:discover_packages(colcon_meta) discover
[0.112s] Level 1:colcon.colcon_core.package_discovery:discover_packages(recursive) discover
[0.112s] INFO:colcon.colcon_core.package_discovery:Crawling recursively for packages in '/home/tyler/ros2_ws/106a_final_project/drone_simulation'
[0.112s] Level 1:colcon.colcon_core.package_identification:_identify(.) by extensions ['ignore', 'ignore_ament_install']
[0.112s] Level 1:colcon.colcon_core.package_identification:_identify(.) by extension 'ignore'
[0.112s] Level 1:colcon.colcon_core.package_identification:_identify(.) by extension 'ignore_ament_install'
[0.112s] Level 1:colcon.colcon_core.package_identification:_identify(.) by extensions ['colcon_pkg']
[0.112s] Level 1:colcon.colcon_core.package_identification:_identify(.) by extension 'colcon_pkg'
[0.112s] Level 1:colcon.colcon_core.package_identification:_identify(.) by extensions ['colcon_meta']
[0.112s] Level 1:colcon.colcon_core.package_identification:_identify(.) by extension 'colcon_meta'
[0.112s] Level 1:colcon.colcon_core.package_identification:_identify(.) by extensions ['ros']
[0.112s] Level 1:colcon.colcon_core.package_identification:_identify(.) by extension 'ros'
[0.117s] Level 1:colcon.colcon_core.package_identification:_identify(.) by extensions ['cmake', 'python']
[0.117s] Level 1:colcon.colcon_core.package_identification:_identify(.) by extension 'cmake'
[0.117s] Level 1:colcon.colcon_core.package_identification:_identify(.) by extension 'python'
[0.117s] Level 1:colcon.colcon_core.package_identification:_identify(.) by extensions ['python_setup_py']
[0.117s] Level 1:colcon.colcon_core.package_identification:_identify(.) by extension 'python_setup_py'
[0.117s] Level 1:colcon.colcon_core.package_identification:_identify(build) by extensions ['ignore', 'ignore_ament_install']
[0.117s] Level 1:colcon.colcon_core.package_identification:_identify(build) by extension 'ignore'
[0.117s] Level 1:colcon.colcon_core.package_identification:_identify(build) ignored
[0.117s] Level 1:colcon.colcon_core.package_identification:_identify(install) by extensions ['ignore', 'ignore_ament_install']
[0.117s] Level 1:colcon.colcon_core.package_identification:_identify(install) by extension 'ignore'
[0.117s] Level 1:colcon.colcon_core.package_identification:_identify(install) ignored
[0.117s] Level 1:colcon.colcon_core.package_identification:_identify(log) by extensions ['ignore', 'ignore_ament_install']
[0.117s] Level 1:colcon.colcon_core.package_identification:_identify(log) by extension 'ignore'
[0.117s] Level 1:colcon.colcon_core.package_identification:_identify(log) ignored
[0.118s] Level 1:colcon.colcon_core.package_identification:_identify(src) by extensions ['ignore', 'ignore_ament_install']
[0.118s] Level 1:colcon.colcon_core.package_identification:_identify(src) by extension 'ignore'
[0.118s] Level 1:colcon.colcon_core.package_identification:_identify(src) by extension 'ignore_ament_install'
[0.118s] Level 1:colcon.colcon_core.package_identification:_identify(src) by extensions ['colcon_pkg']
[0.118s] Level 1:colcon.colcon_core.package_identification:_identify(src) by extension 'colcon_pkg'
[0.118s] Level 1:colcon.colcon_core.package_identification:_identify(src) by extensions ['colcon_meta']
[0.118s] Level 1:colcon.colcon_core.package_identification:_identify(src) by extension 'colcon_meta'
[0.118s] Level 1:colcon.colcon_core.package_identification:_identify(src) by extensions ['ros']
[0.118s] Level 1:colcon.colcon_core.package_identification:_identify(src) by extension 'ros'
[0.118s] Level 1:colcon.colcon_core.package_identification:_identify(src) by extensions ['cmake', 'python']
[0.118s] Level 1:colcon.colcon_core.package_identification:_identify(src) by extension 'cmake'
[0.118s] Level 1:colcon.colcon_core.package_identification:_identify(src) by extension 'python'
[0.118s] Level 1:colcon.colcon_core.package_identification:_identify(src) by extensions ['python_setup_py']
[0.118s] Level 1:colcon.colcon_core.package_identification:_identify(src) by extension 'python_setup_py'
[0.118s] Level 1:colcon.colcon_core.package_identification:_identify(src/my_drone_vision) by extensions ['ignore', 'ignore_ament_install']
[0.118s] Level 1:colcon.colcon_core.package_identification:_identify(src/my_drone_vision) by extension 'ignore'
[0.118s] Level 1:colcon.colcon_core.package_identification:_identify(src/my_drone_vision) by extension 'ignore_ament_install'
[0.118s] Level 1:colcon.colcon_core.package_identification:_identify(src/my_drone_vision) by extensions ['colcon_pkg']
[0.118s] Level 1:colcon.colcon_core.package_identification:_identify(src/my_drone_vision) by extension 'colcon_pkg'
[0.118s] Level 1:colcon.colcon_core.package_identification:_identify(src/my_drone_vision) by extensions ['colcon_meta']
[0.118s] Level 1:colcon.colcon_core.package_identification:_identify(src/my_drone_vision) by extension 'colcon_meta'
[0.118s] Level 1:colcon.colcon_core.package_identification:_identify(src/my_drone_vision) by extensions ['ros']
[0.118s] Level 1:colcon.colcon_core.package_identification:_identify(src/my_drone_vision) by extension 'ros'
[0.119s] DEBUG:colcon.colcon_core.package_identification:Package 'src/my_drone_vision' with type 'ros.ament_python' and name 'my_drone_vision'
[0.119s] Level 1:colcon.colcon_core.package_identification:_identify(src/ros2_shared) by extensions ['ignore', 'ignore_ament_install']
[0.119s] Level 1:colcon.colcon_core.package_identification:_identify(src/ros2_shared) by extension 'ignore'
[0.119s] Level 1:colcon.colcon_core.package_identification:_identify(src/ros2_shared) by extension 'ignore_ament_install'
[0.119s] Level 1:colcon.colcon_core.package_identification:_identify(src/ros2_shared) by extensions ['colcon_pkg']
[0.119s] Level 1:colcon.colcon_core.package_identification:_identify(src/ros2_shared) by extension 'colcon_pkg'
[0.119s] Level 1:colcon.colcon_core.package_identification:_identify(src/ros2_shared) by extensions ['colcon_meta']
[0.119s] Level 1:colcon.colcon_core.package_identification:_identify(src/ros2_shared) by extension 'colcon_meta'
[0.119s] Level 1:colcon.colcon_core.package_identification:_identify(src/ros2_shared) by extensions ['ros']
[0.119s] Level 1:colcon.colcon_core.package_identification:_identify(src/ros2_shared) by extension 'ros'
[0.120s] DEBUG:colcon.colcon_core.package_identification:Package 'src/ros2_shared' with type 'ros.ament_cmake' and name 'ros2_shared'
[0.120s] Level 1:colcon.colcon_core.package_identification:_identify(src/tello_ros) by extensions ['ignore', 'ignore_ament_install']
[0.120s] Level 1:colcon.colcon_core.package_identification:_identify(src/tello_ros) by extension 'ignore'
[0.120s] Level 1:colcon.colcon_core.package_identification:_identify(src/tello_ros) by extension 'ignore_ament_install'
[0.120s] Level 1:colcon.colcon_core.package_identification:_identify(src/tello_ros) by extensions ['colcon_pkg']
[0.120s] Level 1:colcon.colcon_core.package_identification:_identify(src/tello_ros) by extension 'colcon_pkg'
[0.120s] Level 1:colcon.colcon_core.package_identification:_identify(src/tello_ros) by extensions ['colcon_meta']
[0.120s] Level 1:colcon.colcon_core.package_identification:_identify(src/tello_ros) by extension 'colcon_meta'
[0.120s] Level 1:colcon.colcon_core.package_identification:_identify(src/tello_ros) by extensions ['ros']
[0.120s] Level 1:colcon.colcon_core.package_identification:_identify(src/tello_ros) by extension 'ros'
[0.120s] Level 1:colcon.colcon_core.package_identification:_identify(src/tello_ros) by extensions ['cmake', 'python']
[0.120s] Level 1:colcon.colcon_core.package_identification:_identify(src/tello_ros) by extension 'cmake'
[0.120s] Level 1:colcon.colcon_core.package_identification:_identify(src/tello_ros) by extension 'python'
[0.120s] Level 1:colcon.colcon_core.package_identification:_identify(src/tello_ros) by extensions ['python_setup_py']
[0.120s] Level 1:colcon.colcon_core.package_identification:_identify(src/tello_ros) by extension 'python_setup_py'
[0.120s] Level 1:colcon.colcon_core.package_identification:_identify(src/tello_ros/tello_description) by extensions ['ignore', 'ignore_ament_install']
[0.120s] Level 1:colcon.colcon_core.package_identification:_identify(src/tello_ros/tello_description) by extension 'ignore'
[0.120s] Level 1:colcon.colcon_core.package_identification:_identify(src/tello_ros/tello_description) by extension 'ignore_ament_install'
[0.120s] Level 1:colcon.colcon_core.package_identification:_identify(src/tello_ros/tello_description) by extensions ['colcon_pkg']
[0.120s] Level 1:colcon.colcon_core.package_identification:_identify(src/tello_ros/tello_description) by extension 'colcon_pkg'
[0.120s] Level 1:colcon.colcon_core.package_identification:_identify(src/tello_ros/tello_description) by extensions ['colcon_meta']
[0.120s] Level 1:colcon.colcon_core.package_identification:_identify(src/tello_ros/tello_description) by extension 'colcon_meta'
[0.120s] Level 1:colcon.colcon_core.package_identification:_identify(src/tello_ros/tello_description) by extensions ['ros']
[0.120s] Level 1:colcon.colcon_core.package_identification:_identify(src/tello_ros/tello_description) by extension 'ros'
[0.120s] DEBUG:colcon.colcon_core.package_identification:Package 'src/tello_ros/tello_description' with type 'ros.ament_cmake' and name 'tello_description'
[0.120s] Level 1:colcon.colcon_core.package_identification:_identify(src/tello_ros/tello_driver) by extensions ['ignore', 'ignore_ament_install']
[0.120s] Level 1:colcon.colcon_core.package_identification:_identify(src/tello_ros/tello_driver) by extension 'ignore'
[0.120s] Level 1:colcon.colcon_core.package_identification:_identify(src/tello_ros/tello_driver) by extension 'ignore_ament_install'
[0.120s] Level 1:colcon.colcon_core.package_identification:_identify(src/tello_ros/tello_driver) by extensions ['colcon_pkg']
[0.120s] Level 1:colcon.colcon_core.package_identification:_identify(src/tello_ros/tello_driver) by extension 'colcon_pkg'
[0.120s] Level 1:colcon.colcon_core.package_identification:_identify(src/tello_ros/tello_driver) by extensions ['colcon_meta']
[0.120s] Level 1:colcon.colcon_core.package_identification:_identify(src/tello_ros/tello_driver) by extension 'colcon_meta'
[0.120s] Level 1:colcon.colcon_core.package_identification:_identify(src/tello_ros/tello_driver) by extensions ['ros']
[0.120s] Level 1:colcon.colcon_core.package_identification:_identify(src/tello_ros/tello_driver) by extension 'ros'
[0.121s] DEBUG:colcon.colcon_core.package_identification:Package 'src/tello_ros/tello_driver' with type 'ros.ament_cmake' and name 'tello_driver'
[0.121s] Level 1:colcon.colcon_core.package_identification:_identify(src/tello_ros/tello_gazebo) by extensions ['ignore', 'ignore_ament_install']
[0.121s] Level 1:colcon.colcon_core.package_identification:_identify(src/tello_ros/tello_gazebo) by extension 'ignore'
[0.121s] Level 1:colcon.colcon_core.package_identification:_identify(src/tello_ros/tello_gazebo) by extension 'ignore_ament_install'
[0.121s] Level 1:colcon.colcon_core.package_identification:_identify(src/tello_ros/tello_gazebo) by extensions ['colcon_pkg']
[0.121s] Level 1:colcon.colcon_core.package_identification:_identify(src/tello_ros/tello_gazebo) by extension 'colcon_pkg'
[0.121s] Level 1:colcon.colcon_core.package_identification:_identify(src/tello_ros/tello_gazebo) by extensions ['colcon_meta']
[0.121s] Level 1:colcon.colcon_core.package_identification:_identify(src/tello_ros/tello_gazebo) by extension 'colcon_meta'
[0.121s] Level 1:colcon.colcon_core.package_identification:_identify(src/tello_ros/tello_gazebo) by extensions ['ros']
[0.121s] Level 1:colcon.colcon_core.package_identification:_identify(src/tello_ros/tello_gazebo) by extension 'ros'
[0.122s] DEBUG:colcon.colcon_core.package_identification:Package 'src/tello_ros/tello_gazebo' with type 'ros.ament_cmake' and name 'tello_gazebo'
[0.122s] Level 1:colcon.colcon_core.package_identification:_identify(src/tello_ros/tello_msgs) by extensions ['ignore', 'ignore_ament_install']
[0.122s] Level 1:colcon.colcon_core.package_identification:_identify(src/tello_ros/tello_msgs) by extension 'ignore'
[0.122s] Level 1:colcon.colcon_core.package_identification:_identify(src/tello_ros/tello_msgs) by extension 'ignore_ament_install'
[0.122s] Level 1:colcon.colcon_core.package_identification:_identify(src/tello_ros/tello_msgs) by extensions ['colcon_pkg']
[0.122s] Level 1:colcon.colcon_core.package_identification:_identify(src/tello_ros/tello_msgs) by extension 'colcon_pkg'
[0.122s] Level 1:colcon.colcon_core.package_identification:_identify(src/tello_ros/tello_msgs) by extensions ['colcon_meta']
[0.122s] Level 1:colcon.colcon_core.package_identification:_identify(src/tello_ros/tello_msgs) by extension 'colcon_meta'
[0.122s] Level 1:colcon.colcon_core.package_identification:_identify(src/tello_ros/tello_msgs) by extensions ['ros']
[0.122s] Level 1:colcon.colcon_core.package_identification:_identify(src/tello_ros/tello_msgs) by extension 'ros'
[0.122s] DEBUG:colcon.colcon_core.package_identification:Package 'src/tello_ros/tello_msgs' with type 'ros.ament_cmake' and name 'tello_msgs'
[0.122s] Level 1:colcon.colcon_core.package_discovery:discover_packages(recursive) using defaults
[0.122s] Level 1:colcon.colcon_core.package_discovery:discover_packages(ignore) discover
[0.122s] Level 1:colcon.colcon_core.package_discovery:discover_packages(ignore) using defaults
[0.122s] Level 1:colcon.colcon_core.package_discovery:discover_packages(path) discover
[0.122s] Level 1:colcon.colcon_core.package_discovery:discover_packages(path) using defaults
[0.132s] INFO:colcon.colcon_core.package_selection:Skipping not selected package 'my_drone_vision' in 'src/my_drone_vision'
[0.132s] INFO:colcon.colcon_core.package_selection:Skipping not selected package 'ros2_shared' in 'src/ros2_shared'
[0.132s] INFO:colcon.colcon_core.package_selection:Skipping not selected package 'tello_description' in 'src/tello_ros/tello_description'
[0.132s] INFO:colcon.colcon_core.package_selection:Skipping not selected package 'tello_msgs' in 'src/tello_ros/tello_msgs'
[0.132s] INFO:colcon.colcon_core.package_selection:Skipping not selected package 'tello_gazebo' in 'src/tello_ros/tello_gazebo'
[0.132s] Level 1:colcon.colcon_core.package_discovery:discover_packages(prefix_path) check parameters
[0.132s] Level 1:colcon.colcon_core.package_discovery:discover_packages(prefix_path) discover
[0.133s] DEBUG:colcon.colcon_installed_package_information.package_discovery:Found 318 installed packages in /opt/ros/humble
[0.137s] Level 1:colcon.colcon_core.package_discovery:discover_packages(prefix_path) using defaults
[0.154s] Level 5:colcon.colcon_core.verb:set package 'tello_driver' build argument 'cmake_args' from command line to 'None'
[0.154s] Level 5:colcon.colcon_core.verb:set package 'tello_driver' build argument 'cmake_target' from command line to 'None'
[0.154s] Level 5:colcon.colcon_core.verb:set package 'tello_driver' build argument 'cmake_target_skip_unavailable' from command line to 'False'
[0.154s] Level 5:colcon.colcon_core.verb:set package 'tello_driver' build argument 'cmake_clean_cache' from command line to 'False'
[0.154s] Level 5:colcon.colcon_core.verb:set package 'tello_driver' build argument 'cmake_clean_first' from command line to 'False'
[0.154s] Level 5:colcon.colcon_core.verb:set package 'tello_driver' build argument 'cmake_force_configure' from command line to 'False'
[0.154s] Level 5:colcon.colcon_core.verb:set package 'tello_driver' build argument 'ament_cmake_args' from command line to 'None'
[0.154s] Level 5:colcon.colcon_core.verb:set package 'tello_driver' build argument 'catkin_cmake_args' from command line to 'None'
[0.154s] Level 5:colcon.colcon_core.verb:set package 'tello_driver' build argument 'catkin_skip_building_tests' from command line to 'False'
[0.154s] DEBUG:colcon.colcon_core.verb:Building package 'tello_driver' with the following arguments: {'ament_cmake_args': None, 'build_base': '/home/tyler/ros2_ws/106a_final_project/drone_simulation/build/tello_driver', 'catkin_cmake_args': None, 'catkin_skip_building_tests': False, 'cmake_args': None, 'cmake_clean_cache': False, 'cmake_clean_first': False, 'cmake_force_configure': False, 'cmake_target': None, 'cmake_target_skip_unavailable': False, 'install_base': '/home/tyler/ros2_ws/106a_final_project/drone_simulation/install/tello_driver', 'merge_install': False, 'path': '/home/tyler/ros2_ws/106a_final_project/drone_simulation/src/tello_ros/tello_driver', 'symlink_install': True, 'test_result_base': None}
[0.154s] INFO:colcon.colcon_core.executor:Executing jobs using 'parallel' executor
[0.154s] DEBUG:colcon.colcon_parallel_executor.executor.parallel:run_until_complete
[0.154s] INFO:colcon.colcon_ros.task.ament_cmake.build:Building ROS package in '/home/tyler/ros2_ws/106a_final_project/drone_simulation/src/tello_ros/tello_driver' with build type 'ament_cmake'
[0.154s] INFO:colcon.colcon_cmake.task.cmake.build:Building CMake package in '/home/tyler/ros2_ws/106a_final_project/drone_simulation/src/tello_ros/tello_driver'
[0.155s] INFO:colcon.colcon_core.plugin_system:Skipping extension 'colcon_core.shell.bat': Not used on non-Windows systems
[0.155s] INFO:colcon.colcon_core.shell:Skip shell extension 'powershell' for command environment: Not usable outside of PowerShell
[0.155s] DEBUG:colcon.colcon_core.shell:Skip shell extension 'dsv' for command environment
[0.162s] DEBUG:colcon.colcon_core.event_handler.log_command:Invoking command in '/home/tyler/ros2_ws/106a_final_project/drone_simulation/build/tello_driver': AMENT_PREFIX_PATH=/home/tyler/ros2_ws/106a_final_project/drone_simulation/install/tello_msgs:/home/tyler/ros2_ws/106a_final_project/drone_simulation/install/ros2_shared:${AMENT_PREFIX_PATH} CMAKE_PREFIX_PATH=/home/tyler/ros2_ws/106a_final_project/drone_simulation/install/tello_msgs:/home/tyler/ros2_ws/106a_final_project/drone_simulation/install/ros2_shared:/opt/ros/humble LD_LIBRARY_PATH=/home/tyler/ros2_ws/106a_final_project/drone_simulation/install/tello_msgs/lib:${LD_LIBRARY_PATH} PYTHONPATH=/home/tyler/ros2_ws/106a_final_project/drone_simulation/install/tello_msgs/local/lib/python3.10/dist-packages:${PYTHONPATH} /usr/bin/cmake /home/tyler/ros2_ws/106a_final_project/drone_simulation/src/tello_ros/tello_driver -DAMENT_CMAKE_SYMLINK_INSTALL=1 -DCMAKE_INSTALL_PREFIX=/home/tyler/ros2_ws/106a_final_project/drone_simulation/install/tello_driver
[0.861s] DEBUG:colcon.colcon_core.event_handler.log_command:Invoked command in '/home/tyler/ros2_ws/106a_final_project/drone_simulation/build/tello_driver' returned '0': AMENT_PREFIX_PATH=/home/tyler/ros2_ws/106a_final_project/drone_simulation/install/tello_msgs:/home/tyler/ros2_ws/106a_final_project/drone_simulation/install/ros2_shared:${AMENT_PREFIX_PATH} CMAKE_PREFIX_PATH=/home/tyler/ros2_ws/106a_final_project/drone_simulation/install/tello_msgs:/home/tyler/ros2_ws/106a_final_project/drone_simulation/install/ros2_shared:/opt/ros/humble LD_LIBRARY_PATH=/home/tyler/ros2_ws/106a_final_project/drone_simulation/install/tello_msgs/lib:${LD_LIBRARY_PATH} PYTHONPATH=/home/tyler/ros2_ws/106a_final_project/drone_simulation/install/tello_msgs/local/lib/python3.10/dist-packages:${PYTHONPATH} /usr/bin/cmake /home/tyler/ros2_ws/106a_final_project/drone_simulation/src/tello_ros/tello_driver -DAMENT_CMAKE_SYMLINK_INSTALL=1 -DCMAKE_INSTALL_PREFIX=/home/tyler/ros2_ws/106a_final_project/drone_simulation/install/tello_driver
[0.862s] DEBUG:colcon.colcon_core.event_handler.log_command:Invoking command in '/home/tyler/ros2_ws/106a_final_project/drone_simulation/build/tello_driver': AMENT_PREFIX_PATH=/home/tyler/ros2_ws/106a_final_project/drone_simulation/install/tello_msgs:/home/tyler/ros2_ws/106a_final_project/drone_simulation/install/ros2_shared:${AMENT_PREFIX_PATH} CMAKE_PREFIX_PATH=/home/tyler/ros2_ws/106a_final_project/drone_simulation/install/tello_msgs:/home/tyler/ros2_ws/106a_final_project/drone_simulation/install/ros2_shared:/opt/ros/humble LD_LIBRARY_PATH=/home/tyler/ros2_ws/106a_final_project/drone_simulation/install/tello_msgs/lib:${LD_LIBRARY_PATH} PYTHONPATH=/home/tyler/ros2_ws/106a_final_project/drone_simulation/install/tello_msgs/local/lib/python3.10/dist-packages:${PYTHONPATH} /usr/bin/cmake --build /home/tyler/ros2_ws/106a_final_project/drone_simulation/build/tello_driver -- -j24 -l24
[8.190s] DEBUG:colcon.colcon_core.event_handler.log_command:Invoked command in '/home/tyler/ros2_ws/106a_final_project/drone_simulation/build/tello_driver' returned '0': AMENT_PREFIX_PATH=/home/tyler/ros2_ws/106a_final_project/drone_simulation/install/tello_msgs:/home/tyler/ros2_ws/106a_final_project/drone_simulation/install/ros2_shared:${AMENT_PREFIX_PATH} CMAKE_PREFIX_PATH=/home/tyler/ros2_ws/106a_final_project/drone_simulation/install/tello_msgs:/home/tyler/ros2_ws/106a_final_project/drone_simulation/install/ros2_shared:/opt/ros/humble LD_LIBRARY_PATH=/home/tyler/ros2_ws/106a_final_project/drone_simulation/install/tello_msgs/lib:${LD_LIBRARY_PATH} PYTHONPATH=/home/tyler/ros2_ws/106a_final_project/drone_simulation/install/tello_msgs/local/lib/python3.10/dist-packages:${PYTHONPATH} /usr/bin/cmake --build /home/tyler/ros2_ws/106a_final_project/drone_simulation/build/tello_driver -- -j24 -l24
[8.194s] DEBUG:colcon.colcon_core.event_handler.log_command:Invoking command in '/home/tyler/ros2_ws/106a_final_project/drone_simulation/build/tello_driver': AMENT_PREFIX_PATH=/home/tyler/ros2_ws/106a_final_project/drone_simulation/install/tello_msgs:/home/tyler/ros2_ws/106a_final_project/drone_simulation/install/ros2_shared:${AMENT_PREFIX_PATH} CMAKE_PREFIX_PATH=/home/tyler/ros2_ws/106a_final_project/drone_simulation/install/tello_msgs:/home/tyler/ros2_ws/106a_final_project/drone_simulation/install/ros2_shared:/opt/ros/humble LD_LIBRARY_PATH=/home/tyler/ros2_ws/106a_final_project/drone_simulation/install/tello_msgs/lib:${LD_LIBRARY_PATH} PYTHONPATH=/home/tyler/ros2_ws/106a_final_project/drone_simulation/install/tello_msgs/local/lib/python3.10/dist-packages:${PYTHONPATH} /usr/bin/cmake --install /home/tyler/ros2_ws/106a_final_project/drone_simulation/build/tello_driver
[8.327s] Level 1:colcon.colcon_core.environment:create_environment_scripts_only(tello_driver)
[8.328s] DEBUG:colcon.colcon_core.event_handler.log_command:Invoked command in '/home/tyler/ros2_ws/106a_final_project/drone_simulation/build/tello_driver' returned '0': AMENT_PREFIX_PATH=/home/tyler/ros2_ws/106a_final_project/drone_simulation/install/tello_msgs:/home/tyler/ros2_ws/106a_final_project/drone_simulation/install/ros2_shared:${AMENT_PREFIX_PATH} CMAKE_PREFIX_PATH=/home/tyler/ros2_ws/106a_final_project/drone_simulation/install/tello_msgs:/home/tyler/ros2_ws/106a_final_project/drone_simulation/install/ros2_shared:/opt/ros/humble LD_LIBRARY_PATH=/home/tyler/ros2_ws/106a_final_project/drone_simulation/install/tello_msgs/lib:${LD_LIBRARY_PATH} PYTHONPATH=/home/tyler/ros2_ws/106a_final_project/drone_simulation/install/tello_msgs/local/lib/python3.10/dist-packages:${PYTHONPATH} /usr/bin/cmake --install /home/tyler/ros2_ws/106a_final_project/drone_simulation/build/tello_driver
[8.329s] Level 1:colcon.colcon_core.environment:checking '/home/tyler/ros2_ws/106a_final_project/drone_simulation/install/tello_driver' for CMake module files
[8.330s] Level 1:colcon.colcon_core.environment:checking '/home/tyler/ros2_ws/106a_final_project/drone_simulation/install/tello_driver' for CMake config files
[8.330s] Level 1:colcon.colcon_core.shell:create_environment_hook('tello_driver', 'cmake_prefix_path')
[8.330s] INFO:colcon.colcon_core.shell:Creating environment hook '/home/tyler/ros2_ws/106a_final_project/drone_simulation/install/tello_driver/share/tello_driver/hook/cmake_prefix_path.ps1'
[8.331s] INFO:colcon.colcon_core.shell:Creating environment descriptor '/home/tyler/ros2_ws/106a_final_project/drone_simulation/install/tello_driver/share/tello_driver/hook/cmake_prefix_path.dsv'
[8.331s] INFO:colcon.colcon_core.shell:Creating environment hook '/home/tyler/ros2_ws/106a_final_project/drone_simulation/install/tello_driver/share/tello_driver/hook/cmake_prefix_path.sh'
[8.332s] Level 1:colcon.colcon_core.environment:checking '/home/tyler/ros2_ws/106a_final_project/drone_simulation/install/tello_driver/lib'
[8.332s] Level 1:colcon.colcon_core.shell:create_environment_hook('tello_driver', 'ld_library_path_lib')
[8.332s] INFO:colcon.colcon_core.shell:Creating environment hook '/home/tyler/ros2_ws/106a_final_project/drone_simulation/install/tello_driver/share/tello_driver/hook/ld_library_path_lib.ps1'
[8.332s] INFO:colcon.colcon_core.shell:Creating environment descriptor '/home/tyler/ros2_ws/106a_final_project/drone_simulation/install/tello_driver/share/tello_driver/hook/ld_library_path_lib.dsv'
[8.333s] INFO:colcon.colcon_core.shell:Creating environment hook '/home/tyler/ros2_ws/106a_final_project/drone_simulation/install/tello_driver/share/tello_driver/hook/ld_library_path_lib.sh'
[8.333s] Level 1:colcon.colcon_core.environment:checking '/home/tyler/ros2_ws/106a_final_project/drone_simulation/install/tello_driver/bin'
[8.333s] Level 1:colcon.colcon_core.environment:checking '/home/tyler/ros2_ws/106a_final_project/drone_simulation/install/tello_driver/lib/pkgconfig/tello_driver.pc'
[8.333s] Level 1:colcon.colcon_core.environment:checking '/home/tyler/ros2_ws/106a_final_project/drone_simulation/install/tello_driver/lib/python3.10/site-packages'
[8.333s] Level 1:colcon.colcon_core.environment:checking '/home/tyler/ros2_ws/106a_final_project/drone_simulation/install/tello_driver/bin'
[8.334s] INFO:colcon.colcon_core.shell:Creating package script '/home/tyler/ros2_ws/106a_final_project/drone_simulation/install/tello_driver/share/tello_driver/package.ps1'
[8.334s] INFO:colcon.colcon_core.shell:Creating package descriptor '/home/tyler/ros2_ws/106a_final_project/drone_simulation/install/tello_driver/share/tello_driver/package.dsv'
[8.335s] INFO:colcon.colcon_core.shell:Creating package script '/home/tyler/ros2_ws/106a_final_project/drone_simulation/install/tello_driver/share/tello_driver/package.sh'
[8.335s] INFO:colcon.colcon_core.shell:Creating package script '/home/tyler/ros2_ws/106a_final_project/drone_simulation/install/tello_driver/share/tello_driver/package.bash'
[8.336s] INFO:colcon.colcon_core.shell:Creating package script '/home/tyler/ros2_ws/106a_final_project/drone_simulation/install/tello_driver/share/tello_driver/package.zsh'
[8.336s] Level 1:colcon.colcon_core.environment:create_file_with_runtime_dependencies(/home/tyler/ros2_ws/106a_final_project/drone_simulation/install/tello_driver/share/colcon-core/packages/tello_driver)
[8.337s] Level 1:colcon.colcon_core.environment:create_environment_scripts_only(tello_driver)
[8.337s] Level 1:colcon.colcon_core.environment:checking '/home/tyler/ros2_ws/106a_final_project/drone_simulation/install/tello_driver' for CMake module files
[8.338s] Level 1:colcon.colcon_core.environment:checking '/home/tyler/ros2_ws/106a_final_project/drone_simulation/install/tello_driver' for CMake config files
[8.338s] Level 1:colcon.colcon_core.shell:create_environment_hook('tello_driver', 'cmake_prefix_path')
[8.338s] INFO:colcon.colcon_core.shell:Creating environment hook '/home/tyler/ros2_ws/106a_final_project/drone_simulation/install/tello_driver/share/tello_driver/hook/cmake_prefix_path.ps1'
[8.338s] INFO:colcon.colcon_core.shell:Creating environment descriptor '/home/tyler/ros2_ws/106a_final_project/drone_simulation/install/tello_driver/share/tello_driver/hook/cmake_prefix_path.dsv'
[8.338s] INFO:colcon.colcon_core.shell:Creating environment hook '/home/tyler/ros2_ws/106a_final_project/drone_simulation/install/tello_driver/share/tello_driver/hook/cmake_prefix_path.sh'
[8.339s] Level 1:colcon.colcon_core.environment:checking '/home/tyler/ros2_ws/106a_final_project/drone_simulation/install/tello_driver/lib'
[8.339s] Level 1:colcon.colcon_core.shell:create_environment_hook('tello_driver', 'ld_library_path_lib')
[8.339s] INFO:colcon.colcon_core.shell:Creating environment hook '/home/tyler/ros2_ws/106a_final_project/drone_simulation/install/tello_driver/share/tello_driver/hook/ld_library_path_lib.ps1'
[8.339s] INFO:colcon.colcon_core.shell:Creating environment descriptor '/home/tyler/ros2_ws/106a_final_project/drone_simulation/install/tello_driver/share/tello_driver/hook/ld_library_path_lib.dsv'
[8.339s] INFO:colcon.colcon_core.shell:Creating environment hook '/home/tyler/ros2_ws/106a_final_project/drone_simulation/install/tello_driver/share/tello_driver/hook/ld_library_path_lib.sh'
[8.339s] Level 1:colcon.colcon_core.environment:checking '/home/tyler/ros2_ws/106a_final_project/drone_simulation/install/tello_driver/bin'
[8.339s] Level 1:colcon.colcon_core.environment:checking '/home/tyler/ros2_ws/106a_final_project/drone_simulation/install/tello_driver/lib/pkgconfig/tello_driver.pc'
[8.339s] Level 1:colcon.colcon_core.environment:checking '/home/tyler/ros2_ws/106a_final_project/drone_simulation/install/tello_driver/lib/python3.10/site-packages'
[8.339s] Level 1:colcon.colcon_core.environment:checking '/home/tyler/ros2_ws/106a_final_project/drone_simulation/install/tello_driver/bin'
[8.340s] INFO:colcon.colcon_core.shell:Creating package script '/home/tyler/ros2_ws/106a_final_project/drone_simulation/install/tello_driver/share/tello_driver/package.ps1'
[8.340s] INFO:colcon.colcon_core.shell:Creating package descriptor '/home/tyler/ros2_ws/106a_final_project/drone_simulation/install/tello_driver/share/tello_driver/package.dsv'
[8.340s] INFO:colcon.colcon_core.shell:Creating package script '/home/tyler/ros2_ws/106a_final_project/drone_simulation/install/tello_driver/share/tello_driver/package.sh'
[8.340s] INFO:colcon.colcon_core.shell:Creating package script '/home/tyler/ros2_ws/106a_final_project/drone_simulation/install/tello_driver/share/tello_driver/package.bash'
[8.340s] INFO:colcon.colcon_core.shell:Creating package script '/home/tyler/ros2_ws/106a_final_project/drone_simulation/install/tello_driver/share/tello_driver/package.zsh'
[8.341s] Level 1:colcon.colcon_core.environment:create_file_with_runtime_dependencies(/home/tyler/ros2_ws/106a_final_project/drone_simulation/install/tello_driver/share/colcon-core/packages/tello_driver)
[8.341s] DEBUG:colcon.colcon_parallel_executor.executor.parallel:closing loop
[8.341s] DEBUG:colcon.colcon_parallel_executor.executor.parallel:loop closed
[8.341s] DEBUG:colcon.colcon_parallel_executor.executor.parallel:run_until_complete finished with '0'
[8.341s] DEBUG:colcon.colcon_core.event_reactor:joining thread
[8.343s] INFO:colcon.colcon_core.plugin_system:Skipping extension 'colcon_notification.desktop_notification.terminal_notifier': Not used on non-Darwin systems
[8.343s] INFO:colcon.colcon_core.plugin_system:Skipping extension 'colcon_notification.desktop_notification.win32': Not used on non-Windows systems
[8.343s] INFO:colcon.colcon_notification.desktop_notification:Sending desktop notification using 'notify2'
[8.349s] DEBUG:colcon.colcon_core.event_reactor:joined thread
[8.349s] INFO:colcon.colcon_core.shell:Creating prefix script '/home/tyler/ros2_ws/106a_final_project/drone_simulation/install/local_setup.ps1'
[8.350s] INFO:colcon.colcon_core.shell:Creating prefix util module '/home/tyler/ros2_ws/106a_final_project/drone_simulation/install/_local_setup_util_ps1.py'
[8.350s] INFO:colcon.colcon_core.shell:Creating prefix chain script '/home/tyler/ros2_ws/106a_final_project/drone_simulation/install/setup.ps1'
[8.351s] INFO:colcon.colcon_core.shell:Creating prefix script '/home/tyler/ros2_ws/106a_final_project/drone_simulation/install/local_setup.sh'
[8.351s] INFO:colcon.colcon_core.shell:Creating prefix util module '/home/tyler/ros2_ws/106a_final_project/drone_simulation/install/_local_setup_util_sh.py'
[8.351s] INFO:colcon.colcon_core.shell:Creating prefix chain script '/home/tyler/ros2_ws/106a_final_project/drone_simulation/install/setup.sh'
[8.352s] INFO:colcon.colcon_core.shell:Creating prefix script '/home/tyler/ros2_ws/106a_final_project/drone_simulation/install/local_setup.bash'
[8.352s] INFO:colcon.colcon_core.shell:Creating prefix chain script '/home/tyler/ros2_ws/106a_final_project/drone_simulation/install/setup.bash'
[8.352s] INFO:colcon.colcon_core.shell:Creating prefix script '/home/tyler/ros2_ws/106a_final_project/drone_simulation/install/local_setup.zsh'
[8.353s] INFO:colcon.colcon_core.shell:Creating prefix chain script '/home/tyler/ros2_ws/106a_final_project/drone_simulation/install/setup.zsh'
