-- The C compiler identification is GNU 11.4.0
-- The CXX compiler identification is GNU 11.4.0
-- Detecting C compiler ABI info
-- Detecting C compiler ABI info - done
-- Check for working C compiler: /usr/bin/cc - skipped
-- Detecting C compile features
-- Detecting C compile features - done
-- Detecting CXX compiler ABI info
-- Detecting CXX compiler ABI info - done
-- Check for working CXX compiler: /usr/bin/c++ - skipped
-- Detecting CXX compile features
-- Detecting CXX compile features - done
-- Found ament_cmake: 1.3.14 (/opt/ros/humble/share/ament_cmake/cmake)
-- Found Python3: /usr/bin/python3 (found version "3.10.12") found components: Interpreter 
-- Override CMake install command with custom implementation using symlinks instead of copying resources
-- creating rules for /home/tyler/ros2_ws/106a_final_project/drone_simulation/build/tello_description/urdf/tello.urdf
-- creating rules for /home/tyler/ros2_ws/106a_final_project/drone_simulation/build/tello_description/urdf/tello_1.urdf
-- creating rules for /home/tyler/ros2_ws/106a_final_project/drone_simulation/build/tello_description/urdf/tello_2.urdf
-- creating rules for /home/tyler/ros2_ws/106a_final_project/drone_simulation/build/tello_description/urdf/tello_3.urdf
-- creating rules for /home/tyler/ros2_ws/106a_final_project/drone_simulation/build/tello_description/urdf/tello_4.urdf
-- creating rules for /home/tyler/ros2_ws/106a_final_project/drone_simulation/build/tello_description/urdf/tello_5.urdf
-- creating rules for /home/tyler/ros2_ws/106a_final_project/drone_simulation/build/tello_description/urdf/tello_6.urdf
-- creating rules for /home/tyler/ros2_ws/106a_final_project/drone_simulation/build/tello_description/urdf/tello_7.urdf
-- creating rules for /home/tyler/ros2_ws/106a_final_project/drone_simulation/build/tello_description/urdf/tello_8.urdf
-- Configuring done
-- Generating done
-- Build files have been written to: /home/tyler/ros2_ws/106a_final_project/drone_simulation/build/tello_description
[ 11%] [34m[1mGenerate /home/tyler/ros2_ws/106a_final_project/drone_simulation/build/tello_description/urdf/tello_5.urdf[0m
[ 22%] [34m[1mGenerate /home/tyler/ros2_ws/106a_final_project/drone_simulation/build/tello_description/urdf/tello_4.urdf[0m
[ 44%] [34m[1mGenerate /home/tyler/ros2_ws/106a_final_project/drone_simulation/build/tello_description/urdf/tello_8.urdf[0m
[ 44%] [34m[1mGenerate /home/tyler/ros2_ws/106a_final_project/drone_simulation/build/tello_description/urdf/tello_2.urdf[0m
[ 55%] [34m[1mGenerate /home/tyler/ros2_ws/106a_final_project/drone_simulation/build/tello_description/urdf/tello_1.urdf[0m
/bin/sh: 1: /home/tyler/ros2_ws/106a_final_project/drone_simulation/src/tello_ros/tello_description/src/replace.py: Permission denied
/bin/sh: 1: /home/tyler/ros2_ws/106a_final_project/drone_simulation/src/tello_ros/tello_description/src/replace.py: Permission denied
/bin/sh: 1: /home/tyler/ros2_ws/106a_final_project/drone_simulation/src/tello_ros/tello_description/src/replace.py: Permission denied
gmake[2]: *** [CMakeFiles/generate_urdf_5.dir/build.make:73：urdf/tello_5.urdf] 错误 126
gmake[2]: *** [CMakeFiles/generate_urdf_4.dir/build.make:73：urdf/tello_4.urdf] 错误 126
gmake[2]: *** 正在删除文件“urdf/tello_5.urdf”
gmake[2]: *** 正在删除文件“urdf/tello_4.urdf”
gmake[2]: *** [CMakeFiles/generate_urdf_2.dir/build.make:73：urdf/tello_2.urdf] 错误 126
gmake[2]: *** 正在删除文件“urdf/tello_2.urdf”
/bin/sh: 1: /home/tyler/ros2_ws/106a_final_project/drone_simulation/src/tello_ros/tello_description/src/replace.py: Permission denied
gmake[1]: *** [CMakeFiles/Makefile2:283：CMakeFiles/generate_urdf_5.dir/all] 错误 2
gmake[1]: *** 正在等待未完成的任务....
gmake[1]: *** [CMakeFiles/Makefile2:257：CMakeFiles/generate_urdf_4.dir/all] 错误 2
gmake[1]: *** [CMakeFiles/Makefile2:205：CMakeFiles/generate_urdf_2.dir/all] 错误 2
gmake[2]: *** [CMakeFiles/generate_urdf_8.dir/build.make:73：urdf/tello_8.urdf] 错误 126
gmake[2]: *** 正在删除文件“urdf/tello_8.urdf”
gmake[1]: *** [CMakeFiles/Makefile2:361：CMakeFiles/generate_urdf_8.dir/all] 错误 2
/bin/sh: 1: /home/tyler/ros2_ws/106a_final_project/drone_simulation/src/tello_ros/tello_description/src/replace.py: Permission denied
gmake[2]: *** [CMakeFiles/generate_urdf_1.dir/build.make:73：urdf/tello_1.urdf] 错误 126
gmake[2]: *** 正在删除文件“urdf/tello_1.urdf”
[ 66%] [34m[1mGenerate /home/tyler/ros2_ws/106a_final_project/drone_simulation/build/tello_description/urdf/tello_3.urdf[0m
[ 77%] [34m[1mGenerate /home/tyler/ros2_ws/106a_final_project/drone_simulation/build/tello_description/urdf/tello.urdf[0m
gmake[1]: *** [CMakeFiles/Makefile2:179：CMakeFiles/generate_urdf_1.dir/all] 错误 2
[ 88%] [34m[1mGenerate /home/tyler/ros2_ws/106a_final_project/drone_simulation/build/tello_description/urdf/tello_6.urdf[0m
/bin/sh: 1: /home/tyler/ros2_ws/106a_final_project/drone_simulation/src/tello_ros/tello_description/src/replace.py: Permission denied
/bin/sh: 1: /home/tyler/ros2_ws/106a_final_project/drone_simulation/src/tello_ros/tello_description/src/replace.py: Permission denied
gmake[2]: *** [CMakeFiles/generate_urdf_3.dir/build.make:73：urdf/tello_3.urdf] 错误 126
gmake[2]: *** 正在删除文件“urdf/tello_3.urdf”
gmake[2]: *** [CMakeFiles/generate_urdf.dir/build.make:73：urdf/tello.urdf] 错误 126
gmake[2]: *** 正在删除文件“urdf/tello.urdf”
gmake[1]: *** [CMakeFiles/Makefile2:231：CMakeFiles/generate_urdf_3.dir/all] 错误 2
gmake[1]: *** [CMakeFiles/Makefile2:153：CMakeFiles/generate_urdf.dir/all] 错误 2
/bin/sh: 1: /home/tyler/ros2_ws/106a_final_project/drone_simulation/src/tello_ros/tello_description/src/replace.py: Permission denied
gmake[2]: *** [CMakeFiles/generate_urdf_6.dir/build.make:73：urdf/tello_6.urdf] 错误 126
gmake[2]: *** 正在删除文件“urdf/tello_6.urdf”
gmake[1]: *** [CMakeFiles/Makefile2:309：CMakeFiles/generate_urdf_6.dir/all] 错误 2
[100%] [34m[1mGenerate /home/tyler/ros2_ws/106a_final_project/drone_simulation/build/tello_description/urdf/tello_7.urdf[0m
/bin/sh: 1: /home/tyler/ros2_ws/106a_final_project/drone_simulation/src/tello_ros/tello_description/src/replace.py: Permission denied
gmake[2]: *** [CMakeFiles/generate_urdf_7.dir/build.make:73：urdf/tello_7.urdf] 错误 126
gmake[2]: *** 正在删除文件“urdf/tello_7.urdf”
gmake[1]: *** [CMakeFiles/Makefile2:335：CMakeFiles/generate_urdf_7.dir/all] 错误 2
gmake: *** [Makefile:146：all] 错误 2
