-- The C compiler identification is GNU 11.4.0
-- The CXX compiler identification is GNU 11.4.0
-- Detecting C compiler ABI info
-- Detecting C compiler ABI info - done
-- Check for working C compiler: /usr/bin/cc - skipped
-- Detecting C compile features
-- Detecting C compile features - done
-- Detecting CXX compiler ABI info
-- Detecting CXX compiler ABI info - done
-- Check for working CXX compiler: /usr/bin/c++ - skipped
-- Detecting CXX compile features
-- Detecting CXX compile features - done
-- Found ament_cmake: 1.3.14 (/opt/ros/humble/share/ament_cmake/cmake)
-- Found Python3: /usr/bin/python3 (found version "3.10.12") found components: Interpreter 
-- Override CMake install command with custom implementation using symlinks instead of copying resources
-- creating rules for /home/tyler/ros2_ws/106a_final_project/drone_simulation/build/tello_description/urdf/tello.urdf
-- creating rules for /home/tyler/ros2_ws/106a_final_project/drone_simulation/build/tello_description/urdf/tello_1.urdf
-- creating rules for /home/tyler/ros2_ws/106a_final_project/drone_simulation/build/tello_description/urdf/tello_2.urdf
-- creating rules for /home/tyler/ros2_ws/106a_final_project/drone_simulation/build/tello_description/urdf/tello_3.urdf
-- creating rules for /home/tyler/ros2_ws/106a_final_project/drone_simulation/build/tello_description/urdf/tello_4.urdf
-- creating rules for /home/tyler/ros2_ws/106a_final_project/drone_simulation/build/tello_description/urdf/tello_5.urdf
-- creating rules for /home/tyler/ros2_ws/106a_final_project/drone_simulation/build/tello_description/urdf/tello_6.urdf
-- creating rules for /home/tyler/ros2_ws/106a_final_project/drone_simulation/build/tello_description/urdf/tello_7.urdf
-- creating rules for /home/tyler/ros2_ws/106a_final_project/drone_simulation/build/tello_description/urdf/tello_8.urdf
-- Configuring done
-- Generating done
-- Build files have been written to: /home/tyler/ros2_ws/106a_final_project/drone_simulation/build/tello_description
[ 11%] [34m[1mGenerate /home/tyler/ros2_ws/106a_final_project/drone_simulation/build/tello_description/urdf/tello_5.urdf[0m
[ 22%] [34m[1mGenerate /home/tyler/ros2_ws/106a_final_project/drone_simulation/build/tello_description/urdf/tello_4.urdf[0m
[ 44%] [34m[1mGenerate /home/tyler/ros2_ws/106a_final_project/drone_simulation/build/tello_description/urdf/tello_8.urdf[0m
[ 44%] [34m[1mGenerate /home/tyler/ros2_ws/106a_final_project/drone_simulation/build/tello_description/urdf/tello_2.urdf[0m
[ 55%] [34m[1mGenerate /home/tyler/ros2_ws/106a_final_project/drone_simulation/build/tello_description/urdf/tello_1.urdf[0m
[ 66%] [34m[1mGenerate /home/tyler/ros2_ws/106a_final_project/drone_simulation/build/tello_description/urdf/tello_3.urdf[0m
[ 77%] [34m[1mGenerate /home/tyler/ros2_ws/106a_final_project/drone_simulation/build/tello_description/urdf/tello.urdf[0m
[ 88%] [34m[1mGenerate /home/tyler/ros2_ws/106a_final_project/drone_simulation/build/tello_description/urdf/tello_6.urdf[0m
[100%] [34m[1mGenerate /home/tyler/ros2_ws/106a_final_project/drone_simulation/build/tello_description/urdf/tello_7.urdf[0m
