[0.126s] Invoking command in '/home/tyler/ros2_ws/106a_final_project/drone_simulation/build/tello_description': CMAKE_PREFIX_PATH=/opt/ros/humble /usr/bin/cmake /home/tyler/ros2_ws/106a_final_project/drone_simulation/src/tello_ros/tello_description -DAMENT_CMAKE_SYMLINK_INSTALL=1 -DCMAKE_INSTALL_PREFIX=/home/tyler/ros2_ws/106a_final_project/drone_simulation/install/tello_description
[0.163s] -- The C compiler identification is GNU 11.4.0
[0.196s] -- The CXX compiler identification is GNU 11.4.0
[0.200s] -- Detecting C compiler ABI info
[0.242s] -- Detecting C compiler ABI info - done
[0.246s] -- Check for working C compiler: /usr/bin/cc - skipped
[0.246s] -- Detecting C compile features
[0.246s] -- Detecting C compile features - done
[0.247s] -- Detecting CXX compiler ABI info
[0.294s] -- Detecting CXX compiler ABI info - done
[0.298s] -- Check for working CXX compiler: /usr/bin/c++ - skipped
[0.298s] -- Detecting CXX compile features
[0.299s] -- Detecting CXX compile features - done
[0.300s] -- Found ament_cmake: 1.3.14 (/opt/ros/humble/share/ament_cmake/cmake)
[0.388s] -- Found Python3: /usr/bin/python3 (found version "3.10.12") found components: Interpreter 
[0.420s] -- Override CMake install command with custom implementation using symlinks instead of copying resources
[0.430s] -- creating rules for /home/tyler/ros2_ws/106a_final_project/drone_simulation/build/tello_description/urdf/tello.urdf
[0.430s] -- creating rules for /home/tyler/ros2_ws/106a_final_project/drone_simulation/build/tello_description/urdf/tello_1.urdf
[0.430s] -- creating rules for /home/tyler/ros2_ws/106a_final_project/drone_simulation/build/tello_description/urdf/tello_2.urdf
[0.430s] -- creating rules for /home/tyler/ros2_ws/106a_final_project/drone_simulation/build/tello_description/urdf/tello_3.urdf
[0.430s] -- creating rules for /home/tyler/ros2_ws/106a_final_project/drone_simulation/build/tello_description/urdf/tello_4.urdf
[0.430s] -- creating rules for /home/tyler/ros2_ws/106a_final_project/drone_simulation/build/tello_description/urdf/tello_5.urdf
[0.430s] -- creating rules for /home/tyler/ros2_ws/106a_final_project/drone_simulation/build/tello_description/urdf/tello_6.urdf
[0.430s] -- creating rules for /home/tyler/ros2_ws/106a_final_project/drone_simulation/build/tello_description/urdf/tello_7.urdf
[0.430s] -- creating rules for /home/tyler/ros2_ws/106a_final_project/drone_simulation/build/tello_description/urdf/tello_8.urdf
[0.465s] -- Configuring done
[0.467s] -- Generating done
[0.468s] -- Build files have been written to: /home/tyler/ros2_ws/106a_final_project/drone_simulation/build/tello_description
[0.471s] Invoked command in '/home/tyler/ros2_ws/106a_final_project/drone_simulation/build/tello_description' returned '0': CMAKE_PREFIX_PATH=/opt/ros/humble /usr/bin/cmake /home/tyler/ros2_ws/106a_final_project/drone_simulation/src/tello_ros/tello_description -DAMENT_CMAKE_SYMLINK_INSTALL=1 -DCMAKE_INSTALL_PREFIX=/home/tyler/ros2_ws/106a_final_project/drone_simulation/install/tello_description
[0.472s] Invoking command in '/home/tyler/ros2_ws/106a_final_project/drone_simulation/build/tello_description': CMAKE_PREFIX_PATH=/opt/ros/humble /usr/bin/cmake --build /home/tyler/ros2_ws/106a_final_project/drone_simulation/build/tello_description -- -j24 -l24
[0.501s] [ 11%] [34m[1mGenerate /home/tyler/ros2_ws/106a_final_project/drone_simulation/build/tello_description/urdf/tello_5.urdf[0m
[0.501s] [ 22%] [34m[1mGenerate /home/tyler/ros2_ws/106a_final_project/drone_simulation/build/tello_description/urdf/tello_4.urdf[0m
[0.501s] [ 44%] [34m[1mGenerate /home/tyler/ros2_ws/106a_final_project/drone_simulation/build/tello_description/urdf/tello_8.urdf[0m
[0.501s] [ 44%] [34m[1mGenerate /home/tyler/ros2_ws/106a_final_project/drone_simulation/build/tello_description/urdf/tello_2.urdf[0m
[0.501s] [ 55%] [34m[1mGenerate /home/tyler/ros2_ws/106a_final_project/drone_simulation/build/tello_description/urdf/tello_1.urdf[0m
[0.502s] /bin/sh: 1: /home/tyler/ros2_ws/106a_final_project/drone_simulation/src/tello_ros/tello_description/src/replace.py: Permission denied
[0.502s] /bin/sh: 1: /home/tyler/ros2_ws/106a_final_project/drone_simulation/src/tello_ros/tello_description/src/replace.py: Permission denied
[0.502s] /bin/sh: 1: /home/tyler/ros2_ws/106a_final_project/drone_simulation/src/tello_ros/tello_description/src/replace.py: Permission denied
[0.502s] gmake[2]: *** [CMakeFiles/generate_urdf_5.dir/build.make:73：urdf/tello_5.urdf] 错误 126
[0.502s] gmake[2]: *** [CMakeFiles/generate_urdf_4.dir/build.make:73：urdf/tello_4.urdf] 错误 126
[0.502s] gmake[2]: *** 正在删除文件“urdf/tello_5.urdf”
[0.502s] gmake[2]: *** 正在删除文件“urdf/tello_4.urdf”
[0.502s] gmake[2]: *** [CMakeFiles/generate_urdf_2.dir/build.make:73：urdf/tello_2.urdf] 错误 126
[0.502s] gmake[2]: *** 正在删除文件“urdf/tello_2.urdf”
[0.502s] /bin/sh: 1: /home/tyler/ros2_ws/106a_final_project/drone_simulation/src/tello_ros/tello_description/src/replace.py: Permission denied
[0.502s] gmake[1]: *** [CMakeFiles/Makefile2:283：CMakeFiles/generate_urdf_5.dir/all] 错误 2
[0.502s] gmake[1]: *** 正在等待未完成的任务....
[0.502s] gmake[1]: *** [CMakeFiles/Makefile2:257：CMakeFiles/generate_urdf_4.dir/all] 错误 2
[0.502s] gmake[1]: *** [CMakeFiles/Makefile2:205：CMakeFiles/generate_urdf_2.dir/all] 错误 2
[0.502s] gmake[2]: *** [CMakeFiles/generate_urdf_8.dir/build.make:73：urdf/tello_8.urdf] 错误 126
[0.502s] gmake[2]: *** 正在删除文件“urdf/tello_8.urdf”
[0.502s] gmake[1]: *** [CMakeFiles/Makefile2:361：CMakeFiles/generate_urdf_8.dir/all] 错误 2
[0.502s] /bin/sh: 1: /home/tyler/ros2_ws/106a_final_project/drone_simulation/src/tello_ros/tello_description/src/replace.py: Permission denied
[0.502s] gmake[2]: *** [CMakeFiles/generate_urdf_1.dir/build.make:73：urdf/tello_1.urdf] 错误 126
[0.502s] gmake[2]: *** 正在删除文件“urdf/tello_1.urdf”
[0.502s] [ 66%] [34m[1mGenerate /home/tyler/ros2_ws/106a_final_project/drone_simulation/build/tello_description/urdf/tello_3.urdf[0m
[0.502s] [ 77%] [34m[1mGenerate /home/tyler/ros2_ws/106a_final_project/drone_simulation/build/tello_description/urdf/tello.urdf[0m
[0.502s] gmake[1]: *** [CMakeFiles/Makefile2:179：CMakeFiles/generate_urdf_1.dir/all] 错误 2
[0.503s] [ 88%] [34m[1mGenerate /home/tyler/ros2_ws/106a_final_project/drone_simulation/build/tello_description/urdf/tello_6.urdf[0m
[0.503s] /bin/sh: 1: /home/tyler/ros2_ws/106a_final_project/drone_simulation/src/tello_ros/tello_description/src/replace.py: Permission denied
[0.503s] /bin/sh: 1: /home/tyler/ros2_ws/106a_final_project/drone_simulation/src/tello_ros/tello_description/src/replace.py: Permission denied
[0.503s] gmake[2]: *** [CMakeFiles/generate_urdf_3.dir/build.make:73：urdf/tello_3.urdf] 错误 126
[0.503s] gmake[2]: *** 正在删除文件“urdf/tello_3.urdf”
[0.504s] gmake[2]: *** [CMakeFiles/generate_urdf.dir/build.make:73：urdf/tello.urdf] 错误 126
[0.504s] gmake[2]: *** 正在删除文件“urdf/tello.urdf”
[0.504s] gmake[1]: *** [CMakeFiles/Makefile2:231：CMakeFiles/generate_urdf_3.dir/all] 错误 2
[0.504s] gmake[1]: *** [CMakeFiles/Makefile2:153：CMakeFiles/generate_urdf.dir/all] 错误 2
[0.504s] /bin/sh: 1: /home/tyler/ros2_ws/106a_final_project/drone_simulation/src/tello_ros/tello_description/src/replace.py: Permission denied
[0.504s] gmake[2]: *** [CMakeFiles/generate_urdf_6.dir/build.make:73：urdf/tello_6.urdf] 错误 126
[0.504s] gmake[2]: *** 正在删除文件“urdf/tello_6.urdf”
[0.504s] gmake[1]: *** [CMakeFiles/Makefile2:309：CMakeFiles/generate_urdf_6.dir/all] 错误 2
[0.505s] [100%] [34m[1mGenerate /home/tyler/ros2_ws/106a_final_project/drone_simulation/build/tello_description/urdf/tello_7.urdf[0m
[0.506s] /bin/sh: 1: /home/tyler/ros2_ws/106a_final_project/drone_simulation/src/tello_ros/tello_description/src/replace.py: Permission denied
[0.506s] gmake[2]: *** [CMakeFiles/generate_urdf_7.dir/build.make:73：urdf/tello_7.urdf] 错误 126
[0.506s] gmake[2]: *** 正在删除文件“urdf/tello_7.urdf”
[0.506s] gmake[1]: *** [CMakeFiles/Makefile2:335：CMakeFiles/generate_urdf_7.dir/all] 错误 2
[0.506s] gmake: *** [Makefile:146：all] 错误 2
[0.508s] Invoked command in '/home/tyler/ros2_ws/106a_final_project/drone_simulation/build/tello_description' returned '2': CMAKE_PREFIX_PATH=/opt/ros/humble /usr/bin/cmake --build /home/tyler/ros2_ws/106a_final_project/drone_simulation/build/tello_description -- -j24 -l24
