[1.932s] DEBUG:colcon:Command line arguments: ['/usr/bin/colcon', 'build', '--packages-select', 'my_drone_vision']
[1.935s] DEBUG:colcon:Parsed command line arguments: Namespace(log_base=None, log_level=None, verb_name='build', build_base='build', install_base='install', merge_install=False, symlink_install=False, test_result_base=None, continue_on_error=False, executor='parallel', parallel_workers=16, event_handlers=None, ignore_user_meta=False, metas=['./colcon.meta'], base_paths=['.'], packages_ignore=None, packages_ignore_regex=None, paths=None, packages_up_to=None, packages_up_to_regex=None, packages_above=None, packages_above_and_dependencies=None, packages_above_depth=None, packages_select_by_dep=None, packages_skip_by_dep=None, packages_skip_up_to=None, packages_select_build_failed=False, packages_skip_build_finished=False, packages_select_test_failures=False, packages_skip_test_passed=False, packages_select=['my_drone_vision'], packages_skip=None, packages_select_regex=None, packages_skip_regex=None, packages_start=None, packages_end=None, allow_overriding=[], cmake_args=None, cmake_target=None, cmake_target_skip_unavailable=False, cmake_clean_cache=False, cmake_clean_first=False, cmake_force_configure=False, ament_cmake_args=None, catkin_cmake_args=None, catkin_skip_building_tests=False, verb_parser=<colcon_defaults.argument_parser.defaults.DefaultArgumentsDecorator object at 0x7e5ef041fc10>, verb_extension=<colcon_core.verb.build.BuildVerb object at 0x7e5ef041f670>, main=<bound method BuildVerb.main of <colcon_core.verb.build.BuildVerb object at 0x7e5ef041f670>>)
[3.555s] Level 1:colcon.colcon_core.package_discovery:discover_packages(colcon_meta) check parameters
[3.556s] Level 1:colcon.colcon_core.package_discovery:discover_packages(recursive) check parameters
[3.557s] Level 1:colcon.colcon_core.package_discovery:discover_packages(ignore) check parameters
[3.557s] Level 1:colcon.colcon_core.package_discovery:discover_packages(path) check parameters
[3.558s] Level 1:colcon.colcon_core.package_discovery:discover_packages(colcon_meta) discover
[3.558s] Level 1:colcon.colcon_core.package_discovery:discover_packages(recursive) discover
[3.559s] INFO:colcon.colcon_core.package_discovery:Crawling recursively for packages in '/mnt/g/My Drive/Primary/skl-Course/SP26/EECS 206A - Introduction to Robotics/106a_final_project/drone_simulation'
[3.563s] Level 1:colcon.colcon_core.package_identification:_identify(.) by extensions ['ignore', 'ignore_ament_install']
[3.564s] Level 1:colcon.colcon_core.package_identification:_identify(.) by extension 'ignore'
[3.565s] Level 1:colcon.colcon_core.package_identification:_identify(.) by extension 'ignore_ament_install'
[3.566s] Level 1:colcon.colcon_core.package_identification:_identify(.) by extensions ['colcon_pkg']
[3.567s] Level 1:colcon.colcon_core.package_identification:_identify(.) by extension 'colcon_pkg'
[3.568s] Level 1:colcon.colcon_core.package_identification:_identify(.) by extensions ['colcon_meta']
[3.568s] Level 1:colcon.colcon_core.package_identification:_identify(.) by extension 'colcon_meta'
[3.569s] Level 1:colcon.colcon_core.package_identification:_identify(.) by extensions ['ros']
[3.569s] Level 1:colcon.colcon_core.package_identification:_identify(.) by extension 'ros'
[3.613s] Level 1:colcon.colcon_core.package_identification:_identify(.) by extensions ['cmake', 'python']
[3.614s] Level 1:colcon.colcon_core.package_identification:_identify(.) by extension 'cmake'
[3.615s] Level 1:colcon.colcon_core.package_identification:_identify(.) by extension 'python'
[3.616s] Level 1:colcon.colcon_core.package_identification:_identify(.) by extensions ['python_setup_py']
[3.617s] Level 1:colcon.colcon_core.package_identification:_identify(.) by extension 'python_setup_py'
[3.628s] Level 1:colcon.colcon_core.package_identification:_identify(build) by extensions ['ignore', 'ignore_ament_install']
[3.629s] Level 1:colcon.colcon_core.package_identification:_identify(build) by extension 'ignore'
[3.633s] Level 1:colcon.colcon_core.package_identification:_identify(build) ignored
[3.643s] Level 1:colcon.colcon_core.package_identification:_identify(install) by extensions ['ignore', 'ignore_ament_install']
[3.644s] Level 1:colcon.colcon_core.package_identification:_identify(install) by extension 'ignore'
[3.649s] Level 1:colcon.colcon_core.package_identification:_identify(install) ignored
[3.654s] Level 1:colcon.colcon_core.package_identification:_identify(log) by extensions ['ignore', 'ignore_ament_install']
[3.655s] Level 1:colcon.colcon_core.package_identification:_identify(log) by extension 'ignore'
[3.658s] Level 1:colcon.colcon_core.package_identification:_identify(log) ignored
[3.668s] Level 1:colcon.colcon_core.package_identification:_identify(src) by extensions ['ignore', 'ignore_ament_install']
[3.668s] Level 1:colcon.colcon_core.package_identification:_identify(src) by extension 'ignore'
[3.671s] Level 1:colcon.colcon_core.package_identification:_identify(src) by extension 'ignore_ament_install'
[3.676s] Level 1:colcon.colcon_core.package_identification:_identify(src) by extensions ['colcon_pkg']
[3.677s] Level 1:colcon.colcon_core.package_identification:_identify(src) by extension 'colcon_pkg'
[3.679s] Level 1:colcon.colcon_core.package_identification:_identify(src) by extensions ['colcon_meta']
[3.680s] Level 1:colcon.colcon_core.package_identification:_identify(src) by extension 'colcon_meta'
[3.683s] Level 1:colcon.colcon_core.package_identification:_identify(src) by extensions ['ros']
[3.683s] Level 1:colcon.colcon_core.package_identification:_identify(src) by extension 'ros'
[3.696s] Level 1:colcon.colcon_core.package_identification:_identify(src) by extensions ['cmake', 'python']
[3.697s] Level 1:colcon.colcon_core.package_identification:_identify(src) by extension 'cmake'
[3.700s] Level 1:colcon.colcon_core.package_identification:_identify(src) by extension 'python'
[3.703s] Level 1:colcon.colcon_core.package_identification:_identify(src) by extensions ['python_setup_py']
[3.704s] Level 1:colcon.colcon_core.package_identification:_identify(src) by extension 'python_setup_py'
[3.721s] Level 1:colcon.colcon_core.package_identification:_identify(src/my_drone_vision) by extensions ['ignore', 'ignore_ament_install']
[3.722s] Level 1:colcon.colcon_core.package_identification:_identify(src/my_drone_vision) by extension 'ignore'
[3.727s] Level 1:colcon.colcon_core.package_identification:_identify(src/my_drone_vision) by extension 'ignore_ament_install'
[3.736s] Level 1:colcon.colcon_core.package_identification:_identify(src/my_drone_vision) by extensions ['colcon_pkg']
[3.737s] Level 1:colcon.colcon_core.package_identification:_identify(src/my_drone_vision) by extension 'colcon_pkg'
[3.742s] Level 1:colcon.colcon_core.package_identification:_identify(src/my_drone_vision) by extensions ['colcon_meta']
[3.743s] Level 1:colcon.colcon_core.package_identification:_identify(src/my_drone_vision) by extension 'colcon_meta'
[3.749s] Level 1:colcon.colcon_core.package_identification:_identify(src/my_drone_vision) by extensions ['ros']
[3.750s] Level 1:colcon.colcon_core.package_identification:_identify(src/my_drone_vision) by extension 'ros'
[3.809s] DEBUG:colcon.colcon_core.package_identification:Package 'src/my_drone_vision' with type 'ros.ament_python' and name 'my_drone_vision'
[3.825s] Level 1:colcon.colcon_core.package_identification:_identify(src/ros2_shared) by extensions ['ignore', 'ignore_ament_install']
[3.825s] Level 1:colcon.colcon_core.package_identification:_identify(src/ros2_shared) by extension 'ignore'
[3.830s] Level 1:colcon.colcon_core.package_identification:_identify(src/ros2_shared) by extension 'ignore_ament_install'
[3.840s] Level 1:colcon.colcon_core.package_identification:_identify(src/ros2_shared) by extensions ['colcon_pkg']
[3.840s] Level 1:colcon.colcon_core.package_identification:_identify(src/ros2_shared) by extension 'colcon_pkg'
[3.845s] Level 1:colcon.colcon_core.package_identification:_identify(src/ros2_shared) by extensions ['colcon_meta']
[3.845s] Level 1:colcon.colcon_core.package_identification:_identify(src/ros2_shared) by extension 'colcon_meta'
[3.853s] Level 1:colcon.colcon_core.package_identification:_identify(src/ros2_shared) by extensions ['ros']
[3.854s] Level 1:colcon.colcon_core.package_identification:_identify(src/ros2_shared) by extension 'ros'
[4.065s] DEBUG:colcon.colcon_core.package_identification:Package 'src/ros2_shared' with type 'ros.ament_cmake' and name 'ros2_shared'
[4.083s] Level 1:colcon.colcon_core.package_identification:_identify(src/tello_ros) by extensions ['ignore', 'ignore_ament_install']
[4.084s] Level 1:colcon.colcon_core.package_identification:_identify(src/tello_ros) by extension 'ignore'
[4.089s] Level 1:colcon.colcon_core.package_identification:_identify(src/tello_ros) by extension 'ignore_ament_install'
[4.099s] Level 1:colcon.colcon_core.package_identification:_identify(src/tello_ros) by extensions ['colcon_pkg']
[4.100s] Level 1:colcon.colcon_core.package_identification:_identify(src/tello_ros) by extension 'colcon_pkg'
[4.105s] Level 1:colcon.colcon_core.package_identification:_identify(src/tello_ros) by extensions ['colcon_meta']
[4.106s] Level 1:colcon.colcon_core.package_identification:_identify(src/tello_ros) by extension 'colcon_meta'
[4.114s] Level 1:colcon.colcon_core.package_identification:_identify(src/tello_ros) by extensions ['ros']
[4.115s] Level 1:colcon.colcon_core.package_identification:_identify(src/tello_ros) by extension 'ros'
[4.138s] Level 1:colcon.colcon_core.package_identification:_identify(src/tello_ros) by extensions ['cmake', 'python']
[4.139s] Level 1:colcon.colcon_core.package_identification:_identify(src/tello_ros) by extension 'cmake'
[4.145s] Level 1:colcon.colcon_core.package_identification:_identify(src/tello_ros) by extension 'python'
[4.151s] Level 1:colcon.colcon_core.package_identification:_identify(src/tello_ros) by extensions ['python_setup_py']
[4.152s] Level 1:colcon.colcon_core.package_identification:_identify(src/tello_ros) by extension 'python_setup_py'
[4.181s] Level 1:colcon.colcon_core.package_identification:_identify(src/tello_ros/tello_description) by extensions ['ignore', 'ignore_ament_install']
[4.183s] Level 1:colcon.colcon_core.package_identification:_identify(src/tello_ros/tello_description) by extension 'ignore'
[4.190s] Level 1:colcon.colcon_core.package_identification:_identify(src/tello_ros/tello_description) by extension 'ignore_ament_install'
[4.204s] Level 1:colcon.colcon_core.package_identification:_identify(src/tello_ros/tello_description) by extensions ['colcon_pkg']
[4.205s] Level 1:colcon.colcon_core.package_identification:_identify(src/tello_ros/tello_description) by extension 'colcon_pkg'
[4.212s] Level 1:colcon.colcon_core.package_identification:_identify(src/tello_ros/tello_description) by extensions ['colcon_meta']
[4.213s] Level 1:colcon.colcon_core.package_identification:_identify(src/tello_ros/tello_description) by extension 'colcon_meta'
[4.227s] Level 1:colcon.colcon_core.package_identification:_identify(src/tello_ros/tello_description) by extensions ['ros']
[4.227s] Level 1:colcon.colcon_core.package_identification:_identify(src/tello_ros/tello_description) by extension 'ros'
[4.303s] DEBUG:colcon.colcon_core.package_identification:Package 'src/tello_ros/tello_description' with type 'ros.ament_cmake' and name 'tello_description'
[4.329s] Level 1:colcon.colcon_core.package_identification:_identify(src/tello_ros/tello_driver) by extensions ['ignore', 'ignore_ament_install']
[4.330s] Level 1:colcon.colcon_core.package_identification:_identify(src/tello_ros/tello_driver) by extension 'ignore'
[4.336s] Level 1:colcon.colcon_core.package_identification:_identify(src/tello_ros/tello_driver) by extension 'ignore_ament_install'
[4.350s] Level 1:colcon.colcon_core.package_identification:_identify(src/tello_ros/tello_driver) by extensions ['colcon_pkg']
[4.350s] Level 1:colcon.colcon_core.package_identification:_identify(src/tello_ros/tello_driver) by extension 'colcon_pkg'
[4.358s] Level 1:colcon.colcon_core.package_identification:_identify(src/tello_ros/tello_driver) by extensions ['colcon_meta']
[4.359s] Level 1:colcon.colcon_core.package_identification:_identify(src/tello_ros/tello_driver) by extension 'colcon_meta'
[4.374s] Level 1:colcon.colcon_core.package_identification:_identify(src/tello_ros/tello_driver) by extensions ['ros']
[4.375s] Level 1:colcon.colcon_core.package_identification:_identify(src/tello_ros/tello_driver) by extension 'ros'
[4.451s] DEBUG:colcon.colcon_core.package_identification:Package 'src/tello_ros/tello_driver' with type 'ros.ament_cmake' and name 'tello_driver'
[4.496s] Level 1:colcon.colcon_core.package_identification:_identify(src/tello_ros/tello_gazebo) by extensions ['ignore', 'ignore_ament_install']
[4.497s] Level 1:colcon.colcon_core.package_identification:_identify(src/tello_ros/tello_gazebo) by extension 'ignore'
[4.505s] Level 1:colcon.colcon_core.package_identification:_identify(src/tello_ros/tello_gazebo) by extension 'ignore_ament_install'
[4.520s] Level 1:colcon.colcon_core.package_identification:_identify(src/tello_ros/tello_gazebo) by extensions ['colcon_pkg']
[4.521s] Level 1:colcon.colcon_core.package_identification:_identify(src/tello_ros/tello_gazebo) by extension 'colcon_pkg'
[4.529s] Level 1:colcon.colcon_core.package_identification:_identify(src/tello_ros/tello_gazebo) by extensions ['colcon_meta']
[4.530s] Level 1:colcon.colcon_core.package_identification:_identify(src/tello_ros/tello_gazebo) by extension 'colcon_meta'
[4.547s] Level 1:colcon.colcon_core.package_identification:_identify(src/tello_ros/tello_gazebo) by extensions ['ros']
[4.548s] Level 1:colcon.colcon_core.package_identification:_identify(src/tello_ros/tello_gazebo) by extension 'ros'
[4.631s] DEBUG:colcon.colcon_core.package_identification:Package 'src/tello_ros/tello_gazebo' with type 'ros.ament_cmake' and name 'tello_gazebo'
[4.659s] Level 1:colcon.colcon_core.package_identification:_identify(src/tello_ros/tello_msgs) by extensions ['ignore', 'ignore_ament_install']
[4.660s] Level 1:colcon.colcon_core.package_identification:_identify(src/tello_ros/tello_msgs) by extension 'ignore'
[4.667s] Level 1:colcon.colcon_core.package_identification:_identify(src/tello_ros/tello_msgs) by extension 'ignore_ament_install'
[4.681s] Level 1:colcon.colcon_core.package_identification:_identify(src/tello_ros/tello_msgs) by extensions ['colcon_pkg']
[4.682s] Level 1:colcon.colcon_core.package_identification:_identify(src/tello_ros/tello_msgs) by extension 'colcon_pkg'
[4.688s] Level 1:colcon.colcon_core.package_identification:_identify(src/tello_ros/tello_msgs) by extensions ['colcon_meta']
[4.689s] Level 1:colcon.colcon_core.package_identification:_identify(src/tello_ros/tello_msgs) by extension 'colcon_meta'
[4.701s] Level 1:colcon.colcon_core.package_identification:_identify(src/tello_ros/tello_msgs) by extensions ['ros']
[4.702s] Level 1:colcon.colcon_core.package_identification:_identify(src/tello_ros/tello_msgs) by extension 'ros'
[4.777s] DEBUG:colcon.colcon_core.package_identification:Package 'src/tello_ros/tello_msgs' with type 'ros.ament_cmake' and name 'tello_msgs'
[4.777s] Level 1:colcon.colcon_core.package_discovery:discover_packages(recursive) using defaults
[4.778s] Level 1:colcon.colcon_core.package_discovery:discover_packages(ignore) discover
[4.778s] Level 1:colcon.colcon_core.package_discovery:discover_packages(ignore) using defaults
[4.779s] Level 1:colcon.colcon_core.package_discovery:discover_packages(path) discover
[4.780s] Level 1:colcon.colcon_core.package_discovery:discover_packages(path) using defaults
[5.303s] INFO:colcon.colcon_core.package_selection:Skipping not selected package 'ros2_shared' in 'src/ros2_shared'
[5.304s] INFO:colcon.colcon_core.package_selection:Skipping not selected package 'tello_description' in 'src/tello_ros/tello_description'
[5.304s] INFO:colcon.colcon_core.package_selection:Skipping not selected package 'tello_msgs' in 'src/tello_ros/tello_msgs'
[5.305s] INFO:colcon.colcon_core.package_selection:Skipping not selected package 'tello_driver' in 'src/tello_ros/tello_driver'
[5.305s] INFO:colcon.colcon_core.package_selection:Skipping not selected package 'tello_gazebo' in 'src/tello_ros/tello_gazebo'
[5.307s] Level 1:colcon.colcon_core.package_discovery:discover_packages(prefix_path) check parameters
[5.308s] Level 1:colcon.colcon_core.package_discovery:discover_packages(prefix_path) discover
[5.804s] DEBUG:colcon.colcon_installed_package_information.package_discovery:Found 6 installed packages in /home/happygaj/my_project/drone_simulation/install
[5.808s] DEBUG:colcon.colcon_installed_package_information.package_discovery:Found 280 installed packages in /opt/ros/humble
[5.826s] Level 1:colcon.colcon_core.package_discovery:discover_packages(prefix_path) using defaults
[6.223s] Level 5:colcon.colcon_core.verb:set package 'my_drone_vision' build argument 'cmake_args' from command line to 'None'
[6.224s] Level 5:colcon.colcon_core.verb:set package 'my_drone_vision' build argument 'cmake_target' from command line to 'None'
[6.225s] Level 5:colcon.colcon_core.verb:set package 'my_drone_vision' build argument 'cmake_target_skip_unavailable' from command line to 'False'
[6.225s] Level 5:colcon.colcon_core.verb:set package 'my_drone_vision' build argument 'cmake_clean_cache' from command line to 'False'
[6.226s] Level 5:colcon.colcon_core.verb:set package 'my_drone_vision' build argument 'cmake_clean_first' from command line to 'False'
[6.226s] Level 5:colcon.colcon_core.verb:set package 'my_drone_vision' build argument 'cmake_force_configure' from command line to 'False'
[6.227s] Level 5:colcon.colcon_core.verb:set package 'my_drone_vision' build argument 'ament_cmake_args' from command line to 'None'
[6.227s] Level 5:colcon.colcon_core.verb:set package 'my_drone_vision' build argument 'catkin_cmake_args' from command line to 'None'
[6.227s] Level 5:colcon.colcon_core.verb:set package 'my_drone_vision' build argument 'catkin_skip_building_tests' from command line to 'False'
[6.228s] DEBUG:colcon.colcon_core.verb:Building package 'my_drone_vision' with the following arguments: {'ament_cmake_args': None, 'build_base': '/mnt/g/My Drive/Primary/skl-Course/SP26/EECS 206A - Introduction to Robotics/106a_final_project/drone_simulation/build/my_drone_vision', 'catkin_cmake_args': None, 'catkin_skip_building_tests': False, 'cmake_args': None, 'cmake_clean_cache': False, 'cmake_clean_first': False, 'cmake_force_configure': False, 'cmake_target': None, 'cmake_target_skip_unavailable': False, 'install_base': '/mnt/g/My Drive/Primary/skl-Course/SP26/EECS 206A - Introduction to Robotics/106a_final_project/drone_simulation/install/my_drone_vision', 'merge_install': False, 'path': '/mnt/g/My Drive/Primary/skl-Course/SP26/EECS 206A - Introduction to Robotics/106a_final_project/drone_simulation/src/my_drone_vision', 'symlink_install': False, 'test_result_base': None}
[6.228s] INFO:colcon.colcon_core.executor:Executing jobs using 'parallel' executor
[6.233s] DEBUG:colcon.colcon_parallel_executor.executor.parallel:run_until_complete
[6.233s] INFO:colcon.colcon_ros.task.ament_python.build:Building ROS package in '/mnt/g/My Drive/Primary/skl-Course/SP26/EECS 206A - Introduction to Robotics/106a_final_project/drone_simulation/src/my_drone_vision' with build type 'ament_python'
[6.239s] Level 1:colcon.colcon_core.shell:create_environment_hook('my_drone_vision', 'ament_prefix_path')
[6.303s] INFO:colcon.colcon_core.plugin_system:Skipping extension 'colcon_core.shell.bat': Not used on non-Windows systems
[6.304s] INFO:colcon.colcon_core.shell:Creating environment hook '/mnt/g/My Drive/Primary/skl-Course/SP26/EECS 206A - Introduction to Robotics/106a_final_project/drone_simulation/install/my_drone_vision/share/my_drone_vision/hook/ament_prefix_path.ps1'
[6.380s] INFO:colcon.colcon_core.shell:Creating environment descriptor '/mnt/g/My Drive/Primary/skl-Course/SP26/EECS 206A - Introduction to Robotics/106a_final_project/drone_simulation/install/my_drone_vision/share/my_drone_vision/hook/ament_prefix_path.dsv'
[6.456s] INFO:colcon.colcon_core.shell:Creating environment hook '/mnt/g/My Drive/Primary/skl-Course/SP26/EECS 206A - Introduction to Robotics/106a_final_project/drone_simulation/install/my_drone_vision/share/my_drone_vision/hook/ament_prefix_path.sh'
[6.539s] INFO:colcon.colcon_core.shell:Skip shell extension 'powershell' for command environment: Not usable outside of PowerShell
[6.540s] DEBUG:colcon.colcon_core.shell:Skip shell extension 'dsv' for command environment
[15.183s] INFO:colcon.colcon_core.task.python.build:Building Python package in '/mnt/g/My Drive/Primary/skl-Course/SP26/EECS 206A - Introduction to Robotics/106a_final_project/drone_simulation/src/my_drone_vision'
[15.184s] INFO:colcon.colcon_core.shell:Skip shell extension 'powershell' for command environment: Not usable outside of PowerShell
[15.185s] DEBUG:colcon.colcon_core.shell:Skip shell extension 'dsv' for command environment
[27.459s] DEBUG:colcon.colcon_core.event_handler.log_command:Invoking command in '/mnt/g/My Drive/Primary/skl-Course/SP26/EECS 206A - Introduction to Robotics/106a_final_project/drone_simulation/src/my_drone_vision': AMENT_PREFIX_PATH=/mnt/g/My Drive/Primary/skl-Course/SP26/EECS 206A - Introduction to Robotics/106a_final_project/drone_simulation/install/tello_msgs:${AMENT_PREFIX_PATH} CMAKE_PREFIX_PATH=/mnt/g/My Drive/Primary/skl-Course/SP26/EECS 206A - Introduction to Robotics/106a_final_project/drone_simulation/install/tello_msgs:${CMAKE_PREFIX_PATH} LD_LIBRARY_PATH=/mnt/g/My Drive/Primary/skl-Course/SP26/EECS 206A - Introduction to Robotics/106a_final_project/drone_simulation/install/tello_msgs/lib:${LD_LIBRARY_PATH} PYTHONPATH=/mnt/g/My Drive/Primary/skl-Course/SP26/EECS 206A - Introduction to Robotics/106a_final_project/drone_simulation/build/my_drone_vision/prefix_override:/usr/lib/python3/dist-packages/colcon_core/task/python/colcon_distutils_commands:/mnt/g/My Drive/Primary/skl-Course/SP26/EECS 206A - Introduction to Robotics/106a_final_project/drone_simulation/install/my_drone_vision/lib/python3.10/site-packages:/mnt/g/My Drive/Primary/skl-Course/SP26/EECS 206A - Introduction to Robotics/106a_final_project/drone_simulation/install/tello_msgs/local/lib/python3.10/dist-packages:${PYTHONPATH} /usr/bin/python3 -W ignore:setup.py install is deprecated -W ignore:easy_install command is deprecated setup.py egg_info --egg-base ../../build/my_drone_vision build --build-base /mnt/g/My Drive/Primary/skl-Course/SP26/EECS 206A - Introduction to Robotics/106a_final_project/drone_simulation/build/my_drone_vision/build install --record /mnt/g/My Drive/Primary/skl-Course/SP26/EECS 206A - Introduction to Robotics/106a_final_project/drone_simulation/build/my_drone_vision/install.log --single-version-externally-managed install_data
[38.564s] DEBUG:colcon.colcon_parallel_executor.executor.parallel:run_until_complete was interrupted
[38.564s] DEBUG:colcon.colcon_parallel_executor.executor.parallel:run_until_complete again
[38.600s] DEBUG:colcon.colcon_core.event_handler.log_command:Invoked command in '/mnt/g/My Drive/Primary/skl-Course/SP26/EECS 206A - Introduction to Robotics/106a_final_project/drone_simulation/src/my_drone_vision' returned '1': AMENT_PREFIX_PATH=/mnt/g/My Drive/Primary/skl-Course/SP26/EECS 206A - Introduction to Robotics/106a_final_project/drone_simulation/install/tello_msgs:${AMENT_PREFIX_PATH} CMAKE_PREFIX_PATH=/mnt/g/My Drive/Primary/skl-Course/SP26/EECS 206A - Introduction to Robotics/106a_final_project/drone_simulation/install/tello_msgs:${CMAKE_PREFIX_PATH} LD_LIBRARY_PATH=/mnt/g/My Drive/Primary/skl-Course/SP26/EECS 206A - Introduction to Robotics/106a_final_project/drone_simulation/install/tello_msgs/lib:${LD_LIBRARY_PATH} PYTHONPATH=/mnt/g/My Drive/Primary/skl-Course/SP26/EECS 206A - Introduction to Robotics/106a_final_project/drone_simulation/build/my_drone_vision/prefix_override:/usr/lib/python3/dist-packages/colcon_core/task/python/colcon_distutils_commands:/mnt/g/My Drive/Primary/skl-Course/SP26/EECS 206A - Introduction to Robotics/106a_final_project/drone_simulation/install/my_drone_vision/lib/python3.10/site-packages:/mnt/g/My Drive/Primary/skl-Course/SP26/EECS 206A - Introduction to Robotics/106a_final_project/drone_simulation/install/tello_msgs/local/lib/python3.10/dist-packages:${PYTHONPATH} /usr/bin/python3 -W ignore:setup.py install is deprecated -W ignore:easy_install command is deprecated setup.py egg_info --egg-base ../../build/my_drone_vision build --build-base /mnt/g/My Drive/Primary/skl-Course/SP26/EECS 206A - Introduction to Robotics/106a_final_project/drone_simulation/build/my_drone_vision/build install --record /mnt/g/My Drive/Primary/skl-Course/SP26/EECS 206A - Introduction to Robotics/106a_final_project/drone_simulation/build/my_drone_vision/install.log --single-version-externally-managed install_data
[38.608s] DEBUG:colcon.colcon_parallel_executor.executor.parallel:run_until_complete finished
[38.609s] DEBUG:colcon.colcon_parallel_executor.executor.parallel:closing loop
[38.611s] DEBUG:colcon.colcon_parallel_executor.executor.parallel:loop closed
[38.612s] DEBUG:colcon.colcon_core.event_reactor:joining thread
[38.862s] INFO:colcon.colcon_core.plugin_system:Skipping extension 'colcon_notification.desktop_notification.notify_send': Could not find 'notify-send'
[38.863s] INFO:colcon.colcon_core.plugin_system:Skipping extension 'colcon_notification.desktop_notification.terminal_notifier': Not used on non-Darwin systems
[38.863s] INFO:colcon.colcon_core.plugin_system:Skipping extension 'colcon_notification.desktop_notification.win32': Not used on non-Windows systems
[38.863s] INFO:colcon.colcon_notification.desktop_notification:Sending desktop notification using 'notify2'
[38.865s] DEBUG:colcon.colcon_notification.desktop_notification.notify2:Failed to initialize notify2: org.freedesktop.DBus.Error.FileNotFound: Failed to connect to socket /run/user/1000/bus: No such file or directory
[38.866s] DEBUG:colcon.colcon_core.event_reactor:joined thread
[38.867s] INFO:colcon.colcon_core.shell:Creating prefix script '/mnt/g/My Drive/Primary/skl-Course/SP26/EECS 206A - Introduction to Robotics/106a_final_project/drone_simulation/install/local_setup.ps1'
[38.894s] INFO:colcon.colcon_core.shell:Creating prefix util module '/mnt/g/My Drive/Primary/skl-Course/SP26/EECS 206A - Introduction to Robotics/106a_final_project/drone_simulation/install/_local_setup_util_ps1.py'
[38.942s] INFO:colcon.colcon_core.shell:Creating prefix chain script '/mnt/g/My Drive/Primary/skl-Course/SP26/EECS 206A - Introduction to Robotics/106a_final_project/drone_simulation/install/setup.ps1'
[39.302s] INFO:colcon.colcon_core.shell:Creating prefix script '/mnt/g/My Drive/Primary/skl-Course/SP26/EECS 206A - Introduction to Robotics/106a_final_project/drone_simulation/install/local_setup.sh'
[39.326s] INFO:colcon.colcon_core.shell:Creating prefix util module '/mnt/g/My Drive/Primary/skl-Course/SP26/EECS 206A - Introduction to Robotics/106a_final_project/drone_simulation/install/_local_setup_util_sh.py'
[39.371s] INFO:colcon.colcon_core.shell:Creating prefix chain script '/mnt/g/My Drive/Primary/skl-Course/SP26/EECS 206A - Introduction to Robotics/106a_final_project/drone_simulation/install/setup.sh'
[39.575s] INFO:colcon.colcon_core.shell:Creating prefix script '/mnt/g/My Drive/Primary/skl-Course/SP26/EECS 206A - Introduction to Robotics/106a_final_project/drone_simulation/install/local_setup.bash'
[39.617s] INFO:colcon.colcon_core.shell:Creating prefix chain script '/mnt/g/My Drive/Primary/skl-Course/SP26/EECS 206A - Introduction to Robotics/106a_final_project/drone_simulation/install/setup.bash'
[39.813s] INFO:colcon.colcon_core.shell:Creating prefix script '/mnt/g/My Drive/Primary/skl-Course/SP26/EECS 206A - Introduction to Robotics/106a_final_project/drone_simulation/install/local_setup.zsh'
[39.840s] INFO:colcon.colcon_core.shell:Creating prefix chain script '/mnt/g/My Drive/Primary/skl-Course/SP26/EECS 206A - Introduction to Robotics/106a_final_project/drone_simulation/install/setup.zsh'
