running egg_info
writing ../../build/my_drone_vision/my_drone_vision.egg-info/PKG-INFO
writing dependency_links to ../../build/my_drone_vision/my_drone_vision.egg-info/dependency_links.txt
writing entry points to ../../build/my_drone_vision/my_drone_vision.egg-info/entry_points.txt
writing requirements to ../../build/my_drone_vision/my_drone_vision.egg-info/requires.txt
writing top-level names to ../../build/my_drone_vision/my_drone_vision.egg-info/top_level.txt
reading manifest file '../../build/my_drone_vision/my_drone_vision.egg-info/SOURCES.txt'
writing manifest file '../../build/my_drone_vision/my_drone_vision.egg-info/SOURCES.txt'
running build
running build_py
running install
running install_lib
running install_data
running install_egg_info
removing '/home/tyler/ros_workspaces/drone_simulation/install/my_drone_vision/lib/python3.10/site-packages/my_drone_vision-0.0.0-py3.10.egg-info' (and everything under it)
Copying ../../build/my_drone_vision/my_drone_vision.egg-info to /home/tyler/ros_workspaces/drone_simulation/install/my_drone_vision/lib/python3.10/site-packages/my_drone_vision-0.0.0-py3.10.egg-info
running install_scripts
Installing aruco_controller script to /home/tyler/ros_workspaces/drone_simulation/install/my_drone_vision/lib/my_drone_vision
Installing aruco_detector script to /home/tyler/ros_workspaces/drone_simulation/install/my_drone_vision/lib/my_drone_vision
writing list of installed files to '/home/tyler/ros_workspaces/drone_simulation/build/my_drone_vision/install.log'
