-- Install configuration: ""
-- Execute custom install script
-- Symlinking: /home/tyler/ros2_ws/106a_final_project/drone_simulation/install/ros2_shared/include/ros2_shared/context_macros.hpp
-- Symlinking: /home/tyler/ros2_ws/106a_final_project/drone_simulation/install/ros2_shared/include/ros2_shared/param_macros.hpp
-- Symlinking: /home/tyler/ros2_ws/106a_final_project/drone_simulation/install/ros2_shared/include/ros2_shared/string_printf.hpp
-- Symlinking: /home/tyler/ros2_ws/106a_final_project/drone_simulation/install/ros2_shared/share/ament_index/resource_index/package_run_dependencies/ros2_shared
-- Symlinking: /home/tyler/ros2_ws/106a_final_project/drone_simulation/install/ros2_shared/share/ament_index/resource_index/parent_prefix_path/ros2_shared
-- Symlinking: /home/tyler/ros2_ws/106a_final_project/drone_simulation/install/ros2_shared/share/ros2_shared/environment/ament_prefix_path.sh
-- Symlinking: /home/tyler/ros2_ws/106a_final_project/drone_simulation/install/ros2_shared/share/ros2_shared/environment/ament_prefix_path.dsv
-- Symlinking: /home/tyler/ros2_ws/106a_final_project/drone_simulation/install/ros2_shared/share/ros2_shared/environment/path.sh
-- Symlinking: /home/tyler/ros2_ws/106a_final_project/drone_simulation/install/ros2_shared/share/ros2_shared/environment/path.dsv
-- Symlinking: /home/tyler/ros2_ws/106a_final_project/drone_simulation/install/ros2_shared/share/ros2_shared/local_setup.bash
-- Symlinking: /home/tyler/ros2_ws/106a_final_project/drone_simulation/install/ros2_shared/share/ros2_shared/local_setup.sh
-- Symlinking: /home/tyler/ros2_ws/106a_final_project/drone_simulation/install/ros2_shared/share/ros2_shared/local_setup.zsh
-- Symlinking: /home/tyler/ros2_ws/106a_final_project/drone_simulation/install/ros2_shared/share/ros2_shared/local_setup.dsv
-- Symlinking: /home/tyler/ros2_ws/106a_final_project/drone_simulation/install/ros2_shared/share/ros2_shared/package.dsv
-- Symlinking: /home/tyler/ros2_ws/106a_final_project/drone_simulation/install/ros2_shared/share/ament_index/resource_index/packages/ros2_shared
-- Symlinking: /home/tyler/ros2_ws/106a_final_project/drone_simulation/install/ros2_shared/share/ros2_shared/cmake/ament_cmake_export_targets-extras.cmake
-- Symlinking: /home/tyler/ros2_ws/106a_final_project/drone_simulation/install/ros2_shared/share/ros2_shared/cmake/ament_cmake_export_dependencies-extras.cmake
-- Symlinking: /home/tyler/ros2_ws/106a_final_project/drone_simulation/install/ros2_shared/share/ros2_shared/cmake/ros2_sharedConfig.cmake
-- Symlinking: /home/tyler/ros2_ws/106a_final_project/drone_simulation/install/ros2_shared/share/ros2_shared/cmake/ros2_sharedConfig-version.cmake
-- Symlinking: /home/tyler/ros2_ws/106a_final_project/drone_simulation/install/ros2_shared/share/ros2_shared/package.xml
-- Installing: /home/tyler/ros2_ws/106a_final_project/drone_simulation/install/ros2_shared/share/ros2_shared/cmake/ros2_shared_targetsExport.cmake
