[0.013s] Invoking command in '/home/tyler/ros_workspaces/drone_simulation/build/ros2_shared': CMAKE_PREFIX_PATH=${CMAKE_PREFIX_PATH}:/home/tyler/ros_workspaces/drone_simulation/install/my_drone_vision:/opt/ros/humble /usr/bin/cmake --build /home/tyler/ros_workspaces/drone_simulation/build/ros2_shared -- -j24 -l24
[0.141s] -- Found ament_cmake: 1.3.14 (/opt/ros/humble/share/ament_cmake/cmake)
[0.141s] -- Found rclcpp: 16.0.18 (/opt/ros/humble/share/rclcpp/cmake)
[0.179s] -- Found rosidl_generator_c: 3.1.8 (/opt/ros/humble/share/rosidl_generator_c/cmake)
[0.181s] -- Found rosidl_adapter: 3.1.8 (/opt/ros/humble/share/rosidl_adapter/cmake)
[0.185s] -- Found rosidl_generator_cpp: 3.1.8 (/opt/ros/humble/share/rosidl_generator_cpp/cmake)
[0.190s] -- Using all available rosidl_typesupport_c: rosidl_typesupport_fastrtps_c;rosidl_typesupport_introspection_c
[0.198s] -- Using all available rosidl_typesupport_cpp: rosidl_typesupport_fastrtps_cpp;rosidl_typesupport_introspection_cpp
[0.216s] -- Found rmw_implementation_cmake: 6.1.2 (/opt/ros/humble/share/rmw_implementation_cmake/cmake)
[0.217s] -- Found rmw_fastrtps_cpp: 6.2.10 (/opt/ros/humble/share/rmw_fastrtps_cpp/cmake)
[2.557s] -- Using RMW implementation 'rmw_fastrtps_cpp' as default
[2.620s] -- Configuring done
[2.623s] -- Generating done
[2.624s] -- Build files have been written to: /home/tyler/ros_workspaces/drone_simulation/build/ros2_shared
[2.640s] Invoked command in '/home/tyler/ros_workspaces/drone_simulation/build/ros2_shared' returned '0': CMAKE_PREFIX_PATH=${CMAKE_PREFIX_PATH}:/home/tyler/ros_workspaces/drone_simulation/install/my_drone_vision:/opt/ros/humble /usr/bin/cmake --build /home/tyler/ros_workspaces/drone_simulation/build/ros2_shared -- -j24 -l24
[2.641s] Invoking command in '/home/tyler/ros_workspaces/drone_simulation/build/ros2_shared': CMAKE_PREFIX_PATH=${CMAKE_PREFIX_PATH}:/home/tyler/ros_workspaces/drone_simulation/install/my_drone_vision:/opt/ros/humble /usr/bin/cmake --install /home/tyler/ros_workspaces/drone_simulation/build/ros2_shared
[2.645s] -- Install configuration: ""
[2.645s] -- Up-to-date: /home/tyler/ros_workspaces/drone_simulation/install/ros2_shared/include
[2.645s] -- Up-to-date: /home/tyler/ros_workspaces/drone_simulation/install/ros2_shared/include/ros2_shared
[2.645s] -- Up-to-date: /home/tyler/ros_workspaces/drone_simulation/install/ros2_shared/include/ros2_shared/param_macros.hpp
[2.645s] -- Up-to-date: /home/tyler/ros_workspaces/drone_simulation/install/ros2_shared/include/ros2_shared/context_macros.hpp
[2.646s] -- Up-to-date: /home/tyler/ros_workspaces/drone_simulation/install/ros2_shared/include/ros2_shared/string_printf.hpp
[2.646s] -- Up-to-date: /home/tyler/ros_workspaces/drone_simulation/install/ros2_shared/share/ament_index/resource_index/package_run_dependencies/ros2_shared
[2.646s] -- Up-to-date: /home/tyler/ros_workspaces/drone_simulation/install/ros2_shared/share/ament_index/resource_index/parent_prefix_path/ros2_shared
[2.646s] -- Up-to-date: /home/tyler/ros_workspaces/drone_simulation/install/ros2_shared/share/ros2_shared/environment/ament_prefix_path.sh
[2.646s] -- Installing: /home/tyler/ros_workspaces/drone_simulation/install/ros2_shared/share/ros2_shared/environment/ament_prefix_path.dsv
[2.646s] -- Up-to-date: /home/tyler/ros_workspaces/drone_simulation/install/ros2_shared/share/ros2_shared/environment/path.sh
[2.646s] -- Installing: /home/tyler/ros_workspaces/drone_simulation/install/ros2_shared/share/ros2_shared/environment/path.dsv
[2.646s] -- Up-to-date: /home/tyler/ros_workspaces/drone_simulation/install/ros2_shared/share/ros2_shared/local_setup.bash
[2.646s] -- Up-to-date: /home/tyler/ros_workspaces/drone_simulation/install/ros2_shared/share/ros2_shared/local_setup.sh
[2.646s] -- Up-to-date: /home/tyler/ros_workspaces/drone_simulation/install/ros2_shared/share/ros2_shared/local_setup.zsh
[2.646s] -- Installing: /home/tyler/ros_workspaces/drone_simulation/install/ros2_shared/share/ros2_shared/local_setup.dsv
[2.646s] -- Installing: /home/tyler/ros_workspaces/drone_simulation/install/ros2_shared/share/ros2_shared/package.dsv
[2.646s] -- Up-to-date: /home/tyler/ros_workspaces/drone_simulation/install/ros2_shared/share/ament_index/resource_index/packages/ros2_shared
[2.646s] -- Up-to-date: /home/tyler/ros_workspaces/drone_simulation/install/ros2_shared/share/ros2_shared/cmake/ros2_shared_targetsExport.cmake
[2.646s] -- Up-to-date: /home/tyler/ros_workspaces/drone_simulation/install/ros2_shared/share/ros2_shared/cmake/ament_cmake_export_targets-extras.cmake
[2.646s] -- Up-to-date: /home/tyler/ros_workspaces/drone_simulation/install/ros2_shared/share/ros2_shared/cmake/ament_cmake_export_dependencies-extras.cmake
[2.646s] -- Up-to-date: /home/tyler/ros_workspaces/drone_simulation/install/ros2_shared/share/ros2_shared/cmake/ros2_sharedConfig.cmake
[2.647s] -- Up-to-date: /home/tyler/ros_workspaces/drone_simulation/install/ros2_shared/share/ros2_shared/cmake/ros2_sharedConfig-version.cmake
[2.647s] -- Up-to-date: /home/tyler/ros_workspaces/drone_simulation/install/ros2_shared/share/ros2_shared/package.xml
[2.648s] Invoked command in '/home/tyler/ros_workspaces/drone_simulation/build/ros2_shared' returned '0': CMAKE_PREFIX_PATH=${CMAKE_PREFIX_PATH}:/home/tyler/ros_workspaces/drone_simulation/install/my_drone_vision:/opt/ros/humble /usr/bin/cmake --install /home/tyler/ros_workspaces/drone_simulation/build/ros2_shared
