[0.006s] Invoking command in '/home/tyler/ros2_ws/106a_final_project/drone_simulation/build/tello_driver': AMENT_PREFIX_PATH=/home/tyler/ros2_ws/106a_final_project/drone_simulation/install/tello_msgs:/home/tyler/ros2_ws/106a_final_project/drone_simulation/install/ros2_shared:${AMENT_PREFIX_PATH} CMAKE_PREFIX_PATH=/home/tyler/ros2_ws/106a_final_project/drone_simulation/install/tello_msgs:/home/tyler/ros2_ws/106a_final_project/drone_simulation/install/ros2_shared:/opt/ros/humble LD_LIBRARY_PATH=/home/tyler/ros2_ws/106a_final_project/drone_simulation/install/tello_msgs/lib:${LD_LIBRARY_PATH} PYTHONPATH=/home/tyler/ros2_ws/106a_final_project/drone_simulation/install/tello_msgs/local/lib/python3.10/dist-packages:${PYTHONPATH} /usr/bin/cmake /home/tyler/ros2_ws/106a_final_project/drone_simulation/src/tello_ros/tello_driver -DCMAKE_INSTALL_PREFIX=/home/tyler/ros2_ws/106a_final_project/drone_simulation/install/tello_driver
[0.012s] -- Found ament_cmake: 1.3.14 (/opt/ros/humble/share/ament_cmake/cmake)
[0.076s] -- Override CMake install command with custom implementation using symlinks instead of copying resources
[0.080s] -- Found camera_calibration_parsers: 3.1.12 (/opt/ros/humble/share/camera_calibration_parsers/cmake)
[0.094s] -- Found rosidl_generator_c: 3.1.8 (/opt/ros/humble/share/rosidl_generator_c/cmake)
[0.095s] -- Found rosidl_adapter: 3.1.8 (/opt/ros/humble/share/rosidl_adapter/cmake)
[0.098s] -- Found rosidl_generator_cpp: 3.1.8 (/opt/ros/humble/share/rosidl_generator_cpp/cmake)
[0.103s] -- Using all available rosidl_typesupport_c: rosidl_typesupport_fastrtps_c;rosidl_typesupport_introspection_c
[0.109s] -- Using all available rosidl_typesupport_cpp: rosidl_typesupport_fastrtps_cpp;rosidl_typesupport_introspection_cpp
[0.124s] -- Found rmw_implementation_cmake: 6.1.2 (/opt/ros/humble/share/rmw_implementation_cmake/cmake)
[0.125s] -- Found rmw_fastrtps_cpp: 6.2.10 (/opt/ros/humble/share/rmw_fastrtps_cpp/cmake)
[0.176s] -- Using RMW implementation 'rmw_fastrtps_cpp' as default
[0.215s] -- Found class_loader: 2.2.0 (/opt/ros/humble/share/class_loader/cmake)
[0.215s] -- Found cv_bridge: 3.2.1 (/opt/ros/humble/share/cv_bridge/cmake)
[0.222s] -- Found rclcpp_components: 16.0.18 (/opt/ros/humble/share/rclcpp_components/cmake)
[0.230s] -- Found ros2_shared: 0.1.0 (/home/tyler/ros2_ws/106a_final_project/drone_simulation/install/ros2_shared/share/ros2_shared/cmake)
[0.231s] -- Found tello_msgs: 0.1.0 (/home/tyler/ros2_ws/106a_final_project/drone_simulation/install/tello_msgs/share/tello_msgs/cmake)
[0.276s] -- Configuring done
[0.290s] -- Generating done
[0.295s] -- Build files have been written to: /home/tyler/ros2_ws/106a_final_project/drone_simulation/build/tello_driver
[0.300s] Invoked command in '/home/tyler/ros2_ws/106a_final_project/drone_simulation/build/tello_driver' returned '0': AMENT_PREFIX_PATH=/home/tyler/ros2_ws/106a_final_project/drone_simulation/install/tello_msgs:/home/tyler/ros2_ws/106a_final_project/drone_simulation/install/ros2_shared:${AMENT_PREFIX_PATH} CMAKE_PREFIX_PATH=/home/tyler/ros2_ws/106a_final_project/drone_simulation/install/tello_msgs:/home/tyler/ros2_ws/106a_final_project/drone_simulation/install/ros2_shared:/opt/ros/humble LD_LIBRARY_PATH=/home/tyler/ros2_ws/106a_final_project/drone_simulation/install/tello_msgs/lib:${LD_LIBRARY_PATH} PYTHONPATH=/home/tyler/ros2_ws/106a_final_project/drone_simulation/install/tello_msgs/local/lib/python3.10/dist-packages:${PYTHONPATH} /usr/bin/cmake /home/tyler/ros2_ws/106a_final_project/drone_simulation/src/tello_ros/tello_driver -DCMAKE_INSTALL_PREFIX=/home/tyler/ros2_ws/106a_final_project/drone_simulation/install/tello_driver
[0.300s] Invoking command in '/home/tyler/ros2_ws/106a_final_project/drone_simulation/build/tello_driver': AMENT_PREFIX_PATH=/home/tyler/ros2_ws/106a_final_project/drone_simulation/install/tello_msgs:/home/tyler/ros2_ws/106a_final_project/drone_simulation/install/ros2_shared:${AMENT_PREFIX_PATH} CMAKE_PREFIX_PATH=/home/tyler/ros2_ws/106a_final_project/drone_simulation/install/tello_msgs:/home/tyler/ros2_ws/106a_final_project/drone_simulation/install/ros2_shared:/opt/ros/humble LD_LIBRARY_PATH=/home/tyler/ros2_ws/106a_final_project/drone_simulation/install/tello_msgs/lib:${LD_LIBRARY_PATH} PYTHONPATH=/home/tyler/ros2_ws/106a_final_project/drone_simulation/install/tello_msgs/local/lib/python3.10/dist-packages:${PYTHONPATH} /usr/bin/cmake --build /home/tyler/ros2_ws/106a_final_project/drone_simulation/build/tello_driver -- -j24 -l24
[0.326s] [35m[1mConsolidate compiler generated dependencies of target tello_joy_main[0m
[0.326s] [35m[1mConsolidate compiler generated dependencies of target tello_emulator[0m
[0.327s] [35m[1mConsolidate compiler generated dependencies of target tello_joy_node[0m
[0.330s] [35m[1mConsolidate compiler generated dependencies of target tello_driver_main[0m
[0.331s] [35m[1mConsolidate compiler generated dependencies of target tello_driver_node[0m
[0.336s] [ 13%] Built target tello_joy_main
[0.336s] [ 22%] Built target tello_emulator
[0.337s] [ 31%] Built target tello_joy_node
[0.348s] [ 68%] Built target tello_driver_main
[0.354s] [100%] Built target tello_driver_node
[0.361s] Invoked command in '/home/tyler/ros2_ws/106a_final_project/drone_simulation/build/tello_driver' returned '0': AMENT_PREFIX_PATH=/home/tyler/ros2_ws/106a_final_project/drone_simulation/install/tello_msgs:/home/tyler/ros2_ws/106a_final_project/drone_simulation/install/ros2_shared:${AMENT_PREFIX_PATH} CMAKE_PREFIX_PATH=/home/tyler/ros2_ws/106a_final_project/drone_simulation/install/tello_msgs:/home/tyler/ros2_ws/106a_final_project/drone_simulation/install/ros2_shared:/opt/ros/humble LD_LIBRARY_PATH=/home/tyler/ros2_ws/106a_final_project/drone_simulation/install/tello_msgs/lib:${LD_LIBRARY_PATH} PYTHONPATH=/home/tyler/ros2_ws/106a_final_project/drone_simulation/install/tello_msgs/local/lib/python3.10/dist-packages:${PYTHONPATH} /usr/bin/cmake --build /home/tyler/ros2_ws/106a_final_project/drone_simulation/build/tello_driver -- -j24 -l24
[0.362s] Invoking command in '/home/tyler/ros2_ws/106a_final_project/drone_simulation/build/tello_driver': AMENT_PREFIX_PATH=/home/tyler/ros2_ws/106a_final_project/drone_simulation/install/tello_msgs:/home/tyler/ros2_ws/106a_final_project/drone_simulation/install/ros2_shared:${AMENT_PREFIX_PATH} CMAKE_PREFIX_PATH=/home/tyler/ros2_ws/106a_final_project/drone_simulation/install/tello_msgs:/home/tyler/ros2_ws/106a_final_project/drone_simulation/install/ros2_shared:/opt/ros/humble LD_LIBRARY_PATH=/home/tyler/ros2_ws/106a_final_project/drone_simulation/install/tello_msgs/lib:${LD_LIBRARY_PATH} PYTHONPATH=/home/tyler/ros2_ws/106a_final_project/drone_simulation/install/tello_msgs/local/lib/python3.10/dist-packages:${PYTHONPATH} /usr/bin/cmake --install /home/tyler/ros2_ws/106a_final_project/drone_simulation/build/tello_driver
[0.366s] -- Install configuration: ""
[0.367s] -- Execute custom install script
[0.367s] -- Up-to-date symlink: /home/tyler/ros2_ws/106a_final_project/drone_simulation/install/tello_driver/share/tello_driver/environment/library_path.sh
[0.367s] -- Up-to-date symlink: /home/tyler/ros2_ws/106a_final_project/drone_simulation/install/tello_driver/share/tello_driver/environment/library_path.dsv
[0.367s] -- Up-to-date symlink: /home/tyler/ros2_ws/106a_final_project/drone_simulation/install/tello_driver/lib/libtello_driver_node.so
[0.367s] -- Up-to-date symlink: /home/tyler/ros2_ws/106a_final_project/drone_simulation/install/tello_driver/lib/libtello_joy_node.so
[0.367s] -- Up-to-date symlink: /home/tyler/ros2_ws/106a_final_project/drone_simulation/install/tello_driver/lib/tello_driver/tello_driver_main
[0.367s] -- Up-to-date symlink: /home/tyler/ros2_ws/106a_final_project/drone_simulation/install/tello_driver/lib/tello_driver/tello_joy_main
[0.367s] -- Up-to-date symlink: /home/tyler/ros2_ws/106a_final_project/drone_simulation/install/tello_driver/lib/tello_driver/tello_emulator
[0.367s] -- Up-to-date symlink: /home/tyler/ros2_ws/106a_final_project/drone_simulation/install/tello_driver/share/tello_driver/cfg/camera_info.yaml
[0.367s] -- Up-to-date symlink: /home/tyler/ros2_ws/106a_final_project/drone_simulation/install/tello_driver/share/tello_driver/launch/emulator_launch.py
[0.368s] -- Up-to-date symlink: /home/tyler/ros2_ws/106a_final_project/drone_simulation/install/tello_driver/share/tello_driver/launch/emulators_launch.py
[0.368s] -- Up-to-date symlink: /home/tyler/ros2_ws/106a_final_project/drone_simulation/install/tello_driver/share/tello_driver/launch/teleop_launch.py
[0.368s] -- Up-to-date symlink: /home/tyler/ros2_ws/106a_final_project/drone_simulation/install/tello_driver/share/ament_index/resource_index/package_run_dependencies/tello_driver
[0.368s] -- Up-to-date symlink: /home/tyler/ros2_ws/106a_final_project/drone_simulation/install/tello_driver/share/ament_index/resource_index/parent_prefix_path/tello_driver
[0.368s] -- Up-to-date symlink: /home/tyler/ros2_ws/106a_final_project/drone_simulation/install/tello_driver/share/tello_driver/environment/ament_prefix_path.sh
[0.368s] -- Up-to-date symlink: /home/tyler/ros2_ws/106a_final_project/drone_simulation/install/tello_driver/share/tello_driver/environment/ament_prefix_path.dsv
[0.368s] -- Up-to-date symlink: /home/tyler/ros2_ws/106a_final_project/drone_simulation/install/tello_driver/share/tello_driver/environment/path.sh
[0.368s] -- Up-to-date symlink: /home/tyler/ros2_ws/106a_final_project/drone_simulation/install/tello_driver/share/tello_driver/environment/path.dsv
[0.368s] -- Up-to-date symlink: /home/tyler/ros2_ws/106a_final_project/drone_simulation/install/tello_driver/share/tello_driver/local_setup.bash
[0.368s] -- Up-to-date symlink: /home/tyler/ros2_ws/106a_final_project/drone_simulation/install/tello_driver/share/tello_driver/local_setup.sh
[0.368s] -- Up-to-date symlink: /home/tyler/ros2_ws/106a_final_project/drone_simulation/install/tello_driver/share/tello_driver/local_setup.zsh
[0.368s] -- Up-to-date symlink: /home/tyler/ros2_ws/106a_final_project/drone_simulation/install/tello_driver/share/tello_driver/local_setup.dsv
[0.368s] -- Symlinking: /home/tyler/ros2_ws/106a_final_project/drone_simulation/install/tello_driver/share/tello_driver/package.dsv
[0.374s] -- Up-to-date symlink: /home/tyler/ros2_ws/106a_final_project/drone_simulation/install/tello_driver/share/ament_index/resource_index/packages/tello_driver
[0.374s] -- Up-to-date symlink: /home/tyler/ros2_ws/106a_final_project/drone_simulation/install/tello_driver/share/ament_index/resource_index/rclcpp_components/tello_driver
[0.374s] -- Up-to-date symlink: /home/tyler/ros2_ws/106a_final_project/drone_simulation/install/tello_driver/share/tello_driver/cmake/tello_driverConfig.cmake
[0.374s] -- Up-to-date symlink: /home/tyler/ros2_ws/106a_final_project/drone_simulation/install/tello_driver/share/tello_driver/cmake/tello_driverConfig-version.cmake
[0.374s] -- Up-to-date symlink: /home/tyler/ros2_ws/106a_final_project/drone_simulation/install/tello_driver/share/tello_driver/package.xml
[0.376s] Invoked command in '/home/tyler/ros2_ws/106a_final_project/drone_simulation/build/tello_driver' returned '0': AMENT_PREFIX_PATH=/home/tyler/ros2_ws/106a_final_project/drone_simulation/install/tello_msgs:/home/tyler/ros2_ws/106a_final_project/drone_simulation/install/ros2_shared:${AMENT_PREFIX_PATH} CMAKE_PREFIX_PATH=/home/tyler/ros2_ws/106a_final_project/drone_simulation/install/tello_msgs:/home/tyler/ros2_ws/106a_final_project/drone_simulation/install/ros2_shared:/opt/ros/humble LD_LIBRARY_PATH=/home/tyler/ros2_ws/106a_final_project/drone_simulation/install/tello_msgs/lib:${LD_LIBRARY_PATH} PYTHONPATH=/home/tyler/ros2_ws/106a_final_project/drone_simulation/install/tello_msgs/local/lib/python3.10/dist-packages:${PYTHONPATH} /usr/bin/cmake --install /home/tyler/ros2_ws/106a_final_project/drone_simulation/build/tello_driver
