[0.130s] Invoking command in '/home/tyler/ros_workspaces/drone_simulation/build/tello_description': CMAKE_PREFIX_PATH=${CMAKE_PREFIX_PATH}:/home/tyler/ros_workspaces/drone_simulation/install/my_drone_vision:/opt/ros/humble /usr/bin/cmake /home/tyler/ros_workspaces/drone_simulation/src/tello_ros/tello_description -DCMAKE_INSTALL_PREFIX=/home/tyler/ros_workspaces/drone_simulation/install/tello_description
[0.191s] -- The C compiler identification is GNU 11.4.0
[0.410s] -- The CXX compiler identification is GNU 11.4.0
[0.534s] -- Detecting C compiler ABI info
[0.604s] -- Detecting C compiler ABI info - done
[0.608s] -- Check for working C compiler: /usr/bin/cc - skipped
[0.609s] -- Detecting C compile features
[0.609s] -- Detecting C compile features - done
[0.612s] -- Detecting CXX compiler ABI info
[0.680s] -- Detecting CXX compiler ABI info - done
[0.684s] -- Check for working CXX compiler: /usr/bin/c++ - skipped
[0.684s] -- Detecting CXX compile features
[0.684s] -- Detecting CXX compile features - done
[0.689s] -- Found ament_cmake: 1.3.14 (/opt/ros/humble/share/ament_cmake/cmake)
[0.777s] -- Found Python3: /usr/bin/python3 (found version "3.10.12") found components: Interpreter 
[0.841s] -- creating rules for /home/tyler/ros_workspaces/drone_simulation/build/tello_description/urdf/tello.urdf
[0.841s] -- creating rules for /home/tyler/ros_workspaces/drone_simulation/build/tello_description/urdf/tello_1.urdf
[0.842s] -- creating rules for /home/tyler/ros_workspaces/drone_simulation/build/tello_description/urdf/tello_2.urdf
[0.842s] -- creating rules for /home/tyler/ros_workspaces/drone_simulation/build/tello_description/urdf/tello_3.urdf
[0.842s] -- creating rules for /home/tyler/ros_workspaces/drone_simulation/build/tello_description/urdf/tello_4.urdf
[0.842s] -- creating rules for /home/tyler/ros_workspaces/drone_simulation/build/tello_description/urdf/tello_5.urdf
[0.842s] -- creating rules for /home/tyler/ros_workspaces/drone_simulation/build/tello_description/urdf/tello_6.urdf
[0.842s] -- creating rules for /home/tyler/ros_workspaces/drone_simulation/build/tello_description/urdf/tello_7.urdf
[0.842s] -- creating rules for /home/tyler/ros_workspaces/drone_simulation/build/tello_description/urdf/tello_8.urdf
[0.879s] -- Configuring done
[0.883s] -- Generating done
[0.884s] -- Build files have been written to: /home/tyler/ros_workspaces/drone_simulation/build/tello_description
[0.887s] Invoked command in '/home/tyler/ros_workspaces/drone_simulation/build/tello_description' returned '0': CMAKE_PREFIX_PATH=${CMAKE_PREFIX_PATH}:/home/tyler/ros_workspaces/drone_simulation/install/my_drone_vision:/opt/ros/humble /usr/bin/cmake /home/tyler/ros_workspaces/drone_simulation/src/tello_ros/tello_description -DCMAKE_INSTALL_PREFIX=/home/tyler/ros_workspaces/drone_simulation/install/tello_description
[0.888s] Invoking command in '/home/tyler/ros_workspaces/drone_simulation/build/tello_description': CMAKE_PREFIX_PATH=${CMAKE_PREFIX_PATH}:/home/tyler/ros_workspaces/drone_simulation/install/my_drone_vision:/opt/ros/humble /usr/bin/cmake --build /home/tyler/ros_workspaces/drone_simulation/build/tello_description -- -j24 -l24
[0.915s] [ 11%] [34m[1mGenerate /home/tyler/ros_workspaces/drone_simulation/build/tello_description/urdf/tello_4.urdf[0m
[0.916s] [ 22%] [34m[1mGenerate /home/tyler/ros_workspaces/drone_simulation/build/tello_description/urdf/tello_8.urdf[0m
[0.916s] [ 33%] [34m[1mGenerate /home/tyler/ros_workspaces/drone_simulation/build/tello_description/urdf/tello_2.urdf[0m
[0.916s] [ 44%] [34m[1mGenerate /home/tyler/ros_workspaces/drone_simulation/build/tello_description/urdf/tello_1.urdf[0m
[0.916s] [ 55%] [34m[1mGenerate /home/tyler/ros_workspaces/drone_simulation/build/tello_description/urdf/tello_7.urdf[0m
[0.916s] [ 66%] [34m[1mGenerate /home/tyler/ros_workspaces/drone_simulation/build/tello_description/urdf/tello_3.urdf[0m
[0.916s] [ 77%] [34m[1mGenerate /home/tyler/ros_workspaces/drone_simulation/build/tello_description/urdf/tello.urdf[0m
[0.917s] [ 88%] [34m[1mGenerate /home/tyler/ros_workspaces/drone_simulation/build/tello_description/urdf/tello_6.urdf[0m
[0.917s] [100%] [34m[1mGenerate /home/tyler/ros_workspaces/drone_simulation/build/tello_description/urdf/tello_5.urdf[0m
[0.938s] [100%] Built target generate_urdf_6
[0.938s] [100%] Built target generate_urdf_8
[0.939s] [100%] Built target generate_urdf
[0.940s] [100%] Built target generate_urdf_2
[0.940s] [100%] Built target generate_urdf_5
[0.941s] [100%] Built target generate_urdf_4
[0.942s] [100%] Built target generate_urdf_3
[0.942s] [100%] Built target generate_urdf_1
[0.945s] [100%] Built target generate_urdf_7
[0.952s] Invoked command in '/home/tyler/ros_workspaces/drone_simulation/build/tello_description' returned '0': CMAKE_PREFIX_PATH=${CMAKE_PREFIX_PATH}:/home/tyler/ros_workspaces/drone_simulation/install/my_drone_vision:/opt/ros/humble /usr/bin/cmake --build /home/tyler/ros_workspaces/drone_simulation/build/tello_description -- -j24 -l24
[0.958s] Invoking command in '/home/tyler/ros_workspaces/drone_simulation/build/tello_description': CMAKE_PREFIX_PATH=${CMAKE_PREFIX_PATH}:/home/tyler/ros_workspaces/drone_simulation/install/my_drone_vision:/opt/ros/humble /usr/bin/cmake --install /home/tyler/ros_workspaces/drone_simulation/build/tello_description
[0.961s] -- Install configuration: ""
[0.961s] -- Installing: /home/tyler/ros_workspaces/drone_simulation/install/tello_description/share/tello_description/urdf
[0.961s] -- Installing: /home/tyler/ros_workspaces/drone_simulation/install/tello_description/share/tello_description/urdf/tello_3.urdf
[0.961s] -- Installing: /home/tyler/ros_workspaces/drone_simulation/install/tello_description/share/tello_description/urdf/tello_4.urdf
[0.962s] -- Installing: /home/tyler/ros_workspaces/drone_simulation/install/tello_description/share/tello_description/urdf/tello.urdf
[0.962s] -- Installing: /home/tyler/ros_workspaces/drone_simulation/install/tello_description/share/tello_description/urdf/tello_5.urdf
[0.962s] -- Installing: /home/tyler/ros_workspaces/drone_simulation/install/tello_description/share/tello_description/urdf/tello_8.urdf
[0.962s] -- Installing: /home/tyler/ros_workspaces/drone_simulation/install/tello_description/share/tello_description/urdf/tello_7.urdf
[0.962s] -- Installing: /home/tyler/ros_workspaces/drone_simulation/install/tello_description/share/tello_description/urdf/tello_1.urdf
[0.962s] -- Installing: /home/tyler/ros_workspaces/drone_simulation/install/tello_description/share/tello_description/urdf/tello_2.urdf
[0.962s] -- Installing: /home/tyler/ros_workspaces/drone_simulation/install/tello_description/share/tello_description/urdf/tello_6.urdf
[0.962s] -- Installing: /home/tyler/ros_workspaces/drone_simulation/install/tello_description/share/ament_index/resource_index/package_run_dependencies/tello_description
[0.962s] -- Installing: /home/tyler/ros_workspaces/drone_simulation/install/tello_description/share/ament_index/resource_index/parent_prefix_path/tello_description
[0.962s] -- Installing: /home/tyler/ros_workspaces/drone_simulation/install/tello_description/share/tello_description/environment/ament_prefix_path.sh
[0.962s] -- Installing: /home/tyler/ros_workspaces/drone_simulation/install/tello_description/share/tello_description/environment/ament_prefix_path.dsv
[0.963s] -- Installing: /home/tyler/ros_workspaces/drone_simulation/install/tello_description/share/tello_description/environment/path.sh
[0.963s] -- Installing: /home/tyler/ros_workspaces/drone_simulation/install/tello_description/share/tello_description/environment/path.dsv
[0.963s] -- Installing: /home/tyler/ros_workspaces/drone_simulation/install/tello_description/share/tello_description/local_setup.bash
[0.963s] -- Installing: /home/tyler/ros_workspaces/drone_simulation/install/tello_description/share/tello_description/local_setup.sh
[0.963s] -- Installing: /home/tyler/ros_workspaces/drone_simulation/install/tello_description/share/tello_description/local_setup.zsh
[0.963s] -- Installing: /home/tyler/ros_workspaces/drone_simulation/install/tello_description/share/tello_description/local_setup.dsv
[0.963s] -- Installing: /home/tyler/ros_workspaces/drone_simulation/install/tello_description/share/tello_description/package.dsv
[0.963s] -- Installing: /home/tyler/ros_workspaces/drone_simulation/install/tello_description/share/ament_index/resource_index/packages/tello_description
[0.963s] -- Installing: /home/tyler/ros_workspaces/drone_simulation/install/tello_description/share/tello_description/cmake/tello_descriptionConfig.cmake
[0.963s] -- Installing: /home/tyler/ros_workspaces/drone_simulation/install/tello_description/share/tello_description/cmake/tello_descriptionConfig-version.cmake
[0.963s] -- Installing: /home/tyler/ros_workspaces/drone_simulation/install/tello_description/share/tello_description/package.xml
[0.964s] Invoked command in '/home/tyler/ros_workspaces/drone_simulation/build/tello_description' returned '0': CMAKE_PREFIX_PATH=${CMAKE_PREFIX_PATH}:/home/tyler/ros_workspaces/drone_simulation/install/my_drone_vision:/opt/ros/humble /usr/bin/cmake --install /home/tyler/ros_workspaces/drone_simulation/build/tello_description
