[0.006s] Invoking command in '/home/tyler/ros2_ws/106a_final_project/drone_simulation/build/tello_gazebo': AMENT_PREFIX_PATH=/home/tyler/ros2_ws/106a_final_project/drone_simulation/install/tello_msgs:${AMENT_PREFIX_PATH} CMAKE_PREFIX_PATH=/home/tyler/ros2_ws/106a_final_project/drone_simulation/install/tello_msgs:/opt/ros/humble LD_LIBRARY_PATH=/home/tyler/ros2_ws/106a_final_project/drone_simulation/install/tello_msgs/lib:${LD_LIBRARY_PATH} PYTHONPATH=/home/tyler/ros2_ws/106a_final_project/drone_simulation/install/tello_msgs/local/lib/python3.10/dist-packages:${PYTHONPATH} /usr/bin/cmake /home/tyler/ros2_ws/106a_final_project/drone_simulation/src/tello_ros/tello_gazebo -DAMENT_CMAKE_SYMLINK_INSTALL=1 -DCMAKE_INSTALL_PREFIX=/home/tyler/ros2_ws/106a_final_project/drone_simulation/install/tello_gazebo
[0.041s] -- The C compiler identification is GNU 11.4.0
[0.075s] -- The CXX compiler identification is GNU 11.4.0
[0.079s] -- Detecting C compiler ABI info
[0.119s] -- Detecting C compiler ABI info - done
[0.125s] -- Check for working C compiler: /usr/bin/cc - skipped
[0.126s] -- Detecting C compile features
[0.126s] -- Detecting C compile features - done
[0.128s] -- Detecting CXX compiler ABI info
[0.179s] -- Detecting CXX compiler ABI info - done
[0.183s] -- Check for working CXX compiler: /usr/bin/c++ - skipped
[0.183s] -- Detecting CXX compile features
[0.183s] -- Detecting CXX compile features - done
[0.184s] -- Found ament_cmake: 1.3.14 (/opt/ros/humble/share/ament_cmake/cmake)
[0.270s] -- Found Python3: /usr/bin/python3 (found version "3.10.12") found components: Interpreter 
[0.302s] -- Override CMake install command with custom implementation using symlinks instead of copying resources
[0.316s] [33mCMake Warning (dev) at /usr/share/cmake-3.22/Modules/FindPackageHandleStandardArgs.cmake:438 (message):
[0.317s]   The package name passed to `find_package_handle_standard_args` (PkgConfig)
[0.317s]   does not match the name of the calling package (gazebo).  This can lead to
[0.317s]   problems in calling code that expects `find_package` result variables
[0.317s]   (e.g., `_FOUND`) to follow a certain pattern.
[0.317s] Call Stack (most recent call first):
[0.317s]   /usr/share/cmake-3.22/Modules/FindPkgConfig.cmake:99 (find_package_handle_standard_args)
[0.317s]   /usr/lib/x86_64-linux-gnu/cmake/gazebo/gazebo-config.cmake:72 (include)
[0.317s]   CMakeLists.txt:27 (find_package)
[0.317s] This warning is for project developers.  Use -Wno-dev to suppress it.
[0.317s] [0m
[0.317s] -- Found PkgConfig: /usr/bin/pkg-config (found version "0.29.2") 
[0.320s] -- Checking for module 'bullet>=2.82'
[0.328s] --   Found bullet, version 3.05
[0.387s] -- Found fcl: /usr/include (found suitable version "0.7.0", minimum required is "0.5.0") 
[0.416s] -- Found assimp: /usr/include (found version "5.2.0") 
[0.427s] -- Found DART: /usr/include (Required is at least version "6.6") found components: dart 
[0.529s] -- Found Boost: /usr/lib/x86_64-linux-gnu/cmake/Boost-1.74.0/BoostConfig.cmake (found suitable version "1.74.0", minimum required is "1.40.0") found components: thread system filesystem program_options regex iostreams date_time 
[0.539s] -- Found Protobuf: /usr/lib/x86_64-linux-gnu/libprotobuf.so (found version "3.12.4") 
[0.540s] -- Looking for ignition-math6 -- found version 6.15.1
[0.543s] -- Searching for dependencies of ignition-math6
[0.544s] -- Looking for OGRE...
[0.544s] -- OGRE_PREFIX_WATCH changed.
[0.548s] -- Checking for module 'OGRE'
[0.556s] --   Found OGRE, version 1.9.0
[0.577s] -- Found Ogre Ghadamon (1.9.0)
[0.582s] -- Found OGRE: optimized;/usr/lib/x86_64-linux-gnu/libOgreMain.so;debug;/usr/lib/x86_64-linux-gnu/libOgreMain.so
[0.587s] -- Looking for OGRE_Paging...
[0.589s] -- Found OGRE_Paging: optimized;/usr/lib/x86_64-linux-gnu/libOgrePaging.so;debug;/usr/lib/x86_64-linux-gnu/libOgrePaging.so
[0.590s] -- Looking for OGRE_Terrain...
[0.592s] -- Found OGRE_Terrain: optimized;/usr/lib/x86_64-linux-gnu/libOgreTerrain.so;debug;/usr/lib/x86_64-linux-gnu/libOgreTerrain.so
[0.592s] -- Looking for OGRE_Property...
[0.594s] -- Found OGRE_Property: optimized;/usr/lib/x86_64-linux-gnu/libOgreProperty.so;debug;/usr/lib/x86_64-linux-gnu/libOgreProperty.so
[0.594s] -- Looking for OGRE_RTShaderSystem...
[0.596s] -- Found OGRE_RTShaderSystem: optimized;/usr/lib/x86_64-linux-gnu/libOgreRTShaderSystem.so;debug;/usr/lib/x86_64-linux-gnu/libOgreRTShaderSystem.so
[0.596s] -- Looking for OGRE_Volume...
[0.598s] -- Found OGRE_Volume: optimized;/usr/lib/x86_64-linux-gnu/libOgreVolume.so;debug;/usr/lib/x86_64-linux-gnu/libOgreVolume.so
[0.598s] -- Looking for OGRE_Overlay...
[0.600s] -- Found OGRE_Overlay: optimized;/usr/lib/x86_64-linux-gnu/libOgreOverlay.so;debug;/usr/lib/x86_64-linux-gnu/libOgreOverlay.so
[0.644s] -- Looking for ignition-math6 -- found version 6.15.1
[0.644s] -- Looking for ignition-transport8 -- found version 8.2.1
[0.645s] -- Searching for dependencies of ignition-transport8
[0.653s] -- Found Protobuf: /usr/lib/x86_64-linux-gnu/libprotobuf.so (found suitable version "3.12.4", minimum required is "3") 
[0.658s] -- Config-file not installed for ZeroMQ -- checking for pkg-config
[0.661s] -- Checking for module 'libzmq >= 4'
[0.669s] --   Found libzmq , version 4.3.4
[0.692s] -- Found ZeroMQ: TRUE (Required is at least version "4") 
[0.696s] -- Checking for module 'uuid'
[0.705s] --   Found uuid, version 2.37.2
[0.726s] -- Found UUID: TRUE  
[0.727s] -- Looking for ignition-msgs5 -- found version 5.8.1
[0.728s] -- Searching for dependencies of ignition-msgs5
[0.742s] -- Looking for ignition-math6 -- found version 6.15.1
[0.745s] -- Checking for module 'tinyxml2'
[0.754s] --   Found tinyxml2, version 9.0.0
[0.777s] -- Looking for ignition-msgs5 -- found version 5.8.1
[0.778s] -- Looking for ignition-common3 -- found version 3.14.0
[0.779s] -- Searching for dependencies of ignition-common3
[0.779s] -- Looking for dlfcn.h - found
[0.780s] -- Looking for libdl - found
[0.781s] -- Found DL: TRUE  
[0.788s] -- Found tinyobjloader: /usr/lib/x86_64-linux-gnu/cmake/tinyobjloader/tinyobjloader-config.cmake (found version "2.0.0") 
[0.789s] -- Searching for <ignition-common3> component [graphics]
[0.789s] -- Looking for ignition-common3-graphics -- found version 3.14.0
[0.790s] -- Searching for dependencies of ignition-common3-graphics
[0.790s] -- Looking for ignition-math6 -- found version 6.15.1
[0.791s] -- Looking for ignition-fuel_tools4 -- found version 4.4.0
[0.791s] -- Searching for dependencies of ignition-fuel_tools4
[0.845s] -- Found CURL: /usr/lib/x86_64-linux-gnu/libcurl.so (found version "7.81.0")  
[0.852s] -- Checking for module 'jsoncpp'
[0.860s] --   Found jsoncpp, version 1.9.5
[0.880s] -- Found JSONCPP: TRUE  
[0.884s] -- Checking for module 'libzip'
[0.892s] --   Found libzip, version 1.7.3
[0.912s] -- Found ZIP: TRUE  
[0.912s] -- Looking for ignition-common3 -- found version 3.14.0
[0.913s] -- Looking for ignition-math6 -- found version 6.15.1
[0.913s] -- Looking for ignition-msgs5 -- found version 5.8.1
[0.915s] -- Found gazebo_dev: 3.9.0 (/opt/ros/humble/share/gazebo_dev/cmake)
[0.915s] -- Gazebo version: 11.10
[0.915s] -- Checking for module 'tbb'
[0.924s] --   Found tbb, version 2021.5.0
[0.945s] -- Found gazebo_ros: 3.9.0 (/opt/ros/humble/share/gazebo_ros/cmake)
[0.965s] -- Found rosidl_generator_c: 3.1.8 (/opt/ros/humble/share/rosidl_generator_c/cmake)
[0.967s] -- Found rosidl_adapter: 3.1.8 (/opt/ros/humble/share/rosidl_adapter/cmake)
[0.972s] -- Found rosidl_generator_cpp: 3.1.8 (/opt/ros/humble/share/rosidl_generator_cpp/cmake)
[0.977s] -- Using all available rosidl_typesupport_c: rosidl_typesupport_fastrtps_c;rosidl_typesupport_introspection_c
[0.985s] -- Using all available rosidl_typesupport_cpp: rosidl_typesupport_fastrtps_cpp;rosidl_typesupport_introspection_cpp
[1.005s] -- Found rmw_implementation_cmake: 6.1.2 (/opt/ros/humble/share/rmw_implementation_cmake/cmake)
[1.006s] -- Found rmw_fastrtps_cpp: 6.2.10 (/opt/ros/humble/share/rmw_fastrtps_cpp/cmake)
[1.059s] -- Found OpenSSL: /usr/lib/x86_64-linux-gnu/libcrypto.so (found version "3.0.2")  
[1.073s] -- Found FastRTPS: /opt/ros/humble/include  
[1.096s] -- Using RMW implementation 'rmw_fastrtps_cpp' as default
[1.100s] -- Found Threads: TRUE  
[1.124s] -- Found geometry_msgs: 4.9.1 (/opt/ros/humble/share/geometry_msgs/cmake)
[1.131s] -- Found sensor_msgs: 4.9.1 (/opt/ros/humble/share/sensor_msgs/cmake)
[1.139s] -- Found tello_msgs: 0.1.0 (/home/tyler/ros2_ws/106a_final_project/drone_simulation/install/tello_msgs/share/tello_msgs/cmake)
[1.181s] -- Configuring done
[1.192s] -- Generating done
[1.195s] -- Build files have been written to: /home/tyler/ros2_ws/106a_final_project/drone_simulation/build/tello_gazebo
[1.202s] Invoked command in '/home/tyler/ros2_ws/106a_final_project/drone_simulation/build/tello_gazebo' returned '0': AMENT_PREFIX_PATH=/home/tyler/ros2_ws/106a_final_project/drone_simulation/install/tello_msgs:${AMENT_PREFIX_PATH} CMAKE_PREFIX_PATH=/home/tyler/ros2_ws/106a_final_project/drone_simulation/install/tello_msgs:/opt/ros/humble LD_LIBRARY_PATH=/home/tyler/ros2_ws/106a_final_project/drone_simulation/install/tello_msgs/lib:${LD_LIBRARY_PATH} PYTHONPATH=/home/tyler/ros2_ws/106a_final_project/drone_simulation/install/tello_msgs/local/lib/python3.10/dist-packages:${PYTHONPATH} /usr/bin/cmake /home/tyler/ros2_ws/106a_final_project/drone_simulation/src/tello_ros/tello_gazebo -DAMENT_CMAKE_SYMLINK_INSTALL=1 -DCMAKE_INSTALL_PREFIX=/home/tyler/ros2_ws/106a_final_project/drone_simulation/install/tello_gazebo
[1.203s] Invoking command in '/home/tyler/ros2_ws/106a_final_project/drone_simulation/build/tello_gazebo': AMENT_PREFIX_PATH=/home/tyler/ros2_ws/106a_final_project/drone_simulation/install/tello_msgs:${AMENT_PREFIX_PATH} CMAKE_PREFIX_PATH=/home/tyler/ros2_ws/106a_final_project/drone_simulation/install/tello_msgs:/opt/ros/humble LD_LIBRARY_PATH=/home/tyler/ros2_ws/106a_final_project/drone_simulation/install/tello_msgs/lib:${LD_LIBRARY_PATH} PYTHONPATH=/home/tyler/ros2_ws/106a_final_project/drone_simulation/install/tello_msgs/local/lib/python3.10/dist-packages:${PYTHONPATH} /usr/bin/cmake --build /home/tyler/ros2_ws/106a_final_project/drone_simulation/build/tello_gazebo -- -j24 -l24
[1.235s] [ 50%] [32mBuilding CXX object CMakeFiles/TelloPlugin.dir/src/tello_plugin.cpp.o[0m
[10.519s] [100%] [32m[1mLinking CXX shared library libTelloPlugin.so[0m
[10.916s] [100%] Built target TelloPlugin
