[ 11%] [34m[1mGenerate /home/tyler/ros2_ws/106a_final_project/drone_simulation/build/tello_description/urdf/tello_6.urdf[0m
[ 22%] [34m[1mGenerate /home/tyler/ros2_ws/106a_final_project/drone_simulation/build/tello_description/urdf/tello_5.urdf[0m
[ 33%] [34m[1mGenerate /home/tyler/ros2_ws/106a_final_project/drone_simulation/build/tello_description/urdf/tello_4.urdf[0m
[ 44%] [34m[1mGenerate /home/tyler/ros2_ws/106a_final_project/drone_simulation/build/tello_description/urdf/tello_3.urdf[0m
[ 66%] [34m[1mGenerate /home/tyler/ros2_ws/106a_final_project/drone_simulation/build/tello_description/urdf/tello_2.urdf[0m
[ 66%] [34m[1mGenerate /home/tyler/ros2_ws/106a_final_project/drone_simulation/build/tello_description/urdf/tello_1.urdf[0m
[ 77%] [34m[1mGenerate /home/tyler/ros2_ws/106a_final_project/drone_simulation/build/tello_description/urdf/tello_8.urdf[0m
[100%] [34m[1mGenerate /home/tyler/ros2_ws/106a_final_project/drone_simulation/build/tello_description/urdf/tello_7.urdf[0m
[100%] [34m[1mGenerate /home/tyler/ros2_ws/106a_final_project/drone_simulation/build/tello_description/urdf/tello.urdf[0m
[100%] Built target generate_urdf_5
[100%] Built target generate_urdf_4
[100%] Built target generate_urdf_3
[100%] Built target generate_urdf_8
[100%] Built target generate_urdf_6
[100%] Built target generate_urdf
[100%] Built target generate_urdf_1
[100%] Built target generate_urdf_2
[100%] Built target generate_urdf_7
-- Install configuration: ""
-- Execute custom install script
-- Symlinking: /home/tyler/ros2_ws/106a_final_project/drone_simulation/install/tello_description/share/tello_description/urdf/tello.urdf
-- Symlinking: /home/tyler/ros2_ws/106a_final_project/drone_simulation/install/tello_description/share/tello_description/urdf/tello_1.urdf
-- Symlinking: /home/tyler/ros2_ws/106a_final_project/drone_simulation/install/tello_description/share/tello_description/urdf/tello_2.urdf
-- Symlinking: /home/tyler/ros2_ws/106a_final_project/drone_simulation/install/tello_description/share/tello_description/urdf/tello_3.urdf
-- Symlinking: /home/tyler/ros2_ws/106a_final_project/drone_simulation/install/tello_description/share/tello_description/urdf/tello_4.urdf
-- Symlinking: /home/tyler/ros2_ws/106a_final_project/drone_simulation/install/tello_description/share/tello_description/urdf/tello_5.urdf
-- Symlinking: /home/tyler/ros2_ws/106a_final_project/drone_simulation/install/tello_description/share/tello_description/urdf/tello_6.urdf
-- Symlinking: /home/tyler/ros2_ws/106a_final_project/drone_simulation/install/tello_description/share/tello_description/urdf/tello_7.urdf
-- Symlinking: /home/tyler/ros2_ws/106a_final_project/drone_simulation/install/tello_description/share/tello_description/urdf/tello_8.urdf
-- Symlinking: /home/tyler/ros2_ws/106a_final_project/drone_simulation/install/tello_description/share/ament_index/resource_index/package_run_dependencies/tello_description
-- Symlinking: /home/tyler/ros2_ws/106a_final_project/drone_simulation/install/tello_description/share/ament_index/resource_index/parent_prefix_path/tello_description
-- Symlinking: /home/tyler/ros2_ws/106a_final_project/drone_simulation/install/tello_description/share/tello_description/environment/ament_prefix_path.sh
-- Symlinking: /home/tyler/ros2_ws/106a_final_project/drone_simulation/install/tello_description/share/tello_description/environment/ament_prefix_path.dsv
-- Symlinking: /home/tyler/ros2_ws/106a_final_project/drone_simulation/install/tello_description/share/tello_description/environment/path.sh
-- Symlinking: /home/tyler/ros2_ws/106a_final_project/drone_simulation/install/tello_description/share/tello_description/environment/path.dsv
-- Symlinking: /home/tyler/ros2_ws/106a_final_project/drone_simulation/install/tello_description/share/tello_description/local_setup.bash
-- Symlinking: /home/tyler/ros2_ws/106a_final_project/drone_simulation/install/tello_description/share/tello_description/local_setup.sh
-- Symlinking: /home/tyler/ros2_ws/106a_final_project/drone_simulation/install/tello_description/share/tello_description/local_setup.zsh
-- Symlinking: /home/tyler/ros2_ws/106a_final_project/drone_simulation/install/tello_description/share/tello_description/local_setup.dsv
-- Symlinking: /home/tyler/ros2_ws/106a_final_project/drone_simulation/install/tello_description/share/tello_description/package.dsv
-- Symlinking: /home/tyler/ros2_ws/106a_final_project/drone_simulation/install/tello_description/share/ament_index/resource_index/packages/tello_description
-- Symlinking: /home/tyler/ros2_ws/106a_final_project/drone_simulation/install/tello_description/share/tello_description/cmake/tello_descriptionConfig.cmake
-- Symlinking: /home/tyler/ros2_ws/106a_final_project/drone_simulation/install/tello_description/share/tello_description/cmake/tello_descriptionConfig-version.cmake
-- Symlinking: /home/tyler/ros2_ws/106a_final_project/drone_simulation/install/tello_description/share/tello_description/package.xml
