[0.120s] Invoking command in '/home/tyler/ros2_ws/106a_final_project/drone_simulation/build/tello_description': CMAKE_PREFIX_PATH=/opt/ros/humble /usr/bin/cmake --build /home/tyler/ros2_ws/106a_final_project/drone_simulation/build/tello_description -- -j24 -l24
[0.150s] [ 11%] [34m[1mGenerate /home/tyler/ros2_ws/106a_final_project/drone_simulation/build/tello_description/urdf/tello_6.urdf[0m
[0.150s] [ 22%] [34m[1mGenerate /home/tyler/ros2_ws/106a_final_project/drone_simulation/build/tello_description/urdf/tello_5.urdf[0m
[0.151s] [ 33%] [34m[1mGenerate /home/tyler/ros2_ws/106a_final_project/drone_simulation/build/tello_description/urdf/tello_4.urdf[0m
[0.152s] [ 44%] [34m[1mGenerate /home/tyler/ros2_ws/106a_final_project/drone_simulation/build/tello_description/urdf/tello_3.urdf[0m
[0.152s] [ 66%] [34m[1mGenerate /home/tyler/ros2_ws/106a_final_project/drone_simulation/build/tello_description/urdf/tello_2.urdf[0m
[0.152s] [ 66%] [34m[1mGenerate /home/tyler/ros2_ws/106a_final_project/drone_simulation/build/tello_description/urdf/tello_1.urdf[0m
[0.153s] [ 77%] [34m[1mGenerate /home/tyler/ros2_ws/106a_final_project/drone_simulation/build/tello_description/urdf/tello_8.urdf[0m
[0.154s] [100%] [34m[1mGenerate /home/tyler/ros2_ws/106a_final_project/drone_simulation/build/tello_description/urdf/tello_7.urdf[0m
[0.154s] [100%] [34m[1mGenerate /home/tyler/ros2_ws/106a_final_project/drone_simulation/build/tello_description/urdf/tello.urdf[0m
[0.169s] [100%] Built target generate_urdf_5
[0.169s] [100%] Built target generate_urdf_4
[0.169s] [100%] Built target generate_urdf_3
[0.170s] [100%] Built target generate_urdf_8
[0.176s] [100%] Built target generate_urdf_6
[0.176s] [100%] Built target generate_urdf
[0.179s] [100%] Built target generate_urdf_1
[0.179s] [100%] Built target generate_urdf_2
[0.180s] [100%] Built target generate_urdf_7
[0.188s] Invoked command in '/home/tyler/ros2_ws/106a_final_project/drone_simulation/build/tello_description' returned '0': CMAKE_PREFIX_PATH=/opt/ros/humble /usr/bin/cmake --build /home/tyler/ros2_ws/106a_final_project/drone_simulation/build/tello_description -- -j24 -l24
[0.189s] Invoking command in '/home/tyler/ros2_ws/106a_final_project/drone_simulation/build/tello_description': CMAKE_PREFIX_PATH=/opt/ros/humble /usr/bin/cmake --install /home/tyler/ros2_ws/106a_final_project/drone_simulation/build/tello_description
[0.194s] -- Install configuration: ""
[0.194s] -- Execute custom install script
[0.194s] -- Symlinking: /home/tyler/ros2_ws/106a_final_project/drone_simulation/install/tello_description/share/tello_description/urdf/tello.urdf
[0.199s] -- Symlinking: /home/tyler/ros2_ws/106a_final_project/drone_simulation/install/tello_description/share/tello_description/urdf/tello_1.urdf
[0.205s] -- Symlinking: /home/tyler/ros2_ws/106a_final_project/drone_simulation/install/tello_description/share/tello_description/urdf/tello_2.urdf
[0.209s] -- Symlinking: /home/tyler/ros2_ws/106a_final_project/drone_simulation/install/tello_description/share/tello_description/urdf/tello_3.urdf
[0.214s] -- Symlinking: /home/tyler/ros2_ws/106a_final_project/drone_simulation/install/tello_description/share/tello_description/urdf/tello_4.urdf
[0.220s] -- Symlinking: /home/tyler/ros2_ws/106a_final_project/drone_simulation/install/tello_description/share/tello_description/urdf/tello_5.urdf
[0.225s] -- Symlinking: /home/tyler/ros2_ws/106a_final_project/drone_simulation/install/tello_description/share/tello_description/urdf/tello_6.urdf
[0.231s] -- Symlinking: /home/tyler/ros2_ws/106a_final_project/drone_simulation/install/tello_description/share/tello_description/urdf/tello_7.urdf
[0.235s] -- Symlinking: /home/tyler/ros2_ws/106a_final_project/drone_simulation/install/tello_description/share/tello_description/urdf/tello_8.urdf
[0.240s] -- Symlinking: /home/tyler/ros2_ws/106a_final_project/drone_simulation/install/tello_description/share/ament_index/resource_index/package_run_dependencies/tello_description
[0.244s] -- Symlinking: /home/tyler/ros2_ws/106a_final_project/drone_simulation/install/tello_description/share/ament_index/resource_index/parent_prefix_path/tello_description
[0.249s] -- Symlinking: /home/tyler/ros2_ws/106a_final_project/drone_simulation/install/tello_description/share/tello_description/environment/ament_prefix_path.sh
[0.254s] -- Symlinking: /home/tyler/ros2_ws/106a_final_project/drone_simulation/install/tello_description/share/tello_description/environment/ament_prefix_path.dsv
[0.259s] -- Symlinking: /home/tyler/ros2_ws/106a_final_project/drone_simulation/install/tello_description/share/tello_description/environment/path.sh
[0.264s] -- Symlinking: /home/tyler/ros2_ws/106a_final_project/drone_simulation/install/tello_description/share/tello_description/environment/path.dsv
[0.268s] -- Symlinking: /home/tyler/ros2_ws/106a_final_project/drone_simulation/install/tello_description/share/tello_description/local_setup.bash
[0.274s] -- Symlinking: /home/tyler/ros2_ws/106a_final_project/drone_simulation/install/tello_description/share/tello_description/local_setup.sh
[0.279s] -- Symlinking: /home/tyler/ros2_ws/106a_final_project/drone_simulation/install/tello_description/share/tello_description/local_setup.zsh
[0.283s] -- Symlinking: /home/tyler/ros2_ws/106a_final_project/drone_simulation/install/tello_description/share/tello_description/local_setup.dsv
[0.287s] -- Symlinking: /home/tyler/ros2_ws/106a_final_project/drone_simulation/install/tello_description/share/tello_description/package.dsv
[0.292s] -- Symlinking: /home/tyler/ros2_ws/106a_final_project/drone_simulation/install/tello_description/share/ament_index/resource_index/packages/tello_description
[0.295s] -- Symlinking: /home/tyler/ros2_ws/106a_final_project/drone_simulation/install/tello_description/share/tello_description/cmake/tello_descriptionConfig.cmake
[0.301s] -- Symlinking: /home/tyler/ros2_ws/106a_final_project/drone_simulation/install/tello_description/share/tello_description/cmake/tello_descriptionConfig-version.cmake
[0.305s] -- Symlinking: /home/tyler/ros2_ws/106a_final_project/drone_simulation/install/tello_description/share/tello_description/package.xml
[0.311s] Invoked command in '/home/tyler/ros2_ws/106a_final_project/drone_simulation/build/tello_description' returned '0': CMAKE_PREFIX_PATH=/opt/ros/humble /usr/bin/cmake --install /home/tyler/ros2_ws/106a_final_project/drone_simulation/build/tello_description
