[0.033s] Invoking command in '/home/tyler/ros_workspaces/drone_simulation/build/tello_gazebo': CMAKE_PREFIX_PATH=/home/tyler/ros_workspaces/drone_simulation/install/tello_msgs:/home/tyler/ros_workspaces/drone_simulation/install/tello_gazebo:/home/tyler/ros_workspaces/drone_simulation/install/tello_driver:/home/tyler/ros_workspaces/drone_simulation/install/tello_description:/home/tyler/ros_workspaces/drone_simulation/install/ros2_shared:/home/tyler/ros_workspaces/drone_simulation/install/my_drone_vision:/opt/ros/humble LD_LIBRARY_PATH=/home/tyler/ros_workspaces/drone_simulation/install/tello_msgs/lib:/home/tyler/ros_workspaces/drone_simulation/install/tello_gazebo/lib:/home/tyler/ros_workspaces/drone_simulation/install/tello_driver/lib:/usr/lib/x86_64-linux-gnu/gazebo-11/plugins:/opt/ros/humble/lib/x86_64-linux-gnu:/opt/ros/humble/lib:/usr/lib/x86_64-linux-gnu/nvidia:/usr/lib/x86_64-linux-gnu/nvidia /usr/bin/cmake --build /home/tyler/ros_workspaces/drone_simulation/build/tello_gazebo -- -j24 -l24
[0.076s] [100%] Built target TelloPlugin
[0.082s] Invoked command in '/home/tyler/ros_workspaces/drone_simulation/build/tello_gazebo' returned '0': CMAKE_PREFIX_PATH=/home/tyler/ros_workspaces/drone_simulation/install/tello_msgs:/home/tyler/ros_workspaces/drone_simulation/install/tello_gazebo:/home/tyler/ros_workspaces/drone_simulation/install/tello_driver:/home/tyler/ros_workspaces/drone_simulation/install/tello_description:/home/tyler/ros_workspaces/drone_simulation/install/ros2_shared:/home/tyler/ros_workspaces/drone_simulation/install/my_drone_vision:/opt/ros/humble LD_LIBRARY_PATH=/home/tyler/ros_workspaces/drone_simulation/install/tello_msgs/lib:/home/tyler/ros_workspaces/drone_simulation/install/tello_gazebo/lib:/home/tyler/ros_workspaces/drone_simulation/install/tello_driver/lib:/usr/lib/x86_64-linux-gnu/gazebo-11/plugins:/opt/ros/humble/lib/x86_64-linux-gnu:/opt/ros/humble/lib:/usr/lib/x86_64-linux-gnu/nvidia:/usr/lib/x86_64-linux-gnu/nvidia /usr/bin/cmake --build /home/tyler/ros_workspaces/drone_simulation/build/tello_gazebo -- -j24 -l24
[0.084s] Invoking command in '/home/tyler/ros_workspaces/drone_simulation/build/tello_gazebo': CMAKE_PREFIX_PATH=/home/tyler/ros_workspaces/drone_simulation/install/tello_msgs:/home/tyler/ros_workspaces/drone_simulation/install/tello_gazebo:/home/tyler/ros_workspaces/drone_simulation/install/tello_driver:/home/tyler/ros_workspaces/drone_simulation/install/tello_description:/home/tyler/ros_workspaces/drone_simulation/install/ros2_shared:/home/tyler/ros_workspaces/drone_simulation/install/my_drone_vision:/opt/ros/humble LD_LIBRARY_PATH=/home/tyler/ros_workspaces/drone_simulation/install/tello_msgs/lib:/home/tyler/ros_workspaces/drone_simulation/install/tello_gazebo/lib:/home/tyler/ros_workspaces/drone_simulation/install/tello_driver/lib:/usr/lib/x86_64-linux-gnu/gazebo-11/plugins:/opt/ros/humble/lib/x86_64-linux-gnu:/opt/ros/humble/lib:/usr/lib/x86_64-linux-gnu/nvidia:/usr/lib/x86_64-linux-gnu/nvidia /usr/bin/cmake --install /home/tyler/ros_workspaces/drone_simulation/build/tello_gazebo
[0.088s] -- Install configuration: ""
[0.089s] -- Up-to-date: /home/tyler/ros_workspaces/drone_simulation/install/tello_gazebo/lib/libTelloPlugin.so
[0.089s] -- Up-to-date: /home/tyler/ros_workspaces/drone_simulation/install/tello_gazebo/share/tello_gazebo/models
[0.089s] -- Up-to-date: /home/tyler/ros_workspaces/drone_simulation/install/tello_gazebo/share/tello_gazebo/models/marker_7
[0.090s] -- Up-to-date: /home/tyler/ros_workspaces/drone_simulation/install/tello_gazebo/share/tello_gazebo/models/marker_7/model.config
[0.090s] -- Up-to-date: /home/tyler/ros_workspaces/drone_simulation/install/tello_gazebo/share/tello_gazebo/models/marker_7/model.sdf
[0.090s] -- Up-to-date: /home/tyler/ros_workspaces/drone_simulation/install/tello_gazebo/share/tello_gazebo/models/marker_7/materials
[0.090s] -- Up-to-date: /home/tyler/ros_workspaces/drone_simulation/install/tello_gazebo/share/tello_gazebo/models/marker_7/materials/scripts
[0.090s] -- Up-to-date: /home/tyler/ros_workspaces/drone_simulation/install/tello_gazebo/share/tello_gazebo/models/marker_7/materials/scripts/marker_7.material
[0.090s] -- Up-to-date: /home/tyler/ros_workspaces/drone_simulation/install/tello_gazebo/share/tello_gazebo/models/marker_7/materials/textures
[0.091s] -- Up-to-date: /home/tyler/ros_workspaces/drone_simulation/install/tello_gazebo/share/tello_gazebo/models/marker_7/materials/textures/aruco_mark_7.svg
[0.091s] -- Up-to-date: /home/tyler/ros_workspaces/drone_simulation/install/tello_gazebo/share/tello_gazebo/models/marker_7/materials/textures/aruco_mark_7.png
[0.091s] -- Up-to-date: /home/tyler/ros_workspaces/drone_simulation/install/tello_gazebo/share/tello_gazebo/models/marker_2
[0.091s] -- Up-to-date: /home/tyler/ros_workspaces/drone_simulation/install/tello_gazebo/share/tello_gazebo/models/marker_2/model.config
[0.091s] -- Up-to-date: /home/tyler/ros_workspaces/drone_simulation/install/tello_gazebo/share/tello_gazebo/models/marker_2/model.sdf
[0.091s] -- Up-to-date: /home/tyler/ros_workspaces/drone_simulation/install/tello_gazebo/share/tello_gazebo/models/marker_2/materials
[0.091s] -- Up-to-date: /home/tyler/ros_workspaces/drone_simulation/install/tello_gazebo/share/tello_gazebo/models/marker_2/materials/scripts
[0.092s] -- Up-to-date: /home/tyler/ros_workspaces/drone_simulation/install/tello_gazebo/share/tello_gazebo/models/marker_2/materials/scripts/marker_2.material
[0.092s] -- Up-to-date: /home/tyler/ros_workspaces/drone_simulation/install/tello_gazebo/share/tello_gazebo/models/marker_2/materials/textures
[0.092s] -- Up-to-date: /home/tyler/ros_workspaces/drone_simulation/install/tello_gazebo/share/tello_gazebo/models/marker_2/materials/textures/aruco_mark_2.png
[0.092s] -- Up-to-date: /home/tyler/ros_workspaces/drone_simulation/install/tello_gazebo/share/tello_gazebo/models/marker_2/materials/textures/aruco_mark_2.svg
[0.092s] -- Up-to-date: /home/tyler/ros_workspaces/drone_simulation/install/tello_gazebo/share/tello_gazebo/models/marker_5
[0.092s] -- Up-to-date: /home/tyler/ros_workspaces/drone_simulation/install/tello_gazebo/share/tello_gazebo/models/marker_5/model.config
[0.092s] -- Up-to-date: /home/tyler/ros_workspaces/drone_simulation/install/tello_gazebo/share/tello_gazebo/models/marker_5/model.sdf
[0.092s] -- Up-to-date: /home/tyler/ros_workspaces/drone_simulation/install/tello_gazebo/share/tello_gazebo/models/marker_5/materials
[0.092s] -- Up-to-date: /home/tyler/ros_workspaces/drone_simulation/install/tello_gazebo/share/tello_gazebo/models/marker_5/materials/scripts
[0.093s] -- Up-to-date: /home/tyler/ros_workspaces/drone_simulation/install/tello_gazebo/share/tello_gazebo/models/marker_5/materials/scripts/marker_5.material
[0.093s] -- Up-to-date: /home/tyler/ros_workspaces/drone_simulation/install/tello_gazebo/share/tello_gazebo/models/marker_5/materials/textures
[0.093s] -- Up-to-date: /home/tyler/ros_workspaces/drone_simulation/install/tello_gazebo/share/tello_gazebo/models/marker_5/materials/textures/aruco_mark_5.png
[0.093s] -- Up-to-date: /home/tyler/ros_workspaces/drone_simulation/install/tello_gazebo/share/tello_gazebo/models/marker_5/materials/textures/aruco_mark_5.svg
[0.093s] -- Up-to-date: /home/tyler/ros_workspaces/drone_simulation/install/tello_gazebo/share/tello_gazebo/models/marker_3
[0.093s] -- Up-to-date: /home/tyler/ros_workspaces/drone_simulation/install/tello_gazebo/share/tello_gazebo/models/marker_3/model.config
[0.093s] -- Up-to-date: /home/tyler/ros_workspaces/drone_simulation/install/tello_gazebo/share/tello_gazebo/models/marker_3/model.sdf
[0.093s] -- Up-to-date: /home/tyler/ros_workspaces/drone_simulation/install/tello_gazebo/share/tello_gazebo/models/marker_3/materials
[0.093s] -- Up-to-date: /home/tyler/ros_workspaces/drone_simulation/install/tello_gazebo/share/tello_gazebo/models/marker_3/materials/scripts
[0.094s] -- Up-to-date: /home/tyler/ros_workspaces/drone_simulation/install/tello_gazebo/share/tello_gazebo/models/marker_3/materials/scripts/marker_3.material
[0.094s] -- Up-to-date: /home/tyler/ros_workspaces/drone_simulation/install/tello_gazebo/share/tello_gazebo/models/marker_3/materials/textures
[0.094s] -- Up-to-date: /home/tyler/ros_workspaces/drone_simulation/install/tello_gazebo/share/tello_gazebo/models/marker_3/materials/textures/aruco_mark_3.svg
[0.094s] -- Up-to-date: /home/tyler/ros_workspaces/drone_simulation/install/tello_gazebo/share/tello_gazebo/models/marker_3/materials/textures/aruco_mark_3.png
[0.094s] -- Up-to-date: /home/tyler/ros_workspaces/drone_simulation/install/tello_gazebo/share/tello_gazebo/models/marker_4
[0.094s] -- Up-to-date: /home/tyler/ros_workspaces/drone_simulation/install/tello_gazebo/share/tello_gazebo/models/marker_4/model.config
[0.094s] -- Up-to-date: /home/tyler/ros_workspaces/drone_simulation/install/tello_gazebo/share/tello_gazebo/models/marker_4/model.sdf
[0.094s] -- Up-to-date: /home/tyler/ros_workspaces/drone_simulation/install/tello_gazebo/share/tello_gazebo/models/marker_4/materials
[0.095s] -- Up-to-date: /home/tyler/ros_workspaces/drone_simulation/install/tello_gazebo/share/tello_gazebo/models/marker_4/materials/scripts
[0.095s] -- Up-to-date: /home/tyler/ros_workspaces/drone_simulation/install/tello_gazebo/share/tello_gazebo/models/marker_4/materials/scripts/marker_4.material
[0.095s] -- Up-to-date: /home/tyler/ros_workspaces/drone_simulation/install/tello_gazebo/share/tello_gazebo/models/marker_4/materials/textures
[0.095s] -- Up-to-date: /home/tyler/ros_workspaces/drone_simulation/install/tello_gazebo/share/tello_gazebo/models/marker_4/materials/textures/aruco_mark_4.svg
[0.095s] -- Up-to-date: /home/tyler/ros_workspaces/drone_simulation/install/tello_gazebo/share/tello_gazebo/models/marker_4/materials/textures/aruco_mark_4.png
[0.095s] -- Up-to-date: /home/tyler/ros_workspaces/drone_simulation/install/tello_gazebo/share/tello_gazebo/models/marker_0
[0.095s] -- Up-to-date: /home/tyler/ros_workspaces/drone_simulation/install/tello_gazebo/share/tello_gazebo/models/marker_0/model.config
[0.095s] -- Up-to-date: /home/tyler/ros_workspaces/drone_simulation/install/tello_gazebo/share/tello_gazebo/models/marker_0/model.sdf
[0.095s] -- Up-to-date: /home/tyler/ros_workspaces/drone_simulation/install/tello_gazebo/share/tello_gazebo/models/marker_0/materials
[0.096s] -- Up-to-date: /home/tyler/ros_workspaces/drone_simulation/install/tello_gazebo/share/tello_gazebo/models/marker_0/materials/scripts
[0.096s] -- Up-to-date: /home/tyler/ros_workspaces/drone_simulation/install/tello_gazebo/share/tello_gazebo/models/marker_0/materials/scripts/marker_0.material
[0.096s] -- Up-to-date: /home/tyler/ros_workspaces/drone_simulation/install/tello_gazebo/share/tello_gazebo/models/marker_0/materials/textures
[0.096s] -- Up-to-date: /home/tyler/ros_workspaces/drone_simulation/install/tello_gazebo/share/tello_gazebo/models/marker_0/materials/textures/aruco_mark_0.svg
[0.096s] -- Up-to-date: /home/tyler/ros_workspaces/drone_simulation/install/tello_gazebo/share/tello_gazebo/models/marker_0/materials/textures/aruco_mark_0.png
[0.096s] -- Up-to-date: /home/tyler/ros_workspaces/drone_simulation/install/tello_gazebo/share/tello_gazebo/models/marker_6
[0.097s] -- Up-to-date: /home/tyler/ros_workspaces/drone_simulation/install/tello_gazebo/share/tello_gazebo/models/marker_6/model.config
[0.097s] -- Up-to-date: /home/tyler/ros_workspaces/drone_simulation/install/tello_gazebo/share/tello_gazebo/models/marker_6/model.sdf
[0.097s] -- Up-to-date: /home/tyler/ros_workspaces/drone_simulation/install/tello_gazebo/share/tello_gazebo/models/marker_6/materials
[0.097s] -- Up-to-date: /home/tyler/ros_workspaces/drone_simulation/install/tello_gazebo/share/tello_gazebo/models/marker_6/materials/scripts
[0.097s] -- Up-to-date: /home/tyler/ros_workspaces/drone_simulation/install/tello_gazebo/share/tello_gazebo/models/marker_6/materials/scripts/marker_6.material
[0.097s] -- Up-to-date: /home/tyler/ros_workspaces/drone_simulation/install/tello_gazebo/share/tello_gazebo/models/marker_6/materials/textures
[0.097s] -- Up-to-date: /home/tyler/ros_workspaces/drone_simulation/install/tello_gazebo/share/tello_gazebo/models/marker_6/materials/textures/aruco_mark_6.png
[0.098s] -- Up-to-date: /home/tyler/ros_workspaces/drone_simulation/install/tello_gazebo/share/tello_gazebo/models/marker_6/materials/textures/aruco_mark_6.svg
[0.098s] -- Up-to-date: /home/tyler/ros_workspaces/drone_simulation/install/tello_gazebo/share/tello_gazebo/models/marker_1
[0.098s] -- Up-to-date: /home/tyler/ros_workspaces/drone_simulation/install/tello_gazebo/share/tello_gazebo/models/marker_1/model.config
[0.098s] -- Up-to-date: /home/tyler/ros_workspaces/drone_simulation/install/tello_gazebo/share/tello_gazebo/models/marker_1/model.sdf
[0.098s] -- Up-to-date: /home/tyler/ros_workspaces/drone_simulation/install/tello_gazebo/share/tello_gazebo/models/marker_1/materials
[0.098s] -- Up-to-date: /home/tyler/ros_workspaces/drone_simulation/install/tello_gazebo/share/tello_gazebo/models/marker_1/materials/scripts
[0.098s] -- Up-to-date: /home/tyler/ros_workspaces/drone_simulation/install/tello_gazebo/share/tello_gazebo/models/marker_1/materials/scripts/marker_1.material
[0.098s] -- Up-to-date: /home/tyler/ros_workspaces/drone_simulation/install/tello_gazebo/share/tello_gazebo/models/marker_1/materials/textures
[0.099s] -- Up-to-date: /home/tyler/ros_workspaces/drone_simulation/install/tello_gazebo/share/tello_gazebo/models/marker_1/materials/textures/aruco_mark_1.svg
[0.099s] -- Up-to-date: /home/tyler/ros_workspaces/drone_simulation/install/tello_gazebo/share/tello_gazebo/models/marker_1/materials/textures/aruco_mark_1.png
[0.099s] -- Up-to-date: /home/tyler/ros_workspaces/drone_simulation/install/tello_gazebo/share/tello_gazebo/worlds
[0.099s] -- Up-to-date: /home/tyler/ros_workspaces/drone_simulation/install/tello_gazebo/share/tello_gazebo/worlds/fiducial.world
[0.099s] -- Up-to-date: /home/tyler/ros_workspaces/drone_simulation/install/tello_gazebo/share/tello_gazebo/worlds/simple.world
[0.099s] -- Up-to-date: /home/tyler/ros_workspaces/drone_simulation/install/tello_gazebo/share/tello_gazebo/worlds/fiducial_map.yaml
[0.099s] -- Up-to-date: /home/tyler/ros_workspaces/drone_simulation/install/tello_gazebo/share/tello_gazebo/worlds/f2_map.yaml
[0.099s] -- Up-to-date: /home/tyler/ros_workspaces/drone_simulation/install/tello_gazebo/share/tello_gazebo/worlds/f2.world
[0.099s] -- Up-to-date: /home/tyler/ros_workspaces/drone_simulation/install/tello_gazebo/share/tello_gazebo/worlds/build_world.py
[0.099s] -- Up-to-date: /home/tyler/ros_workspaces/drone_simulation/install/tello_gazebo/share/tello_gazebo/launch
[0.099s] -- Up-to-date: /home/tyler/ros_workspaces/drone_simulation/install/tello_gazebo/share/tello_gazebo/launch/simple_launch.py
[0.100s] -- Up-to-date: /home/tyler/ros_workspaces/drone_simulation/install/tello_gazebo/share/tello_gazebo/launch/vlam_launch.py
[0.100s] -- Up-to-date: /home/tyler/ros_workspaces/drone_simulation/install/tello_gazebo/lib/tello_gazebo/inject_entity.py
[0.100s] -- Up-to-date: /home/tyler/ros_workspaces/drone_simulation/install/tello_gazebo/share/ament_index/resource_index/package_run_dependencies/tello_gazebo
[0.100s] -- Up-to-date: /home/tyler/ros_workspaces/drone_simulation/install/tello_gazebo/share/ament_index/resource_index/parent_prefix_path/tello_gazebo
[0.100s] -- Up-to-date: /home/tyler/ros_workspaces/drone_simulation/install/tello_gazebo/share/tello_gazebo/environment/ament_prefix_path.sh
[0.100s] -- Up-to-date: /home/tyler/ros_workspaces/drone_simulation/install/tello_gazebo/share/tello_gazebo/environment/ament_prefix_path.dsv
[0.100s] -- Up-to-date: /home/tyler/ros_workspaces/drone_simulation/install/tello_gazebo/share/tello_gazebo/environment/path.sh
[0.100s] -- Up-to-date: /home/tyler/ros_workspaces/drone_simulation/install/tello_gazebo/share/tello_gazebo/environment/path.dsv
[0.100s] -- Up-to-date: /home/tyler/ros_workspaces/drone_simulation/install/tello_gazebo/share/tello_gazebo/local_setup.bash
[0.100s] -- Up-to-date: /home/tyler/ros_workspaces/drone_simulation/install/tello_gazebo/share/tello_gazebo/local_setup.sh
[0.100s] -- Up-to-date: /home/tyler/ros_workspaces/drone_simulation/install/tello_gazebo/share/tello_gazebo/local_setup.zsh
[0.100s] -- Up-to-date: /home/tyler/ros_workspaces/drone_simulation/install/tello_gazebo/share/tello_gazebo/local_setup.dsv
[0.100s] -- Installing: /home/tyler/ros_workspaces/drone_simulation/install/tello_gazebo/share/tello_gazebo/package.dsv
[0.100s] -- Up-to-date: /home/tyler/ros_workspaces/drone_simulation/install/tello_gazebo/share/ament_index/resource_index/packages/tello_gazebo
[0.101s] -- Up-to-date: /home/tyler/ros_workspaces/drone_simulation/install/tello_gazebo/share/tello_gazebo/cmake/tello_gazeboConfig.cmake
[0.101s] -- Up-to-date: /home/tyler/ros_workspaces/drone_simulation/install/tello_gazebo/share/tello_gazebo/cmake/tello_gazeboConfig-version.cmake
[0.101s] -- Up-to-date: /home/tyler/ros_workspaces/drone_simulation/install/tello_gazebo/share/tello_gazebo/package.xml
[0.102s] Invoked command in '/home/tyler/ros_workspaces/drone_simulation/build/tello_gazebo' returned '0': CMAKE_PREFIX_PATH=/home/tyler/ros_workspaces/drone_simulation/install/tello_msgs:/home/tyler/ros_workspaces/drone_simulation/install/tello_gazebo:/home/tyler/ros_workspaces/drone_simulation/install/tello_driver:/home/tyler/ros_workspaces/drone_simulation/install/tello_description:/home/tyler/ros_workspaces/drone_simulation/install/ros2_shared:/home/tyler/ros_workspaces/drone_simulation/install/my_drone_vision:/opt/ros/humble LD_LIBRARY_PATH=/home/tyler/ros_workspaces/drone_simulation/install/tello_msgs/lib:/home/tyler/ros_workspaces/drone_simulation/install/tello_gazebo/lib:/home/tyler/ros_workspaces/drone_simulation/install/tello_driver/lib:/usr/lib/x86_64-linux-gnu/gazebo-11/plugins:/opt/ros/humble/lib/x86_64-linux-gnu:/opt/ros/humble/lib:/usr/lib/x86_64-linux-gnu/nvidia:/usr/lib/x86_64-linux-gnu/nvidia /usr/bin/cmake --install /home/tyler/ros_workspaces/drone_simulation/build/tello_gazebo
