[0.008s] Invoking command in '/home/tyler/ros2_ws/106a_final_project/drone_simulation/build/tello_driver': AMENT_PREFIX_PATH=/home/tyler/ros2_ws/106a_final_project/drone_simulation/install/tello_msgs:/home/tyler/ros2_ws/106a_final_project/drone_simulation/install/ros2_shared:${AMENT_PREFIX_PATH} CMAKE_PREFIX_PATH=/home/tyler/ros2_ws/106a_final_project/drone_simulation/install/tello_msgs:/home/tyler/ros2_ws/106a_final_project/drone_simulation/install/ros2_shared:/opt/ros/humble LD_LIBRARY_PATH=/home/tyler/ros2_ws/106a_final_project/drone_simulation/install/tello_msgs/lib:${LD_LIBRARY_PATH} PYTHONPATH=/home/tyler/ros2_ws/106a_final_project/drone_simulation/install/tello_msgs/local/lib/python3.10/dist-packages:${PYTHONPATH} /usr/bin/cmake /home/tyler/ros2_ws/106a_final_project/drone_simulation/src/tello_ros/tello_driver -DAMENT_CMAKE_SYMLINK_INSTALL=1 -DCMAKE_INSTALL_PREFIX=/home/tyler/ros2_ws/106a_final_project/drone_simulation/install/tello_driver
[0.046s] -- The C compiler identification is GNU 11.4.0
[0.082s] -- The CXX compiler identification is GNU 11.4.0
[0.085s] -- Detecting C compiler ABI info
[0.124s] -- Detecting C compiler ABI info - done
[0.128s] -- Check for working C compiler: /usr/bin/cc - skipped
[0.128s] -- Detecting C compile features
[0.129s] -- Detecting C compile features - done
[0.130s] -- Detecting CXX compiler ABI info
[0.177s] -- Detecting CXX compiler ABI info - done
[0.181s] -- Check for working CXX compiler: /usr/bin/c++ - skipped
[0.181s] -- Detecting CXX compile features
[0.182s] -- Detecting CXX compile features - done
[0.183s] -- Found ament_cmake: 1.3.14 (/opt/ros/humble/share/ament_cmake/cmake)
[0.277s] -- Found Python3: /usr/bin/python3 (found version "3.10.12") found components: Interpreter 
[0.314s] -- Override CMake install command with custom implementation using symlinks instead of copying resources
[0.327s] -- Found camera_calibration_parsers: 3.1.12 (/opt/ros/humble/share/camera_calibration_parsers/cmake)
[0.354s] -- Found rosidl_generator_c: 3.1.8 (/opt/ros/humble/share/rosidl_generator_c/cmake)
[0.356s] -- Found rosidl_adapter: 3.1.8 (/opt/ros/humble/share/rosidl_adapter/cmake)
[0.360s] -- Found rosidl_generator_cpp: 3.1.8 (/opt/ros/humble/share/rosidl_generator_cpp/cmake)
[0.365s] -- Using all available rosidl_typesupport_c: rosidl_typesupport_fastrtps_c;rosidl_typesupport_introspection_c
[0.372s] -- Using all available rosidl_typesupport_cpp: rosidl_typesupport_fastrtps_cpp;rosidl_typesupport_introspection_cpp
[0.392s] -- Found rmw_implementation_cmake: 6.1.2 (/opt/ros/humble/share/rmw_implementation_cmake/cmake)
[0.393s] -- Found rmw_fastrtps_cpp: 6.2.10 (/opt/ros/humble/share/rmw_fastrtps_cpp/cmake)
[0.442s] -- Found OpenSSL: /usr/lib/x86_64-linux-gnu/libcrypto.so (found version "3.0.2")  
[0.459s] -- Found FastRTPS: /opt/ros/humble/include  
[0.482s] -- Using RMW implementation 'rmw_fastrtps_cpp' as default
[0.486s] -- Looking for pthread.h
[0.532s] -- Looking for pthread.h - found
[0.532s] -- Performing Test CMAKE_HAVE_LIBC_PTHREAD
[0.574s] -- Performing Test CMAKE_HAVE_LIBC_PTHREAD - Success
[0.575s] -- Found Threads: TRUE  
[0.619s] -- Found class_loader: 2.2.0 (/opt/ros/humble/share/class_loader/cmake)
[0.623s] -- Found cv_bridge: 3.2.1 (/opt/ros/humble/share/cv_bridge/cmake)
[0.630s] -- Found OpenCV: /usr (found version "4.5.4") 
[0.630s] -- Found rclcpp_components: 16.0.18 (/opt/ros/humble/share/rclcpp_components/cmake)
[0.639s] -- Found ros2_shared: 0.1.0 (/home/tyler/ros2_ws/106a_final_project/drone_simulation/install/ros2_shared/share/ros2_shared/cmake)
[0.639s] -- Found tello_msgs: 0.1.0 (/home/tyler/ros2_ws/106a_final_project/drone_simulation/install/tello_msgs/share/tello_msgs/cmake)
[0.683s] -- Configuring done
[0.696s] -- Generating done
[0.701s] -- Build files have been written to: /home/tyler/ros2_ws/106a_final_project/drone_simulation/build/tello_driver
[0.706s] Invoked command in '/home/tyler/ros2_ws/106a_final_project/drone_simulation/build/tello_driver' returned '0': AMENT_PREFIX_PATH=/home/tyler/ros2_ws/106a_final_project/drone_simulation/install/tello_msgs:/home/tyler/ros2_ws/106a_final_project/drone_simulation/install/ros2_shared:${AMENT_PREFIX_PATH} CMAKE_PREFIX_PATH=/home/tyler/ros2_ws/106a_final_project/drone_simulation/install/tello_msgs:/home/tyler/ros2_ws/106a_final_project/drone_simulation/install/ros2_shared:/opt/ros/humble LD_LIBRARY_PATH=/home/tyler/ros2_ws/106a_final_project/drone_simulation/install/tello_msgs/lib:${LD_LIBRARY_PATH} PYTHONPATH=/home/tyler/ros2_ws/106a_final_project/drone_simulation/install/tello_msgs/local/lib/python3.10/dist-packages:${PYTHONPATH} /usr/bin/cmake /home/tyler/ros2_ws/106a_final_project/drone_simulation/src/tello_ros/tello_driver -DAMENT_CMAKE_SYMLINK_INSTALL=1 -DCMAKE_INSTALL_PREFIX=/home/tyler/ros2_ws/106a_final_project/drone_simulation/install/tello_driver
[0.707s] Invoking command in '/home/tyler/ros2_ws/106a_final_project/drone_simulation/build/tello_driver': AMENT_PREFIX_PATH=/home/tyler/ros2_ws/106a_final_project/drone_simulation/install/tello_msgs:/home/tyler/ros2_ws/106a_final_project/drone_simulation/install/ros2_shared:${AMENT_PREFIX_PATH} CMAKE_PREFIX_PATH=/home/tyler/ros2_ws/106a_final_project/drone_simulation/install/tello_msgs:/home/tyler/ros2_ws/106a_final_project/drone_simulation/install/ros2_shared:/opt/ros/humble LD_LIBRARY_PATH=/home/tyler/ros2_ws/106a_final_project/drone_simulation/install/tello_msgs/lib:${LD_LIBRARY_PATH} PYTHONPATH=/home/tyler/ros2_ws/106a_final_project/drone_simulation/install/tello_msgs/local/lib/python3.10/dist-packages:${PYTHONPATH} /usr/bin/cmake --build /home/tyler/ros2_ws/106a_final_project/drone_simulation/build/tello_driver -- -j24 -l24
[0.737s] [  4%] [32mBuilding CXX object CMakeFiles/tello_joy_main.dir/src/tello_joy_main.cpp.o[0m
[0.738s] [  9%] [32mBuilding CXX object CMakeFiles/tello_joy_main.dir/src/tello_joy_node.cpp.o[0m
[0.739s] [ 13%] [32mBuilding CXX object CMakeFiles/tello_emulator.dir/src/tello_emulator.cpp.o[0m
[0.740s] [ 22%] [32mBuilding CXX object CMakeFiles/tello_driver_main.dir/src/tello_driver_main.cpp.o[0m
[0.740s] [ 22%] [32mBuilding CXX object CMakeFiles/tello_driver_main.dir/src/tello_socket.cpp.o[0m
[0.740s] [ 27%] [32mBuilding CXX object CMakeFiles/tello_joy_node.dir/src/tello_joy_node.cpp.o[0m
[0.740s] [ 31%] [32mBuilding CXX object CMakeFiles/tello_driver_node.dir/h264decoder/h264decoder.cpp.o[0m
[0.740s] [ 36%] [32mBuilding CXX object CMakeFiles/tello_driver_main.dir/src/command_socket.cpp.o[0m
[0.741s] [ 40%] [32mBuilding CXX object CMakeFiles/tello_driver_node.dir/src/command_socket.cpp.o[0m
[0.741s] [ 45%] [32mBuilding CXX object CMakeFiles/tello_driver_node.dir/src/video_socket.cpp.o[0m
[0.741s] [ 50%] [32mBuilding CXX object CMakeFiles/tello_driver_main.dir/src/state_socket.cpp.o[0m
[0.741s] [ 59%] [32mBuilding CXX object CMakeFiles/tello_driver_node.dir/src/tello_socket.cpp.o[0m
[0.742s] [ 54%] [32mBuilding CXX object CMakeFiles/tello_driver_node.dir/src/tello_driver_node.cpp.o[0m
[0.742s] [ 68%] [32mBuilding CXX object CMakeFiles/tello_driver_main.dir/src/video_socket.cpp.o[0m
[0.742s] [ 68%] [32mBuilding CXX object CMakeFiles/tello_driver_main.dir/h264decoder/h264decoder.cpp.o[0m
[0.742s] [ 77%] [32mBuilding CXX object CMakeFiles/tello_driver_node.dir/src/state_socket.cpp.o[0m
[0.742s] [ 77%] [32mBuilding CXX object CMakeFiles/tello_driver_main.dir/src/tello_driver_node.cpp.o[0m
[2.453s] [ 81%] [32m[1mLinking CXX executable tello_emulator[0m
[2.517s] [ 81%] Built target tello_emulator
[5.951s] [ 86%] [32m[1mLinking CXX executable tello_joy_main[0m
[6.178s] [ 86%] Built target tello_joy_main
[6.899s] [ 90%] [32m[1mLinking CXX shared library libtello_joy_node.so[0m
[7.138s] [ 90%] Built target tello_joy_node
[7.373s] [ 95%] [32m[1mLinking CXX executable tello_driver_main[0m
[7.613s] [100%] [32m[1mLinking CXX shared library libtello_driver_node.so[0m
[7.924s] [100%] Built target tello_driver_main
[8.027s] [100%] Built target tello_driver_node
[8.035s] Invoked command in '/home/tyler/ros2_ws/106a_final_project/drone_simulation/build/tello_driver' returned '0': AMENT_PREFIX_PATH=/home/tyler/ros2_ws/106a_final_project/drone_simulation/install/tello_msgs:/home/tyler/ros2_ws/106a_final_project/drone_simulation/install/ros2_shared:${AMENT_PREFIX_PATH} CMAKE_PREFIX_PATH=/home/tyler/ros2_ws/106a_final_project/drone_simulation/install/tello_msgs:/home/tyler/ros2_ws/106a_final_project/drone_simulation/install/ros2_shared:/opt/ros/humble LD_LIBRARY_PATH=/home/tyler/ros2_ws/106a_final_project/drone_simulation/install/tello_msgs/lib:${LD_LIBRARY_PATH} PYTHONPATH=/home/tyler/ros2_ws/106a_final_project/drone_simulation/install/tello_msgs/local/lib/python3.10/dist-packages:${PYTHONPATH} /usr/bin/cmake --build /home/tyler/ros2_ws/106a_final_project/drone_simulation/build/tello_driver -- -j24 -l24
[8.040s] Invoking command in '/home/tyler/ros2_ws/106a_final_project/drone_simulation/build/tello_driver': AMENT_PREFIX_PATH=/home/tyler/ros2_ws/106a_final_project/drone_simulation/install/tello_msgs:/home/tyler/ros2_ws/106a_final_project/drone_simulation/install/ros2_shared:${AMENT_PREFIX_PATH} CMAKE_PREFIX_PATH=/home/tyler/ros2_ws/106a_final_project/drone_simulation/install/tello_msgs:/home/tyler/ros2_ws/106a_final_project/drone_simulation/install/ros2_shared:/opt/ros/humble LD_LIBRARY_PATH=/home/tyler/ros2_ws/106a_final_project/drone_simulation/install/tello_msgs/lib:${LD_LIBRARY_PATH} PYTHONPATH=/home/tyler/ros2_ws/106a_final_project/drone_simulation/install/tello_msgs/local/lib/python3.10/dist-packages:${PYTHONPATH} /usr/bin/cmake --install /home/tyler/ros2_ws/106a_final_project/drone_simulation/build/tello_driver
[8.044s] -- Install configuration: ""
[8.045s] -- Execute custom install script
[8.045s] -- Symlinking: /home/tyler/ros2_ws/106a_final_project/drone_simulation/install/tello_driver/share/tello_driver/environment/library_path.sh
[8.051s] -- Symlinking: /home/tyler/ros2_ws/106a_final_project/drone_simulation/install/tello_driver/share/tello_driver/environment/library_path.dsv
[8.054s] -- Symlinking: /home/tyler/ros2_ws/106a_final_project/drone_simulation/install/tello_driver/lib/libtello_driver_node.so
[8.060s] -- Symlinking: /home/tyler/ros2_ws/106a_final_project/drone_simulation/install/tello_driver/lib/libtello_joy_node.so
[8.064s] -- Symlinking: /home/tyler/ros2_ws/106a_final_project/drone_simulation/install/tello_driver/lib/tello_driver/tello_driver_main
[8.069s] -- Symlinking: /home/tyler/ros2_ws/106a_final_project/drone_simulation/install/tello_driver/lib/tello_driver/tello_joy_main
[8.074s] -- Symlinking: /home/tyler/ros2_ws/106a_final_project/drone_simulation/install/tello_driver/lib/tello_driver/tello_emulator
[8.078s] -- Symlinking: /home/tyler/ros2_ws/106a_final_project/drone_simulation/install/tello_driver/share/tello_driver/cfg/camera_info.yaml
[8.083s] -- Symlinking: /home/tyler/ros2_ws/106a_final_project/drone_simulation/install/tello_driver/share/tello_driver/launch/emulator_launch.py
[8.087s] -- Symlinking: /home/tyler/ros2_ws/106a_final_project/drone_simulation/install/tello_driver/share/tello_driver/launch/emulators_launch.py
[8.091s] -- Symlinking: /home/tyler/ros2_ws/106a_final_project/drone_simulation/install/tello_driver/share/tello_driver/launch/teleop_launch.py
[8.096s] -- Symlinking: /home/tyler/ros2_ws/106a_final_project/drone_simulation/install/tello_driver/share/ament_index/resource_index/package_run_dependencies/tello_driver
[8.101s] -- Symlinking: /home/tyler/ros2_ws/106a_final_project/drone_simulation/install/tello_driver/share/ament_index/resource_index/parent_prefix_path/tello_driver
[8.107s] -- Symlinking: /home/tyler/ros2_ws/106a_final_project/drone_simulation/install/tello_driver/share/tello_driver/environment/ament_prefix_path.sh
[8.111s] -- Symlinking: /home/tyler/ros2_ws/106a_final_project/drone_simulation/install/tello_driver/share/tello_driver/environment/ament_prefix_path.dsv
[8.116s] -- Symlinking: /home/tyler/ros2_ws/106a_final_project/drone_simulation/install/tello_driver/share/tello_driver/environment/path.sh
[8.120s] -- Symlinking: /home/tyler/ros2_ws/106a_final_project/drone_simulation/install/tello_driver/share/tello_driver/environment/path.dsv
[8.124s] -- Symlinking: /home/tyler/ros2_ws/106a_final_project/drone_simulation/install/tello_driver/share/tello_driver/local_setup.bash
[8.128s] -- Symlinking: /home/tyler/ros2_ws/106a_final_project/drone_simulation/install/tello_driver/share/tello_driver/local_setup.sh
[8.132s] -- Symlinking: /home/tyler/ros2_ws/106a_final_project/drone_simulation/install/tello_driver/share/tello_driver/local_setup.zsh
[8.137s] -- Symlinking: /home/tyler/ros2_ws/106a_final_project/drone_simulation/install/tello_driver/share/tello_driver/local_setup.dsv
[8.142s] -- Symlinking: /home/tyler/ros2_ws/106a_final_project/drone_simulation/install/tello_driver/share/tello_driver/package.dsv
[8.147s] -- Symlinking: /home/tyler/ros2_ws/106a_final_project/drone_simulation/install/tello_driver/share/ament_index/resource_index/packages/tello_driver
[8.151s] -- Symlinking: /home/tyler/ros2_ws/106a_final_project/drone_simulation/install/tello_driver/share/ament_index/resource_index/rclcpp_components/tello_driver
[8.156s] -- Symlinking: /home/tyler/ros2_ws/106a_final_project/drone_simulation/install/tello_driver/share/tello_driver/cmake/tello_driverConfig.cmake
[8.161s] -- Symlinking: /home/tyler/ros2_ws/106a_final_project/drone_simulation/install/tello_driver/share/tello_driver/cmake/tello_driverConfig-version.cmake
[8.166s] -- Symlinking: /home/tyler/ros2_ws/106a_final_project/drone_simulation/install/tello_driver/share/tello_driver/package.xml
[8.173s] Invoked command in '/home/tyler/ros2_ws/106a_final_project/drone_simulation/build/tello_driver' returned '0': AMENT_PREFIX_PATH=/home/tyler/ros2_ws/106a_final_project/drone_simulation/install/tello_msgs:/home/tyler/ros2_ws/106a_final_project/drone_simulation/install/ros2_shared:${AMENT_PREFIX_PATH} CMAKE_PREFIX_PATH=/home/tyler/ros2_ws/106a_final_project/drone_simulation/install/tello_msgs:/home/tyler/ros2_ws/106a_final_project/drone_simulation/install/ros2_shared:/opt/ros/humble LD_LIBRARY_PATH=/home/tyler/ros2_ws/106a_final_project/drone_simulation/install/tello_msgs/lib:${LD_LIBRARY_PATH} PYTHONPATH=/home/tyler/ros2_ws/106a_final_project/drone_simulation/install/tello_msgs/local/lib/python3.10/dist-packages:${PYTHONPATH} /usr/bin/cmake --install /home/tyler/ros2_ws/106a_final_project/drone_simulation/build/tello_driver
